Flutter assets will be downloaded from https://storage.flutter-io.cn. Make sure you trust this source!
00:00 +0: loading E:/project/xf/smart-ble/apps/flutter/integration_test/p002_provisioning_test.dart
Running Gradle task 'assembleDebug'...                          
WARNING: A restricted method in java.lang.System has been called
WARNING: java.lang.System::load has been called by net.rubygrapefruit.platform.internal.NativeLibraryLoader in an unnamed module (file:/C:/Users/11066/.gradle/wrapper/dists/gradle-8.14-all/c2qonpi39x1mddn7hk5gh9iqj/gradle-8.14/lib/native-platform-0.22-milestone-28.jar)
WARNING: Use --enable-native-access=ALL-UNNAMED to avoid a warning for callers in this module
WARNING: Restricted methods will be blocked in a future release unless native access is enabled

Flutter assets will be downloaded from https://storage.flutter-io.cn. Make sure you trust this source!
Running Gradle task 'assembleDebug'...                             36.4s
√ Built build\app\outputs\flutter-apk\app-debug.apk
Installing build\app\outputs\flutter-apk\app-debug.apk...           5.6s
00:00 +0: P002 scenario: mqtt_invalid
P002[E2E 16:11:19.020]: scenario=mqtt_invalid 启动
P002: connected+verified device_id=HID-00000001 fw=1.1.0 mtu=256
P002[E2E 16:11:23.928]: configure 阶段已到达（第 1 次连接）
P002: qr parse ok host=192.168.21.77:17892 len=80
P002: status state=provisioning step=pairing_invalid error=pairing_invalid
P002[E2E 16:11:26.324]: 表单已就绪（token 已回填，值不落日志；扫码面板已退场）
P002: status state=provisioning step=pairing_invalid error=pairing_invalid
P002: status state=provisioning step=pairing_invalid error=pairing_invalid
P002: status state=provisioning step=pairing_invalid error=pairing_invalid
P002: status state=provisioning step=pairing_invalid error=pairing_invalid
P002: submit frames=2 bytes=140 mtu=256
P002[E2E 16:11:35.139]: 已点下发配置
P002: status state=provisioning step=received error=null
P002: status state=connecting_wifi step=connecting_wifi error=null
P002: status state=connecting_wifi step=wifi_connected error=null
P002: status state=pairing step=pairing error=null
P002: status state=pairing step=pairing_success error=null
P002: status state=mqtt_connecting step=mqtt_connecting error=null
P002: status state=recovery step=mqtt_invalid error=mqtt_invalid
P002: terminal=error failure=null
P002[E2E 16:11:54.750]: outcome=mqtt_invalid
P002: status state=recovery step=mqtt_invalid error=mqtt_invalid

Warning: A call to tap() with finder "Found 1 widget with text "关闭": [
  Text("关闭", dependencies: [DefaultSelectionStyle, DefaultTextStyle, MediaQuery]),
]" derived an Offset (Offset(180.0, 1059.8)) that would not hit test on the specified widget.
Maybe the widget is actually off-screen, or another widget is obscuring it, or the widget cannot receive pointer events.
Indeed, Offset(180.0, 1059.8) is outside the bounds of the root of the render tree, Size(360.0, 800.0).
The finder corresponds to this RenderBox: RenderParagraph#ad134 relayoutBoundary=up22
The hit test result at that offset is: HitTestResult(HitTestEntry<HitTestTarget>#21a6c(_ReusableRenderView#a30b3), HitTestEntry<HitTestTarget>#e71a8(<IntegrationTestWidgetsFlutterBinding>))
#0      WidgetController._getElementPoint (package:flutter_test/src/controller.dart:2081:25)
#1      WidgetController.getCenter (package:flutter_test/src/controller.dart:1865:12)
#2      WidgetController.tap (package:flutter_test/src/controller.dart:1045:7)
#3      main.<anonymous closure> (file:///E:/project/xf/smart-ble/apps/flutter/integration_test/p002_provisioning_test.dart:285:24)
<asynchronous suspension>
#4      testWidgets.<anonymous closure>.<anonymous closure> (package:flutter_test/src/widget_tester.dart:192:15)
<asynchronous suspension>
#5      TestWidgetsFlutterBinding._runTestBody (package:flutter_test/src/binding.dart:1059:5)
<asynchronous suspension>
#6      StackZoneSpecification._registerCallback.<anonymous closure> (package:stack_trace/src/stack_zone_specification.dart:114:42)
<asynchronous suspension>
To silence this warning, pass "warnIfMissed: false" to "tap()".
To make this warning fatal, set WidgetController.hitTestWarningShouldBeFatal to true.

P002[E2E 16:11:55.201]: T4 完成：mqtt_invalid + 诊断面板重读两特征
P002[E2E 16:11:55.201]: scenario=mqtt_invalid 全部断言通过
══╡ EXCEPTION CAUGHT BY RENDERING LIBRARY ╞═════════════════════════════════════════════════════════
The following assertion was thrown during layout:
A RenderFlex overflowed by 54 pixels on the bottom.

The relevant error-causing widget was:
  Column
  Column:file:///E:/project/xf/smart-ble/apps/flutter/lib/ui/pages/provisioning_page.dart:1511:14

The overflowing RenderFlex has an orientation of Axis.vertical.
The edge of the RenderFlex that is overflowing has been marked in the rendering with a yellow and
black striped pattern. This is usually caused by the contents being too big for the RenderFlex.
Consider applying a flex factor (e.g. using an Expanded widget) to force the children of the
RenderFlex to fit within the available space instead of being sized to their natural size.
This is considered an error condition because it indicates that there is content that cannot be
seen. If the content is legitimately bigger than the available space, consider clipping it with a
ClipRect widget before putting it in the flex, or using a scrollable container rather than a Flex,
like a ListView.
The specific RenderFlex in question is: RenderFlex#c199e relayoutBoundary=up8 OVERFLOWING:
  creator: Column ← Padding ← _DiagnosticsSheet ←
    NotificationListener<DraggableScrollableNotification> ← DefaultTextStyle ←
    AnimatedDefaultTextStyle ← _InkFeatures-[GlobalKey#015a6 ink renderer] ←
    NotificationListener<LayoutChangedNotification> ← CustomPaint ← _ShapeBorderPaint ← PhysicalShape
    ← _MaterialInterior ← ⋯
  parentData: offset=Offset(20.0, 20.0) (can use size)
  constraints: BoxConstraints(0.0<=w<=320.0, 0.0<=h<=410.0)
  size: Size(320.0, 410.0)
  direction: vertical
  mainAxisAlignment: start
  mainAxisSize: min
  crossAxisAlignment: start
  textDirection: ltr
  verticalDirection: down
  spacing: 0.0
◢◤◢◤◢◤◢◤◢◤◢◤◢◤◢◤◢◤◢◤◢◤◢◤◢◤◢◤◢◤◢◤◢◤◢◤◢◤◢◤◢◤◢◤◢◤◢◤◢◤◢◤◢◤◢◤◢◤◢◤◢◤◢◤◢◤◢◤◢◤◢◤◢◤◢◤◢◤◢◤◢◤◢◤◢◤◢◤◢◤◢◤◢◤◢◤◢◤◢◤
════════════════════════════════════════════════════════════════════════════════════════════════════
00:36 +0 -1: P002 scenario: mqtt_invalid [E]
  Test failed. See exception logs above.
  The test description was: P002 scenario: mqtt_invalid
  
00:36 +0 -1: (tearDownAll)
00:36 +0 -1: Some tests failed.
