Flutter assets will be downloaded from https://storage.flutter-io.cn. Make sure you trust this source!
00:00 +0: loading E:/project/xf/smart-ble/apps/flutter/integration_test/p002_provisioning_test.dart
Running Gradle task 'assembleDebug'...                          
WARNING: A restricted method in java.lang.System has been called
WARNING: java.lang.System::load has been called by net.rubygrapefruit.platform.internal.NativeLibraryLoader in an unnamed module (file:/C:/Users/11066/.gradle/wrapper/dists/gradle-8.14-all/c2qonpi39x1mddn7hk5gh9iqj/gradle-8.14/lib/native-platform-0.22-milestone-28.jar)
WARNING: Use --enable-native-access=ALL-UNNAMED to avoid a warning for callers in this module
WARNING: Restricted methods will be blocked in a future release unless native access is enabled

Flutter assets will be downloaded from https://storage.flutter-io.cn. Make sure you trust this source!
Running Gradle task 'assembleDebug'...                             36.7s
√ Built build\app\outputs\flutter-apk\app-debug.apk
Installing build\app\outputs\flutter-apk\app-debug.apk...           5.6s
00:00 +0: P002 scenario: success
P002[E2E 16:51:00.079]: scenario=success 启动
P002: connected+verified device_id=HID-00000001 fw=1.1.0 mtu=256
P002[E2E 16:51:05.680]: configure 阶段已到达（第 1 次连接）
P002: status state=recovery step=mqtt_invalid error=mqtt_invalid
P002: qr parse ok host=192.168.21.77:17892 len=80
P002[E2E 16:51:08.120]: 表单已就绪（token 已回填，值不落日志；扫码面板已退场）
P002: status state=recovery step=mqtt_invalid error=mqtt_invalid
P002: status state=recovery step=mqtt_invalid error=mqtt_invalid
P002: status state=recovery step=mqtt_invalid error=mqtt_invalid
P002: status state=recovery step=mqtt_invalid error=mqtt_invalid
P002: submit frames=2 bytes=140 mtu=256
P002[E2E 16:51:16.914]: 已点下发配置
P002: status state=provisioning step=received error=null
P002: status state=connecting_wifi step=connecting_wifi error=null
P002: status state=connecting_wifi step=wifi_connected error=null
P002: status state=pairing step=pairing error=null
P002: status state=pairing step=pairing_success error=null
P002: status state=mqtt_connecting step=mqtt_connecting error=null
P002: status state=ready step=ready error=null
P002: terminal=ready failure=null
P002[E2E 16:51:21.066]: outcome=success
P002: status state=ready step=ready error=null

Warning: A call to tap() with finder "Found 1 widget with text "知道了": [
  Text("知道了", dependencies: [DefaultSelectionStyle, DefaultTextStyle, MediaQuery]),
]" derived an Offset (Offset(180.0, 913.0)) that would not hit test on the specified widget.
Maybe the widget is actually off-screen, or another widget is obscuring it, or the widget cannot receive pointer events.
Indeed, Offset(180.0, 913.0) is outside the bounds of the root of the render tree, Size(360.0, 800.0).
The finder corresponds to this RenderBox: RenderParagraph#55377 relayoutBoundary=up22
The hit test result at that offset is: HitTestResult(HitTestEntry<HitTestTarget>#ea91f(_ReusableRenderView#43a77), HitTestEntry<HitTestTarget>#1fc05(<IntegrationTestWidgetsFlutterBinding>))
#0      WidgetController._getElementPoint (package:flutter_test/src/controller.dart:2081:25)
#1      WidgetController.getCenter (package:flutter_test/src/controller.dart:1865:12)
#2      WidgetController.tap (package:flutter_test/src/controller.dart:1045:7)
#3      main.<anonymous closure> (file:///E:/project/xf/smart-ble/apps/flutter/integration_test/p002_provisioning_test.dart:248:24)
<asynchronous suspension>
#4      testWidgets.<anonymous closure>.<anonymous closure> (package:flutter_test/src/widget_tester.dart:192:15)
<asynchronous suspension>
#5      TestWidgetsFlutterBinding._runTestBody (package:flutter_test/src/binding.dart:1059:5)
<asynchronous suspension>
#6      StackZoneSpecification._registerCallback.<anonymous closure> (package:stack_trace/src/stack_zone_specification.dart:114:42)
<asynchronous suspension>
To silence this warning, pass "warnIfMissed: false" to "tap()".
To make this warning fatal, set WidgetController.hitTestWarningShouldBeFatal to true.

P002[E2E 16:51:21.501]: T1 完成：READY + provisioned:true
P002[E2E 16:51:21.501]: scenario=success 全部断言通过
00:21 +1: (tearDownAll)
00:22 +1: All tests passed!
