Flutter assets will be downloaded from https://storage.flutter-io.cn. Make sure you trust this source!
00:00 +0: loading E:/project/xf/smart-ble/apps/flutter/integration_test/p002_provisioning_test.dart
Running Gradle task 'assembleDebug'...                          
WARNING: A restricted method in java.lang.System has been called
WARNING: java.lang.System::load has been called by net.rubygrapefruit.platform.internal.NativeLibraryLoader in an unnamed module (file:/C:/Users/11066/.gradle/wrapper/dists/gradle-8.14-all/c2qonpi39x1mddn7hk5gh9iqj/gradle-8.14/lib/native-platform-0.22-milestone-28.jar)
WARNING: Use --enable-native-access=ALL-UNNAMED to avoid a warning for callers in this module
WARNING: Restricted methods will be blocked in a future release unless native access is enabled

Flutter assets will be downloaded from https://storage.flutter-io.cn. Make sure you trust this source!
Running Gradle task 'assembleDebug'...                             37.2s
√ Built build\app\outputs\flutter-apk\app-debug.apk
Installing build\app\outputs\flutter-apk\app-debug.apk...           6.0s
00:00 +0: P002 scenario: success
P002[E2E 16:52:57.647]: scenario=success 启动
P002[E2E 16:53:10.813]: scan round 1 未命中 SHID 卡片，重扫
P002: connected+verified device_id=HID-00000001 fw=1.1.0 mtu=247
P002[E2E 16:53:15.863]: configure 阶段已到达（第 1 次连接）

Warning: A call to tap() with finder "Found 1 widget with key [<'qrCard'>]: [
  _QrActionCard-[<'qrCard'>](dependencies: [_ScrollableScope]),
]" derived an Offset (Offset(180.0, 583.0)) that would not hit test on the specified widget.
Maybe the widget is actually off-screen, or another widget is obscuring it, or the widget cannot receive pointer events.
The finder corresponds to this RenderBox: RenderSemanticsAnnotations#ab56e relayoutBoundary=up6
The hit test result at that offset is: HitTestResult(_RenderInkFeatures#dab50@Offset(180.0, 583.0), RenderPhysicalModel#bb27a@Offset(180.0, 583.0), RenderSemanticsAnnotations#e176c@Offset(180.0, 583.0), RenderRepaintBoundary#86f5c@Offset(180.0, 583.0), RenderIgnorePointer#87bf5@Offset(180.0, 583.0), RenderAnimatedOpacity#5fc2b@Offset(180.0, 583.0), RenderAnimatedOpacity#c18e8@Offset(180.0, 583.0), _RenderColoredBox#9001d@Offset(180.0, 583.0), RenderAnimatedOpacity#35164@Offset(180.0, 583.0), RenderIgnorePointer#d207d@Offset(180.0, 583.0), RenderAnimatedOpacity#c3ba3@Offset(180.0, 583.0), RenderRepaintBoundary#fa3f1@Offset(180.0, 583.0), RenderSemanticsAnnotations#45940@Offset(180.0, 583.0), RenderOffstage#5f248@Offset(180.0, 583.0), RenderSemanticsAnnotations#26197@Offset(180.0, 583.0), _RenderTheater#e62d3@Offset(180.0, 583.0), RenderAbsorbPointer#df1dc@Offset(180.0, 583.0), RenderPointerListener#04876@Offset(180.0, 583.0), RenderSemanticsAnnotations#7bf5b@Offset(180.0, 583.0), RenderSemanticsAnnotations#82426@Offset(180.0, 583.0), RenderSemanticsAnnotations#faf68@Offset(180.0, 583.0), RenderTapRegionSurface#02869@Offset(180.0, 583.0), RenderSemanticsAnnotations#f4cdb@Offset(180.0, 583.0), RenderSemanticsAnnotations#3baa0@Offset(180.0, 583.0), RenderSemanticsAnnotations#51e6e@Offset(180.0, 583.0), HitTestEntry<HitTestTarget>#fe7e2(_ReusableRenderView#2642e), HitTestEntry<HitTestTarget>#04e82(<IntegrationTestWidgetsFlutterBinding>))
#0      WidgetController._getElementPoint (package:flutter_test/src/controller.dart:2081:25)
#1      WidgetController.getCenter (package:flutter_test/src/controller.dart:1865:12)
#2      WidgetController.tap (package:flutter_test/src/controller.dart:1045:7)
#3      _fillForm (file:///E:/project/xf/smart-ble/apps/flutter/integration_test/p002_provisioning_test.dart:127:16)
<asynchronous suspension>
#4      main.<anonymous closure> (file:///E:/project/xf/smart-ble/apps/flutter/integration_test/p002_provisioning_test.dart:231:7)
<asynchronous suspension>
#5      testWidgets.<anonymous closure>.<anonymous closure> (package:flutter_test/src/widget_tester.dart:192:15)
<asynchronous suspension>
#6      TestWidgetsFlutterBinding._runTestBody (package:flutter_test/src/binding.dart:1059:5)
<asynchronous suspension>
#7      StackZoneSpecification._registerCallback.<anonymous closure> (package:stack_trace/src/stack_zone_specification.dart:114:42)
<asynchronous suspension>
To silence this warning, pass "warnIfMissed: false" to "tap()".
To make this warning fatal, set WidgetController.hitTestWarningShouldBeFatal to true.

P002: status state=ready step=ready error=null
P002: status state=ready step=ready error=null
P002: status state=ready step=ready error=null
P002: status state=ready step=ready error=null
P002: status state=ready step=ready error=null
══╡ EXCEPTION CAUGHT BY FLUTTER TEST FRAMEWORK ╞════════════════════════════════════════════════════
The following TestFailure was thrown running a test:
Expected: true
  Actual: <false>
扫码面板未打开（相机权限？）

When the exception was thrown, this was the stack:
#4      _fillForm (file:///E:/project/xf/smart-ble/apps/flutter/integration_test/p002_provisioning_test.dart:128:3)
<asynchronous suspension>
#5      main.<anonymous closure> (file:///E:/project/xf/smart-ble/apps/flutter/integration_test/p002_provisioning_test.dart:231:7)
<asynchronous suspension>
#6      testWidgets.<anonymous closure>.<anonymous closure> (package:flutter_test/src/widget_tester.dart:192:15)
<asynchronous suspension>
#7      TestWidgetsFlutterBinding._runTestBody (package:flutter_test/src/binding.dart:1059:5)
<asynchronous suspension>
<asynchronous suspension>
(elided one frame from package:stack_trace)

This was caught by the test expectation on the following line:
  file:///E:/project/xf/smart-ble/apps/flutter/integration_test/p002_provisioning_test.dart line 128
The test description was:
  P002 scenario: success
════════════════════════════════════════════════════════════════════════════════════════════════════
00:30 +0 -1: P002 scenario: success [E]
  Test failed. See exception logs above.
  The test description was: P002 scenario: success
  
00:30 +0 -1: (tearDownAll)
00:31 +0 -1: Some tests failed.
