10:02:21.783 TITLE: SmartBLE PHASE: probe
10:02:28.684 SHOT: probe-t6.png
10:02:28.827 DUMP[t6]: 41 descendants
10:02:28.882 EL: Button|最小化|(1295,229,47x29)
10:02:28.887 EL: Button|最大化|(1342,229,47x29)
10:02:28.888 EL: Button|关闭|(1389,229,47x29)
10:02:28.888 EL: MenuBar|系统|(235,235,22x22)
10:02:28.888 EL: MenuItem|系统|(235,235,22x22)
10:02:28.892 EL: Text|SmartBLE|(289,273,87x22)
10:02:28.893 EL: Button|Avalonia.Controls.StackPanel|(255,326,46x31)
10:02:28.894 EL: Button|Avalonia.Controls.StackPanel|(313,326,102x31)
10:02:28.896 EL: Text|🔍|(265,333,19x17)
10:02:28.899 EL: Text|🔽|(323,333,19x17)
10:02:28.900 EL: Text|过滤条件|(350,333,56x17)
10:02:28.901 EL: Text|过滤条件|(271,389,1081x28)
10:02:28.902 EL: Button|重置|(1353,389,47x28)
10:02:28.904 EL: Text|信号强度|(271,433,1047x16)
10:02:28.905 EL: Text|≥ (unset) dBm|(1319,433,81x16)
10:02:28.906 EL: Text|名称前缀|(271,523,1128x16)
10:02:28.908 EL: CheckBox|隐藏无名设备|(271,595,112x32)
10:02:28.909 EL: Text|格式:|(659,601,352x16)
10:02:28.910 EL: Button|HEX|(659,625,55x32)
10:02:28.912 EL: Button|UTF-8|(722,625,70x32)
10:02:28.914 EL: Text|📡|(765,659,140x78)
10:02:28.915 EL: Text|数据:|(659,673,352x16)
10:02:28.916 EL: Text|暂无设备|(765,753,140x21)
10:02:28.918 EL: Text|点击上方按钮开始扫描|(765,791,140x18)
10:02:28.920 EL: Button|取消|(862,814,71x40)
10:02:28.922 EL: Button|写入|(941,814,70x40)
10:02:29.061 SP-BTNS: 2
10:02:29.062 CLICK: sp-btn[0]-scan center=(278,341)
10:02:37.403 SHOT: probe-after-scan.png
10:02:37.504 DUMP[after-scan]: 41 descendants
10:02:37.538 EL: Button|最小化|(1295,229,47x29)
10:02:37.538 EL: Button|最大化|(1342,229,47x29)
10:02:37.541 EL: Button|关闭|(1389,229,47x29)
10:02:37.542 EL: MenuBar|系统|(235,235,22x22)
10:02:37.542 EL: MenuItem|系统|(235,235,22x22)
10:02:37.543 EL: Text|SmartBLE|(289,273,87x22)
10:02:37.544 EL: Button|Avalonia.Controls.StackPanel|(255,326,46x31)
10:02:37.545 EL: Button|Avalonia.Controls.StackPanel|(313,326,102x31)
10:02:37.546 EL: Text|🔍|(265,333,19x17)
10:02:37.547 EL: Text|🔽|(323,333,19x17)
10:02:37.547 EL: Text|过滤条件|(350,333,56x17)
10:02:37.548 EL: Text|过滤条件|(271,389,1081x28)
10:02:37.549 EL: Button|重置|(1353,389,47x28)
10:02:37.550 EL: Text|信号强度|(271,433,1047x16)
10:02:37.552 EL: Text|≥ (unset) dBm|(1319,433,81x16)
10:02:37.553 EL: Text|名称前缀|(271,523,1128x16)
10:02:37.557 EL: CheckBox|隐藏无名设备|(271,595,112x32)
10:02:37.558 EL: Text|格式:|(659,601,352x16)
10:02:37.559 EL: Button|HEX|(659,625,55x32)
10:02:37.560 EL: Button|UTF-8|(722,625,70x32)
10:02:37.560 EL: Text|📡|(765,659,140x78)
10:02:37.561 EL: Text|数据:|(659,673,352x16)
10:02:37.562 EL: Text|暂无设备|(765,753,140x21)
10:02:37.562 EL: Text|点击上方按钮开始扫描|(765,791,140x18)
10:02:37.563 EL: Button|取消|(862,814,71x40)
10:02:37.564 EL: Button|写入|(941,814,70x40)
10:02:37.564 PROBE: done
10:02:37.564 RESULT: OK
