10:05:32.710 TITLE: SmartBLE PHASE: green
10:05:33.612 WAIT-OK: 蓝牙就绪 @73ms
10:05:33.613 ASSERT: S1-状态条蓝牙就绪=PASS
10:05:33.682 SHOT: 01-initial.png
10:05:33.746 CLICK: scan#1 center=(244,265)
10:05:41.606 DEVICE-COUNT: 发现 8 台设备
10:05:41.607 ASSERT: S2-扫描发现SHID=PASS
10:05:41.657 SHOT: 02-scan-list.png
10:05:41.721 CLICK: filter-open center=(358,265)
10:05:42.430 ASSERT: S3-过滤面板展开=PASS
10:05:42.508 CLICK: filter-close center=(358,265)
10:05:43.116 SHOT: 03-filter.png
10:05:43.118 CLICK: card-SHID center=(763,305)
10:05:45.304 WAIT-OK: 返回 @1962ms
10:05:45.304 ASSERT: S4-进入详情页=PASS
10:05:45.443 WAIT-OK: 已连接 @138ms
10:05:45.443 ASSERT: S5-连接成功徽标=PASS
10:05:45.581 WAIT-OK: 个服务 @137ms
10:05:45.581 ASSERT: S6-服务发现=PASS
10:05:45.634 SHOT: 04-detail.png
10:05:45.917 CLICK: read-INFO center=(1221,447)
10:05:58.380 WAIT-TIMEOUT: 读取成功 (12000ms)
10:05:58.380 ASSERT: S7-INFO读取成功=FAIL
10:05:58.431 SHOT: 05-read-info.png
10:05:58.642 CLICK: notify-STATUS center=(1304,512)
10:06:09.040 WAIT-TIMEOUT: 通知已启用 (10000ms)
10:06:09.040 ASSERT: S8-STATUS通知启用=FAIL
10:06:09.100 SHOT: 06-notify-on.png
10:06:29.535 WAIT-TIMEOUT: 收到 (20000ms)
10:06:29.535 ASSERT: S9-收到通知数据=FAIL
10:06:29.583 SHOT: 07-notify-recv.png
10:06:29.845 CLICK: write-dialog-INPUT center=(1263,447)
10:06:35.640 WAIT-TIMEOUT: 写入特征值 (5000ms)
10:06:35.640 ASSERT: S10-写对话框打开(不写入)=FAIL
10:06:35.706 SHOT: 08-write-dialog.png
10:06:35.896 CLICK-MISS: write-cancel
10:06:36.663 ASSERT: S11-写对话框取消=PASS
10:06:36.808 CLICK: disconnect center=(303,319)
10:06:40.094 ASSERT: S12-断开后回列表=PASS
10:06:40.150 SHOT: 09-disconnected.png
10:06:40.215 CLICK-MISS: rescan
10:06:47.812 ASSERT: S13-重扫发现SHID=PASS
10:06:47.812 CLICK: card-SHID-reconnect center=(763,305)
10:06:49.860 WAIT-OK: 已连接 @1841ms
10:06:49.860 ASSERT: S14-重连成功=PASS
10:06:50.005 WAIT-OK: 个服务 @145ms
10:06:50.005 ASSERT: S15-重连后服务重枚举(DEF-002回归)=PASS
10:06:50.044 SHOT: 10-reconnect.png
10:06:50.160 CLICK: goback center=(211,268)
10:06:51.226 ASSERT: S16-返回列表=FAIL
10:06:51.268 SHOT: 11-goback.png
10:06:51.269 GREEN: V-WIN 全流程走查完成
10:06:51.269 RESULT: OK
