ESP-ROM:esp32s3-20210327
Build:Mar 27 2021
rst:0x1 (POWERON),boot:0x8 (SPI_FAST_FLASH_BOOT)
SPIWP:0xee
mode:DIO, clock div:1
load:0x3fce2810,len:0x15a0
load:0x403c8700,len:0x4
load:0x403c8704,len:0xd20
load:0x403cb700,len:0x2ee4
entry 0x403c8928
I (27) boot: ESP-IDF v5.4-dirty 2nd stage bootloader
I (27) boot: compile time Sep 18 2026 11:54:13
I (27) boot: Multicore bootloader
I (27) boot: chip revision: v0.2
I (30) boot: efuse block revision: v1.3
I (34) boot.esp32s3: Boot SPI Speed : 80MHz
I (38) boot.esp32s3: SPI Mode       : DIO
I (41) boot.esp32s3: SPI Flash Size : 8MB
I (45) boot: Enabling RNG early entropy source...
I (50) boot: Partition Table:
I (52) boot: ## Label            Usage          Type ST Offset   Length
I (59) boot:  0 nvs              WiFi data        01 02 00009000 00008000
I (65) boot:  1 otadata          OTA data         01 00 00011000 00002000
I (72) boot:  2 phy_init         RF data          01 01 00013000 00001000
I (78) boot:  3 factory          factory app      00 00 00020000 00180000
I (85) boot:  4 ota_0            OTA app          00 10 001a0000 00180000
I (91) boot:  5 ota_1            OTA app          00 11 00320000 00180000
I (98) boot: End of partition table
I (101) boot: Defaulting to factory image
I (105) esp_image: segment 0: paddr=00020020 vaddr=3c0d0020 size=27464h (160868) map
I (141) esp_image: segment 1: paddr=0004748c vaddr=3fc9e200 size=05950h ( 22864) load
I (150) esp_image: segment 2: paddr=0004cde4 vaddr=40374000 size=03234h ( 12852) load
I (154) esp_image: segment 3: paddr=00050020 vaddr=42000020 size=c2880h (796800) map
I (295) esp_image: segment 4: paddr=001128a8 vaddr=40377234 size=16f18h ( 93976) load
I (320) esp_image: segment 5: paddr=001297c8 vaddr=600fe100 size=0001ch (    28) load
I (331) boot: Loaded app from partition at offset 0x20000
I (331) boot: Disabling RNG early entropy source...
I (341) octal_psram: vendor id    : 0x0d (AP)
I (341) octal_psram: dev id       : 0x02 (generation 3)
I (341) octal_psram: density      : 0x03 (64 Mbit)
I (344) octal_psram: good-die     : 0x01 (Pass)
I (348) octal_psram: Latency      : 0x01 (Fixed)
I (352) octal_psram: VCC          : 0x01 (3V)
I (356) octal_psram: SRF          : 0x01 (Fast Refresh)
I (361) octal_psram: BurstType    : 0x01 (Hybrid Wrap)
I (366) octal_psram: BurstLen     : 0x01 (32 Byte)
I (371) octal_psram: Readlatency  : 0x02 (10 cycles@Fixed)
I (376) octal_psram: DriveStrength: 0x00 (1/1)
I (381) MSPI Timing: PSRAM timing tuning index: 5
I (384) esp_psram: Found 8MB PSRAM device
I (388) esp_psram: Speed: 80MHz
I (391) cpu_start: Multicore app
I (817) esp_psram: SPI SRAM memory test OK
I (825) cpu_start: Pro cpu start user code
I (825) cpu_start: cpu freq: 160000000 Hz
I (826) app_init: Application information:
I (826) app_init: Project name:     smart-hid-firmware
I (830) app_init: App version:      1.2.0
I (834) app_init: Compile time:     Sep 18 2026 11:54:49
I (839) app_init: ELF file SHA256:  998457ed0...
I (844) app_init: ESP-IDF:          v5.4-dirty
I (848) efuse_init: Min chip rev:     v0.0
I (852) efuse_init: Max chip rev:     v0.99 
I (856) efuse_init: Chip rev:         v0.2
I (859) heap_init: Initializing. RAM available for dynamic allocation:
I (866) heap_init: At 3FCB02D8 len 00039438 (229 KiB): RAM
I (871) heap_init: At 3FCE9710 len 00005724 (21 KiB): RAM
I (876) heap_init: At 3FCF0000 len 00008000 (32 KiB): DRAM
I (881) heap_init: At 600FE11C len 00001ECC (7 KiB): RTCRAM
I (887) esp_psram: Adding pool of 8192K of PSRAM memory to heap allocator
I (894) spi_flash: detected chip: generic
I (897) spi_flash: flash io: dio
W (900) spi_flash: Detected size(16384k) larger than the size in the binary image header(8192k). Using the size in the binary image header.
I (912) sleep_gpio: Configure to isolate all GPIO pins in sleep state
I (918) sleep_gpio: Enable automatic switching of GPIO sleep configuration
I (925) coexist: coex firmware version: 49a8cdc
I (937) coexist: coexist rom version e7ae62f
I (937) main_task: Started on CPU0
I (938) esp_psram: Reserving pool of 32K of internal memory for DMA/internal allocations
I (944) main_task: Calling app_main()
I (947) main: === Smart HID Firmware boot ===
I (967) device_identity: device_id loaded from NVS: HID-00000001
I (967) device_identity: boot_id generated: B-FE6BD6
I (967) main: device_id=HID-00000001 boot_id=B-FE6BD6 firmware=1.2.0
I (973) led_manager: led state -> WIFI_CONNECTING
I (977) led_manager: led_manager started (type=ws2812 gpio=48 brightness=32)
I (985) tusb_desc: 
┌─────────────────────────────────┐
│  USB Device Descriptor Summary  │
├───────────────────┬─────────────┤
│bDeviceClass       │ 0           │
├───────────────────┼─────────────┤
│bDeviceSubClass    │ 0           │
├───────────────────┼─────────────┤
│bDeviceProtocol    │ 0           │
├───────────────────┼─────────────┤
│bMaxPacketSize0    │ 64          │
├───────────────────┼─────────────┤
│idVendor           │ 0x303a      │
├───────────────────┼─────────────┤
│idProduct          │ 0x4001      │
├───────────────────┼─────────────┤
│bcdDevice          │ 0x100       │
├───────────────────┼─────────────┤
│iManufacturer      │ 0x1         │
├───────────────────┼─────────────┤
│iProduct           │ 0x2         │
├───────────────────┼─────────────┤
│iSerialNumber      │ 0x3         │
├───────────────────┼─────────────┤
│bNumConfigurations │ 0x1         │
└───────────────────┴─────────────┘
I (1151) TinyUSB: TinyUSB Driver installed on port 0
I (1155) hid_engine: tinyusb_driver_install ok (composite HID: keyboard+mouse)
I (1162) hid_engine: hid_engine initialized
I (1166) command_engine: command_engine started: queue=32 dedup=256
I (1172) runtime_config: runtime config ready (ns=rt_active/rt_pending schema=1)
I (1180) pp: pp rom version: e7ae62f
I (1183) net80211: net80211 rom version: e7ae62f
I (1188) wifi:wifi driver task: 3fcda208, prio:23, stack:6656, core=0
I (1196) wifi:wifi firmware version: 48ea317a7
I (1197) wifi:wifi certification version: v7.0
I (1201) wifi:config NVS flash: enabled
I (1205) wifi:config nano formatting: disabled
I (1209) wifi:Init data frame dynamic rx buffer num: 32
I (1214) wifi:Init static rx mgmt buffer num: 5
I (1218) wifi:Init management short buffer num: 32
I (1223) wifi:Init dynamic tx buffer num: 32
I (1227) wifi:Init static tx FG buffer num: 2
I (1231) wifi:Init static rx buffer size: 1600
I (1235) wifi:Init static rx buffer num: 10
I (1239) wifi:Init dynamic rx buffer num: 32
I (1244) wifi_init: rx ba win: 6
I (1246) wifi_init: accept mbox: 6
I (1249) wifi_init: tcpip mbox: 32
I (1252) wifi_init: udp mbox: 6
I (1255) wifi_init: tcp mbox: 6
I (1258) wifi_init: tcp tx win: 5760
I (1261) wifi_init: tcp rx win: 5760
I (1264) wifi_init: tcp mss: 1440
I (1267) wifi_init: WiFi IRAM OP enabled
I (1271) wifi_init: WiFi RX IRAM OP enabled
I (1276) phy_init: phy_version 680,a6008b2,Jun  4 2024,16:41:10
I (1335) wifi:mode : sta (10:b4:1d:cd:23:8c)
I (1336) wifi:enable tsf
I (1338) wifi:Set ps type: 0, coexist: 0

I (1339) wifi_manager: wifi STA started (runtime config mode)
I (1340) main: [prov] state=unprovisioned step=- err=none
I (1346) main: boot: no config → provisioning mode
I (1350) BLE_INIT: BT controller compile version [d752dea]
I (1356) BLE_INIT: Bluetooth MAC: 10:b4:1d:cd:23:8e
I (1361) status_manager: status_manager started
I (1362) wifi:Coexist!!! Wi-Fi station would only keep waked when available
I (1367) ble_provision: ble provision service initialized (SHID-00000001)

I (1374) NimBLE: GAP procedure initiated: stop advertising.

I (1385) NimBLE: GAP procedure initiated: advertise; 
I (1388) NimBLE: disc_mode=2
I (1390) NimBLE:  adv_channel_map=0 own_addr_type=0 adv_filter_policy=0 adv_itvl_min=0 adv_itvl_max=0
I (1399) NimBLE: 

I (1402) ble_provision: provisioning advertising as SHID-00000001
I (1375) main: === Smart HID Firmware boot complete (state machine running) ===
I (1414) main_task: Returned from app_main()
I (11361) status_manager: status published online=1 usb_hid_ready=1
I (21361) status_manager: status published online=1 usb_hid_ready=1
I (31361) status_manager: status published online=1 usb_hid_ready=1
I (41361) status_manager: status published online=1 usb_hid_ready=1
I (51361) status_manager: status published online=1 usb_hid_ready=1
I (61361) status_manager: status published online=1 usb_hid_ready=1
I (71361) status_manager: status published online=1 usb_hid_ready=1
