[PROBE] t=1789399568.964 MODE=scan DURATION=12.0 NAME=SmartBLE-Native UUID=0000FD6A-7263-4F1E-A1C2-8F5D3B2A1001
[PROBE] t=1789399568.986 CENTRAL_STATE=5
[PROBE] t=1789399568.986 EVENT=scan_start
[PROBE] t=1789399569.061 DISCOVERED=EDC4201A-17F9-72E8-45BF-CF210E8A9904 name=HUAWEI_WATCH_GT_3_Pro-F0C rssi=-86
[PROBE] t=1789399569.326 DISCOVERED=6D197F83-DF51-5CD8-EC71-BCCA0BE690B3 name=(none) rssi=-58
[PROBE] t=1789399569.327 DISCOVERED=CBCD5485-2F6E-66E0-C384-595A006D1D63 name=iphone rssi=-58
[PROBE] t=1789399569.631 DISCOVERED=5009D0E5-6072-AAF2-9F4C-BF8EE0AF1D10 name=BL rssi=-23
[PROBE] t=1789399569.676 DISCOVERED=3E1D9B51-0364-F954-CC36-0A0FAC97C92B name=(none) rssi=-57
[PROBE] t=1789399573.559 DISCOVERED=407D6508-8ABE-2096-A201-7BFD2D606155 name=EDIFIER_BLE rssi=-89
[PROBE] t=1789399574.482 DISCOVERED=6507AAF0-D1F6-9675-5CB1-B3BD36582E66 name=(none) rssi=-71
[PROBE] t=1789399576.063 DISCOVERED=97DA58E7-592B-6B63-E248-67B845FBA784 name=(none) rssi=-94
[PROBE] t=1789399576.994 DISCOVERED=1680B5FD-9FE6-C01D-22DA-516E657FEE2D name=(none) rssi=-85
[PROBE] t=1789399576.998 DISCOVERED=F54BC81A-A476-5340-1382-D0F341163E9D name=(none) rssi=-93
[PROBE] t=1789399577.007 DISCOVERED=9F500E18-0A16-826E-612C-80DE7E559969 name=midea rssi=-93
[PROBE] t=1789399577.007 DISCOVERED=3106940D-8F27-599B-828C-57BAA8F1474C name=(none) rssi=-89
[PROBE] t=1789399581.204 DISCOVERED=99D3A0B5-D675-9660-D26A-892E4950A6FD name=(none) rssi=-94
[PROBE] t=1789399581.580 EVENT=scan_stop unique_devices=13 total_updates=102 expected_uuid_seen=false
[PROBE] t=1789399581.581 DEVICE=5009D0E5-6072-AAF2-9F4C-BF8EE0AF1D10 name=BL rssi=-28 updates=48 uuids=4FAFC201-1FB5-459E-8FCC-C5C9C331914B
[PROBE] t=1789399581.581 DEVICE=CBCD5485-2F6E-66E0-C384-595A006D1D63 name=iphone rssi=-55 updates=5 uuids=-
[PROBE] t=1789399581.581 DEVICE=3E1D9B51-0364-F954-CC36-0A0FAC97C92B name=(none) rssi=-57 updates=22 uuids=FDAA
[PROBE] t=1789399581.581 DEVICE=6D197F83-DF51-5CD8-EC71-BCCA0BE690B3 name=(none) rssi=-58 updates=1 uuids=-
[PROBE] t=1789399581.581 DEVICE=6507AAF0-D1F6-9675-5CB1-B3BD36582E66 name=(none) rssi=-75 updates=2 uuids=-
[PROBE] t=1789399581.581 DEVICE=1680B5FD-9FE6-C01D-22DA-516E657FEE2D name=(none) rssi=-85 updates=1 uuids=-
[PROBE] t=1789399581.581 DEVICE=3106940D-8F27-599B-828C-57BAA8F1474C name=(none) rssi=-89 updates=1 uuids=-
[PROBE] t=1789399581.581 DEVICE=EDC4201A-17F9-72E8-45BF-CF210E8A9904 name=HUAWEI_WATCH_GT_3_Pro-F0C rssi=-89 updates=16 uuids=-
[PROBE] t=1789399581.581 DEVICE=407D6508-8ABE-2096-A201-7BFD2D606155 name=EDIFIER_BLE rssi=-89 updates=1 uuids=E900
[PROBE] t=1789399581.581 DEVICE=F54BC81A-A476-5340-1382-D0F341163E9D name=(none) rssi=-93 updates=1 uuids=-
[PROBE] t=1789399581.581 DEVICE=9F500E18-0A16-826E-612C-80DE7E559969 name=midea rssi=-93 updates=1 uuids=-
[PROBE] t=1789399581.581 DEVICE=99D3A0B5-D675-9660-D26A-892E4950A6FD name=(none) rssi=-94 updates=1 uuids=-
[PROBE] t=1789399581.581 DEVICE=97DA58E7-592B-6B63-E248-67B845FBA784 name=(none) rssi=-95 updates=2 uuids=-
[PROBE] t=1789399581.581 RESULT=PASS
