[0/1] Planning build
Building for debugging...
[0/3] Write swift-version--58304C5D6DBC2206.txt
Build of product 'SmartBLE-mac' complete! (0.10s)
[UNIT] CU-01 result=PASS detail="mtu23=17"
[UNIT] CU-02 result=PASS detail="mtu50=44"
[UNIT] CU-03 result=PASS detail="mtu185 封顶=128"
[UNIT] CU-04 result=PASS detail="mtu10 回落默认=17"
[UNIT] CU-05 result=PASS detail="frames=3"
[UNIT] CU-06 result=PASS detail="帧0头 0,3,128"
[UNIT] CU-07 result=PASS detail="末帧len=44"
[UNIT] CU-08 result=PASS detail="重组一致 300B"
[UNIT] CU-09 result=PASS detail="1024B→8 帧"
[UNIT] CU-10 result=PASS detail="tooLarge 已拦截"
[UNIT] CU-11 result=PASS detail="64B/chunk1→64 帧"
[UNIT] CU-12 result=PASS detail="tooManyFrames 已拦截"
[UNIT] CU-13 result=PASS detail="空 payload 已拦截"
[UNIT] CU-14 result=PASS detail="valid=true port=17892"
[UNIT] CU-15 result=PASS detail="默认端口=17892"
[UNIT] CU-16 result=PASS detail="大写归一=3f9a7c1e5b6d48c2a1e0f7b3d5c6a9b4"
[UNIT] CU-17 result=PASS detail="错 scheme 拒绝"
[UNIT] CU-18 result=PASS detail="31 位 token 拒绝"
[UNIT] CU-19 result=PASS detail="重复参数拒绝"
[UNIT] CU-20 result=PASS detail="host 带斜杠拒绝"
[UNIT] CU-21 result=PASS detail="端口越界拒绝"
[UNIT] CU-22 result=PASS detail="缺 token 拒绝"
[UNIT] CU-23 result=PASS detail="json={"v":1,"wifi_ssid":"Home-2.4G","wifi_password":"secret","hub…"
[UNIT] CU-24 result=PASS detail="默认端口注入"
[UNIT] CU-25 result=PASS detail="短令牌严格拒绝=true"
[UNIT] CU-26 result=PASS detail="空 SSID 拒绝"
[UNIT] CU-27 result=PASS detail="SSID>32 拒绝"
[UNIT] CU-28 result=PASS detail="密码>64 拒绝"
[UNIT] CU-29 result=PASS detail="空 Hub 拒绝"
[UNIT] CU-30 result=PASS detail="坏端口拒绝"
[UNIT] CU-31 result=PASS detail="坏 token 拒绝"
[UNIT] CU-32 result=PASS detail="解析字段正确"
[UNIT] CU-33 result=PASS detail="身份验证通过"
[UNIT] CU-34 result=PASS detail="product 不符拒绝"
[UNIT] CU-35 result=PASS detail="协议版本不符拒绝"
[UNIT] CU-36 result=PASS detail="device_id 7 位拒绝"
[UNIT] CU-37 result=PASS detail="Status 解析"
[UNIT] CU-38 result=PASS detail="非 JSON 返回 nil"
[UNIT] CU-39 result=PASS detail="ready 全 done"
[UNIT] CU-40 result=PASS detail="pairing→hub active"
[UNIT] CU-41 result=PASS detail="wifi_connected→wifi done"
[UNIT] CU-42 result=PASS detail="mqtt_connecting→conn active"
[UNIT] CU-43 result=PASS detail="wifi_failed→wifi fail"
[UNIT] CU-44 result=PASS detail="pairing_expired→hub fail"
[UNIT] CU-45 result=PASS detail="mqtt_invalid→conn fail"
[UNIT] CU-46 result=PASS detail="storage_failed→usb fail（行归属正典未明示，登记）"
[UNIT] CU-47-pairing_used result=PASS detail="recovery=pairing expect=pairing"
[UNIT] CU-47-storage_failed result=PASS detail="recovery=retry expect=retry"
[UNIT] CU-47-controlhub_unreachable result=PASS detail="recovery=pairing expect=pairing"
[UNIT] CU-47-pairing_expired result=PASS detail="recovery=pairing expect=pairing"
[UNIT] CU-47-mqtt_invalid result=PASS detail="recovery=diagnostics expect=diagnostics"
[UNIT] CU-47-invalid_payload result=PASS detail="recovery=form expect=form"
[UNIT] CU-47-pairing_invalid result=PASS detail="recovery=pairing expect=pairing"
[UNIT] CU-47-wifi_failed result=PASS detail="recovery=form expect=form"
[UNIT] CU-48 result=PASS detail="8 错误码提示全表=8"
[UNIT] CU-49 result=PASS detail="SemVer 判定"
[UNIT] CU-50 result=PASS detail="写队列深度 16"
[UNIT] CU-51 result=PASS detail="单写超时 5s"
[UNIT] CU-52 result=PASS detail="STATUS 轮询 60s"
[UNIT] CU-53 result=PASS detail="token TTL 5min"
[UNIT] CU-54 result=PASS detail="framed-v1 常量"
[UNIT] CU-55 result=PASS detail="协议常量"
[UNIT] CU-56 result=PASS detail="ready 帧"
[UNIT] CU-57 result=PASS detail="success 帧"
[UNIT] CU-58 result=PASS detail="failed 帧判 error（R-2）"
[UNIT] CU-59 result=PASS detail="error 帧判 error"
[UNIT] CU-60 result=PASS detail="aborted 帧判 error（固件 abort 通知同族漏检）"
[UNIT] CU-61 result=PASS detail="文本 ok"
[UNIT] CU-62 result=PASS detail="版本串不误判"
[UNIT] CU-63 result=PASS detail="start 帧含契约 target/target_version（R-1 · 旧实现发版本号且缺 target_version）"
[UNIT] CU-64 result=PASS detail="六键齐全 op/target/target_version/size/chunk_size/sha256"
[UNIT] CU-65 result=PASS detail="无 manifest 不伪造枚举（省略键 → 真固件 missing_target 诚实拒绝）"
[UNIT] CU-66 result=PASS detail="target 契约枚举校验"
[UNIT] CU-67 result=PASS detail="text/ink on card+bg（实测 16.07/15.48）"
[UNIT] CU-68 result=PASS detail="sub on card+bg（实测 7.84/7.56）"
[UNIT] CU-69 result=PASS detail="mut on card+bg（实测 4.74/4.57）"
[UNIT] CU-70 result=PASS detail="primary 双向（实测 4.49；小号正文差 0.01 达 AA——正典约束在案）"
[UNIT] CU-71 result=PASS detail="danger 双向（实测 3.37；仅大字号/图形件口径）"
[UNIT] CU-72 result=PASS detail="success 对 2.15（正典约束：仅状态语义，禁正文）"
[UNIT] CU-73 result=PASS detail="warning 对 2.04（正典约束：仅状态语义，禁正文）"
[UNIT] SUMMARY failures=0 total=80
