Flutter assets will be downloaded from https://storage.flutter-io.cn. Make sure you trust this source!
00:00 +0: loading E:/project/xf/smart-ble/apps/flutter/integration_test/p001_scan_test.dart
Running Gradle task 'assembleDebug'...                          
WARNING: A restricted method in java.lang.System has been called
WARNING: java.lang.System::load has been called by net.rubygrapefruit.platform.internal.NativeLibraryLoader in an unnamed module (file:/C:/Users/11066/.gradle/wrapper/dists/gradle-8.14-all/c2qonpi39x1mddn7hk5gh9iqj/gradle-8.14/lib/native-platform-0.22-milestone-28.jar)
WARNING: Use --enable-native-access=ALL-UNNAMED to avoid a warning for callers in this module
WARNING: Restricted methods will be blocked in a future release unless native access is enabled

Flutter assets will be downloaded from https://storage.flutter-io.cn. Make sure you trust this source!
Running Gradle task 'assembleDebug'...                             26.0s
√ Built build\app\outputs\flutter-apk\app-debug.apk
Installing build\app\outputs\flutter-apk\app-debug.apk...           5.7s
00:00 +0: F001-F005 scan domain (fixture BLEToolkit-Server)
P001[E2E 18:14:37.980]: 启动
P001[E2E 18:14:39.008]: F001 首启空态 ✓
P001[E2E 18:14:39.488]: F001 扫描中状态 ✓
P001[E2E 18:14:39.895]: 夹具卡片发现=true
P001[E2E 18:14:44.475]: F001 5s 自动停止 ✓
P001[E2E 18:14:44.484]: F005 具名显示 + F018 普通入口 ✓
P001[E2E 18:14:44.929]: F004 sheet 字段 ✓
P001[E2E 18:14:45.596]: F004 sheet 关闭 ✓
P001[E2E 18:14:46.439]: F001 手动停止 ✓（两轮会话）
P001[E2E 18:14:46.864]: F003 面板展开 ✓
P001[E2E 18:14:47.632]: F003 正向前缀 ✓
P001[E2E 18:14:48.261]: 诊断: field=ZZZNOPE 无匹配态=true 夹具卡=false
P001[E2E 18:14:48.263]: F003 前缀空态 ✓

Warning: A call to tap() with finder "Found 1 widget with text "重置过滤条件": [
  Text("重置过滤条件", dependencies: [DefaultSelectionStyle, DefaultTextStyle, MediaQuery]),
]" derived an Offset (Offset(192.0, 343.8)) that would not hit test on the specified widget.
Maybe the widget is actually off-screen, or another widget is obscuring it, or the widget cannot receive pointer events.
The finder corresponds to this RenderBox: RenderParagraph#ae857 relayoutBoundary=up31
The hit test result at that offset is: HitTestResult(HitTestEntry<HitTestTarget>#728f9(TextSpan(inherit: false, color: Color(alpha: 0.5000, red: 0.5569, green: 0.5569, blue: 0.5765, colorSpace: ColorSpace.sRGB), family: MaterialIcons, size: 64.0, height: 1.0x, leadingDistribution: even, "󰔁")), RenderParagraph#e509d@Offset(44.0, 15.7), RenderPositionedBox#9a2cd@Offset(44.0, 15.7), RenderConstrainedBox#363fc@Offset(44.0, 15.7), RenderExcludeSemantics#b09be@Offset(44.0, 15.7), RenderSemanticsAnnotations#fcde8@Offset(44.0, 15.7), RenderFlex#784e8@Offset(77.6, 54.5), RenderPositionedBox#ea75a@Offset(192.0, 54.5), RenderFlex#d7d86@Offset(192.0, 261.2), RenderCustomMultiChildLayoutBox#d7cd3@Offset(192.0, 343.8), _RenderInkFeatures#34b19@Offset(192.0, 343.8), RenderPhysicalModel#39810@Offset(192.0, 343.8), RenderRepaintBoundary#7ae4b@Offset(192.0, 343.8), RenderIndexedSemantics#0f776@Offset(192.0, 343.8), RenderSliverFillViewport@(mainAxis: 192.0, crossAxis: 343.8333333333334), _RenderSliverFractionalPadding@(mainAxis: 192.0, crossAxis: 343.8333333333334), RenderViewport#d5c77@Offset(192.0, 343.8), RenderIgnorePointer#e0294@Offset(192.0, 343.8), RenderSemanticsAnnotations#a4507@Offset(192.0, 343.8), RenderPointerListener#3056c@Offset(192.0, 343.8), RenderSemanticsGestureHandler#1392e@Offset(192.0, 343.8), RenderPointerListener#cbf7f@Offset(192.0, 343.8), _RenderScrollSemantics#1f425@Offset(192.0, 343.8), RenderCustomPaint#8db2b@Offset(192.0, 343.8), _ImageFilterRenderObject#f4b87@Offset(192.0, 343.8), RenderClipRect#33fa4@Offset(192.0, 343.8), RenderCustomMultiChildLayoutBox#e5582@Offset(192.0, 343.8), _RenderInkFeatures#c5b90@Offset(192.0, 343.8), RenderPhysicalModel#58a02@Offset(192.0, 343.8), RenderSemanticsAnnotations#936c3@Offset(192.0, 343.8), RenderRepaintBoundary#257c8@Offset(192.0, 343.8), RenderIgnorePointer#4a71a@Offset(192.0, 343.8), RenderAnimatedOpacity#2d49b@Offset(192.0, 343.8), RenderAnimatedOpacity#a4c87@Offset(192.0, 343.8), _RenderColoredBox#7b7b3@Offset(192.0, 343.8), RenderAnimatedOpacity#178a9@Offset(192.0, 343.8), RenderIgnorePointer#c8d72@Offset(192.0, 343.8), RenderAnimatedOpacity#f2ea4@Offset(192.0, 343.8), RenderRepaintBoundary#a6303@Offset(192.0, 343.8), RenderSemanticsAnnotations#99d7b@Offset(192.0, 343.8), RenderOffstage#ec9ac@Offset(192.0, 343.8), RenderSemanticsAnnotations#47b9b@Offset(192.0, 343.8), _RenderTheater#89a32@Offset(192.0, 343.8), RenderAbsorbPointer#36322@Offset(192.0, 343.8), RenderPointerListener#a11b8@Offset(192.0, 343.8), RenderSemanticsAnnotations#2a86f@Offset(192.0, 343.8), RenderSemanticsAnnotations#b4e25@Offset(192.0, 343.8), RenderSemanticsAnnotations#1ae45@Offset(192.0, 343.8), RenderTapRegionSurface#00c26@Offset(192.0, 343.8), RenderSemanticsAnnotations#88330@Offset(192.0, 343.8), RenderSemanticsAnnotations#08dc4@Offset(192.0, 343.8), RenderSemanticsAnnotations#31a0b@Offset(192.0, 343.8), HitTestEntry<HitTestTarget>#fab59(_ReusableRenderView#313a9), HitTestEntry<HitTestTarget>#3c749(<IntegrationTestWidgetsFlutterBinding>))
#0      WidgetController._getElementPoint (package:flutter_test/src/controller.dart:2081:25)
#1      WidgetController.getCenter (package:flutter_test/src/controller.dart:1865:12)
#2      WidgetController.tap (package:flutter_test/src/controller.dart:1045:7)
#3      main.<anonymous closure> (file:///E:/project/xf/smart-ble/apps/flutter/integration_test/p001_scan_test.dart:169:20)
<asynchronous suspension>
#4      testWidgets.<anonymous closure>.<anonymous closure> (package:flutter_test/src/widget_tester.dart:192:15)
<asynchronous suspension>
#5      TestWidgetsFlutterBinding._runTestBody (package:flutter_test/src/binding.dart:1059:5)
<asynchronous suspension>
#6      StackZoneSpecification._registerCallback.<anonymous closure> (package:stack_trace/src/stack_zone_specification.dart:114:42)
<asynchronous suspension>
To silence this warning, pass "warnIfMissed: false" to "tap()".
To make this warning fatal, set WidgetController.hitTestWarningShouldBeFatal to true.

══╡ EXCEPTION CAUGHT BY FLUTTER TEST FRAMEWORK ╞════════════════════════════════════════════════════
The following TestFailure was thrown running a test:
Expected: false
  Actual: <true>
F003 重置后筛选空态应消失

When the exception was thrown, this was the stack:
#4      main.<anonymous closure> (file:///E:/project/xf/smart-ble/apps/flutter/integration_test/p001_scan_test.dart:171:7)
<asynchronous suspension>
#5      testWidgets.<anonymous closure>.<anonymous closure> (package:flutter_test/src/widget_tester.dart:192:15)
<asynchronous suspension>
#6      TestWidgetsFlutterBinding._runTestBody (package:flutter_test/src/binding.dart:1059:5)
<asynchronous suspension>
<asynchronous suspension>
(elided one frame from package:stack_trace)

This was caught by the test expectation on the following line:
  file:///E:/project/xf/smart-ble/apps/flutter/integration_test/p001_scan_test.dart line 171
The test description was:
  F001-F005 scan domain (fixture BLEToolkit-Server)
════════════════════════════════════════════════════════════════════════════════════════════════════
00:11 +0 -1: F001-F005 scan domain (fixture BLEToolkit-Server) [E]
  Test failed. See exception logs above.
  The test description was: F001-F005 scan domain (fixture BLEToolkit-Server)
  
00:11 +0 -1: (tearDownAll)
00:11 +0 -1: Some tests failed.
