[PROBE] t=1789399867.378 MODE=scan DURATION=12.0 NAME=SmartBLE-Native UUID=0000FD6A-7263-4F1E-A1C2-8F5D3B2A1001
[PROBE] t=1789399867.398 CENTRAL_STATE=5
[PROBE] t=1789399867.398 EVENT=scan_start
[PROBE] t=1789399867.458 DISCOVERED=5009D0E5-6072-AAF2-9F4C-BF8EE0AF1D10 name=BL rssi=-29
[PROBE] t=1789399867.750 DISCOVERED=CBCD5485-2F6E-66E0-C384-595A006D1D63 name=iphone rssi=-51
[PROBE] t=1789399867.808 DISCOVERED=04E516B0-90FD-1776-E715-3DDBB0E4B485 name=(none) rssi=-52
[PROBE] t=1789399867.812 DISCOVERED=EDC4201A-17F9-72E8-45BF-CF210E8A9904 name=HUAWEI_WATCH_GT_3_Pro-F0C rssi=-86
[PROBE] t=1789399869.240 DISCOVERED=6507AAF0-D1F6-9675-5CB1-B3BD36582E66 name=(none) rssi=-64
[PROBE] t=1789399869.271 DISCOVERED=FAE7DFCF-7F12-73F5-DEEF-B4E715FEFA6F name=(none) rssi=-93
[PROBE] t=1789399869.595 DISCOVERED=692CCC5F-9F99-4345-3DE6-A34532B78F12 name=(none) rssi=-42
[PROBE] t=1789399871.670 DISCOVERED=0B49D758-586A-C9E5-8E56-9BC558F3356C name=(none) rssi=-48
[PROBE] t=1789399872.566 DISCOVERED=F6B09604-86D1-AB8E-9A7D-8C3CFF758FA4 name=midea rssi=-95
[PROBE] t=1789399873.230 DISCOVERED=5CF150CE-BEC2-1B93-79AC-BF5EA6F1928B name=(none) rssi=-92
[PROBE] t=1789399876.151 DISCOVERED=99D3A0B5-D675-9660-D26A-892E4950A6FD name=(none) rssi=-92
[PROBE] t=1789399876.484 DISCOVERED=368EB838-6262-A9A8-26BF-2EB452C84825 name=(none) rssi=-91
[PROBE] t=1789399877.076 DISCOVERED=F6712090-78BE-0C81-FCDF-AC921BF04437 name=(none) rssi=-97
[PROBE] t=1789399879.997 EVENT=scan_stop unique_devices=13 total_updates=114 expected_uuid_seen=false
[PROBE] t=1789399879.997 DEVICE=5009D0E5-6072-AAF2-9F4C-BF8EE0AF1D10 name=BLEToolkit-Server rssi=-26 updates=45 uuids=4FAFC201-1FB5-459E-8FCC-C5C9C331914B
[PROBE] t=1789399879.997 DEVICE=692CCC5F-9F99-4345-3DE6-A34532B78F12 name=(none) rssi=-42 updates=1 uuids=-
[PROBE] t=1789399879.997 DEVICE=0B49D758-586A-C9E5-8E56-9BC558F3356C name=(none) rssi=-48 updates=1 uuids=-
[PROBE] t=1789399879.997 DEVICE=CBCD5485-2F6E-66E0-C384-595A006D1D63 name=iphone rssi=-51 updates=27 uuids=-
[PROBE] t=1789399879.997 DEVICE=04E516B0-90FD-1776-E715-3DDBB0E4B485 name=(none) rssi=-59 updates=17 uuids=FDAA
[PROBE] t=1789399879.997 DEVICE=6507AAF0-D1F6-9675-5CB1-B3BD36582E66 name=(none) rssi=-67 updates=2 uuids=-
[PROBE] t=1789399879.997 DEVICE=EDC4201A-17F9-72E8-45BF-CF210E8A9904 name=HUAWEI_WATCH_GT_3_Pro-F0C rssi=-86 updates=13 uuids=-
[PROBE] t=1789399879.997 DEVICE=368EB838-6262-A9A8-26BF-2EB452C84825 name=(none) rssi=-91 updates=1 uuids=-
[PROBE] t=1789399879.997 DEVICE=5CF150CE-BEC2-1B93-79AC-BF5EA6F1928B name=(none) rssi=-92 updates=1 uuids=-
[PROBE] t=1789399879.997 DEVICE=99D3A0B5-D675-9660-D26A-892E4950A6FD name=(none) rssi=-92 updates=1 uuids=-
[PROBE] t=1789399879.997 DEVICE=FAE7DFCF-7F12-73F5-DEEF-B4E715FEFA6F name=(none) rssi=-93 updates=1 uuids=-
[PROBE] t=1789399879.997 DEVICE=F6B09604-86D1-AB8E-9A7D-8C3CFF758FA4 name=midea rssi=-95 updates=3 uuids=-
[PROBE] t=1789399879.997 DEVICE=F6712090-78BE-0C81-FCDF-AC921BF04437 name=(none) rssi=-97 updates=1 uuids=-
[PROBE] t=1789399879.997 RESULT=PASS
