--------- beginning of main
09-21 16:21:28.127 29879 29879 I BleManager: Scan started
09-21 16:21:28.247 29879 29879 D BleManager: onScanResult: 30:EC:D4:97:B8:43 name=null rssi=-47 adv=1eff060001092002993c412d5bd3cc37dc8b49eb111beb83983c3c90aaf9df00000000000000000000000000000000000000000000000000000000000000
09-21 16:21:28.288 29879 29879 D BleManager: onScanResult: 10:B4:1D:CD:23:8E name=SHID-00000001 rssi=-29 adv=0201061107041c8a5e0b6f2a9d8f4c3be701101d9f0e09534849442d30303030303030310000000000000000000000000000000000000000000000000000
09-21 16:21:28.294 29879 29879 D BleManager: onScanResult: 33:C1:54:6A:3B:CE name=null rssi=-57 adv=1eff0600010920027fbf60afce5f207c2ef469b7c9c9f54797ef856445d40200000000000000000000000000000000000000000000000000000000000000
09-21 16:21:28.321 29879 29879 D BleManager: onScanResult: 0B:2D:A5:C8:D0:65 name=null rssi=-75 adv=1eff06000109202246a9e394ccdd53663f7d83c8146cbf8b10123c2f88af4200000000000000000000000000000000000000000000000000000000000000
09-21 16:21:28.339 29879 29879 D BleManager: onScanResult: 21:50:20:9B:C8:EF name=null rssi=-53 adv=1eff060001092002f27747151dbeed0abd2d542523078b10b2e5d80ffb929700000000000000000000000000000000000000000000000000000000000000
09-21 16:21:28.344 29879 29879 D BleManager: onScanResult: 10:B4:1D:CD:23:8E name=SHID-00000001 rssi=-28 adv=0201061107041c8a5e0b6f2a9d8f4c3be701101d9f0e09534849442d30303030303030310000000000000000000000000000000000000000000000000000
09-21 16:21:28.375 29879 29879 D BleManager: onScanResult: 30:EC:D4:97:B8:43 name=null rssi=-48 adv=1eff060001092002993c412d5bd3cc37dc8b49eb111beb83983c3c90aaf9df00000000000000000000000000000000000000000000000000000000000000
09-21 16:21:28.398 29879 29879 D BleManager: onScanResult: 10:B4:1D:CD:23:8E name=SHID-00000001 rssi=-28 adv=0201061107041c8a5e0b6f2a9d8f4c3be701101d9f0e09534849442d30303030303030310000000000000000000000000000000000000000000000000000
09-21 16:21:28.403 29879 29879 D BleManager: onScanResult: 33:C1:54:6A:3B:CE name=null rssi=-57 adv=1eff0600010920027fbf60afce5f207c2ef469b7c9c9f54797ef856445d40200000000000000000000000000000000000000000000000000000000000000
09-21 16:21:28.413 29879 29879 D BleManager: onScanResult: 0B:2D:A5:C8:D0:65 name=null rssi=-75 adv=1eff06000109202246a9e394ccdd53663f7d83c8146cbf8b10123c2f88af4200000000000000000000000000000000000000000000000000000000000000
09-21 16:21:28.418 29879 29879 D BleManager: onScanResult: 21:50:20:9B:C8:EF name=null rssi=-53 adv=1eff060001092002f27747151dbeed0abd2d542523078b10b2e5d80ffb929700000000000000000000000000000000000000000000000000000000000000
09-21 16:21:28.438 29879 29879 D BleManager: onScanResult: 30:EC:D4:97:B8:43 name=null rssi=-48 adv=1eff060001092002993c412d5bd3cc37dc8b49eb111beb83983c3c90aaf9df00000000000000000000000000000000000000000000000000000000000000
09-21 16:21:28.487 29879 29879 D BleManager: onScanResult: 10:B4:1D:CD:23:8E name=SHID-00000001 rssi=-28 adv=0201061107041c8a5e0b6f2a9d8f4c3be701101d9f0e09534849442d30303030303030310000000000000000000000000000000000000000000000000000
09-21 16:21:28.494 29879 29879 D BleManager: onScanResult: 33:C1:54:6A:3B:CE name=null rssi=-58 adv=1eff0600010920027fbf60afce5f207c2ef469b7c9c9f54797ef856445d40200000000000000000000000000000000000000000000000000000000000000
09-21 16:21:28.523 29879 29879 D BleManager: onScanResult: 0B:2D:A5:C8:D0:65 name=null rssi=-77 adv=1eff06000109202246a9e394ccdd53663f7d83c8146cbf8b10123c2f88af4200000000000000000000000000000000000000000000000000000000000000
09-21 16:21:28.541 29879 29879 D BleManager: onScanResult: 10:B4:1D:CD:23:8E name=SHID-00000001 rssi=-28 adv=0201061107041c8a5e0b6f2a9d8f4c3be701101d9f0e09534849442d30303030303030310000000000000000000000000000000000000000000000000000
09-21 16:21:28.547 29879 29879 D BleManager: onScanResult: 21:50:20:9B:C8:EF name=null rssi=-53 adv=1eff060001092002f27747151dbeed0abd2d542523078b10b2e5d80ffb929700000000000000000000000000000000000000000000000000000000000000
09-21 16:21:28.568 29879 29879 D BleManager: onScanResult: 30:EC:D4:97:B8:43 name=null rssi=-48 adv=1eff060001092002993c412d5bd3cc37dc8b49eb111beb83983c3c90aaf9df00000000000000000000000000000000000000000000000000000000000000
09-21 16:21:28.620 29879 29879 D BleManager: onScanResult: 10:B4:1D:CD:23:8E name=SHID-00000001 rssi=-29 adv=0201061107041c8a5e0b6f2a9d8f4c3be701101d9f0e09534849442d30303030303030310000000000000000000000000000000000000000000000000000
09-21 16:21:28.626 29879 29879 D BleManager: onScanResult: 0B:2D:A5:C8:D0:65 name=null rssi=-76 adv=1eff06000109202246a9e394ccdd53663f7d83c8146cbf8b10123c2f88af4200000000000000000000000000000000000000000000000000000000000000
09-21 16:21:28.634 29879 29879 D BleManager: onScanResult: 21:50:20:9B:C8:EF name=null rssi=-53 adv=1eff060001092002f27747151dbeed0abd2d542523078b10b2e5d80ffb929700000000000000000000000000000000000000000000000000000000000000
09-21 16:21:28.651 29879 29879 D BleManager: onScanResult: 10:B4:1D:CD:23:8E name=SHID-00000001 rssi=-28 adv=0201061107041c8a5e0b6f2a9d8f4c3be701101d9f0e09534849442d30303030303030310000000000000000000000000000000000000000000000000000
09-21 16:21:28.656 29879 29879 D BleManager: onScanResult: 30:EC:D4:97:B8:43 name=null rssi=-47 adv=1eff060001092002993c412d5bd3cc37dc8b49eb111beb83983c3c90aaf9df00000000000000000000000000000000000000000000000000000000000000
09-21 16:21:28.696 29879 29879 D BleManager: onScanResult: 33:C1:54:6A:3B:CE name=null rssi=-57 adv=1eff0600010920027fbf60afce5f207c2ef469b7c9c9f54797ef856445d40200000000000000000000000000000000000000000000000000000000000000
09-21 16:21:28.722 29879 29879 D BleManager: onScanResult: 10:B4:1D:CD:23:8E name=SHID-00000001 rssi=-28 adv=0201061107041c8a5e0b6f2a9d8f4c3be701101d9f0e09534849442d30303030303030310000000000000000000000000000000000000000000000000000
09-21 16:21:28.730 29879 29879 D BleManager: onScanResult: 41:37:0C:29:84:F9 name=null rssi=-64 adv=02010217ff8f03181134325a57103041a201152629b564570103020303aafd0916aafd830c33e38082000000000000000000000000000000000000000000
09-21 16:21:28.735 29879 29879 D BleManager: onScanResult: 21:50:20:9B:C8:EF name=null rssi=-53 adv=1eff060001092002f27747151dbeed0abd2d542523078b10b2e5d80ffb929700000000000000000000000000000000000000000000000000000000000000
09-21 16:21:28.740 29879 29879 D BleManager: onScanResult: 30:EC:D4:97:B8:43 name=null rssi=-48 adv=1eff060001092002993c412d5bd3cc37dc8b49eb111beb83983c3c90aaf9df00000000000000000000000000000000000000000000000000000000000000
09-21 16:21:28.769 29879 29879 D BleManager: onScanResult: 10:B4:1D:CD:23:8E name=SHID-00000001 rssi=-28 adv=0201061107041c8a5e0b6f2a9d8f4c3be701101d9f0e09534849442d30303030303030310000000000000000000000000000000000000000000000000000
09-21 16:21:28.825 29879 29879 D BleManager: onScanResult: 33:C1:54:6A:3B:CE name=null rssi=-53 adv=1eff0600010920027fbf60afce5f207c2ef469b7c9c9f54797ef856445d40200000000000000000000000000000000000000000000000000000000000000
09-21 16:21:28.851 29879 29879 D BleManager: onScanResult: 0B:2D:A5:C8:D0:65 name=null rssi=-69 adv=1eff06000109202246a9e394ccdd53663f7d83c8146cbf8b10123c2f88af4200000000000000000000000000000000000000000000000000000000000000
09-21 16:21:28.858 29879 29879 D BleManager: onScanResult: 10:B4:1D:CD:23:8E name=SHID-00000001 rssi=-29 adv=0201061107041c8a5e0b6f2a9d8f4c3be701101d9f0e09534849442d30303030303030310000000000000000000000000000000000000000000000000000
09-21 16:21:28.864 29879 29879 D BleManager: onScanResult: 21:50:20:9B:C8:EF name=null rssi=-51 adv=1eff060001092002f27747151dbeed0abd2d542523078b10b2e5d80ffb929700000000000000000000000000000000000000000000000000000000000000
09-21 16:21:28.885 29879 29879 D BleManager: onScanResult: 30:EC:D4:97:B8:43 name=null rssi=-44 adv=1eff060001092002993c412d5bd3cc37dc8b49eb111beb83983c3c90aaf9df00000000000000000000000000000000000000000000000000000000000000
09-21 16:21:28.907 29879 29879 D BleManager: onScanResult: 41:37:0C:29:84:F9 name=null rssi=-59 adv=02010217ff8f03181134325a57103041a201152629b564570103020303aafd0916aafd830c33e38082000000000000000000000000000000000000000000
09-21 16:21:28.913 29879 29879 D BleManager: onScanResult: 10:B4:1D:CD:23:8E name=SHID-00000001 rssi=-29 adv=0201061107041c8a5e0b6f2a9d8f4c3be701101d9f0e09534849442d30303030303030310000000000000000000000000000000000000000000000000000
09-21 16:21:28.918 29879 29879 D BleManager: onScanResult: 33:C1:54:6A:3B:CE name=null rssi=-55 adv=1eff0600010920027fbf60afce5f207c2ef469b7c9c9f54797ef856445d40200000000000000000000000000000000000000000000000000000000000000
09-21 16:21:28.946 29879 29879 D BleManager: onScanResult: 59:E5:0D:3E:FB:13 name=null rssi=-86 adv=1eff06000109200262dd219030d67f49b4db697a11ed42f43054faeeec025a00000000000000000000000000000000000000000000000000000000000000
09-21 16:21:28.952 29879 29879 D BleManager: onScanResult: 0B:2D:A5:C8:D0:65 name=null rssi=-69 adv=1eff06000109202246a9e394ccdd53663f7d83c8146cbf8b10123c2f88af4200000000000000000000000000000000000000000000000000000000000000
09-21 16:21:28.964 29879 29879 D BleManager: onScanResult: 21:50:20:9B:C8:EF name=null rssi=-51 adv=1eff060001092002f27747151dbeed0abd2d542523078b10b2e5d80ffb929700000000000000000000000000000000000000000000000000000000000000
09-21 16:21:28.968 29879 29879 D BleManager: onScanResult: 30:EC:D4:97:B8:43 name=null rssi=-46 adv=1eff060001092002993c412d5bd3cc37dc8b49eb111beb83983c3c90aaf9df00000000000000000000000000000000000000000000000000000000000000
09-21 16:21:28.981 29879 29879 D BleManager: onScanResult: 10:B4:1D:CD:23:8E name=SHID-00000001 rssi=-30 adv=0201061107041c8a5e0b6f2a9d8f4c3be701101d9f0e09534849442d30303030303030310000000000000000000000000000000000000000000000000000
09-21 16:21:29.007 29879 29879 D BleManager: onScanResult: 33:C1:54:6A:3B:CE name=null rssi=-55 adv=1eff0600010920027fbf60afce5f207c2ef469b7c9c9f54797ef856445d40200000000000000000000000000000000000000000000000000000000000000
09-21 16:21:29.040 29879 29879 D BleManager: onScanResult: 41:37:0C:29:84:F9 name=null rssi=-59 adv=02010217ff8f03181134325a57103041a201152629b564570103020303aafd0916aafd830c33e38082000000000000000000000000000000000000000000
09-21 16:21:29.045 29879 29879 D BleManager: onScanResult: 0B:2D:A5:C8:D0:65 name=null rssi=-69 adv=1eff06000109202246a9e394ccdd53663f7d83c8146cbf8b10123c2f88af4200000000000000000000000000000000000000000000000000000000000000
09-21 16:21:29.064 29879 29879 D BleManager: onScanResult: 21:50:20:9B:C8:EF name=null rssi=-51 adv=1eff060001092002f27747151dbeed0abd2d542523078b10b2e5d80ffb929700000000000000000000000000000000000000000000000000000000000000
09-21 16:21:29.069 29879 29879 D BleManager: onScanResult: 30:EC:D4:97:B8:43 name=null rssi=-45 adv=1eff060001092002993c412d5bd3cc37dc8b49eb111beb83983c3c90aaf9df00000000000000000000000000000000000000000000000000000000000000
09-21 16:21:29.090 29879 29879 D BleManager: onScanResult: 10:B4:1D:CD:23:8E name=SHID-00000001 rssi=-29 adv=0201061107041c8a5e0b6f2a9d8f4c3be701101d9f0e09534849442d30303030303030310000000000000000000000000000000000000000000000000000
09-21 16:21:29.135 29879 29879 D BleManager: onScanResult: 33:C1:54:6A:3B:CE name=null rssi=-55 adv=1eff0600010920027fbf60afce5f207c2ef469b7c9c9f54797ef856445d40200000000000000000000000000000000000000000000000000000000000000
09-21 16:21:29.140 29879 29879 D BleManager: onScanResult: 59:E5:0D:3E:FB:13 name=null rssi=-88 adv=1eff06000109200262dd219030d67f49b4db697a11ed42f43054faeeec025a00000000000000000000000000000000000000000000000000000000000000
09-21 16:21:29.145 29879 29879 D BleManager: onScanResult: 41:37:0C:29:84:F9 name=null rssi=-59 adv=02010217ff8f03181134325a57103041a201152629b564570103020303aafd0916aafd830c33e38082000000000000000000000000000000000000000000
09-21 16:21:29.169 29879 29879 D BleManager: onScanResult: 21:50:20:9B:C8:EF name=null rssi=-51 adv=1eff060001092002f27747151dbeed0abd2d542523078b10b2e5d80ffb929700000000000000000000000000000000000000000000000000000000000000
09-21 16:21:29.174 29879 29879 D BleManager: onScanResult: 30:EC:D4:97:B8:43 name=null rssi=-46 adv=1eff060001092002993c412d5bd3cc37dc8b49eb111beb83983c3c90aaf9df00000000000000000000000000000000000000000000000000000000000000
09-21 16:21:29.251 29879 29879 D BleManager: onScanResult: 59:E5:0D:3E:FB:13 name=null rssi=-88 adv=1eff06000109200262dd219030d67f49b4db697a11ed42f43054faeeec025a00000000000000000000000000000000000000000000000000000000000000
09-21 16:21:29.259 29879 29879 D BleManager: onScanResult: 0B:2D:A5:C8:D0:65 name=null rssi=-68 adv=1eff06000109202246a9e394ccdd53663f7d83c8146cbf8b10123c2f88af4200000000000000000000000000000000000000000000000000000000000000
09-21 16:21:29.286 29879 29879 D BleManager: onScanResult: 21:50:20:9B:C8:EF name=null rssi=-51 adv=1eff060001092002f27747151dbeed0abd2d542523078b10b2e5d80ffb929700000000000000000000000000000000000000000000000000000000000000
09-21 16:21:29.294 29879 29879 D BleManager: onScanResult: 30:EC:D4:97:B8:43 name=null rssi=-45 adv=1eff060001092002993c412d5bd3cc37dc8b49eb111beb83983c3c90aaf9df00000000000000000000000000000000000000000000000000000000000000
09-21 16:21:29.300 29879 29879 D BleManager: onScanResult: 10:B4:1D:CD:23:8E name=SHID-00000001 rssi=-30 adv=0201061107041c8a5e0b6f2a9d8f4c3be701101d9f0e09534849442d30303030303030310000000000000000000000000000000000000000000000000000
09-21 16:21:29.320 29879 29879 D BleManager: onScanResult: 41:37:0C:29:84:F9 name=null rssi=-59 adv=02010217ff8f03181134325a57103041a201152629b564570103020303aafd0916aafd830c33e38082000000000000000000000000000000000000000000
09-21 16:21:29.339 29879 29879 D BleManager: onScanResult: 33:C1:54:6A:3B:CE name=null rssi=-55 adv=1eff0600010920027fbf60afce5f207c2ef469b7c9c9f54797ef856445d40200000000000000000000000000000000000000000000000000000000000000
09-21 16:21:29.345 29879 29879 D BleManager: onScanResult: 10:B4:1D:CD:23:8E name=SHID-00000001 rssi=-29 adv=0201061107041c8a5e0b6f2a9d8f4c3be701101d9f0e09534849442d30303030303030310000000000000000000000000000000000000000000000000000
09-21 16:21:29.351 29879 29879 D BleManager: onScanResult: 59:E5:0D:3E:FB:13 name=null rssi=-88 adv=1eff06000109200262dd219030d67f49b4db697a11ed42f43054faeeec025a00000000000000000000000000000000000000000000000000000000000000
09-21 16:21:29.356 29879 29879 D BleManager: onScanResult: C0:DA:5E:33:5C:59 name=null rssi=-95 adv=0201041516eefd0102039f0c0100016705038bab52f290402a00000000000000000000000000000000000000000000000000000000000000000000000000
09-21 16:21:29.397 29879 29879 D BleManager: onScanResult: 10:B4:1D:CD:23:8E name=SHID-00000001 rssi=-29 adv=0201061107041c8a5e0b6f2a9d8f4c3be701101d9f0e09534849442d30303030303030310000000000000000000000000000000000000000000000000000
09-21 16:21:29.422 29879 29879 D BleManager: onScanResult: 33:C1:54:6A:3B:CE name=null rssi=-56 adv=1eff0600010920027fbf60afce5f207c2ef469b7c9c9f54797ef856445d40200000000000000000000000000000000000000000000000000000000000000
09-21 16:21:29.461 29879 29879 D BleManager: onScanResult: 41:37:0C:29:84:F9 name=null rssi=-65 adv=02010217ff8f03181134325a57103041a201152629b564570103020303aafd0916aafd830c33e38082000000000000000000000000000000000000000000
09-21 16:21:29.475 29879 29879 D BleManager: onScanResult: 0B:2D:A5:C8:D0:65 name=null rssi=-68 adv=1eff06000109202246a9e394ccdd53663f7d83c8146cbf8b10123c2f88af4200000000000000000000000000000000000000000000000000000000000000
09-21 16:21:29.482 29879 29879 D BleManager: onScanResult: 10:B4:1D:CD:23:8E name=SHID-00000001 rssi=-28 adv=0201061107041c8a5e0b6f2a9d8f4c3be701101d9f0e09534849442d30303030303030310000000000000000000000000000000000000000000000000000
09-21 16:21:29.489 29879 29879 D BleManager: onScanResult: 21:50:20:9B:C8:EF name=null rssi=-54 adv=1eff060001092002f27747151dbeed0abd2d542523078b10b2e5d80ffb929700000000000000000000000000000000000000000000000000000000000000
09-21 16:21:29.522 29879 29879 D BleManager: onScanResult: 30:EC:D4:97:B8:43 name=null rssi=-47 adv=1eff060001092002993c412d5bd3cc37dc8b49eb111beb83983c3c90aaf9df00000000000000000000000000000000000000000000000000000000000000
09-21 16:21:29.528 29879 29879 D BleManager: onScanResult: 33:C1:54:6A:3B:CE name=null rssi=-53 adv=1eff0600010920027fbf60afce5f207c2ef469b7c9c9f54797ef856445d40200000000000000000000000000000000000000000000000000000000000000
09-21 16:21:29.541 29879 29879 D BleManager: onScanResult: 10:B4:1D:CD:23:8E name=SHID-00000001 rssi=-28 adv=0201061107041c8a5e0b6f2a9d8f4c3be701101d9f0e09534849442d30303030303030310000000000000000000000000000000000000000000000000000
09-21 16:21:29.547 29879 29879 D BleManager: onScanResult: 41:37:0C:29:84:F9 name=null rssi=-59 adv=02010217ff8f03181134325a57103041a201152629b564570103020303aafd0916aafd830c33e38082000000000000000000000000000000000000000000
09-21 16:21:29.578 29879 29879 D BleManager: onScanResult: 0B:2D:A5:C8:D0:65 name=null rssi=-69 adv=1eff06000109202246a9e394ccdd53663f7d83c8146cbf8b10123c2f88af4200000000000000000000000000000000000000000000000000000000000000
09-21 16:21:29.583 29879 29879 D BleManager: onScanResult: 21:50:20:9B:C8:EF name=null rssi=-54 adv=1eff060001092002f27747151dbeed0abd2d542523078b10b2e5d80ffb929700000000000000000000000000000000000000000000000000000000000000
09-21 16:21:29.597 29879 29879 D BleManager: onScanResult: 30:EC:D4:97:B8:43 name=null rssi=-47 adv=1eff060001092002993c412d5bd3cc37dc8b49eb111beb83983c3c90aaf9df00000000000000000000000000000000000000000000000000000000000000
09-21 16:21:29.620 29879 29879 D BleManager: onScanResult: 10:B4:1D:CD:23:8E name=SHID-00000001 rssi=-28 adv=0201061107041c8a5e0b6f2a9d8f4c3be701101d9f0e09534849442d30303030303030310000000000000000000000000000000000000000000000000000
09-21 16:21:29.625 29879 29879 D BleManager: onScanResult: 33:C1:54:6A:3B:CE name=null rssi=-53 adv=1eff0600010920027fbf60afce5f207c2ef469b7c9c9f54797ef856445d40200000000000000000000000000000000000000000000000000000000000000
09-21 16:21:29.660 29879 29879 D BleManager: onScanResult: 10:B4:1D:CD:23:8E name=SHID-00000001 rssi=-28 adv=0201061107041c8a5e0b6f2a9d8f4c3be701101d9f0e09534849442d30303030303030310000000000000000000000000000000000000000000000000000
09-21 16:21:29.675 29879 29879 D BleManager: onScanResult: 0B:2D:A5:C8:D0:65 name=null rssi=-69 adv=1eff06000109202246a9e394ccdd53663f7d83c8146cbf8b10123c2f88af4200000000000000000000000000000000000000000000000000000000000000
09-21 16:21:29.683 29879 29879 D BleManager: onScanResult: 21:50:20:9B:C8:EF name=null rssi=-54 adv=1eff060001092002f27747151dbeed0abd2d542523078b10b2e5d80ffb929700000000000000000000000000000000000000000000000000000000000000
09-21 16:21:29.690 29879 29879 D BleManager: onScanResult: 41:37:0C:29:84:F9 name=null rssi=-59 adv=02010217ff8f03181134325a57103041a201152629b564570103020303aafd0916aafd830c33e38082000000000000000000000000000000000000000000
09-21 16:21:29.728 29879 29879 D BleManager: onScanResult: 30:EC:D4:97:B8:43 name=null rssi=-47 adv=1eff060001092002993c412d5bd3cc37dc8b49eb111beb83983c3c90aaf9df00000000000000000000000000000000000000000000000000000000000000
09-21 16:21:29.771 29879 29879 D BleManager: onScanResult: 10:B4:1D:CD:23:8E name=SHID-00000001 rssi=-28 adv=0201061107041c8a5e0b6f2a9d8f4c3be701101d9f0e09534849442d30303030303030310000000000000000000000000000000000000000000000000000
09-21 16:21:29.778 29879 29879 D BleManager: onScanResult: 31:F6:9E:B8:E6:71 name=null rssi=-89 adv=1eff0600010f2022869ce9fd272192847d01f9d5ef74c154e707ed931dad7100000000000000000000000000000000000000000000000000000000000000
09-21 16:21:29.806 29879 29879 D BleManager: onScanResult: 21:50:20:9B:C8:EF name=null rssi=-55 adv=1eff060001092002f27747151dbeed0abd2d542523078b10b2e5d80ffb929700000000000000000000000000000000000000000000000000000000000000
09-21 16:21:29.812 29879 29879 D BleManager: onScanResult: 10:B4:1D:CD:23:8E name=SHID-00000001 rssi=-28 adv=0201061107041c8a5e0b6f2a9d8f4c3be701101d9f0e09534849442d30303030303030310000000000000000000000000000000000000000000000000000
09-21 16:21:29.818 29879 29879 D BleManager: onScanResult: 30:EC:D4:97:B8:43 name=null rssi=-46 adv=1eff060001092002993c412d5bd3cc37dc8b49eb111beb83983c3c90aaf9df00000000000000000000000000000000000000000000000000000000000000
09-21 16:21:29.824 29879 29879 D BleManager: onScanResult: 41:37:0C:29:84:F9 name=null rssi=-59 adv=02010217ff8f03181134325a57103041a201152629b564570103020303aafd0916aafd830c33e38082000000000000000000000000000000000000000000
09-21 16:21:29.858 29879 29879 D BleManager: onScanResult: 33:C1:54:6A:3B:CE name=null rssi=-53 adv=1eff0600010920027fbf60afce5f207c2ef469b7c9c9f54797ef856445d40200000000000000000000000000000000000000000000000000000000000000
09-21 16:21:29.881 29879 29879 D BleManager: onScanResult: 10:B4:1D:CD:23:8E name=SHID-00000001 rssi=-28 adv=0201061107041c8a5e0b6f2a9d8f4c3be701101d9f0e09534849442d30303030303030310000000000000000000000000000000000000000000000000000
09-21 16:21:29.887 29879 29879 D BleManager: onScanResult: 21:50:20:9B:C8:EF name=null rssi=-56 adv=1eff060001092002f27747151dbeed0abd2d542523078b10b2e5d80ffb929700000000000000000000000000000000000000000000000000000000000000
09-21 16:21:29.919 29879 29879 D BleManager: onScanResult: 30:EC:D4:97:B8:43 name=null rssi=-46 adv=1eff060001092002993c412d5bd3cc37dc8b49eb111beb83983c3c90aaf9df00000000000000000000000000000000000000000000000000000000000000
09-21 16:21:29.933 29879 29879 D BleManager: onScanResult: 10:B4:1D:CD:23:8E name=SHID-00000001 rssi=-28 adv=0201061107041c8a5e0b6f2a9d8f4c3be701101d9f0e09534849442d30303030303030310000000000000000000000000000000000000000000000000000
09-21 16:21:29.938 29879 29879 D BleManager: onScanResult: 33:C1:54:6A:3B:CE name=null rssi=-52 adv=1eff0600010920027fbf60afce5f207c2ef469b7c9c9f54797ef856445d40200000000000000000000000000000000000000000000000000000000000000
09-21 16:21:29.966 29879 29879 D BleManager: onScanResult: 41:37:0C:29:84:F9 name=null rssi=-59 adv=02010217ff8f03181134325a57103041a201152629b564570103020303aafd0916aafd830c33e38082000000000000000000000000000000000000000000
09-21 16:21:30.044 29879 29879 D BleManager: onScanResult: 30:EC:D4:97:B8:43 name=null rssi=-44 adv=1eff060001092002993c412d5bd3cc37dc8b49eb111beb83983c3c90aaf9df00000000000000000000000000000000000000000000000000000000000000
09-21 16:21:30.053 29879 29879 D BleManager: onScanResult: 33:C1:54:6A:3B:CE name=null rssi=-56 adv=1eff0600010920027fbf60afce5f207c2ef469b7c9c9f54797ef856445d40200000000000000000000000000000000000000000000000000000000000000
09-21 16:21:30.073 29879 29879 D BleManager: onScanResult: 10:B4:1D:CD:23:8E name=SHID-00000001 rssi=-30 adv=0201061107041c8a5e0b6f2a9d8f4c3be701101d9f0e09534849442d30303030303030310000000000000000000000000000000000000000000000000000
09-21 16:21:30.097 29879 29879 D BleManager: onScanResult: 41:37:0C:29:84:F9 name=null rssi=-66 adv=02010217ff8f03181134325a57103041a201152629b564570103020303aafd0916aafd830c33e38082000000000000000000000000000000000000000000
09-21 16:21:30.104 29879 29879 D BleManager: onScanResult: 0B:2D:A5:C8:D0:65 name=null rssi=-74 adv=1eff06000109202246a9e394ccdd53663f7d83c8146cbf8b10123c2f88af4200000000000000000000000000000000000000000000000000000000000000
09-21 16:21:30.109 29879 29879 D BleManager: onScanResult: 21:50:20:9B:C8:EF name=null rssi=-54 adv=1eff060001092002f27747151dbeed0abd2d542523078b10b2e5d80ffb929700000000000000000000000000000000000000000000000000000000000000
09-21 16:21:30.128 29879 29879 D BleManager: onScanResult: 30:EC:D4:97:B8:43 name=null rssi=-48 adv=1eff060001092002993c412d5bd3cc37dc8b49eb111beb83983c3c90aaf9df00000000000000000000000000000000000000000000000000000000000000
09-21 16:21:30.139 29879 29879 D BleManager: onScanResult: 10:B4:1D:CD:23:8E name=SHID-00000001 rssi=-29 adv=0201061107041c8a5e0b6f2a9d8f4c3be701101d9f0e09534849442d30303030303030310000000000000000000000000000000000000000000000000000
09-21 16:21:30.189 29879 29879 D BleManager: onScanResult: 33:C1:54:6A:3B:CE name=null rssi=-53 adv=1eff0600010920027fbf60afce5f207c2ef469b7c9c9f54797ef856445d40200000000000000000000000000000000000000000000000000000000000000
09-21 16:21:30.215 29879 29879 D BleManager: onScanResult: 10:B4:1D:CD:23:8E name=SHID-00000001 rssi=-28 adv=0201061107041c8a5e0b6f2a9d8f4c3be701101d9f0e09534849442d30303030303030310000000000000000000000000000000000000000000000000000
09-21 16:21:30.223 29879 29879 D BleManager: onScanResult: 21:50:20:9B:C8:EF name=null rssi=-55 adv=1eff060001092002f27747151dbeed0abd2d542523078b10b2e5d80ffb929700000000000000000000000000000000000000000000000000000000000000
09-21 16:21:30.248 29879 29879 D BleManager: onScanResult: 0B:2D:A5:C8:D0:65 name=null rssi=-67 adv=1eff06000109202246a9e394ccdd53663f7d83c8146cbf8b10123c2f88af4200000000000000000000000000000000000000000000000000000000000000
09-21 16:21:30.255 29879 29879 D BleManager: onScanResult: 30:EC:D4:97:B8:43 name=null rssi=-46 adv=1eff060001092002993c412d5bd3cc37dc8b49eb111beb83983c3c90aaf9df00000000000000000000000000000000000000000000000000000000000000
09-21 16:21:30.261 29879 29879 D BleManager: onScanResult: 41:37:0C:29:84:F9 name=null rssi=-58 adv=02010217ff8f03181134325a57103041a201152629b564570103020303aafd0916aafd830c33e38082000000000000000000000000000000000000000000
09-21 16:21:30.286 29879 29879 D BleManager: onScanResult: 33:C1:54:6A:3B:CE name=null rssi=-53 adv=1eff0600010920027fbf60afce5f207c2ef469b7c9c9f54797ef856445d40200000000000000000000000000000000000000000000000000000000000000
09-21 16:21:30.308 29879 29879 D BleManager: onScanResult: 10:B4:1D:CD:23:8E name=SHID-00000001 rssi=-28 adv=0201061107041c8a5e0b6f2a9d8f4c3be701101d9f0e09534849442d30303030303030310000000000000000000000000000000000000000000000000000
09-21 16:21:30.314 29879 29879 D BleManager: onScanResult: 21:50:20:9B:C8:EF name=null rssi=-54 adv=1eff060001092002f27747151dbeed0abd2d542523078b10b2e5d80ffb929700000000000000000000000000000000000000000000000000000000000000
09-21 16:21:30.320 29879 29879 D BleManager: onScanResult: 0B:2D:A5:C8:D0:65 name=null rssi=-67 adv=1eff06000109202246a9e394ccdd53663f7d83c8146cbf8b10123c2f88af4200000000000000000000000000000000000000000000000000000000000000
09-21 16:21:30.326 29879 29879 D BleManager: onScanResult: 10:B4:1D:CD:23:8E name=SHID-00000001 rssi=-28 adv=0201061107041c8a5e0b6f2a9d8f4c3be701101d9f0e09534849442d30303030303030310000000000000000000000000000000000000000000000000000
09-21 16:21:30.330 29879 29879 D BleManager: onScanResult: 30:EC:D4:97:B8:43 name=null rssi=-46 adv=1eff060001092002993c412d5bd3cc37dc8b49eb111beb83983c3c90aaf9df00000000000000000000000000000000000000000000000000000000000000
09-21 16:21:30.357 29879 29879 D BleManager: onScanResult: 41:37:0C:29:84:F9 name=null rssi=-59 adv=02010217ff8f03181134325a57103041a201152629b564570103020303aafd0916aafd830c33e38082000000000000000000000000000000000000000000
09-21 16:21:30.382 29879 29879 D BleManager: onScanResult: 33:C1:54:6A:3B:CE name=null rssi=-54 adv=1eff0600010920027fbf60afce5f207c2ef469b7c9c9f54797ef856445d40200000000000000000000000000000000000000000000000000000000000000
09-21 16:21:30.409 29879 29879 D BleManager: onScanResult: 10:B4:1D:CD:23:8E name=SHID-00000001 rssi=-29 adv=0201061107041c8a5e0b6f2a9d8f4c3be701101d9f0e09534849442d30303030303030310000000000000000000000000000000000000000000000000000
09-21 16:21:30.414 29879 29879 D BleManager: onScanResult: 21:50:20:9B:C8:EF name=null rssi=-55 adv=1eff060001092002f27747151dbeed0abd2d542523078b10b2e5d80ffb929700000000000000000000000000000000000000000000000000000000000000
09-21 16:21:30.435 29879 29879 D BleManager: onScanResult: 0B:2D:A5:C8:D0:65 name=null rssi=-67 adv=1eff06000109202246a9e394ccdd53663f7d83c8146cbf8b10123c2f88af4200000000000000000000000000000000000000000000000000000000000000
09-21 16:21:30.441 29879 29879 D BleManager: onScanResult: 30:EC:D4:97:B8:43 name=null rssi=-48 adv=1eff060001092002993c412d5bd3cc37dc8b49eb111beb83983c3c90aaf9df00000000000000000000000000000000000000000000000000000000000000
09-21 16:21:30.456 29879 29879 D BleManager: onScanResult: 10:B4:1D:CD:23:8E name=SHID-00000001 rssi=-29 adv=0201061107041c8a5e0b6f2a9d8f4c3be701101d9f0e09534849442d30303030303030310000000000000000000000000000000000000000000000000000
09-21 16:21:30.505 29879 29879 D BleManager: onScanResult: 33:C1:54:6A:3B:CE name=null rssi=-54 adv=1eff0600010920027fbf60afce5f207c2ef469b7c9c9f54797ef856445d40200000000000000000000000000000000000000000000000000000000000000
09-21 16:21:30.515 29879 29879 D BleManager: onScanResult: 10:B4:1D:CD:23:8E name=SHID-00000001 rssi=-28 adv=0201061107041c8a5e0b6f2a9d8f4c3be701101d9f0e09534849442d30303030303030310000000000000000000000000000000000000000000000000000
09-21 16:21:30.522 29879 29879 D BleManager: onScanResult: 21:50:20:9B:C8:EF name=null rssi=-55 adv=1eff060001092002f27747151dbeed0abd2d542523078b10b2e5d80ffb929700000000000000000000000000000000000000000000000000000000000000
09-21 16:21:30.528 29879 29879 D BleManager: onScanResult: 41:37:0C:29:84:F9 name=null rssi=-58 adv=02010217ff8f03181134325a57103041a201152629b564570103020303aafd0916aafd830c33e38082000000000000000000000000000000000000000000
09-21 16:21:30.536 29879 29879 D BleManager: onScanResult: 0B:2D:A5:C8:D0:65 name=null rssi=-67 adv=1eff06000109202246a9e394ccdd53663f7d83c8146cbf8b10123c2f88af4200000000000000000000000000000000000000000000000000000000000000
09-21 16:21:30.543 29879 29879 D BleManager: onScanResult: 30:EC:D4:97:B8:43 name=null rssi=-46 adv=1eff060001092002993c412d5bd3cc37dc8b49eb111beb83983c3c90aaf9df00000000000000000000000000000000000000000000000000000000000000
09-21 16:21:30.583 29879 29879 D BleManager: onScanResult: 33:C1:54:6A:3B:CE name=null rssi=-53 adv=1eff0600010920027fbf60afce5f207c2ef469b7c9c9f54797ef856445d40200000000000000000000000000000000000000000000000000000000000000
09-21 16:21:30.589 29879 29879 D BleManager: onScanResult: 10:B4:1D:CD:23:8E name=SHID-00000001 rssi=-30 adv=0201061107041c8a5e0b6f2a9d8f4c3be701101d9f0e09534849442d30303030303030310000000000000000000000000000000000000000000000000000
09-21 16:21:30.633 29879 29879 D BleManager: onScanResult: 21:50:20:9B:C8:EF name=null rssi=-52 adv=1eff060001092002f27747151dbeed0abd2d542523078b10b2e5d80ffb929700000000000000000000000000000000000000000000000000000000000000
09-21 16:21:30.639 29879 29879 D BleManager: onScanResult: 0B:2D:A5:C8:D0:65 name=null rssi=-69 adv=1eff06000109202246a9e394ccdd53663f7d83c8146cbf8b10123c2f88af4200000000000000000000000000000000000000000000000000000000000000
09-21 16:21:30.645 29879 29879 D BleManager: onScanResult: 10:B4:1D:CD:23:8E name=SHID-00000001 rssi=-30 adv=0201061107041c8a5e0b6f2a9d8f4c3be701101d9f0e09534849442d30303030303030310000000000000000000000000000000000000000000000000000
09-21 16:21:30.653 29879 29879 D BleManager: onScanResult: 30:EC:D4:97:B8:43 name=null rssi=-47 adv=1eff060001092002993c412d5bd3cc37dc8b49eb111beb83983c3c90aaf9df00000000000000000000000000000000000000000000000000000000000000
09-21 16:21:30.683 29879 29879 D BleManager: onScanResult: 41:37:0C:29:84:F9 name=null rssi=-58 adv=02010217ff8f03181134325a57103041a201152629b564570103020303aafd0916aafd830c33e38082000000000000000000000000000000000000000000
09-21 16:21:30.690 29879 29879 D BleManager: onScanResult: 33:C1:54:6A:3B:CE name=null rssi=-57 adv=1eff0600010920027fbf60afce5f207c2ef469b7c9c9f54797ef856445d40200000000000000000000000000000000000000000000000000000000000000
09-21 16:21:30.737 29879 29879 D BleManager: onScanResult: 21:50:20:9B:C8:EF name=null rssi=-54 adv=1eff060001092002f27747151dbeed0abd2d542523078b10b2e5d80ffb929700000000000000000000000000000000000000000000000000000000000000
09-21 16:21:30.742 29879 29879 D BleManager: onScanResult: 0B:2D:A5:C8:D0:65 name=null rssi=-75 adv=1eff06000109202246a9e394ccdd53663f7d83c8146cbf8b10123c2f88af4200000000000000000000000000000000000000000000000000000000000000
09-21 16:21:30.764 29879 29879 D BleManager: onScanResult: 30:EC:D4:97:B8:43 name=null rssi=-47 adv=1eff060001092002993c412d5bd3cc37dc8b49eb111beb83983c3c90aaf9df00000000000000000000000000000000000000000000000000000000000000
09-21 16:21:30.770 29879 29879 D BleManager: onScanResult: 41:37:0C:29:84:F9 name=null rssi=-65 adv=02010217ff8f03181134325a57103041a201152629b564570103020303aafd0916aafd830c33e38082000000000000000000000000000000000000000000
09-21 16:21:30.776 29879 29879 D BleManager: onScanResult: 10:B4:1D:CD:23:8E name=SHID-00000001 rssi=-29 adv=0201061107041c8a5e0b6f2a9d8f4c3be701101d9f0e09534849442d30303030303030310000000000000000000000000000000000000000000000000000
09-21 16:21:30.781 29879 29879 D BleManager: onScanResult: 33:C1:54:6A:3B:CE name=null rssi=-57 adv=1eff0600010920027fbf60afce5f207c2ef469b7c9c9f54797ef856445d40200000000000000000000000000000000000000000000000000000000000000
09-21 16:21:30.835 29879 29879 D BleManager: onScanResult: 21:50:20:9B:C8:EF name=null rssi=-54 adv=1eff060001092002f27747151dbeed0abd2d542523078b10b2e5d80ffb929700000000000000000000000000000000000000000000000000000000000000
09-21 16:21:30.842 29879 29879 D BleManager: onScanResult: 10:B4:1D:CD:23:8E name=SHID-00000001 rssi=-29 adv=0201061107041c8a5e0b6f2a9d8f4c3be701101d9f0e09534849442d30303030303030310000000000000000000000000000000000000000000000000000
09-21 16:21:30.849 29879 29879 D BleManager: onScanResult: 0B:2D:A5:C8:D0:65 name=null rssi=-74 adv=1eff06000109202246a9e394ccdd53663f7d83c8146cbf8b10123c2f88af4200000000000000000000000000000000000000000000000000000000000000
09-21 16:21:30.889 29879 29879 D BleManager: onScanResult: 30:EC:D4:97:B8:43 name=null rssi=-46 adv=1eff060001092002993c412d5bd3cc37dc8b49eb111beb83983c3c90aaf9df00000000000000000000000000000000000000000000000000000000000000
09-21 16:21:30.897 29879 29879 D BleManager: onScanResult: 33:C1:54:6A:3B:CE name=null rssi=-57 adv=1eff0600010920027fbf60afce5f207c2ef469b7c9c9f54797ef856445d40200000000000000000000000000000000000000000000000000000000000000
09-21 16:21:30.904 29879 29879 D BleManager: onScanResult: 41:37:0C:29:84:F9 name=null rssi=-66 adv=02010217ff8f03181134325a57103041a201152629b564570103020303aafd0916aafd830c33e38082000000000000000000000000000000000000000000
09-21 16:21:30.912 29879 29879 D BleManager: onScanResult: 10:B4:1D:CD:23:8E name=SHID-00000001 rssi=-29 adv=0201061107041c8a5e0b6f2a9d8f4c3be701101d9f0e09534849442d30303030303030310000000000000000000000000000000000000000000000000000
09-21 16:21:30.948 29879 29879 D BleManager: onScanResult: 21:50:20:9B:C8:EF name=null rssi=-53 adv=1eff060001092002f27747151dbeed0abd2d542523078b10b2e5d80ffb929700000000000000000000000000000000000000000000000000000000000000
09-21 16:21:30.956 29879 29879 D BleManager: onScanResult: 0B:2D:A5:C8:D0:65 name=null rssi=-74 adv=1eff06000109202246a9e394ccdd53663f7d83c8146cbf8b10123c2f88af4200000000000000000000000000000000000000000000000000000000000000
09-21 16:21:30.964 29879 29879 D BleManager: onScanResult: 30:EC:D4:97:B8:43 name=null rssi=-48 adv=1eff060001092002993c412d5bd3cc37dc8b49eb111beb83983c3c90aaf9df00000000000000000000000000000000000000000000000000000000000000
09-21 16:21:30.993 29879 29879 D BleManager: onScanResult: 10:B4:1D:CD:23:8E name=SHID-00000001 rssi=-29 adv=0201061107041c8a5e0b6f2a9d8f4c3be701101d9f0e09534849442d30303030303030310000000000000000000000000000000000000000000000000000
09-21 16:21:31.001 29879 29879 D BleManager: onScanResult: 33:C1:54:6A:3B:CE name=null rssi=-58 adv=1eff0600010920027fbf60afce5f207c2ef469b7c9c9f54797ef856445d40200000000000000000000000000000000000000000000000000000000000000
09-21 16:21:31.037 29879 29879 D BleManager: onScanResult: 10:B4:1D:CD:23:8E name=SHID-00000001 rssi=-29 adv=0201061107041c8a5e0b6f2a9d8f4c3be701101d9f0e09534849442d30303030303030310000000000000000000000000000000000000000000000000000
09-21 16:21:31.043 29879 29879 D BleManager: onScanResult: 41:37:0C:29:84:F9 name=null rssi=-61 adv=02010217ff8f03181134325a57103041a201152629b564570103020303aafd0916aafd830c33e38082000000000000000000000000000000000000000000
09-21 16:21:31.060 29879 29879 D BleManager: onScanResult: 21:50:20:9B:C8:EF name=null rssi=-49 adv=1eff060001092002f27747151dbeed0abd2d542523078b10b2e5d80ffb929700000000000000000000000000000000000000000000000000000000000000
09-21 16:21:31.068 29879 29879 D BleManager: onScanResult: 4E:6C:79:B9:33:20 name=null rssi=-70 adv=02011a0dff4c001608009de59aa19ef53d000000000000000000000000000000000000000000000000000000000000000000000000000000000000000000
09-21 16:21:31.075 29879 29879 D BleManager: onScanResult: 0B:2D:A5:C8:D0:65 name=null rssi=-74 adv=1eff06000109202246a9e394ccdd53663f7d83c8146cbf8b10123c2f88af4200000000000000000000000000000000000000000000000000000000000000
09-21 16:21:31.101 29879 29879 D BleManager: onScanResult: 30:EC:D4:97:B8:43 name=null rssi=-48 adv=1eff060001092002993c412d5bd3cc37dc8b49eb111beb83983c3c90aaf9df00000000000000000000000000000000000000000000000000000000000000
09-21 16:21:31.106 29879 29879 D BleManager: onScanResult: 10:B4:1D:CD:23:8E name=SHID-00000001 rssi=-29 adv=0201061107041c8a5e0b6f2a9d8f4c3be701101d9f0e09534849442d30303030303030310000000000000000000000000000000000000000000000000000
09-21 16:21:31.139 29879 29879 D BleManager: onScanResult: 33:C1:54:6A:3B:CE name=null rssi=-57 adv=1eff0600010920027fbf60afce5f207c2ef469b7c9c9f54797ef856445d40200000000000000000000000000000000000000000000000000000000000000
09-21 16:21:31.145 29879 29879 D BleManager: onScanResult: 21:50:20:9B:C8:EF name=null rssi=-53 adv=1eff060001092002f27747151dbeed0abd2d542523078b10b2e5d80ffb929700000000000000000000000000000000000000000000000000000000000000
09-21 16:21:31.159 29879 29879 D BleManager: onScanResult: 10:B4:1D:CD:23:8E name=SHID-00000001 rssi=-29 adv=0201061107041c8a5e0b6f2a9d8f4c3be701101d9f0e09534849442d30303030303030310000000000000000000000000000000000000000000000000000
09-21 16:21:31.170 29879 29879 D BleManager: onScanResult: 41:37:0C:29:84:F9 name=null rssi=-58 adv=02010217ff8f03181134325a57103041a201152629b564570103020303aafd0916aafd830c33e38082000000000000000000000000000000000000000000
09-21 16:21:31.194 29879 29879 D BleManager: onScanResult: 33:C1:54:6A:3B:CE name=null rssi=-54 adv=1eff0600010920027fbf60afce5f207c2ef469b7c9c9f54797ef856445d40200000000000000000000000000000000000000000000000000000000000000
09-21 16:21:31.220 29879 29879 D BleManager: onScanResult: 10:B4:1D:CD:23:8E name=SHID-00000001 rssi=-30 adv=0201061107041c8a5e0b6f2a9d8f4c3be701101d9f0e09534849442d30303030303030310000000000000000000000000000000000000000000000000000
09-21 16:21:31.264 29879 29879 D BleManager: onScanResult: 21:50:20:9B:C8:EF name=null rssi=-51 adv=1eff060001092002f27747151dbeed0abd2d542523078b10b2e5d80ffb929700000000000000000000000000000000000000000000000000000000000000
09-21 16:21:31.270 29879 29879 D BleManager: onScanResult: 0B:2D:A5:C8:D0:65 name=null rssi=-69 adv=1eff06000109202246a9e394ccdd53663f7d83c8146cbf8b10123c2f88af4200000000000000000000000000000000000000000000000000000000000000
09-21 16:21:31.291 29879 29879 D BleManager: onScanResult: 30:EC:D4:97:B8:43 name=null rssi=-47 adv=1eff060001092002993c412d5bd3cc37dc8b49eb111beb83983c3c90aaf9df00000000000000000000000000000000000000000000000000000000000000
09-21 16:21:31.307 29879 29879 D BleManager: onScanResult: 10:B4:1D:CD:23:8E name=SHID-00000001 rssi=-30 adv=0201061107041c8a5e0b6f2a9d8f4c3be701101d9f0e09534849442d30303030303030310000000000000000000000000000000000000000000000000000
09-21 16:21:31.313 29879 29879 D BleManager: onScanResult: 33:C1:54:6A:3B:CE name=null rssi=-57 adv=1eff0600010920027fbf60afce5f207c2ef469b7c9c9f54797ef856445d40200000000000000000000000000000000000000000000000000000000000000
09-21 16:21:31.327 29879 29879 D BleManager: onScanResult: 41:37:0C:29:84:F9 name=null rssi=-58 adv=02010217ff8f03181134325a57103041a201152629b564570103020303aafd0916aafd830c33e38082000000000000000000000000000000000000000000
09-21 16:21:31.349 29879 29879 D BleManager: onScanResult: 21:50:20:9B:C8:EF name=null rssi=-53 adv=1eff060001092002f27747151dbeed0abd2d542523078b10b2e5d80ffb929700000000000000000000000000000000000000000000000000000000000000
09-21 16:21:31.368 29879 29879 D BleManager: onScanResult: 10:B4:1D:CD:23:8E name=SHID-00000001 rssi=-29 adv=0201061107041c8a5e0b6f2a9d8f4c3be701101d9f0e09534849442d30303030303030310000000000000000000000000000000000000000000000000000
09-21 16:21:31.373 29879 29879 D BleManager: onScanResult: 0B:2D:A5:C8:D0:65 name=null rssi=-73 adv=1eff06000109202246a9e394ccdd53663f7d83c8146cbf8b10123c2f88af4200000000000000000000000000000000000000000000000000000000000000
09-21 16:21:31.403 29879 29879 D BleManager: onScanResult: 30:EC:D4:97:B8:43 name=null rssi=-46 adv=1eff060001092002993c412d5bd3cc37dc8b49eb111beb83983c3c90aaf9df00000000000000000000000000000000000000000000000000000000000000
09-21 16:21:31.408 29879 29879 D BleManager: onScanResult: 33:C1:54:6A:3B:CE name=null rssi=-56 adv=1eff0600010920027fbf60afce5f207c2ef469b7c9c9f54797ef856445d40200000000000000000000000000000000000000000000000000000000000000
09-21 16:21:31.415 29879 29879 D BleManager: onScanResult: 10:B4:1D:CD:23:8E name=SHID-00000001 rssi=-29 adv=0201061107041c8a5e0b6f2a9d8f4c3be701101d9f0e09534849442d30303030303030310000000000000000000000000000000000000000000000000000
09-21 16:21:31.442 29879 29879 D BleManager: onScanResult: 41:37:0C:29:84:F9 name=null rssi=-66 adv=02010217ff8f03181134325a57103041a201152629b564570103020303aafd0916aafd830c33e38082000000000000000000000000000000000000000000
09-21 16:21:31.477 29879 29879 D BleManager: onScanResult: 21:50:20:9B:C8:EF name=null rssi=-53 adv=1eff060001092002f27747151dbeed0abd2d542523078b10b2e5d80ffb929700000000000000000000000000000000000000000000000000000000000000
09-21 16:21:31.482 29879 29879 D BleManager: onScanResult: 0B:2D:A5:C8:D0:65 name=null rssi=-74 adv=1eff06000109202246a9e394ccdd53663f7d83c8146cbf8b10123c2f88af4200000000000000000000000000000000000000000000000000000000000000
09-21 16:21:31.488 29879 29879 D BleManager: onScanResult: 30:EC:D4:97:B8:43 name=null rssi=-47 adv=1eff060001092002993c412d5bd3cc37dc8b49eb111beb83983c3c90aaf9df00000000000000000000000000000000000000000000000000000000000000
09-21 16:21:31.516 29879 29879 D BleManager: onScanResult: 10:B4:1D:CD:23:8E name=SHID-00000001 rssi=-29 adv=0201061107041c8a5e0b6f2a9d8f4c3be701101d9f0e09534849442d30303030303030310000000000000000000000000000000000000000000000000000
09-21 16:21:31.522 29879 29879 D BleManager: onScanResult: 33:C1:54:6A:3B:CE name=null rssi=-56 adv=1eff0600010920027fbf60afce5f207c2ef469b7c9c9f54797ef856445d40200000000000000000000000000000000000000000000000000000000000000
09-21 16:21:31.534 29879 29879 D BleManager: onScanResult: 10:B4:1D:CD:23:8E name=SHID-00000001 rssi=-29 adv=0201061107041c8a5e0b6f2a9d8f4c3be701101d9f0e09534849442d30303030303030310000000000000000000000000000000000000000000000000000
09-21 16:21:31.572 29879 29879 D BleManager: onScanResult: 21:50:20:9B:C8:EF name=null rssi=-53 adv=1eff060001092002f27747151dbeed0abd2d542523078b10b2e5d80ffb929700000000000000000000000000000000000000000000000000000000000000
09-21 16:21:31.578 29879 29879 D BleManager: onScanResult: 41:37:0C:29:84:F9 name=null rssi=-65 adv=02010217ff8f03181134325a57103041a201152629b564570103020303aafd0916aafd830c33e38082000000000000000000000000000000000000000000
09-21 16:21:31.586 29879 29879 D BleManager: onScanResult: 30:EC:D4:97:B8:43 name=null rssi=-46 adv=1eff060001092002993c412d5bd3cc37dc8b49eb111beb83983c3c90aaf9df00000000000000000000000000000000000000000000000000000000000000
09-21 16:21:31.608 29879 29879 D BleManager: onScanResult: 0B:2D:A5:C8:D0:65 name=null rssi=-74 adv=1eff06000109202246a9e394ccdd53663f7d83c8146cbf8b10123c2f88af4200000000000000000000000000000000000000000000000000000000000000
09-21 16:21:31.623 29879 29879 D BleManager: onScanResult: 10:B4:1D:CD:23:8E name=SHID-00000001 rssi=-29 adv=0201061107041c8a5e0b6f2a9d8f4c3be701101d9f0e09534849442d30303030303030310000000000000000000000000000000000000000000000000000
09-21 16:21:31.629 29879 29879 D BleManager: onScanResult: 33:C1:54:6A:3B:CE name=null rssi=-56 adv=1eff0600010920027fbf60afce5f207c2ef469b7c9c9f54797ef856445d40200000000000000000000000000000000000000000000000000000000000000
09-21 16:21:31.664 29879 29879 D BleManager: onScanResult: 10:B4:1D:CD:23:8E name=SHID-00000001 rssi=-29 adv=0201061107041c8a5e0b6f2a9d8f4c3be701101d9f0e09534849442d30303030303030310000000000000000000000000000000000000000000000000000
09-21 16:21:31.682 29879 29879 D BleManager: onScanResult: 21:50:20:9B:C8:EF name=null rssi=-53 adv=1eff060001092002f27747151dbeed0abd2d542523078b10b2e5d80ffb929700000000000000000000000000000000000000000000000000000000000000
09-21 16:21:31.692 29879 29879 D BleManager: onScanResult: 30:EC:D4:97:B8:43 name=null rssi=-47 adv=1eff060001092002993c412d5bd3cc37dc8b49eb111beb83983c3c90aaf9df00000000000000000000000000000000000000000000000000000000000000
09-21 16:21:31.734 29879 29879 D BleManager: onScanResult: 0B:2D:A5:C8:D0:65 name=null rssi=-74 adv=1eff06000109202246a9e394ccdd53663f7d83c8146cbf8b10123c2f88af4200000000000000000000000000000000000000000000000000000000000000
09-21 16:21:31.746 29879 29879 D BleManager: onScanResult: 33:C1:54:6A:3B:CE name=null rssi=-59 adv=1eff0600010920027fbf60afce5f207c2ef469b7c9c9f54797ef856445d40200000000000000000000000000000000000000000000000000000000000000
09-21 16:21:31.786 29879 29879 D BleManager: onScanResult: 10:B4:1D:CD:23:8E name=SHID-00000001 rssi=-29 adv=0201061107041c8a5e0b6f2a9d8f4c3be701101d9f0e09534849442d30303030303030310000000000000000000000000000000000000000000000000000
09-21 16:21:31.793 29879 29879 D BleManager: onScanResult: 21:50:20:9B:C8:EF name=null rssi=-53 adv=1eff060001092002f27747151dbeed0abd2d542523078b10b2e5d80ffb929700000000000000000000000000000000000000000000000000000000000000
09-21 16:21:31.800 29879 29879 D BleManager: onScanResult: 30:EC:D4:97:B8:43 name=null rssi=-46 adv=1eff060001092002993c412d5bd3cc37dc8b49eb111beb83983c3c90aaf9df00000000000000000000000000000000000000000000000000000000000000
09-21 16:21:31.806 29879 29879 D BleManager: onScanResult: 10:B4:1D:CD:23:8E name=SHID-00000001 rssi=-29 adv=0201061107041c8a5e0b6f2a9d8f4c3be701101d9f0e09534849442d30303030303030310000000000000000000000000000000000000000000000000000
09-21 16:21:31.812 29879 29879 D BleManager: onScanResult: 0B:2D:A5:C8:D0:65 name=null rssi=-74 adv=1eff06000109202246a9e394ccdd53663f7d83c8146cbf8b10123c2f88af4200000000000000000000000000000000000000000000000000000000000000
09-21 16:21:31.848 29879 29879 D BleManager: onScanResult: 41:37:0C:29:84:F9 name=null rssi=-58 adv=02010217ff8f03181134325a57103041a201152629b564570103020303aafd0916aafd830c33e38082000000000000000000000000000000000000000000
09-21 16:21:31.872 29879 29879 D BleManager: onScanResult: 10:B4:1D:CD:23:8E name=SHID-00000001 rssi=-30 adv=0201061107041c8a5e0b6f2a9d8f4c3be701101d9f0e09534849442d30303030303030310000000000000000000000000000000000000000000000000000
09-21 16:21:31.904 29879 29879 D BleManager: onScanResult: 21:50:20:9B:C8:EF name=null rssi=-55 adv=1eff060001092002f27747151dbeed0abd2d542523078b10b2e5d80ffb929700000000000000000000000000000000000000000000000000000000000000
09-21 16:21:31.914 29879 29879 D BleManager: onScanResult: 30:EC:D4:97:B8:43 name=null rssi=-46 adv=1eff060001092002993c412d5bd3cc37dc8b49eb111beb83983c3c90aaf9df00000000000000000000000000000000000000000000000000000000000000
09-21 16:21:31.928 29879 29879 D BleManager: onScanResult: 0B:2D:A5:C8:D0:65 name=null rssi=-69 adv=1eff06000109202246a9e394ccdd53663f7d83c8146cbf8b10123c2f88af4200000000000000000000000000000000000000000000000000000000000000
09-21 16:21:31.961 29879 29879 D BleManager: onScanResult: 10:B4:1D:CD:23:8E name=SHID-00000001 rssi=-30 adv=0201061107041c8a5e0b6f2a9d8f4c3be701101d9f0e09534849442d30303030303030310000000000000000000000000000000000000000000000000000
09-21 16:21:31.977 29879 29879 D BleManager: onScanResult: 59:E5:0D:3E:FB:13 name=null rssi=-88 adv=1eff06000109200262dd219030d67f49b4db697a11ed42f43054faeeec025a00000000000000000000000000000000000000000000000000000000000000
09-21 16:21:31.983 29879 29879 D BleManager: onScanResult: 21:50:20:9B:C8:EF name=null rssi=-51 adv=1eff060001092002f27747151dbeed0abd2d542523078b10b2e5d80ffb929700000000000000000000000000000000000000000000000000000000000000
09-21 16:21:31.989 29879 29879 D BleManager: onScanResult: 10:B4:1D:CD:23:8E name=SHID-00000001 rssi=-30 adv=0201061107041c8a5e0b6f2a9d8f4c3be701101d9f0e09534849442d30303030303030310000000000000000000000000000000000000000000000000000
09-21 16:21:32.004 29879 29879 D BleManager: onScanResult: 30:EC:D4:97:B8:43 name=null rssi=-46 adv=1eff060001092002993c412d5bd3cc37dc8b49eb111beb83983c3c90aaf9df00000000000000000000000000000000000000000000000000000000000000
09-21 16:21:32.017 29879 29879 D BleManager: onScanResult: 41:37:0C:29:84:F9 name=null rssi=-58 adv=02010217ff8f03181134325a57103041a201152629b564570103020303aafd0916aafd830c33e38082000000000000000000000000000000000000000000
09-21 16:21:32.022 29879 29879 D BleManager: onScanResult: 0B:2D:A5:C8:D0:65 name=null rssi=-69 adv=1eff06000109202246a9e394ccdd53663f7d83c8146cbf8b10123c2f88af4200000000000000000000000000000000000000000000000000000000000000
09-21 16:21:32.050 29879 29879 D BleManager: onScanResult: 33:C1:54:6A:3B:CE name=null rssi=-58 adv=1eff0600010920027fbf60afce5f207c2ef469b7c9c9f54797ef856445d40200000000000000000000000000000000000000000000000000000000000000
09-21 16:21:32.083 29879 29879 D BleManager: onScanResult: 10:B4:1D:CD:23:8E name=SHID-00000001 rssi=-30 adv=0201061107041c8a5e0b6f2a9d8f4c3be701101d9f0e09534849442d30303030303030310000000000000000000000000000000000000000000000000000
09-21 16:21:32.090 29879 29879 D BleManager: onScanResult: 21:50:20:9B:C8:EF name=null rssi=-51 adv=1eff060001092002f27747151dbeed0abd2d542523078b10b2e5d80ffb929700000000000000000000000000000000000000000000000000000000000000
09-21 16:21:32.115 29879 29879 D BleManager: onScanResult: 30:EC:D4:97:B8:43 name=null rssi=-46 adv=1eff060001092002993c412d5bd3cc37dc8b49eb111beb83983c3c90aaf9df00000000000000000000000000000000000000000000000000000000000000
09-21 16:21:32.125 29879 29879 D BleManager: onScanResult: 10:B4:1D:CD:23:8E name=SHID-00000001 rssi=-31 adv=0201061107041c8a5e0b6f2a9d8f4c3be701101d9f0e09534849442d30303030303030310000000000000000000000000000000000000000000000000000
09-21 16:21:32.132 29879 29879 D BleManager: onScanResult: 41:37:0C:29:84:F9 name=null rssi=-60 adv=02010217ff8f03181134325a57103041a201152629b564570103020303aafd0916aafd830c33e38082000000000000000000000000000000000000000000
09-21 16:21:32.139 29879 29879 D BleManager: onScanResult: 0B:2D:A5:C8:D0:65 name=null rssi=-69 adv=1eff06000109202246a9e394ccdd53663f7d83c8146cbf8b10123c2f88af4200000000000000000000000000000000000000000000000000000000000000
09-21 16:21:32.173 29879 29879 D BleManager: onScanResult: 33:C1:54:6A:3B:CE name=null rssi=-58 adv=1eff0600010920027fbf60afce5f207c2ef469b7c9c9f54797ef856445d40200000000000000000000000000000000000000000000000000000000000000
09-21 16:21:32.190 29879 29879 D BleManager: onScanResult: 10:B4:1D:CD:23:8E name=SHID-00000001 rssi=-31 adv=0201061107041c8a5e0b6f2a9d8f4c3be701101d9f0e09534849442d30303030303030310000000000000000000000000000000000000000000000000000
09-21 16:21:32.236 29879 29879 D BleManager: onScanResult: 30:EC:D4:97:B8:43 name=null rssi=-46 adv=1eff060001092002993c412d5bd3cc37dc8b49eb111beb83983c3c90aaf9df00000000000000000000000000000000000000000000000000000000000000
09-21 16:21:32.246 29879 29879 D BleManager: onScanResult: 10:B4:1D:CD:23:8E name=SHID-00000001 rssi=-30 adv=0201061107041c8a5e0b6f2a9d8f4c3be701101d9f0e09534849442d30303030303030310000000000000000000000000000000000000000000000000000
09-21 16:21:32.256 29879 29879 D BleManager: onScanResult: 0B:2D:A5:C8:D0:65 name=null rssi=-70 adv=1eff06000109202246a9e394ccdd53663f7d83c8146cbf8b10123c2f88af4200000000000000000000000000000000000000000000000000000000000000
09-21 16:21:32.266 29879 29879 D BleManager: onScanResult: 33:C1:54:6A:3B:CE name=null rssi=-54 adv=1eff0600010920027fbf60afce5f207c2ef469b7c9c9f54797ef856445d40200000000000000000000000000000000000000000000000000000000000000
09-21 16:21:32.313 29879 29879 D BleManager: onScanResult: 41:37:0C:29:84:F9 name=null rssi=-58 adv=02010217ff8f03181134325a57103041a201152629b564570103020303aafd0916aafd830c33e38082000000000000000000000000000000000000000000
09-21 16:21:32.320 29879 29879 D BleManager: onScanResult: 21:50:20:9B:C8:EF name=null rssi=-54 adv=1eff060001092002f27747151dbeed0abd2d542523078b10b2e5d80ffb929700000000000000000000000000000000000000000000000000000000000000
09-21 16:21:32.334 29879 29879 D BleManager: onScanResult: 10:B4:1D:CD:23:8E name=SHID-00000001 rssi=-29 adv=0201061107041c8a5e0b6f2a9d8f4c3be701101d9f0e09534849442d30303030303030310000000000000000000000000000000000000000000000000000
09-21 16:21:32.355 29879 29879 D BleManager: onScanResult: 30:EC:D4:97:B8:43 name=null rssi=-46 adv=1eff060001092002993c412d5bd3cc37dc8b49eb111beb83983c3c90aaf9df00000000000000000000000000000000000000000000000000000000000000
09-21 16:21:32.361 29879 29879 D BleManager: onScanResult: 0B:2D:A5:C8:D0:65 name=null rssi=-70 adv=1eff06000109202246a9e394ccdd53663f7d83c8146cbf8b10123c2f88af4200000000000000000000000000000000000000000000000000000000000000
09-21 16:21:32.367 29879 29879 D BleManager: onScanResult: 33:C1:54:6A:3B:CE name=null rssi=-53 adv=1eff0600010920027fbf60afce5f207c2ef469b7c9c9f54797ef856445d40200000000000000000000000000000000000000000000000000000000000000
09-21 16:21:32.394 29879 29879 D BleManager: onScanResult: 41:37:0C:29:84:F9 name=null rssi=-58 adv=02010217ff8f03181134325a57103041a201152629b564570103020303aafd0916aafd830c33e38082000000000000000000000000000000000000000000
09-21 16:21:32.424 29879 29879 D BleManager: onScanResult: 21:50:20:9B:C8:EF name=null rssi=-55 adv=1eff060001092002f27747151dbeed0abd2d542523078b10b2e5d80ffb929700000000000000000000000000000000000000000000000000000000000000
09-21 16:21:32.455 29879 29879 D BleManager: onScanResult: 33:C1:54:6A:3B:CE name=null rssi=-58 adv=1eff0600010920027fbf60afce5f207c2ef469b7c9c9f54797ef856445d40200000000000000000000000000000000000000000000000000000000000000
09-21 16:21:32.462 29879 29879 D BleManager: onScanResult: 0B:2D:A5:C8:D0:65 name=null rssi=-69 adv=1eff06000109202246a9e394ccdd53663f7d83c8146cbf8b10123c2f88af4200000000000000000000000000000000000000000000000000000000000000
09-21 16:21:32.502 29879 29879 D BleManager: onScanResult: 10:B4:1D:CD:23:8E name=SHID-00000001 rssi=-30 adv=0201061107041c8a5e0b6f2a9d8f4c3be701101d9f0e09534849442d30303030303030310000000000000000000000000000000000000000000000000000
09-21 16:21:32.535 29879 29879 D BleManager: onScanResult: 21:50:20:9B:C8:EF name=null rssi=-51 adv=1eff060001092002f27747151dbeed0abd2d542523078b10b2e5d80ffb929700000000000000000000000000000000000000000000000000000000000000
09-21 16:21:32.542 29879 29879 D BleManager: onScanResult: 41:37:0C:29:84:F9 name=null rssi=-57 adv=02010217ff8f03181134325a57103041a201152629b564570103020303aafd0916aafd830c33e38082000000000000000000000000000000000000000000
09-21 16:21:32.549 29879 29879 D BleManager: onScanResult: 30:EC:D4:97:B8:43 name=null rssi=-46 adv=1eff060001092002993c412d5bd3cc37dc8b49eb111beb83983c3c90aaf9df00000000000000000000000000000000000000000000000000000000000000
09-21 16:21:32.570 29879 29879 D BleManager: onScanResult: 33:C1:54:6A:3B:CE name=null rssi=-58 adv=1eff0600010920027fbf60afce5f207c2ef469b7c9c9f54797ef856445d40200000000000000000000000000000000000000000000000000000000000000
09-21 16:21:32.577 29879 29879 D BleManager: onScanResult: 0B:2D:A5:C8:D0:65 name=null rssi=-69 adv=1eff06000109202246a9e394ccdd53663f7d83c8146cbf8b10123c2f88af4200000000000000000000000000000000000000000000000000000000000000
09-21 16:21:32.582 29879 29879 D BleManager: onScanResult: 10:B4:1D:CD:23:8E name=SHID-00000001 rssi=-30 adv=0201061107041c8a5e0b6f2a9d8f4c3be701101d9f0e09534849442d30303030303030310000000000000000000000000000000000000000000000000000
09-21 16:21:32.618 29879 29879 D BleManager: onScanResult: 21:50:20:9B:C8:EF name=null rssi=-53 adv=1eff060001092002f27747151dbeed0abd2d542523078b10b2e5d80ffb929700000000000000000000000000000000000000000000000000000000000000
09-21 16:21:32.636 29879 29879 D BleManager: onScanResult: 10:B4:1D:CD:23:8E name=SHID-00000001 rssi=-29 adv=0201061107041c8a5e0b6f2a9d8f4c3be701101d9f0e09534849442d30303030303030310000000000000000000000000000000000000000000000000000
09-21 16:21:32.673 29879 29879 D BleManager: onScanResult: 30:EC:D4:97:B8:43 name=null rssi=-46 adv=1eff060001092002993c412d5bd3cc37dc8b49eb111beb83983c3c90aaf9df00000000000000000000000000000000000000000000000000000000000000
09-21 16:21:32.680 29879 29879 D BleManager: onScanResult: 0B:2D:A5:C8:D0:65 name=null rssi=-74 adv=1eff06000109202246a9e394ccdd53663f7d83c8146cbf8b10123c2f88af4200000000000000000000000000000000000000000000000000000000000000
09-21 16:21:32.703 29879 29879 D BleManager: onScanResult: 10:B4:1D:CD:23:8E name=SHID-00000001 rssi=-29 adv=0201061107041c8a5e0b6f2a9d8f4c3be701101d9f0e09534849442d30303030303030310000000000000000000000000000000000000000000000000000
09-21 16:21:32.737 29879 29879 D BleManager: onScanResult: 21:50:20:9B:C8:EF name=null rssi=-53 adv=1eff060001092002f27747151dbeed0abd2d542523078b10b2e5d80ffb929700000000000000000000000000000000000000000000000000000000000000
09-21 16:21:32.745 29879 29879 D BleManager: onScanResult: 30:EC:D4:97:B8:43 name=null rssi=-45 adv=1eff060001092002993c412d5bd3cc37dc8b49eb111beb83983c3c90aaf9df00000000000000000000000000000000000000000000000000000000000000
09-21 16:21:32.774 29879 29879 D BleManager: onScanResult: 10:B4:1D:CD:23:8E name=SHID-00000001 rssi=-29 adv=0201061107041c8a5e0b6f2a9d8f4c3be701101d9f0e09534849442d30303030303030310000000000000000000000000000000000000000000000000000
09-21 16:21:32.781 29879 29879 D BleManager: onScanResult: 33:C1:54:6A:3B:CE name=null rssi=-56 adv=1eff0600010920027fbf60afce5f207c2ef469b7c9c9f54797ef856445d40200000000000000000000000000000000000000000000000000000000000000
09-21 16:21:32.787 29879 29879 D BleManager: onScanResult: 0B:2D:A5:C8:D0:65 name=null rssi=-75 adv=1eff06000109202246a9e394ccdd53663f7d83c8146cbf8b10123c2f88af4200000000000000000000000000000000000000000000000000000000000000
09-21 16:21:32.810 29879 29879 D BleManager: onScanResult: 41:37:0C:29:84:F9 name=null rssi=-65 adv=02010217ff8f03181134325a57103041a201152629b564570103020303aafd0916aafd830c33e38082000000000000000000000000000000000000000000
09-21 16:21:32.825 29879 29879 D BleManager: onScanResult: 10:B4:1D:CD:23:8E name=SHID-00000001 rssi=-29 adv=0201061107041c8a5e0b6f2a9d8f4c3be701101d9f0e09534849442d30303030303030310000000000000000000000000000000000000000000000000000
09-21 16:21:32.842 29879 29879 D BleManager: onScanResult: 21:50:20:9B:C8:EF name=null rssi=-53 adv=1eff060001092002f27747151dbeed0abd2d542523078b10b2e5d80ffb929700000000000000000000000000000000000000000000000000000000000000
09-21 16:21:32.847 29879 29879 D BleManager: onScanResult: 30:EC:D4:97:B8:43 name=null rssi=-45 adv=1eff060001092002993c412d5bd3cc37dc8b49eb111beb83983c3c90aaf9df00000000000000000000000000000000000000000000000000000000000000
09-21 16:21:32.879 29879 29879 D BleManager: onScanResult: 33:C1:54:6A:3B:CE name=null rssi=-57 adv=1eff0600010920027fbf60afce5f207c2ef469b7c9c9f54797ef856445d40200000000000000000000000000000000000000000000000000000000000000
09-21 16:21:32.887 29879 29879 D BleManager: onScanResult: 0B:2D:A5:C8:D0:65 name=null rssi=-74 adv=1eff06000109202246a9e394ccdd53663f7d83c8146cbf8b10123c2f88af4200000000000000000000000000000000000000000000000000000000000000
09-21 16:21:32.896 29879 29879 D BleManager: onScanResult: 10:B4:1D:CD:23:8E name=SHID-00000001 rssi=-29 adv=0201061107041c8a5e0b6f2a9d8f4c3be701101d9f0e09534849442d30303030303030310000000000000000000000000000000000000000000000000000
09-21 16:21:32.951 29879 29879 D BleManager: onScanResult: 21:50:20:9B:C8:EF name=null rssi=-53 adv=1eff060001092002f27747151dbeed0abd2d542523078b10b2e5d80ffb929700000000000000000000000000000000000000000000000000000000000000
09-21 16:21:32.957 29879 29879 D BleManager: onScanResult: 30:EC:D4:97:B8:43 name=null rssi=-45 adv=1eff060001092002993c412d5bd3cc37dc8b49eb111beb83983c3c90aaf9df00000000000000000000000000000000000000000000000000000000000000
09-21 16:21:32.965 29879 29879 D BleManager: onScanResult: 41:37:0C:29:84:F9 name=null rssi=-65 adv=02010217ff8f03181134325a57103041a201152629b564570103020303aafd0916aafd830c33e38082000000000000000000000000000000000000000000
09-21 16:21:32.984 29879 29879 D BleManager: onScanResult: 10:B4:1D:CD:23:8E name=SHID-00000001 rssi=-29 adv=0201061107041c8a5e0b6f2a9d8f4c3be701101d9f0e09534849442d30303030303030310000000000000000000000000000000000000000000000000000
09-21 16:21:33.000 29879 29879 D BleManager: onScanResult: 33:C1:54:6A:3B:CE name=null rssi=-57 adv=1eff0600010920027fbf60afce5f207c2ef469b7c9c9f54797ef856445d40200000000000000000000000000000000000000000000000000000000000000
09-21 16:21:33.007 29879 29879 D BleManager: onScanResult: 0B:2D:A5:C8:D0:65 name=null rssi=-75 adv=1eff06000109202246a9e394ccdd53663f7d83c8146cbf8b10123c2f88af4200000000000000000000000000000000000000000000000000000000000000
09-21 16:21:33.034 29879 29879 D BleManager: onScanResult: 10:B4:1D:CD:23:8E name=SHID-00000001 rssi=-29 adv=0201061107041c8a5e0b6f2a9d8f4c3be701101d9f0e09534849442d30303030303030310000000000000000000000000000000000000000000000000000
09-21 16:21:33.061 29879 29879 D BleManager: onScanResult: 30:EC:D4:97:B8:43 name=null rssi=-46 adv=1eff060001092002993c412d5bd3cc37dc8b49eb111beb83983c3c90aaf9df00000000000000000000000000000000000000000000000000000000000000
09-21 16:21:33.069 29879 29879 D BleManager: onScanResult: 4E:6C:79:B9:33:20 name=null rssi=-69 adv=02011a0dff4c001608009de59aa19ef53d000000000000000000000000000000000000000000000000000000000000000000000000000000000000000000
09-21 16:21:33.096 29879 29879 D BleManager: onScanResult: 41:37:0C:29:84:F9 name=null rssi=-58 adv=02010217ff8f03181134325a57103041a201152629b564570103020303aafd0916aafd830c33e38082000000000000000000000000000000000000000000
09-21 16:21:33.102 29879 29879 D BleManager: onScanResult: 10:B4:1D:CD:23:8E name=SHID-00000001 rssi=-30 adv=0201061107041c8a5e0b6f2a9d8f4c3be701101d9f0e09534849442d30303030303030310000000000000000000000000000000000000000000000000000
09-21 16:21:33.118 29879 29879 D BleManager: onScanResult: 33:C1:54:6A:3B:CE name=null rssi=-53 adv=1eff0600010920027fbf60afce5f207c2ef469b7c9c9f54797ef856445d40200000000000000000000000000000000000000000000000000000000000000
09-21 16:21:33.125 29879 29879 D BleManager: onScanResult: 0B:2D:A5:C8:D0:65 name=null rssi=-70 adv=1eff06000109202246a9e394ccdd53663f7d83c8146cbf8b10123c2f88af4200000000000000000000000000000000000000000000000000000000000000
09-21 16:21:33.148 29879 29879 I BleManager: Scan stopped
09-21 16:21:33.148 29879 29879 I BleManager: Auto-stop scan after 5000ms
09-21 16:21:33.161 29879 29879 D BleManager: onScanResult: 21:50:20:9B:C8:EF name=null rssi=-55 adv=1eff060001092002f27747151dbeed0abd2d542523078b10b2e5d80ffb929700000000000000000000000000000000000000000000000000000000000000
