--------- beginning of main
09-21 16:21:14.709 29879 29879 I BleManager: Scan started
09-21 16:21:14.785 29879 29879 D BleManager: onScanResult: 10:B4:1D:CD:23:8E name=SHID-00000001 rssi=-28 adv=0201061107041c8a5e0b6f2a9d8f4c3be701101d9f0e09534849442d30303030303030310000000000000000000000000000000000000000000000000000
09-21 16:21:14.791 29879 29879 D BleManager: onScanResult: 21:50:20:9B:C8:EF name=null rssi=-54 adv=1eff060001092002f27747151dbeed0abd2d542523078b10b2e5d80ffb929700000000000000000000000000000000000000000000000000000000000000
09-21 16:21:14.831 29879 29879 D BleManager: onScanResult: 41:37:0C:29:84:F9 name=null rssi=-64 adv=02010217ff8f03181134325a57103041a201152629b564570103020303aafd0916aafd830c33e38082000000000000000000000000000000000000000000
09-21 16:21:14.837 29879 29879 D BleManager: onScanResult: 2E:F0:3C:17:61:21 name=null rssi=-48 adv=06ff0100424c4500000000000000000000000000000000000000000000000000000000000000000000000000000000000000000000000000000000000000
09-21 16:21:14.862 29879 29879 D BleManager: onScanResult: 11:56:37:74:10:C7 name=null rssi=-57 adv=1eff06000109200263b3e5581f98c19d59d6eb253eb542ca38fc126a61ceed00000000000000000000000000000000000000000000000000000000000000
09-21 16:21:14.896 29879 29879 D BleManager: onScanResult: 10:B4:1D:CD:23:8E name=SHID-00000001 rssi=-29 adv=0201061107041c8a5e0b6f2a9d8f4c3be701101d9f0e09534849442d30303030303030310000000000000000000000000000000000000000000000000000
09-21 16:21:14.901 29879 29879 D BleManager: onScanResult: 21:50:20:9B:C8:EF name=null rssi=-53 adv=1eff060001092002f27747151dbeed0abd2d542523078b10b2e5d80ffb929700000000000000000000000000000000000000000000000000000000000000
09-21 16:21:14.906 29879 29879 D BleManager: onScanResult: 0B:2D:A5:C8:D0:65 name=null rssi=-72 adv=1eff06000109202246a9e394ccdd53663f7d83c8146cbf8b10123c2f88af4200000000000000000000000000000000000000000000000000000000000000
09-21 16:21:14.911 29879 29879 D BleManager: onScanResult: 30:EC:D4:97:B8:43 name=null rssi=-48 adv=1eff060001092002993c412d5bd3cc37dc8b49eb111beb83983c3c90aaf9df00000000000000000000000000000000000000000000000000000000000000
09-21 16:21:14.929 29879 29879 D BleManager: onScanResult: 10:B4:1D:CD:23:8E name=SHID-00000001 rssi=-29 adv=0201061107041c8a5e0b6f2a9d8f4c3be701101d9f0e09534849442d30303030303030310000000000000000000000000000000000000000000000000000
09-21 16:21:14.948 29879 29879 D BleManager: onScanResult: 2E:F0:3C:17:61:21 name=null rssi=-48 adv=06ff0100424c4500000000000000000000000000000000000000000000000000000000000000000000000000000000000000000000000000000000000000
09-21 16:21:14.953 29879 29879 D BleManager: onScanResult: 11:56:37:74:10:C7 name=null rssi=-57 adv=1eff06000109200263b3e5581f98c19d59d6eb253eb542ca38fc126a61ceed00000000000000000000000000000000000000000000000000000000000000
09-21 16:21:14.958 29879 29879 D BleManager: onScanResult: 41:37:0C:29:84:F9 name=null rssi=-58 adv=02010217ff8f03181134325a57103041a201152629b564570103020303aafd0916aafd830c33e38082000000000000000000000000000000000000000000
09-21 16:21:14.983 29879 29879 D BleManager: onScanResult: 10:B4:1D:CD:23:8E name=SHID-00000001 rssi=-29 adv=0201061107041c8a5e0b6f2a9d8f4c3be701101d9f0e09534849442d30303030303030310000000000000000000000000000000000000000000000000000
09-21 16:21:14.998 29879 29879 D BleManager: onScanResult: 21:50:20:9B:C8:EF name=null rssi=-53 adv=1eff060001092002f27747151dbeed0abd2d542523078b10b2e5d80ffb929700000000000000000000000000000000000000000000000000000000000000
09-21 16:21:15.003 29879 29879 D BleManager: onScanResult: 4E:6C:79:B9:33:20 name=null rssi=-60 adv=02011a0dff4c001608009de59aa19ef53d000000000000000000000000000000000000000000000000000000000000000000000000000000000000000000
09-21 16:21:15.043 29879 29879 D BleManager: onScanResult: 2E:F0:3C:17:61:21 name=null rssi=-48 adv=06ff0100424c4500000000000000000000000000000000000000000000000000000000000000000000000000000000000000000000000000000000000000
09-21 16:21:15.052 29879 29879 D BleManager: onScanResult: 10:B4:1D:CD:23:8E name=SHID-00000001 rssi=-28 adv=0201061107041c8a5e0b6f2a9d8f4c3be701101d9f0e09534849442d30303030303030310000000000000000000000000000000000000000000000000000
09-21 16:21:15.058 29879 29879 D BleManager: onScanResult: 11:56:37:74:10:C7 name=null rssi=-57 adv=1eff06000109200263b3e5581f98c19d59d6eb253eb542ca38fc126a61ceed00000000000000000000000000000000000000000000000000000000000000
09-21 16:21:15.076 29879 29879 D BleManager: onScanResult: 41:37:0C:29:84:F9 name=null rssi=-63 adv=02010217ff8f03181134325a57103041a201152629b564570103020303aafd0916aafd830c33e38082000000000000000000000000000000000000000000
09-21 16:21:15.104 29879 29879 D BleManager: onScanResult: 21:50:20:9B:C8:EF name=null rssi=-53 adv=1eff060001092002f27747151dbeed0abd2d542523078b10b2e5d80ffb929700000000000000000000000000000000000000000000000000000000000000
09-21 16:21:15.109 29879 29879 D BleManager: onScanResult: 0B:2D:A5:C8:D0:65 name=null rssi=-75 adv=1eff06000109202246a9e394ccdd53663f7d83c8146cbf8b10123c2f88af4200000000000000000000000000000000000000000000000000000000000000
09-21 16:21:15.114 29879 29879 D BleManager: onScanResult: 30:EC:D4:97:B8:43 name=null rssi=-49 adv=1eff060001092002993c412d5bd3cc37dc8b49eb111beb83983c3c90aaf9df00000000000000000000000000000000000000000000000000000000000000
09-21 16:21:15.136 29879 29879 D BleManager: onScanResult: 10:B4:1D:CD:23:8E name=SHID-00000001 rssi=-28 adv=0201061107041c8a5e0b6f2a9d8f4c3be701101d9f0e09534849442d30303030303030310000000000000000000000000000000000000000000000000000
09-21 16:21:15.141 29879 29879 D BleManager: onScanResult: 2E:F0:3C:17:61:21 name=null rssi=-48 adv=06ff0100424c4500000000000000000000000000000000000000000000000000000000000000000000000000000000000000000000000000000000000000
09-21 16:21:15.168 29879 29879 D BleManager: onScanResult: 11:56:37:74:10:C7 name=null rssi=-57 adv=1eff06000109200263b3e5581f98c19d59d6eb253eb542ca38fc126a61ceed00000000000000000000000000000000000000000000000000000000000000
09-21 16:21:15.213 29879 29879 D BleManager: onScanResult: 10:B4:1D:CD:23:8E name=SHID-00000001 rssi=-28 adv=0201061107041c8a5e0b6f2a9d8f4c3be701101d9f0e09534849442d30303030303030310000000000000000000000000000000000000000000000000000
09-21 16:21:15.221 29879 29879 D BleManager: onScanResult: 0B:2D:A5:C8:D0:65 name=null rssi=-75 adv=1eff06000109202246a9e394ccdd53663f7d83c8146cbf8b10123c2f88af4200000000000000000000000000000000000000000000000000000000000000
09-21 16:21:15.228 29879 29879 D BleManager: onScanResult: 30:EC:D4:97:B8:43 name=null rssi=-49 adv=1eff060001092002993c412d5bd3cc37dc8b49eb111beb83983c3c90aaf9df00000000000000000000000000000000000000000000000000000000000000
09-21 16:21:15.234 29879 29879 D BleManager: onScanResult: 2E:F0:3C:17:61:21 name=null rssi=-48 adv=06ff0100424c4500000000000000000000000000000000000000000000000000000000000000000000000000000000000000000000000000000000000000
09-21 16:21:15.239 29879 29879 D BleManager: onScanResult: 10:B4:1D:CD:23:8E name=SHID-00000001 rssi=-29 adv=0201061107041c8a5e0b6f2a9d8f4c3be701101d9f0e09534849442d30303030303030310000000000000000000000000000000000000000000000000000
09-21 16:21:15.302 29879 29879 D BleManager: onScanResult: 10:B4:1D:CD:23:8E name=SHID-00000001 rssi=-28 adv=0201061107041c8a5e0b6f2a9d8f4c3be701101d9f0e09534849442d30303030303030310000000000000000000000000000000000000000000000000000
09-21 16:21:15.323 29879 29879 D BleManager: onScanResult: 21:50:20:9B:C8:EF name=null rssi=-56 adv=1eff060001092002f27747151dbeed0abd2d542523078b10b2e5d80ffb929700000000000000000000000000000000000000000000000000000000000000
09-21 16:21:15.330 29879 29879 D BleManager: onScanResult: 0B:2D:A5:C8:D0:65 name=null rssi=-68 adv=1eff06000109202246a9e394ccdd53663f7d83c8146cbf8b10123c2f88af4200000000000000000000000000000000000000000000000000000000000000
09-21 16:21:15.352 29879 29879 D BleManager: onScanResult: 30:EC:D4:97:B8:43 name=null rssi=-50 adv=1eff060001092002993c412d5bd3cc37dc8b49eb111beb83983c3c90aaf9df00000000000000000000000000000000000000000000000000000000000000
09-21 16:21:15.358 29879 29879 D BleManager: onScanResult: 2E:F0:3C:17:61:21 name=null rssi=-51 adv=06ff0100424c4500000000000000000000000000000000000000000000000000000000000000000000000000000000000000000000000000000000000000
09-21 16:21:15.363 29879 29879 D BleManager: onScanResult: 41:37:0C:29:84:F9 name=null rssi=-57 adv=02010217ff8f03181134325a57103041a201152629b564570103020303aafd0916aafd830c33e38082000000000000000000000000000000000000000000
09-21 16:21:15.382 29879 29879 D BleManager: onScanResult: 10:B4:1D:CD:23:8E name=SHID-00000001 rssi=-28 adv=0201061107041c8a5e0b6f2a9d8f4c3be701101d9f0e09534849442d30303030303030310000000000000000000000000000000000000000000000000000
09-21 16:21:15.403 29879 29879 D BleManager: onScanResult: 11:56:37:74:10:C7 name=null rssi=-51 adv=1eff06000109200263b3e5581f98c19d59d6eb253eb542ca38fc126a61ceed00000000000000000000000000000000000000000000000000000000000000
09-21 16:21:15.433 29879 29879 D BleManager: onScanResult: 0B:2D:A5:C8:D0:65 name=null rssi=-69 adv=1eff06000109202246a9e394ccdd53663f7d83c8146cbf8b10123c2f88af4200000000000000000000000000000000000000000000000000000000000000
09-21 16:21:15.439 29879 29879 D BleManager: onScanResult: 2E:F0:3C:17:61:21 name=null rssi=-51 adv=06ff0100424c4500000000000000000000000000000000000000000000000000000000000000000000000000000000000000000000000000000000000000
09-21 16:21:15.445 29879 29879 D BleManager: onScanResult: 10:B4:1D:CD:23:8E name=SHID-00000001 rssi=-30 adv=0201061107041c8a5e0b6f2a9d8f4c3be701101d9f0e09534849442d30303030303030310000000000000000000000000000000000000000000000000000
09-21 16:21:15.473 29879 29879 D BleManager: onScanResult: 41:37:0C:29:84:F9 name=null rssi=-58 adv=02010217ff8f03181134325a57103041a201152629b564570103020303aafd0916aafd830c33e38082000000000000000000000000000000000000000000
09-21 16:21:15.503 29879 29879 D BleManager: onScanResult: 11:56:37:74:10:C7 name=null rssi=-57 adv=1eff06000109200263b3e5581f98c19d59d6eb253eb542ca38fc126a61ceed00000000000000000000000000000000000000000000000000000000000000
09-21 16:21:15.525 29879 29879 D BleManager: onScanResult: 10:B4:1D:CD:23:8E name=SHID-00000001 rssi=-30 adv=0201061107041c8a5e0b6f2a9d8f4c3be701101d9f0e09534849442d30303030303030310000000000000000000000000000000000000000000000000000
09-21 16:21:15.531 29879 29879 D BleManager: onScanResult: 21:50:20:9B:C8:EF name=null rssi=-52 adv=1eff060001092002f27747151dbeed0abd2d542523078b10b2e5d80ffb929700000000000000000000000000000000000000000000000000000000000000
09-21 16:21:15.538 29879 29879 D BleManager: onScanResult: 30:EC:D4:97:B8:43 name=null rssi=-50 adv=1eff060001092002993c412d5bd3cc37dc8b49eb111beb83983c3c90aaf9df00000000000000000000000000000000000000000000000000000000000000
09-21 16:21:15.545 29879 29879 D BleManager: onScanResult: 0B:2D:A5:C8:D0:65 name=null rssi=-68 adv=1eff06000109202246a9e394ccdd53663f7d83c8146cbf8b10123c2f88af4200000000000000000000000000000000000000000000000000000000000000
09-21 16:21:15.573 29879 29879 D BleManager: onScanResult: 2E:F0:3C:17:61:21 name=null rssi=-52 adv=06ff0100424c4500000000000000000000000000000000000000000000000000000000000000000000000000000000000000000000000000000000000000
09-21 16:21:15.601 29879 29879 D BleManager: onScanResult: 10:B4:1D:CD:23:8E name=SHID-00000001 rssi=-30 adv=0201061107041c8a5e0b6f2a9d8f4c3be701101d9f0e09534849442d30303030303030310000000000000000000000000000000000000000000000000000
09-21 16:21:15.606 29879 29879 D BleManager: onScanResult: 11:56:37:74:10:C7 name=null rssi=-57 adv=1eff06000109200263b3e5581f98c19d59d6eb253eb542ca38fc126a61ceed00000000000000000000000000000000000000000000000000000000000000
09-21 16:21:15.629 29879 29879 D BleManager: onScanResult: 21:50:20:9B:C8:EF name=null rssi=-57 adv=1eff060001092002f27747151dbeed0abd2d542523078b10b2e5d80ffb929700000000000000000000000000000000000000000000000000000000000000
09-21 16:21:15.635 29879 29879 D BleManager: onScanResult: 30:EC:D4:97:B8:43 name=null rssi=-50 adv=1eff060001092002993c412d5bd3cc37dc8b49eb111beb83983c3c90aaf9df00000000000000000000000000000000000000000000000000000000000000
09-21 16:21:15.641 29879 29879 D BleManager: onScanResult: 0B:2D:A5:C8:D0:65 name=null rssi=-67 adv=1eff06000109202246a9e394ccdd53663f7d83c8146cbf8b10123c2f88af4200000000000000000000000000000000000000000000000000000000000000
09-21 16:21:15.654 29879 29879 D BleManager: onScanResult: 10:B4:1D:CD:23:8E name=SHID-00000001 rssi=-28 adv=0201061107041c8a5e0b6f2a9d8f4c3be701101d9f0e09534849442d30303030303030310000000000000000000000000000000000000000000000000000
09-21 16:21:15.660 29879 29879 D BleManager: onScanResult: 2E:F0:3C:17:61:21 name=null rssi=-50 adv=06ff0100424c4500000000000000000000000000000000000000000000000000000000000000000000000000000000000000000000000000000000000000
09-21 16:21:15.727 29879 29879 D BleManager: onScanResult: 21:50:20:9B:C8:EF name=null rssi=-55 adv=1eff060001092002f27747151dbeed0abd2d542523078b10b2e5d80ffb929700000000000000000000000000000000000000000000000000000000000000
09-21 16:21:15.768 29879 29879 D BleManager: onScanResult: 30:EC:D4:97:B8:43 name=null rssi=-49 adv=1eff060001092002993c412d5bd3cc37dc8b49eb111beb83983c3c90aaf9df00000000000000000000000000000000000000000000000000000000000000
09-21 16:21:15.800 29879 29879 D BleManager: onScanResult: 10:B4:1D:CD:23:8E name=SHID-00000001 rssi=-28 adv=0201061107041c8a5e0b6f2a9d8f4c3be701101d9f0e09534849442d30303030303030310000000000000000000000000000000000000000000000000000
09-21 16:21:15.806 29879 29879 D BleManager: onScanResult: 11:56:37:74:10:C7 name=null rssi=-52 adv=1eff06000109200263b3e5581f98c19d59d6eb253eb542ca38fc126a61ceed00000000000000000000000000000000000000000000000000000000000000
09-21 16:21:15.834 29879 29879 D BleManager: onScanResult: 10:B4:1D:CD:23:8E name=SHID-00000001 rssi=-28 adv=0201061107041c8a5e0b6f2a9d8f4c3be701101d9f0e09534849442d30303030303030310000000000000000000000000000000000000000000000000000
09-21 16:21:15.853 29879 29879 D BleManager: onScanResult: 0B:2D:A5:C8:D0:65 name=null rssi=-68 adv=1eff06000109202246a9e394ccdd53663f7d83c8146cbf8b10123c2f88af4200000000000000000000000000000000000000000000000000000000000000
09-21 16:21:15.860 29879 29879 D BleManager: onScanResult: 2E:F0:3C:17:61:21 name=null rssi=-51 adv=06ff0100424c4500000000000000000000000000000000000000000000000000000000000000000000000000000000000000000000000000000000000000
09-21 16:21:15.891 29879 29879 D BleManager: onScanResult: 31:F6:9E:B8:E6:71 name=null rssi=-86 adv=1eff0600010f2022869ce9fd272192847d01f9d5ef74c154e707ed931dad7100000000000000000000000000000000000000000000000000000000000000
09-21 16:21:15.933 29879 29879 D BleManager: onScanResult: 11:56:37:74:10:C7 name=null rssi=-58 adv=1eff06000109200263b3e5581f98c19d59d6eb253eb542ca38fc126a61ceed00000000000000000000000000000000000000000000000000000000000000
09-21 16:21:15.939 29879 29879 D BleManager: onScanResult: 59:E5:0D:3E:FB:13 name=null rssi=-89 adv=1eff06000109200262dd219030d67f49b4db697a11ed42f43054faeeec025a00000000000000000000000000000000000000000000000000000000000000
09-21 16:21:15.954 29879 29879 D BleManager: onScanResult: 30:EC:D4:97:B8:43 name=null rssi=-49 adv=1eff060001092002993c412d5bd3cc37dc8b49eb111beb83983c3c90aaf9df00000000000000000000000000000000000000000000000000000000000000
09-21 16:21:15.961 29879 29879 D BleManager: onScanResult: 0B:2D:A5:C8:D0:65 name=null rssi=-68 adv=1eff06000109202246a9e394ccdd53663f7d83c8146cbf8b10123c2f88af4200000000000000000000000000000000000000000000000000000000000000
09-21 16:21:15.985 29879 29879 D BleManager: onScanResult: 2E:F0:3C:17:61:21 name=null rssi=-52 adv=06ff0100424c4500000000000000000000000000000000000000000000000000000000000000000000000000000000000000000000000000000000000000
09-21 16:21:16.013 29879 29879 D BleManager: onScanResult: 10:B4:1D:CD:23:8E name=SHID-00000001 rssi=-29 adv=0201061107041c8a5e0b6f2a9d8f4c3be701101d9f0e09534849442d30303030303030310000000000000000000000000000000000000000000000000000
09-21 16:21:16.019 29879 29879 D BleManager: onScanResult: 11:56:37:74:10:C7 name=null rssi=-58 adv=1eff06000109200263b3e5581f98c19d59d6eb253eb542ca38fc126a61ceed00000000000000000000000000000000000000000000000000000000000000
09-21 16:21:16.041 29879 29879 D BleManager: onScanResult: 41:37:0C:29:84:F9 name=null rssi=-59 adv=02010217ff8f03181134325a57103041a201152629b564570103020303aafd0916aafd830c33e38082000000000000000000000000000000000000000000
09-21 16:21:16.049 29879 29879 D BleManager: onScanResult: 10:B4:1D:CD:23:8E name=SHID-00000001 rssi=-29 adv=0201061107041c8a5e0b6f2a9d8f4c3be701101d9f0e09534849442d30303030303030310000000000000000000000000000000000000000000000000000
09-21 16:21:16.063 29879 29879 D BleManager: onScanResult: 21:50:20:9B:C8:EF name=null rssi=-53 adv=1eff060001092002f27747151dbeed0abd2d542523078b10b2e5d80ffb929700000000000000000000000000000000000000000000000000000000000000
09-21 16:21:16.069 29879 29879 D BleManager: onScanResult: 30:EC:D4:97:B8:43 name=null rssi=-48 adv=1eff060001092002993c412d5bd3cc37dc8b49eb111beb83983c3c90aaf9df00000000000000000000000000000000000000000000000000000000000000
09-21 16:21:16.090 29879 29879 D BleManager: onScanResult: 0B:2D:A5:C8:D0:65 name=null rssi=-76 adv=1eff06000109202246a9e394ccdd53663f7d83c8146cbf8b10123c2f88af4200000000000000000000000000000000000000000000000000000000000000
09-21 16:21:16.097 29879 29879 D BleManager: onScanResult: 2E:F0:3C:17:61:21 name=null rssi=-48 adv=06ff0100424c4500000000000000000000000000000000000000000000000000000000000000000000000000000000000000000000000000000000000000
09-21 16:21:16.102 29879 29879 D BleManager: onScanResult: 10:B4:1D:CD:23:8E name=SHID-00000001 rssi=-28 adv=0201061107041c8a5e0b6f2a9d8f4c3be701101d9f0e09534849442d30303030303030310000000000000000000000000000000000000000000000000000
09-21 16:21:16.152 29879 29879 D BleManager: onScanResult: 11:56:37:74:10:C7 name=null rssi=-58 adv=1eff06000109200263b3e5581f98c19d59d6eb253eb542ca38fc126a61ceed00000000000000000000000000000000000000000000000000000000000000
09-21 16:21:16.158 29879 29879 D BleManager: onScanResult: 30:EC:D4:97:B8:43 name=null rssi=-50 adv=1eff060001092002993c412d5bd3cc37dc8b49eb111beb83983c3c90aaf9df00000000000000000000000000000000000000000000000000000000000000
09-21 16:21:16.164 29879 29879 D BleManager: onScanResult: 21:50:20:9B:C8:EF name=null rssi=-53 adv=1eff060001092002f27747151dbeed0abd2d542523078b10b2e5d80ffb929700000000000000000000000000000000000000000000000000000000000000
09-21 16:21:16.170 29879 29879 D BleManager: onScanResult: 0B:2D:A5:C8:D0:65 name=null rssi=-75 adv=1eff06000109202246a9e394ccdd53663f7d83c8146cbf8b10123c2f88af4200000000000000000000000000000000000000000000000000000000000000
09-21 16:21:16.177 29879 29879 D BleManager: onScanResult: 10:B4:1D:CD:23:8E name=SHID-00000001 rssi=-28 adv=0201061107041c8a5e0b6f2a9d8f4c3be701101d9f0e09534849442d30303030303030310000000000000000000000000000000000000000000000000000
09-21 16:21:16.185 29879 29879 D BleManager: onScanResult: 2E:F0:3C:17:61:21 name=null rssi=-48 adv=06ff0100424c4500000000000000000000000000000000000000000000000000000000000000000000000000000000000000000000000000000000000000
09-21 16:21:16.218 29879 29879 D BleManager: onScanResult: 41:37:0C:29:84:F9 name=null rssi=-62 adv=02010217ff8f03181134325a57103041a201152629b564570103020303aafd0916aafd830c33e38082000000000000000000000000000000000000000000
09-21 16:21:16.224 29879 29879 D BleManager: onScanResult: 11:56:37:74:10:C7 name=null rssi=-58 adv=1eff06000109200263b3e5581f98c19d59d6eb253eb542ca38fc126a61ceed00000000000000000000000000000000000000000000000000000000000000
09-21 16:21:16.239 29879 29879 D BleManager: onScanResult: 10:B4:1D:CD:23:8E name=SHID-00000001 rssi=-28 adv=0201061107041c8a5e0b6f2a9d8f4c3be701101d9f0e09534849442d30303030303030310000000000000000000000000000000000000000000000000000
09-21 16:21:16.259 29879 29879 D BleManager: onScanResult: 21:50:20:9B:C8:EF name=null rssi=-52 adv=1eff060001092002f27747151dbeed0abd2d542523078b10b2e5d80ffb929700000000000000000000000000000000000000000000000000000000000000
09-21 16:21:16.264 29879 29879 D BleManager: onScanResult: 30:EC:D4:97:B8:43 name=null rssi=-48 adv=1eff060001092002993c412d5bd3cc37dc8b49eb111beb83983c3c90aaf9df00000000000000000000000000000000000000000000000000000000000000
09-21 16:21:16.292 29879 29879 D BleManager: onScanResult: 2E:F0:3C:17:61:21 name=null rssi=-48 adv=06ff0100424c4500000000000000000000000000000000000000000000000000000000000000000000000000000000000000000000000000000000000000
09-21 16:21:16.298 29879 29879 D BleManager: onScanResult: 41:37:0C:29:84:F9 name=null rssi=-62 adv=02010217ff8f03181134325a57103041a201152629b564570103020303aafd0916aafd830c33e38082000000000000000000000000000000000000000000
09-21 16:21:16.329 29879 29879 D BleManager: onScanResult: 10:B4:1D:CD:23:8E name=SHID-00000001 rssi=-28 adv=0201061107041c8a5e0b6f2a9d8f4c3be701101d9f0e09534849442d30303030303030310000000000000000000000000000000000000000000000000000
09-21 16:21:16.335 29879 29879 D BleManager: onScanResult: 11:56:37:74:10:C7 name=null rssi=-59 adv=1eff06000109200263b3e5581f98c19d59d6eb253eb542ca38fc126a61ceed00000000000000000000000000000000000000000000000000000000000000
09-21 16:21:16.359 29879 29879 D BleManager: onScanResult: 10:B4:1D:CD:23:8E name=SHID-00000001 rssi=-29 adv=0201061107041c8a5e0b6f2a9d8f4c3be701101d9f0e09534849442d30303030303030310000000000000000000000000000000000000000000000000000
09-21 16:21:16.376 29879 29879 D BleManager: onScanResult: 21:50:20:9B:C8:EF name=null rssi=-52 adv=1eff060001092002f27747151dbeed0abd2d542523078b10b2e5d80ffb929700000000000000000000000000000000000000000000000000000000000000
09-21 16:21:16.382 29879 29879 D BleManager: onScanResult: 30:EC:D4:97:B8:43 name=null rssi=-47 adv=1eff060001092002993c412d5bd3cc37dc8b49eb111beb83983c3c90aaf9df00000000000000000000000000000000000000000000000000000000000000
09-21 16:21:16.388 29879 29879 D BleManager: onScanResult: 0B:2D:A5:C8:D0:65 name=null rssi=-76 adv=1eff06000109202246a9e394ccdd53663f7d83c8146cbf8b10123c2f88af4200000000000000000000000000000000000000000000000000000000000000
09-21 16:21:16.401 29879 29879 D BleManager: onScanResult: 2E:F0:3C:17:61:21 name=null rssi=-47 adv=06ff0100424c4500000000000000000000000000000000000000000000000000000000000000000000000000000000000000000000000000000000000000
09-21 16:21:16.426 29879 29879 D BleManager: onScanResult: 10:B4:1D:CD:23:8E name=SHID-00000001 rssi=-28 adv=0201061107041c8a5e0b6f2a9d8f4c3be701101d9f0e09534849442d30303030303030310000000000000000000000000000000000000000000000000000
09-21 16:21:16.440 29879 29879 D BleManager: onScanResult: 41:37:0C:29:84:F9 name=null rssi=-62 adv=02010217ff8f03181134325a57103041a201152629b564570103020303aafd0916aafd830c33e38082000000000000000000000000000000000000000000
09-21 16:21:16.468 29879 29879 D BleManager: onScanResult: 11:56:37:74:10:C7 name=null rssi=-59 adv=1eff06000109200263b3e5581f98c19d59d6eb253eb542ca38fc126a61ceed00000000000000000000000000000000000000000000000000000000000000
09-21 16:21:16.474 29879 29879 D BleManager: onScanResult: 21:50:20:9B:C8:EF name=null rssi=-52 adv=1eff060001092002f27747151dbeed0abd2d542523078b10b2e5d80ffb929700000000000000000000000000000000000000000000000000000000000000
09-21 16:21:16.480 29879 29879 D BleManager: onScanResult: 2E:F0:3C:17:61:21 name=null rssi=-48 adv=06ff0100424c4500000000000000000000000000000000000000000000000000000000000000000000000000000000000000000000000000000000000000
09-21 16:21:16.485 29879 29879 D BleManager: onScanResult: 30:EC:D4:97:B8:43 name=null rssi=-48 adv=1eff060001092002993c412d5bd3cc37dc8b49eb111beb83983c3c90aaf9df00000000000000000000000000000000000000000000000000000000000000
09-21 16:21:16.491 29879 29879 D BleManager: onScanResult: 0B:2D:A5:C8:D0:65 name=null rssi=-75 adv=1eff06000109202246a9e394ccdd53663f7d83c8146cbf8b10123c2f88af4200000000000000000000000000000000000000000000000000000000000000
09-21 16:21:16.548 29879 29879 D BleManager: onScanResult: 11:56:37:74:10:C7 name=null rssi=-52 adv=1eff06000109200263b3e5581f98c19d59d6eb253eb542ca38fc126a61ceed00000000000000000000000000000000000000000000000000000000000000
09-21 16:21:16.576 29879 29879 D BleManager: onScanResult: 10:B4:1D:CD:23:8E name=SHID-00000001 rssi=-28 adv=0201061107041c8a5e0b6f2a9d8f4c3be701101d9f0e09534849442d30303030303030310000000000000000000000000000000000000000000000000000
09-21 16:21:16.583 29879 29879 D BleManager: onScanResult: 41:37:0C:29:84:F9 name=null rssi=-59 adv=02010217ff8f03181134325a57103041a201152629b564570103020303aafd0916aafd830c33e38082000000000000000000000000000000000000000000
09-21 16:21:16.588 29879 29879 D BleManager: onScanResult: 21:50:20:9B:C8:EF name=null rssi=-53 adv=1eff060001092002f27747151dbeed0abd2d542523078b10b2e5d80ffb929700000000000000000000000000000000000000000000000000000000000000
09-21 16:21:16.610 29879 29879 D BleManager: onScanResult: 2E:F0:3C:17:61:21 name=null rssi=-51 adv=06ff0100424c4500000000000000000000000000000000000000000000000000000000000000000000000000000000000000000000000000000000000000
09-21 16:21:16.616 29879 29879 D BleManager: onScanResult: 30:EC:D4:97:B8:43 name=null rssi=-51 adv=1eff060001092002993c412d5bd3cc37dc8b49eb111beb83983c3c90aaf9df00000000000000000000000000000000000000000000000000000000000000
09-21 16:21:16.632 29879 29879 D BleManager: onScanResult: 0B:2D:A5:C8:D0:65 name=null rssi=-68 adv=1eff06000109202246a9e394ccdd53663f7d83c8146cbf8b10123c2f88af4200000000000000000000000000000000000000000000000000000000000000
09-21 16:21:16.645 29879 29879 D BleManager: onScanResult: 10:B4:1D:CD:23:8E name=SHID-00000001 rssi=-29 adv=0201061107041c8a5e0b6f2a9d8f4c3be701101d9f0e09534849442d30303030303030310000000000000000000000000000000000000000000000000000
09-21 16:21:16.650 29879 29879 D BleManager: onScanResult: 11:56:37:74:10:C7 name=null rssi=-52 adv=1eff06000109200263b3e5581f98c19d59d6eb253eb542ca38fc126a61ceed00000000000000000000000000000000000000000000000000000000000000
09-21 16:21:16.679 29879 29879 D BleManager: onScanResult: 2E:F0:3C:17:61:21 name=null rssi=-48 adv=06ff0100424c4500000000000000000000000000000000000000000000000000000000000000000000000000000000000000000000000000000000000000
09-21 16:21:16.698 29879 29879 D BleManager: onScanResult: 10:B4:1D:CD:23:8E name=SHID-00000001 rssi=-28 adv=0201061107041c8a5e0b6f2a9d8f4c3be701101d9f0e09534849442d30303030303030310000000000000000000000000000000000000000000000000000
09-21 16:21:16.705 29879 29879 D BleManager: onScanResult: 0B:2D:A5:C8:D0:65 name=null rssi=-75 adv=1eff06000109202246a9e394ccdd53663f7d83c8146cbf8b10123c2f88af4200000000000000000000000000000000000000000000000000000000000000
09-21 16:21:16.716 29879 29879 D BleManager: onScanResult: 30:EC:D4:97:B8:43 name=null rssi=-48 adv=1eff060001092002993c412d5bd3cc37dc8b49eb111beb83983c3c90aaf9df00000000000000000000000000000000000000000000000000000000000000
09-21 16:21:16.746 29879 29879 D BleManager: onScanResult: 41:37:0C:29:84:F9 name=null rssi=-64 adv=02010217ff8f03181134325a57103041a201152629b564570103020303aafd0916aafd830c33e38082000000000000000000000000000000000000000000
09-21 16:21:16.777 29879 29879 D BleManager: onScanResult: 10:B4:1D:CD:23:8E name=SHID-00000001 rssi=-29 adv=0201061107041c8a5e0b6f2a9d8f4c3be701101d9f0e09534849442d30303030303030310000000000000000000000000000000000000000000000000000
09-21 16:21:16.783 29879 29879 D BleManager: onScanResult: 2E:F0:3C:17:61:21 name=null rssi=-48 adv=06ff0100424c4500000000000000000000000000000000000000000000000000000000000000000000000000000000000000000000000000000000000000
09-21 16:21:16.806 29879 29879 D BleManager: onScanResult: 21:50:20:9B:C8:EF name=null rssi=-51 adv=1eff060001092002f27747151dbeed0abd2d542523078b10b2e5d80ffb929700000000000000000000000000000000000000000000000000000000000000
09-21 16:21:16.813 29879 29879 D BleManager: onScanResult: 30:EC:D4:97:B8:43 name=null rssi=-48 adv=1eff060001092002993c412d5bd3cc37dc8b49eb111beb83983c3c90aaf9df00000000000000000000000000000000000000000000000000000000000000
09-21 16:21:16.819 29879 29879 D BleManager: onScanResult: 0B:2D:A5:C8:D0:65 name=null rssi=-74 adv=1eff06000109202246a9e394ccdd53663f7d83c8146cbf8b10123c2f88af4200000000000000000000000000000000000000000000000000000000000000
09-21 16:21:16.839 29879 29879 D BleManager: onScanResult: 10:B4:1D:CD:23:8E name=SHID-00000001 rssi=-28 adv=0201061107041c8a5e0b6f2a9d8f4c3be701101d9f0e09534849442d30303030303030310000000000000000000000000000000000000000000000000000
09-21 16:21:16.851 29879 29879 D BleManager: onScanResult: 41:37:0C:29:84:F9 name=null rssi=-64 adv=02010217ff8f03181134325a57103041a201152629b564570103020303aafd0916aafd830c33e38082000000000000000000000000000000000000000000
09-21 16:21:16.856 29879 29879 D BleManager: onScanResult: 11:56:37:74:10:C7 name=null rssi=-59 adv=1eff06000109200263b3e5581f98c19d59d6eb253eb542ca38fc126a61ceed00000000000000000000000000000000000000000000000000000000000000
09-21 16:21:16.878 29879 29879 D BleManager: onScanResult: 10:B4:1D:CD:23:8E name=SHID-00000001 rssi=-28 adv=0201061107041c8a5e0b6f2a9d8f4c3be701101d9f0e09534849442d30303030303030310000000000000000000000000000000000000000000000000000
09-21 16:21:16.886 29879 29879 D BleManager: onScanResult: 2E:F0:3C:17:61:21 name=null rssi=-48 adv=06ff0100424c4500000000000000000000000000000000000000000000000000000000000000000000000000000000000000000000000000000000000000
09-21 16:21:16.891 29879 29879 D BleManager: onScanResult: 21:50:20:9B:C8:EF name=null rssi=-52 adv=1eff060001092002f27747151dbeed0abd2d542523078b10b2e5d80ffb929700000000000000000000000000000000000000000000000000000000000000
09-21 16:21:16.913 29879 29879 D BleManager: onScanResult: 30:EC:D4:97:B8:43 name=null rssi=-48 adv=1eff060001092002993c412d5bd3cc37dc8b49eb111beb83983c3c90aaf9df00000000000000000000000000000000000000000000000000000000000000
09-21 16:21:16.918 29879 29879 D BleManager: onScanResult: 0B:2D:A5:C8:D0:65 name=null rssi=-74 adv=1eff06000109202246a9e394ccdd53663f7d83c8146cbf8b10123c2f88af4200000000000000000000000000000000000000000000000000000000000000
09-21 16:21:16.939 29879 29879 D BleManager: onScanResult: 10:B4:1D:CD:23:8E name=SHID-00000001 rssi=-28 adv=0201061107041c8a5e0b6f2a9d8f4c3be701101d9f0e09534849442d30303030303030310000000000000000000000000000000000000000000000000000
09-21 16:21:16.986 29879 29879 D BleManager: onScanResult: 11:56:37:74:10:C7 name=null rssi=-59 adv=1eff06000109200263b3e5581f98c19d59d6eb253eb542ca38fc126a61ceed00000000000000000000000000000000000000000000000000000000000000
09-21 16:21:16.994 29879 29879 D BleManager: onScanResult: 41:37:0C:29:84:F9 name=null rssi=-64 adv=02010217ff8f03181134325a57103041a201152629b564570103020303aafd0916aafd830c33e38082000000000000000000000000000000000000000000
09-21 16:21:17.001 29879 29879 D BleManager: onScanResult: 2E:F0:3C:17:61:21 name=null rssi=-48 adv=06ff0100424c4500000000000000000000000000000000000000000000000000000000000000000000000000000000000000000000000000000000000000
09-21 16:21:17.016 29879 29879 D BleManager: onScanResult: 21:50:20:9B:C8:EF name=null rssi=-52 adv=1eff060001092002f27747151dbeed0abd2d542523078b10b2e5d80ffb929700000000000000000000000000000000000000000000000000000000000000
09-21 16:21:17.023 29879 29879 D BleManager: onScanResult: 10:B4:1D:CD:23:8E name=SHID-00000001 rssi=-28 adv=0201061107041c8a5e0b6f2a9d8f4c3be701101d9f0e09534849442d30303030303030310000000000000000000000000000000000000000000000000000
09-21 16:21:17.029 29879 29879 D BleManager: onScanResult: 4E:6C:79:B9:33:20 name=null rssi=-62 adv=02011a0dff4c001608009de59aa19ef53d000000000000000000000000000000000000000000000000000000000000000000000000000000000000000000
09-21 16:21:17.049 29879 29879 D BleManager: onScanResult: 30:EC:D4:97:B8:43 name=null rssi=-48 adv=1eff060001092002993c412d5bd3cc37dc8b49eb111beb83983c3c90aaf9df00000000000000000000000000000000000000000000000000000000000000
09-21 16:21:17.055 29879 29879 D BleManager: onScanResult: 0B:2D:A5:C8:D0:65 name=null rssi=-74 adv=1eff06000109202246a9e394ccdd53663f7d83c8146cbf8b10123c2f88af4200000000000000000000000000000000000000000000000000000000000000
09-21 16:21:17.067 29879 29879 D BleManager: onScanResult: 11:56:37:74:10:C7 name=null rssi=-59 adv=1eff06000109200263b3e5581f98c19d59d6eb253eb542ca38fc126a61ceed00000000000000000000000000000000000000000000000000000000000000
09-21 16:21:17.090 29879 29879 D BleManager: onScanResult: 10:B4:1D:CD:23:8E name=SHID-00000001 rssi=-28 adv=0201061107041c8a5e0b6f2a9d8f4c3be701101d9f0e09534849442d30303030303030310000000000000000000000000000000000000000000000000000
09-21 16:21:17.098 29879 29879 D BleManager: onScanResult: 2E:F0:3C:17:61:21 name=null rssi=-48 adv=06ff0100424c4500000000000000000000000000000000000000000000000000000000000000000000000000000000000000000000000000000000000000
09-21 16:21:17.136 29879 29879 D BleManager: onScanResult: 10:B4:1D:CD:23:8E name=SHID-00000001 rssi=-29 adv=0201061107041c8a5e0b6f2a9d8f4c3be701101d9f0e09534849442d30303030303030310000000000000000000000000000000000000000000000000000
09-21 16:21:17.204 29879 29879 D BleManager: onScanResult: 11:56:37:74:10:C7 name=null rssi=-51 adv=1eff06000109200263b3e5581f98c19d59d6eb253eb542ca38fc126a61ceed00000000000000000000000000000000000000000000000000000000000000
09-21 16:21:17.217 29879 29879 D BleManager: onScanResult: 2E:F0:3C:17:61:21 name=null rssi=-51 adv=06ff0100424c4500000000000000000000000000000000000000000000000000000000000000000000000000000000000000000000000000000000000000
09-21 16:21:17.226 29879 29879 D BleManager: onScanResult: 10:B4:1D:CD:23:8E name=SHID-00000001 rssi=-29 adv=0201061107041c8a5e0b6f2a9d8f4c3be701101d9f0e09534849442d30303030303030310000000000000000000000000000000000000000000000000000
09-21 16:21:17.235 29879 29879 D BleManager: onScanResult: 21:50:20:9B:C8:EF name=null rssi=-53 adv=1eff060001092002f27747151dbeed0abd2d542523078b10b2e5d80ffb929700000000000000000000000000000000000000000000000000000000000000
09-21 16:21:17.253 29879 29879 D BleManager: onScanResult: 30:EC:D4:97:B8:43 name=null rssi=-50 adv=1eff060001092002993c412d5bd3cc37dc8b49eb111beb83983c3c90aaf9df00000000000000000000000000000000000000000000000000000000000000
09-21 16:21:17.266 29879 29879 D BleManager: onScanResult: 0B:2D:A5:C8:D0:65 name=null rssi=-69 adv=1eff06000109202246a9e394ccdd53663f7d83c8146cbf8b10123c2f88af4200000000000000000000000000000000000000000000000000000000000000
09-21 16:21:17.283 29879 29879 D BleManager: onScanResult: 41:37:0C:29:84:F9 name=null rssi=-58 adv=02010217ff8f03181134325a57103041a201152629b564570103020303aafd0916aafd830c33e38082000000000000000000000000000000000000000000
09-21 16:21:17.289 29879 29879 D BleManager: onScanResult: 10:B4:1D:CD:23:8E name=SHID-00000001 rssi=-28 adv=0201061107041c8a5e0b6f2a9d8f4c3be701101d9f0e09534849442d30303030303030310000000000000000000000000000000000000000000000000000
09-21 16:21:17.294 29879 29879 D BleManager: onScanResult: 11:56:37:74:10:C7 name=null rssi=-51 adv=1eff06000109200263b3e5581f98c19d59d6eb253eb542ca38fc126a61ceed00000000000000000000000000000000000000000000000000000000000000
09-21 16:21:17.321 29879 29879 D BleManager: onScanResult: 2E:F0:3C:17:61:21 name=null rssi=-51 adv=06ff0100424c4500000000000000000000000000000000000000000000000000000000000000000000000000000000000000000000000000000000000000
09-21 16:21:17.327 29879 29879 D BleManager: onScanResult: 30:EC:D4:97:B8:43 name=null rssi=-50 adv=1eff060001092002993c412d5bd3cc37dc8b49eb111beb83983c3c90aaf9df00000000000000000000000000000000000000000000000000000000000000
09-21 16:21:17.343 29879 29879 D BleManager: onScanResult: 21:50:20:9B:C8:EF name=null rssi=-51 adv=1eff060001092002f27747151dbeed0abd2d542523078b10b2e5d80ffb929700000000000000000000000000000000000000000000000000000000000000
09-21 16:21:17.349 29879 29879 D BleManager: onScanResult: 10:B4:1D:CD:23:8E name=SHID-00000001 rssi=-29 adv=0201061107041c8a5e0b6f2a9d8f4c3be701101d9f0e09534849442d30303030303030310000000000000000000000000000000000000000000000000000
09-21 16:21:17.365 29879 29879 D BleManager: onScanResult: 0B:2D:A5:C8:D0:65 name=null rssi=-70 adv=1eff06000109202246a9e394ccdd53663f7d83c8146cbf8b10123c2f88af4200000000000000000000000000000000000000000000000000000000000000
09-21 16:21:17.393 29879 29879 D BleManager: onScanResult: 11:56:37:74:10:C7 name=null rssi=-56 adv=1eff06000109200263b3e5581f98c19d59d6eb253eb542ca38fc126a61ceed00000000000000000000000000000000000000000000000000000000000000
09-21 16:21:17.407 29879 29879 D BleManager: onScanResult: 59:E5:0D:3E:FB:13 name=null rssi=-89 adv=1eff06000109200262dd219030d67f49b4db697a11ed42f43054faeeec025a00000000000000000000000000000000000000000000000000000000000000
09-21 16:21:17.412 29879 29879 D BleManager: onScanResult: 41:37:0C:29:84:F9 name=null rssi=-60 adv=02010217ff8f03181134325a57103041a201152629b564570103020303aafd0916aafd830c33e38082000000000000000000000000000000000000000000
09-21 16:21:17.417 29879 29879 D BleManager: onScanResult: 2E:F0:3C:17:61:21 name=null rssi=-52 adv=06ff0100424c4500000000000000000000000000000000000000000000000000000000000000000000000000000000000000000000000000000000000000
09-21 16:21:17.444 29879 29879 D BleManager: onScanResult: 30:EC:D4:97:B8:43 name=null rssi=-49 adv=1eff060001092002993c412d5bd3cc37dc8b49eb111beb83983c3c90aaf9df00000000000000000000000000000000000000000000000000000000000000
09-21 16:21:17.451 29879 29879 D BleManager: onScanResult: 21:50:20:9B:C8:EF name=null rssi=-51 adv=1eff060001092002f27747151dbeed0abd2d542523078b10b2e5d80ffb929700000000000000000000000000000000000000000000000000000000000000
09-21 16:21:17.473 29879 29879 D BleManager: onScanResult: 0B:2D:A5:C8:D0:65 name=null rssi=-70 adv=1eff06000109202246a9e394ccdd53663f7d83c8146cbf8b10123c2f88af4200000000000000000000000000000000000000000000000000000000000000
09-21 16:21:17.511 29879 29879 D BleManager: onScanResult: 11:56:37:74:10:C7 name=null rssi=-56 adv=1eff06000109200263b3e5581f98c19d59d6eb253eb542ca38fc126a61ceed00000000000000000000000000000000000000000000000000000000000000
09-21 16:21:17.520 29879 29879 D BleManager: onScanResult: 2E:F0:3C:17:61:21 name=null rssi=-50 adv=06ff0100424c4500000000000000000000000000000000000000000000000000000000000000000000000000000000000000000000000000000000000000
09-21 16:21:17.527 29879 29879 D BleManager: onScanResult: 21:50:20:9B:C8:EF name=null rssi=-52 adv=1eff060001092002f27747151dbeed0abd2d542523078b10b2e5d80ffb929700000000000000000000000000000000000000000000000000000000000000
09-21 16:21:17.555 29879 29879 D BleManager: onScanResult: 30:EC:D4:97:B8:43 name=null rssi=-49 adv=1eff060001092002993c412d5bd3cc37dc8b49eb111beb83983c3c90aaf9df00000000000000000000000000000000000000000000000000000000000000
09-21 16:21:17.561 29879 29879 D BleManager: onScanResult: 41:37:0C:29:84:F9 name=null rssi=-61 adv=02010217ff8f03181134325a57103041a201152629b564570103020303aafd0916aafd830c33e38082000000000000000000000000000000000000000000
09-21 16:21:17.568 29879 29879 D BleManager: onScanResult: 0B:2D:A5:C8:D0:65 name=null rssi=-70 adv=1eff06000109202246a9e394ccdd53663f7d83c8146cbf8b10123c2f88af4200000000000000000000000000000000000000000000000000000000000000
09-21 16:21:17.591 29879 29879 D BleManager: onScanResult: 11:56:37:74:10:C7 name=null rssi=-56 adv=1eff06000109200263b3e5581f98c19d59d6eb253eb542ca38fc126a61ceed00000000000000000000000000000000000000000000000000000000000000
09-21 16:21:17.631 29879 29879 D BleManager: onScanResult: 59:E5:0D:3E:FB:13 name=null rssi=-86 adv=1eff06000109200262dd219030d67f49b4db697a11ed42f43054faeeec025a00000000000000000000000000000000000000000000000000000000000000
09-21 16:21:17.638 29879 29879 D BleManager: onScanResult: 21:50:20:9B:C8:EF name=null rssi=-52 adv=1eff060001092002f27747151dbeed0abd2d542523078b10b2e5d80ffb929700000000000000000000000000000000000000000000000000000000000000
09-21 16:21:17.663 29879 29879 D BleManager: onScanResult: 30:EC:D4:97:B8:43 name=null rssi=-49 adv=1eff060001092002993c412d5bd3cc37dc8b49eb111beb83983c3c90aaf9df00000000000000000000000000000000000000000000000000000000000000
09-21 16:21:17.670 29879 29879 D BleManager: onScanResult: 10:B4:1D:CD:23:8E name=SHID-00000001 rssi=-29 adv=0201061107041c8a5e0b6f2a9d8f4c3be701101d9f0e09534849442d30303030303030310000000000000000000000000000000000000000000000000000
09-21 16:21:17.677 29879 29879 D BleManager: onScanResult: 0B:2D:A5:C8:D0:65 name=null rssi=-70 adv=1eff06000109202246a9e394ccdd53663f7d83c8146cbf8b10123c2f88af4200000000000000000000000000000000000000000000000000000000000000
09-21 16:21:17.683 29879 29879 D BleManager: onScanResult: 41:37:0C:29:84:F9 name=null rssi=-60 adv=02010217ff8f03181134325a57103041a201152629b564570103020303aafd0916aafd830c33e38082000000000000000000000000000000000000000000
09-21 16:21:17.718 29879 29879 D BleManager: onScanResult: 11:56:37:74:10:C7 name=null rssi=-57 adv=1eff06000109200263b3e5581f98c19d59d6eb253eb542ca38fc126a61ceed00000000000000000000000000000000000000000000000000000000000000
09-21 16:21:17.726 29879 29879 D BleManager: onScanResult: 59:E5:0D:3E:FB:13 name=null rssi=-86 adv=1eff06000109200262dd219030d67f49b4db697a11ed42f43054faeeec025a00000000000000000000000000000000000000000000000000000000000000
09-21 16:21:17.749 29879 29879 D BleManager: onScanResult: 2E:F0:3C:17:61:21 name=null rssi=-51 adv=06ff0100424c4500000000000000000000000000000000000000000000000000000000000000000000000000000000000000000000000000000000000000
09-21 16:21:17.755 29879 29879 D BleManager: onScanResult: 10:B4:1D:CD:23:8E name=SHID-00000001 rssi=-30 adv=0201061107041c8a5e0b6f2a9d8f4c3be701101d9f0e09534849442d30303030303030310000000000000000000000000000000000000000000000000000
09-21 16:21:17.784 29879 29879 D BleManager: onScanResult: 0B:2D:A5:C8:D0:65 name=null rssi=-74 adv=1eff06000109202246a9e394ccdd53663f7d83c8146cbf8b10123c2f88af4200000000000000000000000000000000000000000000000000000000000000
09-21 16:21:17.789 29879 29879 D BleManager: onScanResult: 10:B4:1D:CD:23:8E name=SHID-00000001 rssi=-28 adv=0201061107041c8a5e0b6f2a9d8f4c3be701101d9f0e09534849442d30303030303030310000000000000000000000000000000000000000000000000000
09-21 16:21:17.803 29879 29879 D BleManager: onScanResult: 11:56:37:74:10:C7 name=null rssi=-58 adv=1eff06000109200263b3e5581f98c19d59d6eb253eb542ca38fc126a61ceed00000000000000000000000000000000000000000000000000000000000000
09-21 16:21:17.827 29879 29879 D BleManager: onScanResult: 41:37:0C:29:84:F9 name=null rssi=-63 adv=02010217ff8f03181134325a57103041a201152629b564570103020303aafd0916aafd830c33e38082000000000000000000000000000000000000000000
09-21 16:21:17.832 29879 29879 D BleManager: onScanResult: 2E:F0:3C:17:61:21 name=null rssi=-49 adv=06ff0100424c4500000000000000000000000000000000000000000000000000000000000000000000000000000000000000000000000000000000000000
09-21 16:21:17.852 29879 29879 D BleManager: onScanResult: 21:50:20:9B:C8:EF name=null rssi=-51 adv=1eff060001092002f27747151dbeed0abd2d542523078b10b2e5d80ffb929700000000000000000000000000000000000000000000000000000000000000
09-21 16:21:17.857 29879 29879 D BleManager: onScanResult: 10:B4:1D:CD:23:8E name=SHID-00000001 rssi=-28 adv=0201061107041c8a5e0b6f2a9d8f4c3be701101d9f0e09534849442d30303030303030310000000000000000000000000000000000000000000000000000
09-21 16:21:17.861 29879 29879 D BleManager: onScanResult: 30:EC:D4:97:B8:43 name=null rssi=-49 adv=1eff060001092002993c412d5bd3cc37dc8b49eb111beb83983c3c90aaf9df00000000000000000000000000000000000000000000000000000000000000
09-21 16:21:17.888 29879 29879 D BleManager: onScanResult: 0B:2D:A5:C8:D0:65 name=null rssi=-75 adv=1eff06000109202246a9e394ccdd53663f7d83c8146cbf8b10123c2f88af4200000000000000000000000000000000000000000000000000000000000000
09-21 16:21:17.893 29879 29879 D BleManager: onScanResult: 11:56:37:74:10:C7 name=null rssi=-58 adv=1eff06000109200263b3e5581f98c19d59d6eb253eb542ca38fc126a61ceed00000000000000000000000000000000000000000000000000000000000000
09-21 16:21:17.912 29879 29879 D BleManager: onScanResult: 10:B4:1D:CD:23:8E name=SHID-00000001 rssi=-29 adv=0201061107041c8a5e0b6f2a9d8f4c3be701101d9f0e09534849442d30303030303030310000000000000000000000000000000000000000000000000000
09-21 16:21:17.924 29879 29879 D BleManager: onScanResult: 2E:F0:3C:17:61:21 name=null rssi=-48 adv=06ff0100424c4500000000000000000000000000000000000000000000000000000000000000000000000000000000000000000000000000000000000000
09-21 16:21:17.956 29879 29879 D BleManager: onScanResult: 21:50:20:9B:C8:EF name=null rssi=-52 adv=1eff060001092002f27747151dbeed0abd2d542523078b10b2e5d80ffb929700000000000000000000000000000000000000000000000000000000000000
09-21 16:21:17.963 29879 29879 D BleManager: onScanResult: 30:EC:D4:97:B8:43 name=null rssi=-50 adv=1eff060001092002993c412d5bd3cc37dc8b49eb111beb83983c3c90aaf9df00000000000000000000000000000000000000000000000000000000000000
09-21 16:21:17.978 29879 29879 D BleManager: onScanResult: 0B:2D:A5:C8:D0:65 name=null rssi=-67 adv=1eff06000109202246a9e394ccdd53663f7d83c8146cbf8b10123c2f88af4200000000000000000000000000000000000000000000000000000000000000
09-21 16:21:18.001 29879 29879 D BleManager: onScanResult: 10:B4:1D:CD:23:8E name=SHID-00000001 rssi=-28 adv=0201061107041c8a5e0b6f2a9d8f4c3be701101d9f0e09534849442d30303030303030310000000000000000000000000000000000000000000000000000
09-21 16:21:18.007 29879 29879 D BleManager: onScanResult: 11:56:37:74:10:C7 name=null rssi=-52 adv=1eff06000109200263b3e5581f98c19d59d6eb253eb542ca38fc126a61ceed00000000000000000000000000000000000000000000000000000000000000
09-21 16:21:18.031 29879 29879 D BleManager: onScanResult: 2E:F0:3C:17:61:21 name=null rssi=-52 adv=06ff0100424c4500000000000000000000000000000000000000000000000000000000000000000000000000000000000000000000000000000000000000
09-21 16:21:18.053 29879 29879 D BleManager: onScanResult: 10:B4:1D:CD:23:8E name=SHID-00000001 rssi=-28 adv=0201061107041c8a5e0b6f2a9d8f4c3be701101d9f0e09534849442d30303030303030310000000000000000000000000000000000000000000000000000
09-21 16:21:18.057 29879 29879 D BleManager: onScanResult: 21:50:20:9B:C8:EF name=null rssi=-52 adv=1eff060001092002f27747151dbeed0abd2d542523078b10b2e5d80ffb929700000000000000000000000000000000000000000000000000000000000000
09-21 16:21:18.070 29879 29879 D BleManager: onScanResult: 30:EC:D4:97:B8:43 name=null rssi=-50 adv=1eff060001092002993c412d5bd3cc37dc8b49eb111beb83983c3c90aaf9df00000000000000000000000000000000000000000000000000000000000000
09-21 16:21:18.075 29879 29879 D BleManager: onScanResult: 41:37:0C:29:84:F9 name=null rssi=-56 adv=02010217ff8f03181134325a57103041a201152629b564570103020303aafd0916aafd830c33e38082000000000000000000000000000000000000000000
09-21 16:21:18.081 29879 29879 D BleManager: onScanResult: 0B:2D:A5:C8:D0:65 name=null rssi=-67 adv=1eff06000109202246a9e394ccdd53663f7d83c8146cbf8b10123c2f88af4200000000000000000000000000000000000000000000000000000000000000
09-21 16:21:18.098 29879 29879 D BleManager: onScanResult: 10:B4:1D:CD:23:8E name=SHID-00000001 rssi=-28 adv=0201061107041c8a5e0b6f2a9d8f4c3be701101d9f0e09534849442d30303030303030310000000000000000000000000000000000000000000000000000
09-21 16:21:18.163 29879 29879 D BleManager: onScanResult: 2E:F0:3C:17:61:21 name=null rssi=-51 adv=06ff0100424c4500000000000000000000000000000000000000000000000000000000000000000000000000000000000000000000000000000000000000
09-21 16:21:18.171 29879 29879 D BleManager: onScanResult: 21:50:20:9B:C8:EF name=null rssi=-52 adv=1eff060001092002f27747151dbeed0abd2d542523078b10b2e5d80ffb929700000000000000000000000000000000000000000000000000000000000000
09-21 16:21:18.180 29879 29879 D BleManager: onScanResult: 10:B4:1D:CD:23:8E name=SHID-00000001 rssi=-28 adv=0201061107041c8a5e0b6f2a9d8f4c3be701101d9f0e09534849442d30303030303030310000000000000000000000000000000000000000000000000000
09-21 16:21:18.201 29879 29879 D BleManager: onScanResult: 30:EC:D4:97:B8:43 name=null rssi=-50 adv=1eff060001092002993c412d5bd3cc37dc8b49eb111beb83983c3c90aaf9df00000000000000000000000000000000000000000000000000000000000000
09-21 16:21:18.208 29879 29879 D BleManager: onScanResult: 0B:2D:A5:C8:D0:65 name=null rssi=-68 adv=1eff06000109202246a9e394ccdd53663f7d83c8146cbf8b10123c2f88af4200000000000000000000000000000000000000000000000000000000000000
09-21 16:21:18.231 29879 29879 D BleManager: onScanResult: 11:56:37:74:10:C7 name=null rssi=-51 adv=1eff06000109200263b3e5581f98c19d59d6eb253eb542ca38fc126a61ceed00000000000000000000000000000000000000000000000000000000000000
09-21 16:21:18.271 29879 29879 D BleManager: onScanResult: 41:37:0C:29:84:F9 name=null rssi=-57 adv=02010217ff8f03181134325a57103041a201152629b564570103020303aafd0916aafd830c33e38082000000000000000000000000000000000000000000
09-21 16:21:18.278 29879 29879 D BleManager: onScanResult: 21:50:20:9B:C8:EF name=null rssi=-52 adv=1eff060001092002f27747151dbeed0abd2d542523078b10b2e5d80ffb929700000000000000000000000000000000000000000000000000000000000000
09-21 16:21:18.296 29879 29879 D BleManager: onScanResult: 30:EC:D4:97:B8:43 name=null rssi=-49 adv=1eff060001092002993c412d5bd3cc37dc8b49eb111beb83983c3c90aaf9df00000000000000000000000000000000000000000000000000000000000000
09-21 16:21:18.302 29879 29879 D BleManager: onScanResult: 0B:2D:A5:C8:D0:65 name=null rssi=-68 adv=1eff06000109202246a9e394ccdd53663f7d83c8146cbf8b10123c2f88af4200000000000000000000000000000000000000000000000000000000000000
09-21 16:21:18.315 29879 29879 D BleManager: onScanResult: 10:B4:1D:CD:23:8E name=SHID-00000001 rssi=-28 adv=0201061107041c8a5e0b6f2a9d8f4c3be701101d9f0e09534849442d30303030303030310000000000000000000000000000000000000000000000000000
09-21 16:21:18.334 29879 29879 D BleManager: onScanResult: 11:56:37:74:10:C7 name=null rssi=-51 adv=1eff06000109200263b3e5581f98c19d59d6eb253eb542ca38fc126a61ceed00000000000000000000000000000000000000000000000000000000000000
09-21 16:21:18.368 29879 29879 D BleManager: onScanResult: 10:B4:1D:CD:23:8E name=SHID-00000001 rssi=-29 adv=0201061107041c8a5e0b6f2a9d8f4c3be701101d9f0e09534849442d30303030303030310000000000000000000000000000000000000000000000000000
09-21 16:21:18.395 29879 29879 D BleManager: onScanResult: 21:50:20:9B:C8:EF name=null rssi=-52 adv=1eff060001092002f27747151dbeed0abd2d542523078b10b2e5d80ffb929700000000000000000000000000000000000000000000000000000000000000
09-21 16:21:18.402 29879 29879 D BleManager: onScanResult: 30:EC:D4:97:B8:43 name=null rssi=-49 adv=1eff060001092002993c412d5bd3cc37dc8b49eb111beb83983c3c90aaf9df00000000000000000000000000000000000000000000000000000000000000
09-21 16:21:18.417 29879 29879 D BleManager: onScanResult: 0B:2D:A5:C8:D0:65 name=null rssi=-69 adv=1eff06000109202246a9e394ccdd53663f7d83c8146cbf8b10123c2f88af4200000000000000000000000000000000000000000000000000000000000000
09-21 16:21:18.423 29879 29879 D BleManager: onScanResult: 11:56:37:74:10:C7 name=null rssi=-57 adv=1eff06000109200263b3e5581f98c19d59d6eb253eb542ca38fc126a61ceed00000000000000000000000000000000000000000000000000000000000000
09-21 16:21:18.451 29879 29879 D BleManager: onScanResult: 10:B4:1D:CD:23:8E name=SHID-00000001 rssi=-30 adv=0201061107041c8a5e0b6f2a9d8f4c3be701101d9f0e09534849442d30303030303030310000000000000000000000000000000000000000000000000000
09-21 16:21:18.477 29879 29879 D BleManager: onScanResult: 2E:F0:3C:17:61:21 name=null rssi=-49 adv=06ff0100424c4500000000000000000000000000000000000000000000000000000000000000000000000000000000000000000000000000000000000000
09-21 16:21:18.483 29879 29879 D BleManager: onScanResult: 21:50:20:9B:C8:EF name=null rssi=-53 adv=1eff060001092002f27747151dbeed0abd2d542523078b10b2e5d80ffb929700000000000000000000000000000000000000000000000000000000000000
09-21 16:21:18.505 29879 29879 D BleManager: onScanResult: 30:EC:D4:97:B8:43 name=null rssi=-50 adv=1eff060001092002993c412d5bd3cc37dc8b49eb111beb83983c3c90aaf9df00000000000000000000000000000000000000000000000000000000000000
09-21 16:21:18.517 29879 29879 D BleManager: onScanResult: 10:B4:1D:CD:23:8E name=SHID-00000001 rssi=-29 adv=0201061107041c8a5e0b6f2a9d8f4c3be701101d9f0e09534849442d30303030303030310000000000000000000000000000000000000000000000000000
09-21 16:21:18.523 29879 29879 D BleManager: onScanResult: 0B:2D:A5:C8:D0:65 name=null rssi=-70 adv=1eff06000109202246a9e394ccdd53663f7d83c8146cbf8b10123c2f88af4200000000000000000000000000000000000000000000000000000000000000
09-21 16:21:18.528 29879 29879 D BleManager: onScanResult: 41:37:0C:29:84:F9 name=null rssi=-59 adv=02010217ff8f03181134325a57103041a201152629b564570103020303aafd0916aafd830c33e38082000000000000000000000000000000000000000000
09-21 16:21:18.553 29879 29879 D BleManager: onScanResult: 11:56:37:74:10:C7 name=null rssi=-56 adv=1eff06000109200263b3e5581f98c19d59d6eb253eb542ca38fc126a61ceed00000000000000000000000000000000000000000000000000000000000000
09-21 16:21:18.568 29879 29879 D BleManager: onScanResult: 2E:F0:3C:17:61:21 name=null rssi=-48 adv=06ff0100424c4500000000000000000000000000000000000000000000000000000000000000000000000000000000000000000000000000000000000000
09-21 16:21:18.591 29879 29879 D BleManager: onScanResult: 10:B4:1D:CD:23:8E name=SHID-00000001 rssi=-29 adv=0201061107041c8a5e0b6f2a9d8f4c3be701101d9f0e09534849442d30303030303030310000000000000000000000000000000000000000000000000000
09-21 16:21:18.596 29879 29879 D BleManager: onScanResult: 30:EC:D4:97:B8:43 name=null rssi=-48 adv=1eff060001092002993c412d5bd3cc37dc8b49eb111beb83983c3c90aaf9df00000000000000000000000000000000000000000000000000000000000000
09-21 16:21:18.617 29879 29879 D BleManager: onScanResult: 0B:2D:A5:C8:D0:65 name=null rssi=-76 adv=1eff06000109202246a9e394ccdd53663f7d83c8146cbf8b10123c2f88af4200000000000000000000000000000000000000000000000000000000000000
09-21 16:21:18.623 29879 29879 D BleManager: onScanResult: 10:B4:1D:CD:23:8E name=SHID-00000001 rssi=-28 adv=0201061107041c8a5e0b6f2a9d8f4c3be701101d9f0e09534849442d30303030303030310000000000000000000000000000000000000000000000000000
09-21 16:21:18.628 29879 29879 D BleManager: onScanResult: 11:56:37:74:10:C7 name=null rssi=-57 adv=1eff06000109200263b3e5581f98c19d59d6eb253eb542ca38fc126a61ceed00000000000000000000000000000000000000000000000000000000000000
09-21 16:21:18.642 29879 29879 D BleManager: onScanResult: 41:37:0C:29:84:F9 name=null rssi=-62 adv=02010217ff8f03181134325a57103041a201152629b564570103020303aafd0916aafd830c33e38082000000000000000000000000000000000000000000
09-21 16:21:18.678 29879 29879 D BleManager: onScanResult: 2E:F0:3C:17:61:21 name=null rssi=-48 adv=06ff0100424c4500000000000000000000000000000000000000000000000000000000000000000000000000000000000000000000000000000000000000
09-21 16:21:18.688 29879 29879 D BleManager: onScanResult: 10:B4:1D:CD:23:8E name=SHID-00000001 rssi=-29 adv=0201061107041c8a5e0b6f2a9d8f4c3be701101d9f0e09534849442d30303030303030310000000000000000000000000000000000000000000000000000
09-21 16:21:18.693 29879 29879 D BleManager: onScanResult: 21:50:20:9B:C8:EF name=null rssi=-54 adv=1eff060001092002f27747151dbeed0abd2d542523078b10b2e5d80ffb929700000000000000000000000000000000000000000000000000000000000000
09-21 16:21:18.713 29879 29879 D BleManager: onScanResult: 30:EC:D4:97:B8:43 name=null rssi=-48 adv=1eff060001092002993c412d5bd3cc37dc8b49eb111beb83983c3c90aaf9df00000000000000000000000000000000000000000000000000000000000000
09-21 16:21:18.722 29879 29879 D BleManager: onScanResult: 0B:2D:A5:C8:D0:65 name=null rssi=-69 adv=1eff06000109202246a9e394ccdd53663f7d83c8146cbf8b10123c2f88af4200000000000000000000000000000000000000000000000000000000000000
09-21 16:21:18.752 29879 29879 D BleManager: onScanResult: 10:B4:1D:CD:23:8E name=SHID-00000001 rssi=-30 adv=0201061107041c8a5e0b6f2a9d8f4c3be701101d9f0e09534849442d30303030303030310000000000000000000000000000000000000000000000000000
09-21 16:21:18.774 29879 29879 D BleManager: onScanResult: 2E:F0:3C:17:61:21 name=null rssi=-48 adv=06ff0100424c4500000000000000000000000000000000000000000000000000000000000000000000000000000000000000000000000000000000000000
09-21 16:21:18.795 29879 29879 D BleManager: onScanResult: 41:37:0C:29:84:F9 name=null rssi=-59 adv=02010217ff8f03181134325a57103041a201152629b564570103020303aafd0916aafd830c33e38082000000000000000000000000000000000000000000
09-21 16:21:18.802 29879 29879 D BleManager: onScanResult: 21:50:20:9B:C8:EF name=null rssi=-52 adv=1eff060001092002f27747151dbeed0abd2d542523078b10b2e5d80ffb929700000000000000000000000000000000000000000000000000000000000000
09-21 16:21:18.810 29879 29879 D BleManager: onScanResult: 30:EC:D4:97:B8:43 name=null rssi=-49 adv=1eff060001092002993c412d5bd3cc37dc8b49eb111beb83983c3c90aaf9df00000000000000000000000000000000000000000000000000000000000000
09-21 16:21:18.836 29879 29879 D BleManager: onScanResult: 10:B4:1D:CD:23:8E name=SHID-00000001 rssi=-30 adv=0201061107041c8a5e0b6f2a9d8f4c3be701101d9f0e09534849442d30303030303030310000000000000000000000000000000000000000000000000000
09-21 16:21:18.841 29879 29879 D BleManager: onScanResult: 11:56:37:74:10:C7 name=null rssi=-56 adv=1eff06000109200263b3e5581f98c19d59d6eb253eb542ca38fc126a61ceed00000000000000000000000000000000000000000000000000000000000000
09-21 16:21:18.870 29879 29879 D BleManager: onScanResult: 0B:2D:A5:C8:D0:65 name=null rssi=-70 adv=1eff06000109202246a9e394ccdd53663f7d83c8146cbf8b10123c2f88af4200000000000000000000000000000000000000000000000000000000000000
09-21 16:21:18.876 29879 29879 D BleManager: onScanResult: 2E:F0:3C:17:61:21 name=null rssi=-49 adv=06ff0100424c4500000000000000000000000000000000000000000000000000000000000000000000000000000000000000000000000000000000000000
09-21 16:21:18.881 29879 29879 D BleManager: onScanResult: 10:B4:1D:CD:23:8E name=SHID-00000001 rssi=-29 adv=0201061107041c8a5e0b6f2a9d8f4c3be701101d9f0e09534849442d30303030303030310000000000000000000000000000000000000000000000000000
09-21 16:21:18.903 29879 29879 D BleManager: onScanResult: 30:EC:D4:97:B8:43 name=null rssi=-49 adv=1eff060001092002993c412d5bd3cc37dc8b49eb111beb83983c3c90aaf9df00000000000000000000000000000000000000000000000000000000000000
09-21 16:21:18.909 29879 29879 D BleManager: onScanResult: 41:37:0C:29:84:F9 name=null rssi=-59 adv=02010217ff8f03181134325a57103041a201152629b564570103020303aafd0916aafd830c33e38082000000000000000000000000000000000000000000
09-21 16:21:18.914 29879 29879 D BleManager: onScanResult: 21:50:20:9B:C8:EF name=null rssi=-52 adv=1eff060001092002f27747151dbeed0abd2d542523078b10b2e5d80ffb929700000000000000000000000000000000000000000000000000000000000000
09-21 16:21:18.938 29879 29879 D BleManager: onScanResult: 11:56:37:74:10:C7 name=null rssi=-56 adv=1eff06000109200263b3e5581f98c19d59d6eb253eb542ca38fc126a61ceed00000000000000000000000000000000000000000000000000000000000000
09-21 16:21:18.943 29879 29879 D BleManager: onScanResult: 10:B4:1D:CD:23:8E name=SHID-00000001 rssi=-29 adv=0201061107041c8a5e0b6f2a9d8f4c3be701101d9f0e09534849442d30303030303030310000000000000000000000000000000000000000000000000000
09-21 16:21:18.949 29879 29879 D BleManager: onScanResult: 0B:2D:A5:C8:D0:65 name=null rssi=-70 adv=1eff06000109202246a9e394ccdd53663f7d83c8146cbf8b10123c2f88af4200000000000000000000000000000000000000000000000000000000000000
09-21 16:21:19.002 29879 29879 D BleManager: onScanResult: 2E:F0:3C:17:61:21 name=null rssi=-49 adv=06ff0100424c4500000000000000000000000000000000000000000000000000000000000000000000000000000000000000000000000000000000000000
09-21 16:21:19.012 29879 29879 D BleManager: onScanResult: 10:B4:1D:CD:23:8E name=SHID-00000001 rssi=-29 adv=0201061107041c8a5e0b6f2a9d8f4c3be701101d9f0e09534849442d30303030303030310000000000000000000000000000000000000000000000000000
09-21 16:21:19.021 29879 29879 D BleManager: onScanResult: 30:EC:D4:97:B8:43 name=null rssi=-48 adv=1eff060001092002993c412d5bd3cc37dc8b49eb111beb83983c3c90aaf9df00000000000000000000000000000000000000000000000000000000000000
09-21 16:21:19.028 29879 29879 D BleManager: onScanResult: 21:50:20:9B:C8:EF name=null rssi=-55 adv=1eff060001092002f27747151dbeed0abd2d542523078b10b2e5d80ffb929700000000000000000000000000000000000000000000000000000000000000
09-21 16:21:19.035 29879 29879 D BleManager: onScanResult: 4E:6C:79:B9:33:20 name=null rssi=-61 adv=02011a0dff4c001608009de59aa19ef53d000000000000000000000000000000000000000000000000000000000000000000000000000000000000000000
09-21 16:21:19.055 29879 29879 D BleManager: onScanResult: 41:37:0C:29:84:F9 name=null rssi=-62 adv=02010217ff8f03181134325a57103041a201152629b564570103020303aafd0916aafd830c33e38082000000000000000000000000000000000000000000
09-21 16:21:19.064 29879 29879 D BleManager: onScanResult: 11:56:37:74:10:C7 name=null rssi=-58 adv=1eff06000109200263b3e5581f98c19d59d6eb253eb542ca38fc126a61ceed00000000000000000000000000000000000000000000000000000000000000
09-21 16:21:19.088 29879 29879 D BleManager: onScanResult: 0B:2D:A5:C8:D0:65 name=null rssi=-76 adv=1eff06000109202246a9e394ccdd53663f7d83c8146cbf8b10123c2f88af4200000000000000000000000000000000000000000000000000000000000000
09-21 16:21:19.103 29879 29879 D BleManager: onScanResult: 10:B4:1D:CD:23:8E name=SHID-00000001 rssi=-29 adv=0201061107041c8a5e0b6f2a9d8f4c3be701101d9f0e09534849442d30303030303030310000000000000000000000000000000000000000000000000000
09-21 16:21:19.109 29879 29879 D BleManager: onScanResult: 2E:F0:3C:17:61:21 name=null rssi=-49 adv=06ff0100424c4500000000000000000000000000000000000000000000000000000000000000000000000000000000000000000000000000000000000000
09-21 16:21:19.123 29879 29879 D BleManager: onScanResult: 30:EC:D4:97:B8:43 name=null rssi=-48 adv=1eff060001092002993c412d5bd3cc37dc8b49eb111beb83983c3c90aaf9df00000000000000000000000000000000000000000000000000000000000000
09-21 16:21:19.138 29879 29879 D BleManager: onScanResult: 21:50:20:9B:C8:EF name=null rssi=-53 adv=1eff060001092002f27747151dbeed0abd2d542523078b10b2e5d80ffb929700000000000000000000000000000000000000000000000000000000000000
09-21 16:21:19.151 29879 29879 D BleManager: onScanResult: 10:B4:1D:CD:23:8E name=SHID-00000001 rssi=-28 adv=0201061107041c8a5e0b6f2a9d8f4c3be701101d9f0e09534849442d30303030303030310000000000000000000000000000000000000000000000000000
09-21 16:21:19.157 29879 29879 D BleManager: onScanResult: 11:56:37:74:10:C7 name=null rssi=-57 adv=1eff06000109200263b3e5581f98c19d59d6eb253eb542ca38fc126a61ceed00000000000000000000000000000000000000000000000000000000000000
09-21 16:21:19.184 29879 29879 D BleManager: onScanResult: 0B:2D:A5:C8:D0:65 name=null rssi=-77 adv=1eff06000109202246a9e394ccdd53663f7d83c8146cbf8b10123c2f88af4200000000000000000000000000000000000000000000000000000000000000
09-21 16:21:19.202 29879 29879 D BleManager: onScanResult: 2E:F0:3C:17:61:21 name=null rssi=-49 adv=06ff0100424c4500000000000000000000000000000000000000000000000000000000000000000000000000000000000000000000000000000000000000
09-21 16:21:19.211 29879 29879 D BleManager: onScanResult: 10:B4:1D:CD:23:8E name=SHID-00000001 rssi=-28 adv=0201061107041c8a5e0b6f2a9d8f4c3be701101d9f0e09534849442d30303030303030310000000000000000000000000000000000000000000000000000
09-21 16:21:19.216 29879 29879 D BleManager: onScanResult: 30:EC:D4:97:B8:43 name=null rssi=-49 adv=1eff060001092002993c412d5bd3cc37dc8b49eb111beb83983c3c90aaf9df00000000000000000000000000000000000000000000000000000000000000
09-21 16:21:19.249 29879 29879 D BleManager: onScanResult: 21:50:20:9B:C8:EF name=null rssi=-53 adv=1eff060001092002f27747151dbeed0abd2d542523078b10b2e5d80ffb929700000000000000000000000000000000000000000000000000000000000000
09-21 16:21:19.254 29879 29879 D BleManager: onScanResult: 11:56:37:74:10:C7 name=null rssi=-52 adv=1eff06000109200263b3e5581f98c19d59d6eb253eb542ca38fc126a61ceed00000000000000000000000000000000000000000000000000000000000000
09-21 16:21:19.276 29879 29879 D BleManager: onScanResult: 0B:2D:A5:C8:D0:65 name=null rssi=-68 adv=1eff06000109202246a9e394ccdd53663f7d83c8146cbf8b10123c2f88af4200000000000000000000000000000000000000000000000000000000000000
09-21 16:21:19.309 29879 29879 D BleManager: onScanResult: 10:B4:1D:CD:23:8E name=SHID-00000001 rssi=-29 adv=0201061107041c8a5e0b6f2a9d8f4c3be701101d9f0e09534849442d30303030303030310000000000000000000000000000000000000000000000000000
09-21 16:21:19.327 29879 29879 D BleManager: onScanResult: 2E:F0:3C:17:61:21 name=null rssi=-49 adv=06ff0100424c4500000000000000000000000000000000000000000000000000000000000000000000000000000000000000000000000000000000000000
09-21 16:21:19.333 29879 29879 D BleManager: onScanResult: 41:37:0C:29:84:F9 name=null rssi=-58 adv=02010217ff8f03181134325a57103041a201152629b564570103020303aafd0916aafd830c33e38082000000000000000000000000000000000000000000
09-21 16:21:19.346 29879 29879 D BleManager: onScanResult: 30:EC:D4:97:B8:43 name=null rssi=-50 adv=1eff060001092002993c412d5bd3cc37dc8b49eb111beb83983c3c90aaf9df00000000000000000000000000000000000000000000000000000000000000
09-21 16:21:19.361 29879 29879 D BleManager: onScanResult: 21:50:20:9B:C8:EF name=null rssi=-52 adv=1eff060001092002f27747151dbeed0abd2d542523078b10b2e5d80ffb929700000000000000000000000000000000000000000000000000000000000000
09-21 16:21:19.366 29879 29879 D BleManager: onScanResult: 10:B4:1D:CD:23:8E name=SHID-00000001 rssi=-28 adv=0201061107041c8a5e0b6f2a9d8f4c3be701101d9f0e09534849442d30303030303030310000000000000000000000000000000000000000000000000000
09-21 16:21:19.385 29879 29879 D BleManager: onScanResult: 11:56:37:74:10:C7 name=null rssi=-52 adv=1eff06000109200263b3e5581f98c19d59d6eb253eb542ca38fc126a61ceed00000000000000000000000000000000000000000000000000000000000000
09-21 16:21:19.390 29879 29879 D BleManager: onScanResult: 0B:2D:A5:C8:D0:65 name=null rssi=-68 adv=1eff06000109202246a9e394ccdd53663f7d83c8146cbf8b10123c2f88af4200000000000000000000000000000000000000000000000000000000000000
09-21 16:21:19.401 29879 29879 D BleManager: onScanResult: 2E:F0:3C:17:61:21 name=null rssi=-49 adv=06ff0100424c4500000000000000000000000000000000000000000000000000000000000000000000000000000000000000000000000000000000000000
09-21 16:21:19.417 29879 29879 D BleManager: onScanResult: 10:B4:1D:CD:23:8E name=SHID-00000001 rssi=-29 adv=0201061107041c8a5e0b6f2a9d8f4c3be701101d9f0e09534849442d30303030303030310000000000000000000000000000000000000000000000000000
09-21 16:21:19.422 29879 29879 D BleManager: onScanResult: 30:EC:D4:97:B8:43 name=null rssi=-49 adv=1eff060001092002993c412d5bd3cc37dc8b49eb111beb83983c3c90aaf9df00000000000000000000000000000000000000000000000000000000000000
09-21 16:21:19.439 29879 29879 D BleManager: onScanResult: 21:50:20:9B:C8:EF name=null rssi=-52 adv=1eff060001092002f27747151dbeed0abd2d542523078b10b2e5d80ffb929700000000000000000000000000000000000000000000000000000000000000
09-21 16:21:19.456 29879 29879 D BleManager: onScanResult: 41:37:0C:29:84:F9 name=null rssi=-58 adv=02010217ff8f03181134325a57103041a201152629b564570103020303aafd0916aafd830c33e38082000000000000000000000000000000000000000000
09-21 16:21:19.462 29879 29879 D BleManager: onScanResult: 10:B4:1D:CD:23:8E name=SHID-00000001 rssi=-29 adv=0201061107041c8a5e0b6f2a9d8f4c3be701101d9f0e09534849442d30303030303030310000000000000000000000000000000000000000000000000000
09-21 16:21:19.470 29879 29879 D BleManager: onScanResult: 11:56:37:74:10:C7 name=null rssi=-52 adv=1eff06000109200263b3e5581f98c19d59d6eb253eb542ca38fc126a61ceed00000000000000000000000000000000000000000000000000000000000000
09-21 16:21:19.493 29879 29879 D BleManager: onScanResult: 0B:2D:A5:C8:D0:65 name=null rssi=-68 adv=1eff06000109202246a9e394ccdd53663f7d83c8146cbf8b10123c2f88af4200000000000000000000000000000000000000000000000000000000000000
09-21 16:21:19.500 29879 29879 D BleManager: onScanResult: 2E:F0:3C:17:61:21 name=null rssi=-50 adv=06ff0100424c4500000000000000000000000000000000000000000000000000000000000000000000000000000000000000000000000000000000000000
09-21 16:21:19.523 29879 29879 D BleManager: onScanResult: 10:B4:1D:CD:23:8E name=SHID-00000001 rssi=-29 adv=0201061107041c8a5e0b6f2a9d8f4c3be701101d9f0e09534849442d30303030303030310000000000000000000000000000000000000000000000000000
09-21 16:21:19.553 29879 29879 D BleManager: onScanResult: 21:50:20:9B:C8:EF name=null rssi=-52 adv=1eff060001092002f27747151dbeed0abd2d542523078b10b2e5d80ffb929700000000000000000000000000000000000000000000000000000000000000
09-21 16:21:19.593 29879 29879 D BleManager: onScanResult: 0B:2D:A5:C8:D0:65 name=null rssi=-69 adv=1eff06000109202246a9e394ccdd53663f7d83c8146cbf8b10123c2f88af4200000000000000000000000000000000000000000000000000000000000000
09-21 16:21:19.605 29879 29879 D BleManager: onScanResult: 10:B4:1D:CD:23:8E name=SHID-00000001 rssi=-30 adv=0201061107041c8a5e0b6f2a9d8f4c3be701101d9f0e09534849442d30303030303030310000000000000000000000000000000000000000000000000000
09-21 16:21:19.616 29879 29879 D BleManager: onScanResult: 41:37:0C:29:84:F9 name=null rssi=-58 adv=02010217ff8f03181134325a57103041a201152629b564570103020303aafd0916aafd830c33e38082000000000000000000000000000000000000000000
09-21 16:21:19.624 29879 29879 D BleManager: onScanResult: 2E:F0:3C:17:61:21 name=null rssi=-49 adv=06ff0100424c4500000000000000000000000000000000000000000000000000000000000000000000000000000000000000000000000000000000000000
09-21 16:21:19.650 29879 29879 D BleManager: onScanResult: 30:EC:D4:97:B8:43 name=null rssi=-49 adv=1eff060001092002993c412d5bd3cc37dc8b49eb111beb83983c3c90aaf9df00000000000000000000000000000000000000000000000000000000000000
09-21 16:21:19.656 29879 29879 D BleManager: onScanResult: 21:50:20:9B:C8:EF name=null rssi=-51 adv=1eff060001092002f27747151dbeed0abd2d542523078b10b2e5d80ffb929700000000000000000000000000000000000000000000000000000000000000
09-21 16:21:19.676 29879 29879 D BleManager: onScanResult: 10:B4:1D:CD:23:8E name=SHID-00000001 rssi=-30 adv=0201061107041c8a5e0b6f2a9d8f4c3be701101d9f0e09534849442d30303030303030310000000000000000000000000000000000000000000000000000
09-21 16:21:19.705 29879 29879 D BleManager: onScanResult: 11:56:37:74:10:C7 name=null rssi=-57 adv=1eff06000109200263b3e5581f98c19d59d6eb253eb542ca38fc126a61ceed00000000000000000000000000000000000000000000000000000000000000
09-21 16:21:19.711 29879 29879 D BleManager: onScanResult: 0B:2D:A5:C8:D0:65 name=null rssi=-69 adv=1eff06000109202246a9e394ccdd53663f7d83c8146cbf8b10123c2f88af4200000000000000000000000000000000000000000000000000000000000000
09-21 16:21:19.716 29879 29879 D BleManager: onScanResult: 2E:F0:3C:17:61:21 name=null rssi=-49 adv=06ff0100424c4500000000000000000000000000000000000000000000000000000000000000000000000000000000000000000000000000000000000000
09-21 16:21:19.728 29879 29879 I BleManager: Scan stopped
09-21 16:21:19.728 29879 29879 I BleManager: Auto-stop scan after 5000ms
09-21 16:21:19.734 29879 29879 D BleManager: onScanResult: 41:37:0C:29:84:F9 name=null rssi=-58 adv=02010217ff8f03181134325a57103041a201152629b564570103020303aafd0916aafd830c33e38082000000000000000000000000000000000000000000
