--------- beginning of main
09-21 16:21:41.606 29879 29879 I BleManager: Scan started
09-21 16:21:41.655 29879 29879 D BleManager: onScanResult: 0B:2D:A5:C8:D0:65 name=null rssi=-76 adv=1eff06000109202246a9e394ccdd53663f7d83c8146cbf8b10123c2f88af4200000000000000000000000000000000000000000000000000000000000000
09-21 16:21:41.682 29879 29879 D BleManager: onScanResult: 30:EC:D4:97:B8:43 name=null rssi=-46 adv=1eff060001092002993c412d5bd3cc37dc8b49eb111beb83983c3c90aaf9df00000000000000000000000000000000000000000000000000000000000000
09-21 16:21:41.706 29879 29879 D BleManager: onScanResult: 21:50:20:9B:C8:EF name=null rssi=-53 adv=1eff060001092002f27747151dbeed0abd2d542523078b10b2e5d80ffb929700000000000000000000000000000000000000000000000000000000000000
09-21 16:21:41.755 29879 29879 D BleManager: onScanResult: 33:C1:54:6A:3B:CE name=null rssi=-58 adv=1eff0600010920027fbf60afce5f207c2ef469b7c9c9f54797ef856445d40200000000000000000000000000000000000000000000000000000000000000
09-21 16:21:41.761 29879 29879 D BleManager: onScanResult: 30:EC:D4:97:B8:43 name=null rssi=-46 adv=1eff060001092002993c412d5bd3cc37dc8b49eb111beb83983c3c90aaf9df00000000000000000000000000000000000000000000000000000000000000
09-21 16:21:41.805 29879 29879 D BleManager: onScanResult: 21:50:20:9B:C8:EF name=null rssi=-53 adv=1eff060001092002f27747151dbeed0abd2d542523078b10b2e5d80ffb929700000000000000000000000000000000000000000000000000000000000000
09-21 16:21:41.824 29879 29879 D BleManager: onScanResult: 33:C1:54:6A:3B:CE name=null rssi=-57 adv=1eff0600010920027fbf60afce5f207c2ef469b7c9c9f54797ef856445d40200000000000000000000000000000000000000000000000000000000000000
09-21 16:21:41.852 29879 29879 D BleManager: onScanResult: 10:B4:1D:CD:23:8E name=SHID-00000001 rssi=-29 adv=0201061107041c8a5e0b6f2a9d8f4c3be701101d9f0e09534849442d30303030303030310000000000000000000000000000000000000000000000000000
09-21 16:21:41.857 29879 29879 D BleManager: onScanResult: 0B:2D:A5:C8:D0:65 name=null rssi=-75 adv=1eff06000109202246a9e394ccdd53663f7d83c8146cbf8b10123c2f88af4200000000000000000000000000000000000000000000000000000000000000
09-21 16:21:41.890 29879 29879 D BleManager: onScanResult: 30:EC:D4:97:B8:43 name=null rssi=-46 adv=1eff060001092002993c412d5bd3cc37dc8b49eb111beb83983c3c90aaf9df00000000000000000000000000000000000000000000000000000000000000
09-21 16:21:41.903 29879 29879 D BleManager: onScanResult: 10:B4:1D:CD:23:8E name=SHID-00000001 rssi=-29 adv=0201061107041c8a5e0b6f2a9d8f4c3be701101d9f0e09534849442d30303030303030310000000000000000000000000000000000000000000000000000
09-21 16:21:41.908 29879 29879 D BleManager: onScanResult: 21:50:20:9B:C8:EF name=null rssi=-53 adv=1eff060001092002f27747151dbeed0abd2d542523078b10b2e5d80ffb929700000000000000000000000000000000000000000000000000000000000000
09-21 16:21:41.952 29879 29879 D BleManager: onScanResult: 33:C1:54:6A:3B:CE name=null rssi=-58 adv=1eff0600010920027fbf60afce5f207c2ef469b7c9c9f54797ef856445d40200000000000000000000000000000000000000000000000000000000000000
09-21 16:21:41.961 29879 29879 D BleManager: onScanResult: 41:37:0C:29:84:F9 name=null rssi=-64 adv=02010217ff8f03181134325a57103041a201152629b564570103020303aafd0916aafd830c33e38082000000000000000000000000000000000000000000
09-21 16:21:41.992 29879 29879 D BleManager: onScanResult: 10:B4:1D:CD:23:8E name=SHID-00000001 rssi=-30 adv=0201061107041c8a5e0b6f2a9d8f4c3be701101d9f0e09534849442d30303030303030310000000000000000000000000000000000000000000000000000
09-21 16:21:42.000 29879 29879 D BleManager: onScanResult: 30:EC:D4:97:B8:43 name=null rssi=-47 adv=1eff060001092002993c412d5bd3cc37dc8b49eb111beb83983c3c90aaf9df00000000000000000000000000000000000000000000000000000000000000
09-21 16:21:42.024 29879 29879 D BleManager: onScanResult: 21:50:20:9B:C8:EF name=null rssi=-53 adv=1eff060001092002f27747151dbeed0abd2d542523078b10b2e5d80ffb929700000000000000000000000000000000000000000000000000000000000000
09-21 16:21:42.029 29879 29879 D BleManager: onScanResult: 33:C1:54:6A:3B:CE name=null rssi=-58 adv=1eff0600010920027fbf60afce5f207c2ef469b7c9c9f54797ef856445d40200000000000000000000000000000000000000000000000000000000000000
09-21 16:21:42.036 29879 29879 D BleManager: onScanResult: 10:B4:1D:CD:23:8E name=SHID-00000001 rssi=-30 adv=0201061107041c8a5e0b6f2a9d8f4c3be701101d9f0e09534849442d30303030303030310000000000000000000000000000000000000000000000000000
09-21 16:21:42.073 29879 29879 D BleManager: onScanResult: 0B:2D:A5:C8:D0:65 name=null rssi=-77 adv=1eff06000109202246a9e394ccdd53663f7d83c8146cbf8b10123c2f88af4200000000000000000000000000000000000000000000000000000000000000
09-21 16:21:42.079 29879 29879 D BleManager: onScanResult: 30:EC:D4:97:B8:43 name=null rssi=-47 adv=1eff060001092002993c412d5bd3cc37dc8b49eb111beb83983c3c90aaf9df00000000000000000000000000000000000000000000000000000000000000
09-21 16:21:42.086 29879 29879 D BleManager: onScanResult: 10:B4:1D:CD:23:8E name=SHID-00000001 rssi=-29 adv=0201061107041c8a5e0b6f2a9d8f4c3be701101d9f0e09534849442d30303030303030310000000000000000000000000000000000000000000000000000
09-21 16:21:42.099 29879 29879 D BleManager: onScanResult: 41:37:0C:29:84:F9 name=null rssi=-65 adv=02010217ff8f03181134325a57103041a201152629b564570103020303aafd0916aafd830c33e38082000000000000000000000000000000000000000000
09-21 16:21:42.126 29879 29879 D BleManager: onScanResult: 21:50:20:9B:C8:EF name=null rssi=-53 adv=1eff060001092002f27747151dbeed0abd2d542523078b10b2e5d80ffb929700000000000000000000000000000000000000000000000000000000000000
09-21 16:21:42.131 29879 29879 D BleManager: onScanResult: 33:C1:54:6A:3B:CE name=null rssi=-58 adv=1eff0600010920027fbf60afce5f207c2ef469b7c9c9f54797ef856445d40200000000000000000000000000000000000000000000000000000000000000
09-21 16:21:42.144 29879 29879 D BleManager: onScanResult: 10:B4:1D:CD:23:8E name=SHID-00000001 rssi=-29 adv=0201061107041c8a5e0b6f2a9d8f4c3be701101d9f0e09534849442d30303030303030310000000000000000000000000000000000000000000000000000
09-21 16:21:42.179 29879 29879 D BleManager: onScanResult: 0B:2D:A5:C8:D0:65 name=null rssi=-77 adv=1eff06000109202246a9e394ccdd53663f7d83c8146cbf8b10123c2f88af4200000000000000000000000000000000000000000000000000000000000000
09-21 16:21:42.184 29879 29879 D BleManager: onScanResult: 30:EC:D4:97:B8:43 name=null rssi=-46 adv=1eff060001092002993c412d5bd3cc37dc8b49eb111beb83983c3c90aaf9df00000000000000000000000000000000000000000000000000000000000000
09-21 16:21:42.211 29879 29879 D BleManager: onScanResult: 10:B4:1D:CD:23:8E name=SHID-00000001 rssi=-29 adv=0201061107041c8a5e0b6f2a9d8f4c3be701101d9f0e09534849442d30303030303030310000000000000000000000000000000000000000000000000000
09-21 16:21:42.223 29879 29879 D BleManager: onScanResult: 21:50:20:9B:C8:EF name=null rssi=-53 adv=1eff060001092002f27747151dbeed0abd2d542523078b10b2e5d80ffb929700000000000000000000000000000000000000000000000000000000000000
09-21 16:21:42.273 29879 29879 D BleManager: onScanResult: 0B:2D:A5:C8:D0:65 name=null rssi=-69 adv=1eff06000109202246a9e394ccdd53663f7d83c8146cbf8b10123c2f88af4200000000000000000000000000000000000000000000000000000000000000
09-21 16:21:42.296 29879 29879 D BleManager: onScanResult: 10:B4:1D:CD:23:8E name=SHID-00000001 rssi=-31 adv=0201061107041c8a5e0b6f2a9d8f4c3be701101d9f0e09534849442d30303030303030310000000000000000000000000000000000000000000000000000
09-21 16:21:42.303 29879 29879 D BleManager: onScanResult: 30:EC:D4:97:B8:43 name=null rssi=-47 adv=1eff060001092002993c412d5bd3cc37dc8b49eb111beb83983c3c90aaf9df00000000000000000000000000000000000000000000000000000000000000
09-21 16:21:42.329 29879 29879 D BleManager: onScanResult: 21:50:20:9B:C8:EF name=null rssi=-53 adv=1eff060001092002f27747151dbeed0abd2d542523078b10b2e5d80ffb929700000000000000000000000000000000000000000000000000000000000000
09-21 16:21:42.335 29879 29879 D BleManager: onScanResult: 33:C1:54:6A:3B:CE name=null rssi=-57 adv=1eff0600010920027fbf60afce5f207c2ef469b7c9c9f54797ef856445d40200000000000000000000000000000000000000000000000000000000000000
09-21 16:21:42.347 29879 29879 D BleManager: onScanResult: 10:B4:1D:CD:23:8E name=SHID-00000001 rssi=-30 adv=0201061107041c8a5e0b6f2a9d8f4c3be701101d9f0e09534849442d30303030303030310000000000000000000000000000000000000000000000000000
09-21 16:21:42.369 29879 29879 D BleManager: onScanResult: 0B:2D:A5:C8:D0:65 name=null rssi=-68 adv=1eff06000109202246a9e394ccdd53663f7d83c8146cbf8b10123c2f88af4200000000000000000000000000000000000000000000000000000000000000
09-21 16:21:42.394 29879 29879 D BleManager: onScanResult: 41:37:0C:29:84:F9 name=null rssi=-58 adv=02010217ff8f03181134325a57103041a201152629b564570103020303aafd0916aafd830c33e38082000000000000000000000000000000000000000000
09-21 16:21:42.399 29879 29879 D BleManager: onScanResult: 30:EC:D4:97:B8:43 name=null rssi=-46 adv=1eff060001092002993c412d5bd3cc37dc8b49eb111beb83983c3c90aaf9df00000000000000000000000000000000000000000000000000000000000000
09-21 16:21:42.415 29879 29879 D BleManager: onScanResult: 10:B4:1D:CD:23:8E name=SHID-00000001 rssi=-31 adv=0201061107041c8a5e0b6f2a9d8f4c3be701101d9f0e09534849442d30303030303030310000000000000000000000000000000000000000000000000000
09-21 16:21:42.431 29879 29879 D BleManager: onScanResult: 21:50:20:9B:C8:EF name=null rssi=-54 adv=1eff060001092002f27747151dbeed0abd2d542523078b10b2e5d80ffb929700000000000000000000000000000000000000000000000000000000000000
09-21 16:21:42.437 29879 29879 D BleManager: onScanResult: 33:C1:54:6A:3B:CE name=null rssi=-57 adv=1eff0600010920027fbf60afce5f207c2ef469b7c9c9f54797ef856445d40200000000000000000000000000000000000000000000000000000000000000
09-21 16:21:42.467 29879 29879 D BleManager: onScanResult: 59:E5:0D:3E:FB:13 name=null rssi=-88 adv=1eff06000109200262dd219030d67f49b4db697a11ed42f43054faeeec025a00000000000000000000000000000000000000000000000000000000000000
09-21 16:21:42.473 29879 29879 D BleManager: onScanResult: 0B:2D:A5:C8:D0:65 name=null rssi=-69 adv=1eff06000109202246a9e394ccdd53663f7d83c8146cbf8b10123c2f88af4200000000000000000000000000000000000000000000000000000000000000
09-21 16:21:42.479 29879 29879 D BleManager: onScanResult: 10:B4:1D:CD:23:8E name=SHID-00000001 rssi=-31 adv=0201061107041c8a5e0b6f2a9d8f4c3be701101d9f0e09534849442d30303030303030310000000000000000000000000000000000000000000000000000
09-21 16:21:42.503 29879 29879 D BleManager: onScanResult: 41:37:0C:29:84:F9 name=null rssi=-60 adv=02010217ff8f03181134325a57103041a201152629b564570103020303aafd0916aafd830c33e38082000000000000000000000000000000000000000000
09-21 16:21:42.533 29879 29879 D BleManager: onScanResult: 30:EC:D4:97:B8:43 name=null rssi=-46 adv=1eff060001092002993c412d5bd3cc37dc8b49eb111beb83983c3c90aaf9df00000000000000000000000000000000000000000000000000000000000000
09-21 16:21:42.537 29879 29879 D BleManager: onScanResult: 33:C1:54:6A:3B:CE name=null rssi=-57 adv=1eff0600010920027fbf60afce5f207c2ef469b7c9c9f54797ef856445d40200000000000000000000000000000000000000000000000000000000000000
09-21 16:21:42.542 29879 29879 D BleManager: onScanResult: 10:B4:1D:CD:23:8E name=SHID-00000001 rssi=-30 adv=0201061107041c8a5e0b6f2a9d8f4c3be701101d9f0e09534849442d30303030303030310000000000000000000000000000000000000000000000000000
09-21 16:21:42.601 29879 29879 D BleManager: onScanResult: 10:B4:1D:CD:23:8E name=SHID-00000001 rssi=-29 adv=0201061107041c8a5e0b6f2a9d8f4c3be701101d9f0e09534849442d30303030303030310000000000000000000000000000000000000000000000000000
09-21 16:21:42.626 29879 29879 D BleManager: onScanResult: 30:EC:D4:97:B8:43 name=null rssi=-46 adv=1eff060001092002993c412d5bd3cc37dc8b49eb111beb83983c3c90aaf9df00000000000000000000000000000000000000000000000000000000000000
09-21 16:21:42.631 29879 29879 D BleManager: onScanResult: 21:50:20:9B:C8:EF name=null rssi=-54 adv=1eff060001092002f27747151dbeed0abd2d542523078b10b2e5d80ffb929700000000000000000000000000000000000000000000000000000000000000
09-21 16:21:42.660 29879 29879 D BleManager: onScanResult: 41:37:0C:29:84:F9 name=null rssi=-59 adv=02010217ff8f03181134325a57103041a201152629b564570103020303aafd0916aafd830c33e38082000000000000000000000000000000000000000000
09-21 16:21:42.666 29879 29879 D BleManager: onScanResult: 10:B4:1D:CD:23:8E name=SHID-00000001 rssi=-30 adv=0201061107041c8a5e0b6f2a9d8f4c3be701101d9f0e09534849442d30303030303030310000000000000000000000000000000000000000000000000000
09-21 16:21:42.731 29879 29879 D BleManager: onScanResult: 30:EC:D4:97:B8:43 name=null rssi=-47 adv=1eff060001092002993c412d5bd3cc37dc8b49eb111beb83983c3c90aaf9df00000000000000000000000000000000000000000000000000000000000000
09-21 16:21:42.738 29879 29879 D BleManager: onScanResult: 21:50:20:9B:C8:EF name=null rssi=-53 adv=1eff060001092002f27747151dbeed0abd2d542523078b10b2e5d80ffb929700000000000000000000000000000000000000000000000000000000000000
09-21 16:21:42.743 29879 29879 D BleManager: onScanResult: 10:B4:1D:CD:23:8E name=SHID-00000001 rssi=-30 adv=0201061107041c8a5e0b6f2a9d8f4c3be701101d9f0e09534849442d30303030303030310000000000000000000000000000000000000000000000000000
09-21 16:21:42.778 29879 29879 D BleManager: onScanResult: 33:C1:54:6A:3B:CE name=null rssi=-53 adv=1eff0600010920027fbf60afce5f207c2ef469b7c9c9f54797ef856445d40200000000000000000000000000000000000000000000000000000000000000
09-21 16:21:42.815 29879 29879 D BleManager: onScanResult: 0B:2D:A5:C8:D0:65 name=null rssi=-69 adv=1eff06000109202246a9e394ccdd53663f7d83c8146cbf8b10123c2f88af4200000000000000000000000000000000000000000000000000000000000000
09-21 16:21:42.822 29879 29879 D BleManager: onScanResult: 30:EC:D4:97:B8:43 name=null rssi=-45 adv=1eff060001092002993c412d5bd3cc37dc8b49eb111beb83983c3c90aaf9df00000000000000000000000000000000000000000000000000000000000000
09-21 16:21:42.861 29879 29879 D BleManager: onScanResult: 10:B4:1D:CD:23:8E name=SHID-00000001 rssi=-30 adv=0201061107041c8a5e0b6f2a9d8f4c3be701101d9f0e09534849442d30303030303030310000000000000000000000000000000000000000000000000000
09-21 16:21:42.906 29879 29879 D BleManager: onScanResult: 0B:2D:A5:C8:D0:65 name=null rssi=-79 adv=1eff06000109202246a9e394ccdd53663f7d83c8146cbf8b10123c2f88af4200000000000000000000000000000000000000000000000000000000000000
09-21 16:21:42.931 29879 29879 D BleManager: onScanResult: 41:37:0C:29:84:F9 name=null rssi=-64 adv=02010217ff8f03181134325a57103041a201152629b564570103020303aafd0916aafd830c33e38082000000000000000000000000000000000000000000
09-21 16:21:42.940 29879 29879 D BleManager: onScanResult: 10:B4:1D:CD:23:8E name=SHID-00000001 rssi=-29 adv=0201061107041c8a5e0b6f2a9d8f4c3be701101d9f0e09534849442d30303030303030310000000000000000000000000000000000000000000000000000
09-21 16:21:42.945 29879 29879 D BleManager: onScanResult: 30:EC:D4:97:B8:43 name=null rssi=-46 adv=1eff060001092002993c412d5bd3cc37dc8b49eb111beb83983c3c90aaf9df00000000000000000000000000000000000000000000000000000000000000
09-21 16:21:42.966 29879 29879 D BleManager: onScanResult: 21:50:20:9B:C8:EF name=null rssi=-55 adv=1eff060001092002f27747151dbeed0abd2d542523078b10b2e5d80ffb929700000000000000000000000000000000000000000000000000000000000000
09-21 16:21:42.971 29879 29879 D BleManager: onScanResult: 33:C1:54:6A:3B:CE name=null rssi=-58 adv=1eff0600010920027fbf60afce5f207c2ef469b7c9c9f54797ef856445d40200000000000000000000000000000000000000000000000000000000000000
09-21 16:21:42.988 29879 29879 D BleManager: onScanResult: 10:B4:1D:CD:23:8E name=SHID-00000001 rssi=-29 adv=0201061107041c8a5e0b6f2a9d8f4c3be701101d9f0e09534849442d30303030303030310000000000000000000000000000000000000000000000000000
09-21 16:21:43.022 29879 29879 D BleManager: onScanResult: 0B:2D:A5:C8:D0:65 name=null rssi=-77 adv=1eff06000109202246a9e394ccdd53663f7d83c8146cbf8b10123c2f88af4200000000000000000000000000000000000000000000000000000000000000
09-21 16:21:43.028 29879 29879 D BleManager: onScanResult: 30:EC:D4:97:B8:43 name=null rssi=-46 adv=1eff060001092002993c412d5bd3cc37dc8b49eb111beb83983c3c90aaf9df00000000000000000000000000000000000000000000000000000000000000
09-21 16:21:43.044 29879 29879 D BleManager: onScanResult: 41:37:0C:29:84:F9 name=null rssi=-63 adv=02010217ff8f03181134325a57103041a201152629b564570103020303aafd0916aafd830c33e38082000000000000000000000000000000000000000000
09-21 16:21:43.057 29879 29879 D BleManager: onScanResult: 10:B4:1D:CD:23:8E name=SHID-00000001 rssi=-29 adv=0201061107041c8a5e0b6f2a9d8f4c3be701101d9f0e09534849442d30303030303030310000000000000000000000000000000000000000000000000000
09-21 16:21:43.070 29879 29879 D BleManager: onScanResult: 21:50:20:9B:C8:EF name=null rssi=-54 adv=1eff060001092002f27747151dbeed0abd2d542523078b10b2e5d80ffb929700000000000000000000000000000000000000000000000000000000000000
09-21 16:21:43.076 29879 29879 D BleManager: onScanResult: 33:C1:54:6A:3B:CE name=null rssi=-58 adv=1eff0600010920027fbf60afce5f207c2ef469b7c9c9f54797ef856445d40200000000000000000000000000000000000000000000000000000000000000
09-21 16:21:43.105 29879 29879 D BleManager: onScanResult: 10:B4:1D:CD:23:8E name=SHID-00000001 rssi=-29 adv=0201061107041c8a5e0b6f2a9d8f4c3be701101d9f0e09534849442d30303030303030310000000000000000000000000000000000000000000000000000
09-21 16:21:43.130 29879 29879 D BleManager: onScanResult: 0B:2D:A5:C8:D0:65 name=null rssi=-77 adv=1eff06000109202246a9e394ccdd53663f7d83c8146cbf8b10123c2f88af4200000000000000000000000000000000000000000000000000000000000000
09-21 16:21:43.136 29879 29879 D BleManager: onScanResult: 30:EC:D4:97:B8:43 name=null rssi=-46 adv=1eff060001092002993c412d5bd3cc37dc8b49eb111beb83983c3c90aaf9df00000000000000000000000000000000000000000000000000000000000000
09-21 16:21:43.170 29879 29879 D BleManager: onScanResult: 21:50:20:9B:C8:EF name=null rssi=-54 adv=1eff060001092002f27747151dbeed0abd2d542523078b10b2e5d80ffb929700000000000000000000000000000000000000000000000000000000000000
09-21 16:21:43.177 29879 29879 D BleManager: onScanResult: 10:B4:1D:CD:23:8E name=SHID-00000001 rssi=-29 adv=0201061107041c8a5e0b6f2a9d8f4c3be701101d9f0e09534849442d30303030303030310000000000000000000000000000000000000000000000000000
09-21 16:21:43.182 29879 29879 D BleManager: onScanResult: 33:C1:54:6A:3B:CE name=null rssi=-58 adv=1eff0600010920027fbf60afce5f207c2ef469b7c9c9f54797ef856445d40200000000000000000000000000000000000000000000000000000000000000
09-21 16:21:43.189 29879 29879 D BleManager: onScanResult: 41:37:0C:29:84:F9 name=null rssi=-64 adv=02010217ff8f03181134325a57103041a201152629b564570103020303aafd0916aafd830c33e38082000000000000000000000000000000000000000000
09-21 16:21:43.227 29879 29879 D BleManager: onScanResult: 0B:2D:A5:C8:D0:65 name=null rssi=-77 adv=1eff06000109202246a9e394ccdd53663f7d83c8146cbf8b10123c2f88af4200000000000000000000000000000000000000000000000000000000000000
09-21 16:21:43.234 29879 29879 D BleManager: onScanResult: 10:B4:1D:CD:23:8E name=SHID-00000001 rssi=-29 adv=0201061107041c8a5e0b6f2a9d8f4c3be701101d9f0e09534849442d30303030303030310000000000000000000000000000000000000000000000000000
09-21 16:21:43.239 29879 29879 D BleManager: onScanResult: 30:EC:D4:97:B8:43 name=null rssi=-46 adv=1eff060001092002993c412d5bd3cc37dc8b49eb111beb83983c3c90aaf9df00000000000000000000000000000000000000000000000000000000000000
09-21 16:21:43.277 29879 29879 D BleManager: onScanResult: 21:50:20:9B:C8:EF name=null rssi=-54 adv=1eff060001092002f27747151dbeed0abd2d542523078b10b2e5d80ffb929700000000000000000000000000000000000000000000000000000000000000
09-21 16:21:43.284 29879 29879 D BleManager: onScanResult: 33:C1:54:6A:3B:CE name=null rssi=-58 adv=1eff0600010920027fbf60afce5f207c2ef469b7c9c9f54797ef856445d40200000000000000000000000000000000000000000000000000000000000000
09-21 16:21:43.295 29879 29879 D BleManager: onScanResult: 10:B4:1D:CD:23:8E name=SHID-00000001 rssi=-29 adv=0201061107041c8a5e0b6f2a9d8f4c3be701101d9f0e09534849442d30303030303030310000000000000000000000000000000000000000000000000000
09-21 16:21:43.310 29879 29879 D BleManager: onScanResult: 41:37:0C:29:84:F9 name=null rssi=-63 adv=02010217ff8f03181134325a57103041a201152629b564570103020303aafd0916aafd830c33e38082000000000000000000000000000000000000000000
09-21 16:21:43.343 29879 29879 D BleManager: onScanResult: 0B:2D:A5:C8:D0:65 name=null rssi=-81 adv=1eff06000109202246a9e394ccdd53663f7d83c8146cbf8b10123c2f88af4200000000000000000000000000000000000000000000000000000000000000
09-21 16:21:43.352 29879 29879 D BleManager: onScanResult: 30:EC:D4:97:B8:43 name=null rssi=-46 adv=1eff060001092002993c412d5bd3cc37dc8b49eb111beb83983c3c90aaf9df00000000000000000000000000000000000000000000000000000000000000
09-21 16:21:43.385 29879 29879 D BleManager: onScanResult: 10:B4:1D:CD:23:8E name=SHID-00000001 rssi=-29 adv=0201061107041c8a5e0b6f2a9d8f4c3be701101d9f0e09534849442d30303030303030310000000000000000000000000000000000000000000000000000
09-21 16:21:43.391 29879 29879 D BleManager: onScanResult: 21:50:20:9B:C8:EF name=null rssi=-54 adv=1eff060001092002f27747151dbeed0abd2d542523078b10b2e5d80ffb929700000000000000000000000000000000000000000000000000000000000000
09-21 16:21:43.396 29879 29879 D BleManager: onScanResult: 33:C1:54:6A:3B:CE name=null rssi=-58 adv=1eff0600010920027fbf60afce5f207c2ef469b7c9c9f54797ef856445d40200000000000000000000000000000000000000000000000000000000000000
09-21 16:21:43.423 29879 29879 D BleManager: onScanResult: 10:B4:1D:CD:23:8E name=SHID-00000001 rssi=-29 adv=0201061107041c8a5e0b6f2a9d8f4c3be701101d9f0e09534849442d30303030303030310000000000000000000000000000000000000000000000000000
09-21 16:21:43.441 29879 29879 D BleManager: onScanResult: 0B:2D:A5:C8:D0:65 name=null rssi=-80 adv=1eff06000109202246a9e394ccdd53663f7d83c8146cbf8b10123c2f88af4200000000000000000000000000000000000000000000000000000000000000
09-21 16:21:43.448 29879 29879 D BleManager: onScanResult: 30:EC:D4:97:B8:43 name=null rssi=-46 adv=1eff060001092002993c412d5bd3cc37dc8b49eb111beb83983c3c90aaf9df00000000000000000000000000000000000000000000000000000000000000
09-21 16:21:43.489 29879 29879 D BleManager: onScanResult: 33:C1:54:6A:3B:CE name=null rssi=-53 adv=1eff0600010920027fbf60afce5f207c2ef469b7c9c9f54797ef856445d40200000000000000000000000000000000000000000000000000000000000000
09-21 16:21:43.523 29879 29879 D BleManager: onScanResult: 10:B4:1D:CD:23:8E name=SHID-00000001 rssi=-30 adv=0201061107041c8a5e0b6f2a9d8f4c3be701101d9f0e09534849442d30303030303030310000000000000000000000000000000000000000000000000000
09-21 16:21:43.572 29879 29879 D BleManager: onScanResult: 30:EC:D4:97:B8:43 name=null rssi=-45 adv=1eff060001092002993c412d5bd3cc37dc8b49eb111beb83983c3c90aaf9df00000000000000000000000000000000000000000000000000000000000000
09-21 16:21:43.579 29879 29879 D BleManager: onScanResult: 21:50:20:9B:C8:EF name=null rssi=-53 adv=1eff060001092002f27747151dbeed0abd2d542523078b10b2e5d80ffb929700000000000000000000000000000000000000000000000000000000000000
09-21 16:21:43.587 29879 29879 D BleManager: onScanResult: 41:37:0C:29:84:F9 name=null rssi=-59 adv=02010217ff8f03181134325a57103041a201152629b564570103020303aafd0916aafd830c33e38082000000000000000000000000000000000000000000
09-21 16:21:43.645 29879 29879 D BleManager: onScanResult: 0B:2D:A5:C8:D0:65 name=null rssi=-69 adv=1eff06000109202246a9e394ccdd53663f7d83c8146cbf8b10123c2f88af4200000000000000000000000000000000000000000000000000000000000000
09-21 16:21:43.683 29879 29879 D BleManager: onScanResult: 30:EC:D4:97:B8:43 name=null rssi=-46 adv=1eff060001092002993c412d5bd3cc37dc8b49eb111beb83983c3c90aaf9df00000000000000000000000000000000000000000000000000000000000000
09-21 16:21:43.693 29879 29879 D BleManager: onScanResult: 21:50:20:9B:C8:EF name=null rssi=-53 adv=1eff060001092002f27747151dbeed0abd2d542523078b10b2e5d80ffb929700000000000000000000000000000000000000000000000000000000000000
09-21 16:21:43.724 29879 29879 D BleManager: onScanResult: 10:B4:1D:CD:23:8E name=SHID-00000001 rssi=-30 adv=0201061107041c8a5e0b6f2a9d8f4c3be701101d9f0e09534849442d30303030303030310000000000000000000000000000000000000000000000000000
09-21 16:21:43.731 29879 29879 D BleManager: onScanResult: 41:37:0C:29:84:F9 name=null rssi=-59 adv=02010217ff8f03181134325a57103041a201152629b564570103020303aafd0916aafd830c33e38082000000000000000000000000000000000000000000
09-21 16:21:43.760 29879 29879 D BleManager: onScanResult: 31:F6:9E:B8:E6:71 name=null rssi=-87 adv=1eff0600010f2022869ce9fd272192847d01f9d5ef74c154e707ed931dad7100000000000000000000000000000000000000000000000000000000000000
09-21 16:21:43.768 29879 29879 D BleManager: onScanResult: 10:B4:1D:CD:23:8E name=SHID-00000001 rssi=-30 adv=0201061107041c8a5e0b6f2a9d8f4c3be701101d9f0e09534849442d30303030303030310000000000000000000000000000000000000000000000000000
09-21 16:21:43.776 29879 29879 D BleManager: onScanResult: 0B:2D:A5:C8:D0:65 name=null rssi=-68 adv=1eff06000109202246a9e394ccdd53663f7d83c8146cbf8b10123c2f88af4200000000000000000000000000000000000000000000000000000000000000
09-21 16:21:43.803 29879 29879 D BleManager: onScanResult: 30:EC:D4:97:B8:43 name=null rssi=-45 adv=1eff060001092002993c412d5bd3cc37dc8b49eb111beb83983c3c90aaf9df00000000000000000000000000000000000000000000000000000000000000
09-21 16:21:43.809 29879 29879 D BleManager: onScanResult: 21:50:20:9B:C8:EF name=null rssi=-53 adv=1eff060001092002f27747151dbeed0abd2d542523078b10b2e5d80ffb929700000000000000000000000000000000000000000000000000000000000000
09-21 16:21:43.826 29879 29879 D BleManager: onScanResult: 33:C1:54:6A:3B:CE name=null rssi=-53 adv=1eff0600010920027fbf60afce5f207c2ef469b7c9c9f54797ef856445d40200000000000000000000000000000000000000000000000000000000000000
09-21 16:21:43.854 29879 29879 D BleManager: onScanResult: 10:B4:1D:CD:23:8E name=SHID-00000001 rssi=-30 adv=0201061107041c8a5e0b6f2a9d8f4c3be701101d9f0e09534849442d30303030303030310000000000000000000000000000000000000000000000000000
09-21 16:21:43.859 29879 29879 D BleManager: onScanResult: 0B:2D:A5:C8:D0:65 name=null rssi=-69 adv=1eff06000109202246a9e394ccdd53663f7d83c8146cbf8b10123c2f88af4200000000000000000000000000000000000000000000000000000000000000
09-21 16:21:43.865 29879 29879 D BleManager: onScanResult: 30:EC:D4:97:B8:43 name=null rssi=-45 adv=1eff060001092002993c412d5bd3cc37dc8b49eb111beb83983c3c90aaf9df00000000000000000000000000000000000000000000000000000000000000
09-21 16:21:43.871 29879 29879 D BleManager: onScanResult: 41:37:0C:29:84:F9 name=null rssi=-58 adv=02010217ff8f03181134325a57103041a201152629b564570103020303aafd0916aafd830c33e38082000000000000000000000000000000000000000000
09-21 16:21:43.890 29879 29879 D BleManager: onScanResult: 10:B4:1D:CD:23:8E name=SHID-00000001 rssi=-30 adv=0201061107041c8a5e0b6f2a9d8f4c3be701101d9f0e09534849442d30303030303030310000000000000000000000000000000000000000000000000000
09-21 16:21:43.897 29879 29879 D BleManager: onScanResult: 21:50:20:9B:C8:EF name=null rssi=-53 adv=1eff060001092002f27747151dbeed0abd2d542523078b10b2e5d80ffb929700000000000000000000000000000000000000000000000000000000000000
09-21 16:21:43.936 29879 29879 D BleManager: onScanResult: 33:C1:54:6A:3B:CE name=null rssi=-53 adv=1eff0600010920027fbf60afce5f207c2ef469b7c9c9f54797ef856445d40200000000000000000000000000000000000000000000000000000000000000
09-21 16:21:43.962 29879 29879 D BleManager: onScanResult: 10:B4:1D:CD:23:8E name=SHID-00000001 rssi=-30 adv=0201061107041c8a5e0b6f2a9d8f4c3be701101d9f0e09534849442d30303030303030310000000000000000000000000000000000000000000000000000
09-21 16:21:43.971 29879 29879 D BleManager: onScanResult: 0B:2D:A5:C8:D0:65 name=null rssi=-68 adv=1eff06000109202246a9e394ccdd53663f7d83c8146cbf8b10123c2f88af4200000000000000000000000000000000000000000000000000000000000000
09-21 16:21:43.997 29879 29879 D BleManager: onScanResult: 30:EC:D4:97:B8:43 name=null rssi=-46 adv=1eff060001092002993c412d5bd3cc37dc8b49eb111beb83983c3c90aaf9df00000000000000000000000000000000000000000000000000000000000000
09-21 16:21:44.005 29879 29879 D BleManager: onScanResult: 21:50:20:9B:C8:EF name=null rssi=-53 adv=1eff060001092002f27747151dbeed0abd2d542523078b10b2e5d80ffb929700000000000000000000000000000000000000000000000000000000000000
09-21 16:21:44.031 29879 29879 D BleManager: onScanResult: 41:37:0C:29:84:F9 name=null rssi=-59 adv=02010217ff8f03181134325a57103041a201152629b564570103020303aafd0916aafd830c33e38082000000000000000000000000000000000000000000
09-21 16:21:44.038 29879 29879 D BleManager: onScanResult: 33:C1:54:6A:3B:CE name=null rssi=-53 adv=1eff0600010920027fbf60afce5f207c2ef469b7c9c9f54797ef856445d40200000000000000000000000000000000000000000000000000000000000000
09-21 16:21:44.062 29879 29879 D BleManager: onScanResult: 10:B4:1D:CD:23:8E name=SHID-00000001 rssi=-30 adv=0201061107041c8a5e0b6f2a9d8f4c3be701101d9f0e09534849442d30303030303030310000000000000000000000000000000000000000000000000000
09-21 16:21:44.102 29879 29879 D BleManager: onScanResult: 21:50:20:9B:C8:EF name=null rssi=-53 adv=1eff060001092002f27747151dbeed0abd2d542523078b10b2e5d80ffb929700000000000000000000000000000000000000000000000000000000000000
09-21 16:21:44.109 29879 29879 D BleManager: onScanResult: 33:C1:54:6A:3B:CE name=null rssi=-57 adv=1eff0600010920027fbf60afce5f207c2ef469b7c9c9f54797ef856445d40200000000000000000000000000000000000000000000000000000000000000
09-21 16:21:44.158 29879 29879 D BleManager: onScanResult: 41:37:0C:29:84:F9 name=null rssi=-59 adv=02010217ff8f03181134325a57103041a201152629b564570103020303aafd0916aafd830c33e38082000000000000000000000000000000000000000000
09-21 16:21:44.176 29879 29879 D BleManager: onScanResult: 10:B4:1D:CD:23:8E name=SHID-00000001 rssi=-30 adv=0201061107041c8a5e0b6f2a9d8f4c3be701101d9f0e09534849442d30303030303030310000000000000000000000000000000000000000000000000000
09-21 16:21:44.191 29879 29879 D BleManager: onScanResult: 30:EC:D4:97:B8:43 name=null rssi=-47 adv=1eff060001092002993c412d5bd3cc37dc8b49eb111beb83983c3c90aaf9df00000000000000000000000000000000000000000000000000000000000000
09-21 16:21:44.208 29879 29879 D BleManager: onScanResult: 0B:2D:A5:C8:D0:65 name=null rssi=-78 adv=1eff06000109202246a9e394ccdd53663f7d83c8146cbf8b10123c2f88af4200000000000000000000000000000000000000000000000000000000000000
09-21 16:21:44.214 29879 29879 D BleManager: onScanResult: 21:50:20:9B:C8:EF name=null rssi=-54 adv=1eff060001092002f27747151dbeed0abd2d542523078b10b2e5d80ffb929700000000000000000000000000000000000000000000000000000000000000
09-21 16:21:44.228 29879 29879 D BleManager: onScanResult: 10:B4:1D:CD:23:8E name=SHID-00000001 rssi=-29 adv=0201061107041c8a5e0b6f2a9d8f4c3be701101d9f0e09534849442d30303030303030310000000000000000000000000000000000000000000000000000
09-21 16:21:44.244 29879 29879 D BleManager: onScanResult: 33:C1:54:6A:3B:CE name=null rssi=-58 adv=1eff0600010920027fbf60afce5f207c2ef469b7c9c9f54797ef856445d40200000000000000000000000000000000000000000000000000000000000000
09-21 16:21:44.290 29879 29879 D BleManager: onScanResult: 30:EC:D4:97:B8:43 name=null rssi=-47 adv=1eff060001092002993c412d5bd3cc37dc8b49eb111beb83983c3c90aaf9df00000000000000000000000000000000000000000000000000000000000000
09-21 16:21:44.296 29879 29879 D BleManager: onScanResult: 21:50:20:9B:C8:EF name=null rssi=-54 adv=1eff060001092002f27747151dbeed0abd2d542523078b10b2e5d80ffb929700000000000000000000000000000000000000000000000000000000000000
09-21 16:21:44.338 29879 29879 D BleManager: onScanResult: 33:C1:54:6A:3B:CE name=null rssi=-58 adv=1eff0600010920027fbf60afce5f207c2ef469b7c9c9f54797ef856445d40200000000000000000000000000000000000000000000000000000000000000
09-21 16:21:44.381 29879 29879 D BleManager: onScanResult: 10:B4:1D:CD:23:8E name=SHID-00000001 rssi=-29 adv=0201061107041c8a5e0b6f2a9d8f4c3be701101d9f0e09534849442d30303030303030310000000000000000000000000000000000000000000000000000
09-21 16:21:44.394 29879 29879 D BleManager: onScanResult: 30:EC:D4:97:B8:43 name=null rssi=-46 adv=1eff060001092002993c412d5bd3cc37dc8b49eb111beb83983c3c90aaf9df00000000000000000000000000000000000000000000000000000000000000
09-21 16:21:44.404 29879 29879 D BleManager: onScanResult: 0B:2D:A5:C8:D0:65 name=null rssi=-79 adv=1eff06000109202246a9e394ccdd53663f7d83c8146cbf8b10123c2f88af4200000000000000000000000000000000000000000000000000000000000000
09-21 16:21:44.412 29879 29879 D BleManager: onScanResult: 10:B4:1D:CD:23:8E name=SHID-00000001 rssi=-29 adv=0201061107041c8a5e0b6f2a9d8f4c3be701101d9f0e09534849442d30303030303030310000000000000000000000000000000000000000000000000000
09-21 16:21:44.420 29879 29879 D BleManager: onScanResult: 21:50:20:9B:C8:EF name=null rssi=-54 adv=1eff060001092002f27747151dbeed0abd2d542523078b10b2e5d80ffb929700000000000000000000000000000000000000000000000000000000000000
09-21 16:21:44.428 29879 29879 D BleManager: onScanResult: 41:37:0C:29:84:F9 name=null rssi=-63 adv=02010217ff8f03181134325a57103041a201152629b564570103020303aafd0916aafd830c33e38082000000000000000000000000000000000000000000
09-21 16:21:44.467 29879 29879 D BleManager: onScanResult: 33:C1:54:6A:3B:CE name=null rssi=-58 adv=1eff0600010920027fbf60afce5f207c2ef469b7c9c9f54797ef856445d40200000000000000000000000000000000000000000000000000000000000000
09-21 16:21:44.479 29879 29879 D BleManager: onScanResult: 10:B4:1D:CD:23:8E name=SHID-00000001 rssi=-29 adv=0201061107041c8a5e0b6f2a9d8f4c3be701101d9f0e09534849442d30303030303030310000000000000000000000000000000000000000000000000000
09-21 16:21:44.486 29879 29879 D BleManager: onScanResult: 30:EC:D4:97:B8:43 name=null rssi=-46 adv=1eff060001092002993c412d5bd3cc37dc8b49eb111beb83983c3c90aaf9df00000000000000000000000000000000000000000000000000000000000000
09-21 16:21:44.503 29879 29879 D BleManager: onScanResult: 0B:2D:A5:C8:D0:65 name=null rssi=-79 adv=1eff06000109202246a9e394ccdd53663f7d83c8146cbf8b10123c2f88af4200000000000000000000000000000000000000000000000000000000000000
09-21 16:21:44.510 29879 29879 D BleManager: onScanResult: 21:50:20:9B:C8:EF name=null rssi=-54 adv=1eff060001092002f27747151dbeed0abd2d542523078b10b2e5d80ffb929700000000000000000000000000000000000000000000000000000000000000
09-21 16:21:44.525 29879 29879 D BleManager: onScanResult: 10:B4:1D:CD:23:8E name=SHID-00000001 rssi=-29 adv=0201061107041c8a5e0b6f2a9d8f4c3be701101d9f0e09534849442d30303030303030310000000000000000000000000000000000000000000000000000
09-21 16:21:44.535 29879 29879 D BleManager: onScanResult: 41:37:0C:29:84:F9 name=null rssi=-63 adv=02010217ff8f03181134325a57103041a201152629b564570103020303aafd0916aafd830c33e38082000000000000000000000000000000000000000000
09-21 16:21:44.596 29879 29879 D BleManager: onScanResult: 30:EC:D4:97:B8:43 name=null rssi=-46 adv=1eff060001092002993c412d5bd3cc37dc8b49eb111beb83983c3c90aaf9df00000000000000000000000000000000000000000000000000000000000000
09-21 16:21:44.605 29879 29879 D BleManager: onScanResult: 10:B4:1D:CD:23:8E name=SHID-00000001 rssi=-29 adv=0201061107041c8a5e0b6f2a9d8f4c3be701101d9f0e09534849442d30303030303030310000000000000000000000000000000000000000000000000000
09-21 16:21:44.613 29879 29879 D BleManager: onScanResult: 0B:2D:A5:C8:D0:65 name=null rssi=-79 adv=1eff06000109202246a9e394ccdd53663f7d83c8146cbf8b10123c2f88af4200000000000000000000000000000000000000000000000000000000000000
09-21 16:21:44.631 29879 29879 D BleManager: onScanResult: 21:50:20:9B:C8:EF name=null rssi=-54 adv=1eff060001092002f27747151dbeed0abd2d542523078b10b2e5d80ffb929700000000000000000000000000000000000000000000000000000000000000
09-21 16:21:44.640 29879 29879 D BleManager: onScanResult: 33:C1:54:6A:3B:CE name=null rssi=-58 adv=1eff0600010920027fbf60afce5f207c2ef469b7c9c9f54797ef856445d40200000000000000000000000000000000000000000000000000000000000000
09-21 16:21:44.707 29879 29879 D BleManager: onScanResult: 30:EC:D4:97:B8:43 name=null rssi=-45 adv=1eff060001092002993c412d5bd3cc37dc8b49eb111beb83983c3c90aaf9df00000000000000000000000000000000000000000000000000000000000000
09-21 16:21:44.786 29879 29879 D BleManager: onScanResult: 33:C1:54:6A:3B:CE name=null rssi=-56 adv=1eff0600010920027fbf60afce5f207c2ef469b7c9c9f54797ef856445d40200000000000000000000000000000000000000000000000000000000000000
09-21 16:21:44.799 29879 29879 D BleManager: onScanResult: 10:B4:1D:CD:23:8E name=SHID-00000001 rssi=-31 adv=0201061107041c8a5e0b6f2a9d8f4c3be701101d9f0e09534849442d30303030303030310000000000000000000000000000000000000000000000000000
09-21 16:21:44.807 29879 29879 D BleManager: onScanResult: 30:EC:D4:97:B8:43 name=null rssi=-45 adv=1eff060001092002993c412d5bd3cc37dc8b49eb111beb83983c3c90aaf9df00000000000000000000000000000000000000000000000000000000000000
09-21 16:21:44.829 29879 29879 D BleManager: onScanResult: 41:37:0C:29:84:F9 name=null rssi=-62 adv=02010217ff8f03181134325a57103041a201152629b564570103020303aafd0916aafd830c33e38082000000000000000000000000000000000000000000
09-21 16:21:44.858 29879 29879 D BleManager: onScanResult: 33:C1:54:6A:3B:CE name=null rssi=-57 adv=1eff0600010920027fbf60afce5f207c2ef469b7c9c9f54797ef856445d40200000000000000000000000000000000000000000000000000000000000000
09-21 16:21:44.897 29879 29879 D BleManager: onScanResult: 10:B4:1D:CD:23:8E name=SHID-00000001 rssi=-29 adv=0201061107041c8a5e0b6f2a9d8f4c3be701101d9f0e09534849442d30303030303030310000000000000000000000000000000000000000000000000000
09-21 16:21:44.905 29879 29879 D BleManager: onScanResult: 30:EC:D4:97:B8:43 name=null rssi=-46 adv=1eff060001092002993c412d5bd3cc37dc8b49eb111beb83983c3c90aaf9df00000000000000000000000000000000000000000000000000000000000000
09-21 16:21:44.925 29879 29879 D BleManager: onScanResult: 10:B4:1D:CD:23:8E name=SHID-00000001 rssi=-29 adv=0201061107041c8a5e0b6f2a9d8f4c3be701101d9f0e09534849442d30303030303030310000000000000000000000000000000000000000000000000000
09-21 16:21:44.940 29879 29879 D BleManager: onScanResult: 0B:2D:A5:C8:D0:65 name=null rssi=-78 adv=1eff06000109202246a9e394ccdd53663f7d83c8146cbf8b10123c2f88af4200000000000000000000000000000000000000000000000000000000000000
09-21 16:21:44.945 29879 29879 D BleManager: onScanResult: 21:50:20:9B:C8:EF name=null rssi=-55 adv=1eff060001092002f27747151dbeed0abd2d542523078b10b2e5d80ffb929700000000000000000000000000000000000000000000000000000000000000
09-21 16:21:44.951 29879 29879 D BleManager: onScanResult: 33:C1:54:6A:3B:CE name=null rssi=-56 adv=1eff0600010920027fbf60afce5f207c2ef469b7c9c9f54797ef856445d40200000000000000000000000000000000000000000000000000000000000000
09-21 16:21:44.978 29879 29879 D BleManager: onScanResult: 41:37:0C:29:84:F9 name=null rssi=-62 adv=02010217ff8f03181134325a57103041a201152629b564570103020303aafd0916aafd830c33e38082000000000000000000000000000000000000000000
09-21 16:21:45.007 29879 29879 D BleManager: onScanResult: 10:B4:1D:CD:23:8E name=SHID-00000001 rssi=-29 adv=0201061107041c8a5e0b6f2a9d8f4c3be701101d9f0e09534849442d30303030303030310000000000000000000000000000000000000000000000000000
09-21 16:21:45.013 29879 29879 D BleManager: onScanResult: 30:EC:D4:97:B8:43 name=null rssi=-46 adv=1eff060001092002993c412d5bd3cc37dc8b49eb111beb83983c3c90aaf9df00000000000000000000000000000000000000000000000000000000000000
09-21 16:21:45.040 29879 29879 D BleManager: onScanResult: 21:50:20:9B:C8:EF name=null rssi=-55 adv=1eff060001092002f27747151dbeed0abd2d542523078b10b2e5d80ffb929700000000000000000000000000000000000000000000000000000000000000
09-21 16:21:45.047 29879 29879 D BleManager: onScanResult: 0B:2D:A5:C8:D0:65 name=null rssi=-79 adv=1eff06000109202246a9e394ccdd53663f7d83c8146cbf8b10123c2f88af4200000000000000000000000000000000000000000000000000000000000000
09-21 16:21:45.054 29879 29879 D BleManager: onScanResult: 10:B4:1D:CD:23:8E name=SHID-00000001 rssi=-29 adv=0201061107041c8a5e0b6f2a9d8f4c3be701101d9f0e09534849442d30303030303030310000000000000000000000000000000000000000000000000000
09-21 16:21:45.086 29879 29879 D BleManager: onScanResult: 33:C1:54:6A:3B:CE name=null rssi=-57 adv=1eff0600010920027fbf60afce5f207c2ef469b7c9c9f54797ef856445d40200000000000000000000000000000000000000000000000000000000000000
09-21 16:21:45.094 29879 29879 D BleManager: onScanResult: 4E:6C:79:B9:33:20 name=null rssi=-59 adv=02011a0dff4c001608009de59aa19ef53d000000000000000000000000000000000000000000000000000000000000000000000000000000000000000000
09-21 16:21:45.101 29879 29879 D BleManager: onScanResult: 41:37:0C:29:84:F9 name=null rssi=-63 adv=02010217ff8f03181134325a57103041a201152629b564570103020303aafd0916aafd830c33e38082000000000000000000000000000000000000000000
09-21 16:21:45.119 29879 29879 D BleManager: onScanResult: 10:B4:1D:CD:23:8E name=SHID-00000001 rssi=-29 adv=0201061107041c8a5e0b6f2a9d8f4c3be701101d9f0e09534849442d30303030303030310000000000000000000000000000000000000000000000000000
09-21 16:21:45.142 29879 29879 D BleManager: onScanResult: 30:EC:D4:97:B8:43 name=null rssi=-46 adv=1eff060001092002993c412d5bd3cc37dc8b49eb111beb83983c3c90aaf9df00000000000000000000000000000000000000000000000000000000000000
09-21 16:21:45.148 29879 29879 D BleManager: onScanResult: 21:50:20:9B:C8:EF name=null rssi=-55 adv=1eff060001092002f27747151dbeed0abd2d542523078b10b2e5d80ffb929700000000000000000000000000000000000000000000000000000000000000
09-21 16:21:45.159 29879 29879 D BleManager: onScanResult: 0B:2D:A5:C8:D0:65 name=null rssi=-78 adv=1eff06000109202246a9e394ccdd53663f7d83c8146cbf8b10123c2f88af4200000000000000000000000000000000000000000000000000000000000000
09-21 16:21:45.166 29879 29879 D BleManager: onScanResult: 33:C1:54:6A:3B:CE name=null rssi=-58 adv=1eff0600010920027fbf60afce5f207c2ef469b7c9c9f54797ef856445d40200000000000000000000000000000000000000000000000000000000000000
09-21 16:21:45.189 29879 29879 D BleManager: onScanResult: 10:B4:1D:CD:23:8E name=SHID-00000001 rssi=-29 adv=0201061107041c8a5e0b6f2a9d8f4c3be701101d9f0e09534849442d30303030303030310000000000000000000000000000000000000000000000000000
09-21 16:21:45.234 29879 29879 D BleManager: onScanResult: 30:EC:D4:97:B8:43 name=null rssi=-46 adv=1eff060001092002993c412d5bd3cc37dc8b49eb111beb83983c3c90aaf9df00000000000000000000000000000000000000000000000000000000000000
09-21 16:21:45.245 29879 29879 D BleManager: onScanResult: 41:37:0C:29:84:F9 name=null rssi=-63 adv=02010217ff8f03181134325a57103041a201152629b564570103020303aafd0916aafd830c33e38082000000000000000000000000000000000000000000
09-21 16:21:45.256 29879 29879 D BleManager: onScanResult: 10:B4:1D:CD:23:8E name=SHID-00000001 rssi=-29 adv=0201061107041c8a5e0b6f2a9d8f4c3be701101d9f0e09534849442d30303030303030310000000000000000000000000000000000000000000000000000
09-21 16:21:45.264 29879 29879 D BleManager: onScanResult: 21:50:20:9B:C8:EF name=null rssi=-55 adv=1eff060001092002f27747151dbeed0abd2d542523078b10b2e5d80ffb929700000000000000000000000000000000000000000000000000000000000000
09-21 16:21:45.282 29879 29879 D BleManager: onScanResult: 0B:2D:A5:C8:D0:65 name=null rssi=-78 adv=1eff06000109202246a9e394ccdd53663f7d83c8146cbf8b10123c2f88af4200000000000000000000000000000000000000000000000000000000000000
09-21 16:21:45.288 29879 29879 D BleManager: onScanResult: 33:C1:54:6A:3B:CE name=null rssi=-58 adv=1eff0600010920027fbf60afce5f207c2ef469b7c9c9f54797ef856445d40200000000000000000000000000000000000000000000000000000000000000
09-21 16:21:45.358 29879 29879 D BleManager: onScanResult: 41:37:0C:29:84:F9 name=null rssi=-59 adv=02010217ff8f03181134325a57103041a201152629b564570103020303aafd0916aafd830c33e38082000000000000000000000000000000000000000000
09-21 16:21:45.373 29879 29879 D BleManager: onScanResult: 21:50:20:9B:C8:EF name=null rssi=-53 adv=1eff060001092002f27747151dbeed0abd2d542523078b10b2e5d80ffb929700000000000000000000000000000000000000000000000000000000000000
09-21 16:21:45.384 29879 29879 D BleManager: onScanResult: 0B:2D:A5:C8:D0:65 name=null rssi=-70 adv=1eff06000109202246a9e394ccdd53663f7d83c8146cbf8b10123c2f88af4200000000000000000000000000000000000000000000000000000000000000
09-21 16:21:45.392 29879 29879 D BleManager: onScanResult: 33:C1:54:6A:3B:CE name=null rssi=-53 adv=1eff0600010920027fbf60afce5f207c2ef469b7c9c9f54797ef856445d40200000000000000000000000000000000000000000000000000000000000000
09-21 16:21:45.437 29879 29879 D BleManager: onScanResult: 10:B4:1D:CD:23:8E name=SHID-00000001 rssi=-30 adv=0201061107041c8a5e0b6f2a9d8f4c3be701101d9f0e09534849442d30303030303030310000000000000000000000000000000000000000000000000000
09-21 16:21:45.444 29879 29879 D BleManager: onScanResult: 30:EC:D4:97:B8:43 name=null rssi=-45 adv=1eff060001092002993c412d5bd3cc37dc8b49eb111beb83983c3c90aaf9df00000000000000000000000000000000000000000000000000000000000000
09-21 16:21:45.481 29879 29879 D BleManager: onScanResult: 21:50:20:9B:C8:EF name=null rssi=-54 adv=1eff060001092002f27747151dbeed0abd2d542523078b10b2e5d80ffb929700000000000000000000000000000000000000000000000000000000000000
09-21 16:21:45.488 29879 29879 D BleManager: onScanResult: 33:C1:54:6A:3B:CE name=null rssi=-55 adv=1eff0600010920027fbf60afce5f207c2ef469b7c9c9f54797ef856445d40200000000000000000000000000000000000000000000000000000000000000
09-21 16:21:45.503 29879 29879 D BleManager: onScanResult: 0B:2D:A5:C8:D0:65 name=null rssi=-70 adv=1eff06000109202246a9e394ccdd53663f7d83c8146cbf8b10123c2f88af4200000000000000000000000000000000000000000000000000000000000000
09-21 16:21:45.510 29879 29879 D BleManager: onScanResult: 41:37:0C:29:84:F9 name=null rssi=-60 adv=02010217ff8f03181134325a57103041a201152629b564570103020303aafd0916aafd830c33e38082000000000000000000000000000000000000000000
09-21 16:21:45.537 29879 29879 D BleManager: onScanResult: 10:B4:1D:CD:23:8E name=SHID-00000001 rssi=-31 adv=0201061107041c8a5e0b6f2a9d8f4c3be701101d9f0e09534849442d30303030303030310000000000000000000000000000000000000000000000000000
09-21 16:21:45.545 29879 29879 D BleManager: onScanResult: 30:EC:D4:97:B8:43 name=null rssi=-45 adv=1eff060001092002993c412d5bd3cc37dc8b49eb111beb83983c3c90aaf9df00000000000000000000000000000000000000000000000000000000000000
09-21 16:21:45.564 29879 29879 D BleManager: onScanResult: 10:B4:1D:CD:23:8E name=SHID-00000001 rssi=-30 adv=0201061107041c8a5e0b6f2a9d8f4c3be701101d9f0e09534849442d30303030303030310000000000000000000000000000000000000000000000000000
09-21 16:21:45.583 29879 29879 D BleManager: onScanResult: 21:50:20:9B:C8:EF name=null rssi=-54 adv=1eff060001092002f27747151dbeed0abd2d542523078b10b2e5d80ffb929700000000000000000000000000000000000000000000000000000000000000
09-21 16:21:45.594 29879 29879 D BleManager: onScanResult: 33:C1:54:6A:3B:CE name=null rssi=-54 adv=1eff0600010920027fbf60afce5f207c2ef469b7c9c9f54797ef856445d40200000000000000000000000000000000000000000000000000000000000000
09-21 16:21:45.622 29879 29879 D BleManager: onScanResult: 10:B4:1D:CD:23:8E name=SHID-00000001 rssi=-30 adv=0201061107041c8a5e0b6f2a9d8f4c3be701101d9f0e09534849442d30303030303030310000000000000000000000000000000000000000000000000000
09-21 16:21:45.628 29879 29879 D BleManager: onScanResult: 41:37:0C:29:84:F9 name=null rssi=-60 adv=02010217ff8f03181134325a57103041a201152629b564570103020303aafd0916aafd830c33e38082000000000000000000000000000000000000000000
09-21 16:21:45.654 29879 29879 D BleManager: onScanResult: 30:EC:D4:97:B8:43 name=null rssi=-46 adv=1eff060001092002993c412d5bd3cc37dc8b49eb111beb83983c3c90aaf9df00000000000000000000000000000000000000000000000000000000000000
09-21 16:21:45.678 29879 29879 D BleManager: onScanResult: 21:50:20:9B:C8:EF name=null rssi=-55 adv=1eff060001092002f27747151dbeed0abd2d542523078b10b2e5d80ffb929700000000000000000000000000000000000000000000000000000000000000
09-21 16:21:45.702 29879 29879 D BleManager: onScanResult: 10:B4:1D:CD:23:8E name=SHID-00000001 rssi=-30 adv=0201061107041c8a5e0b6f2a9d8f4c3be701101d9f0e09534849442d30303030303030310000000000000000000000000000000000000000000000000000
09-21 16:21:45.761 29879 29879 D BleManager: onScanResult: 30:EC:D4:97:B8:43 name=null rssi=-45 adv=1eff060001092002993c412d5bd3cc37dc8b49eb111beb83983c3c90aaf9df00000000000000000000000000000000000000000000000000000000000000
09-21 16:21:45.771 29879 29879 D BleManager: onScanResult: 10:B4:1D:CD:23:8E name=SHID-00000001 rssi=-30 adv=0201061107041c8a5e0b6f2a9d8f4c3be701101d9f0e09534849442d30303030303030310000000000000000000000000000000000000000000000000000
09-21 16:21:45.793 29879 29879 D BleManager: onScanResult: 41:37:0C:29:84:F9 name=null rssi=-59 adv=02010217ff8f03181134325a57103041a201152629b564570103020303aafd0916aafd830c33e38082000000000000000000000000000000000000000000
09-21 16:21:45.802 29879 29879 D BleManager: onScanResult: 21:50:20:9B:C8:EF name=null rssi=-54 adv=1eff060001092002f27747151dbeed0abd2d542523078b10b2e5d80ffb929700000000000000000000000000000000000000000000000000000000000000
09-21 16:21:45.827 29879 29879 D BleManager: onScanResult: 33:C1:54:6A:3B:CE name=null rssi=-54 adv=1eff0600010920027fbf60afce5f207c2ef469b7c9c9f54797ef856445d40200000000000000000000000000000000000000000000000000000000000000
09-21 16:21:45.834 29879 29879 D BleManager: onScanResult: 0B:2D:A5:C8:D0:65 name=null rssi=-70 adv=1eff06000109202246a9e394ccdd53663f7d83c8146cbf8b10123c2f88af4200000000000000000000000000000000000000000000000000000000000000
09-21 16:21:45.842 29879 29879 D BleManager: onScanResult: 10:B4:1D:CD:23:8E name=SHID-00000001 rssi=-30 adv=0201061107041c8a5e0b6f2a9d8f4c3be701101d9f0e09534849442d30303030303030310000000000000000000000000000000000000000000000000000
09-21 16:21:45.886 29879 29879 D BleManager: onScanResult: 30:EC:D4:97:B8:43 name=null rssi=-46 adv=1eff060001092002993c412d5bd3cc37dc8b49eb111beb83983c3c90aaf9df00000000000000000000000000000000000000000000000000000000000000
09-21 16:21:45.893 29879 29879 D BleManager: onScanResult: 21:50:20:9B:C8:EF name=null rssi=-52 adv=1eff060001092002f27747151dbeed0abd2d542523078b10b2e5d80ffb929700000000000000000000000000000000000000000000000000000000000000
09-21 16:21:45.899 29879 29879 D BleManager: onScanResult: 10:B4:1D:CD:23:8E name=SHID-00000001 rssi=-31 adv=0201061107041c8a5e0b6f2a9d8f4c3be701101d9f0e09534849442d30303030303030310000000000000000000000000000000000000000000000000000
09-21 16:21:45.906 29879 29879 D BleManager: onScanResult: 33:C1:54:6A:3B:CE name=null rssi=-54 adv=1eff0600010920027fbf60afce5f207c2ef469b7c9c9f54797ef856445d40200000000000000000000000000000000000000000000000000000000000000
09-21 16:21:45.912 29879 29879 D BleManager: onScanResult: 0B:2D:A5:C8:D0:65 name=null rssi=-69 adv=1eff06000109202246a9e394ccdd53663f7d83c8146cbf8b10123c2f88af4200000000000000000000000000000000000000000000000000000000000000
09-21 16:21:45.918 29879 29879 D BleManager: onScanResult: 41:37:0C:29:84:F9 name=null rssi=-60 adv=02010217ff8f03181134325a57103041a201152629b564570103020303aafd0916aafd830c33e38082000000000000000000000000000000000000000000
09-21 16:21:45.955 29879 29879 D BleManager: onScanResult: 10:B4:1D:CD:23:8E name=SHID-00000001 rssi=-31 adv=0201061107041c8a5e0b6f2a9d8f4c3be701101d9f0e09534849442d30303030303030310000000000000000000000000000000000000000000000000000
09-21 16:21:45.988 29879 29879 D BleManager: onScanResult: 30:EC:D4:97:B8:43 name=null rssi=-46 adv=1eff060001092002993c412d5bd3cc37dc8b49eb111beb83983c3c90aaf9df00000000000000000000000000000000000000000000000000000000000000
09-21 16:21:45.995 29879 29879 D BleManager: onScanResult: 21:50:20:9B:C8:EF name=null rssi=-53 adv=1eff060001092002f27747151dbeed0abd2d542523078b10b2e5d80ffb929700000000000000000000000000000000000000000000000000000000000000
09-21 16:21:46.019 29879 29879 D BleManager: onScanResult: 33:C1:54:6A:3B:CE name=null rssi=-52 adv=1eff0600010920027fbf60afce5f207c2ef469b7c9c9f54797ef856445d40200000000000000000000000000000000000000000000000000000000000000
09-21 16:21:46.027 29879 29879 D BleManager: onScanResult: 0B:2D:A5:C8:D0:65 name=null rssi=-70 adv=1eff06000109202246a9e394ccdd53663f7d83c8146cbf8b10123c2f88af4200000000000000000000000000000000000000000000000000000000000000
09-21 16:21:46.052 29879 29879 D BleManager: onScanResult: 10:B4:1D:CD:23:8E name=SHID-00000001 rssi=-31 adv=0201061107041c8a5e0b6f2a9d8f4c3be701101d9f0e09534849442d30303030303030310000000000000000000000000000000000000000000000000000
09-21 16:21:46.059 29879 29879 D BleManager: onScanResult: 41:37:0C:29:84:F9 name=null rssi=-59 adv=02010217ff8f03181134325a57103041a201152629b564570103020303aafd0916aafd830c33e38082000000000000000000000000000000000000000000
09-21 16:21:46.088 29879 29879 D BleManager: onScanResult: 30:EC:D4:97:B8:43 name=null rssi=-46 adv=1eff060001092002993c412d5bd3cc37dc8b49eb111beb83983c3c90aaf9df00000000000000000000000000000000000000000000000000000000000000
09-21 16:21:46.103 29879 29879 D BleManager: onScanResult: 10:B4:1D:CD:23:8E name=SHID-00000001 rssi=-29 adv=0201061107041c8a5e0b6f2a9d8f4c3be701101d9f0e09534849442d30303030303030310000000000000000000000000000000000000000000000000000
09-21 16:21:46.109 29879 29879 D BleManager: onScanResult: 21:50:20:9B:C8:EF name=null rssi=-54 adv=1eff060001092002f27747151dbeed0abd2d542523078b10b2e5d80ffb929700000000000000000000000000000000000000000000000000000000000000
09-21 16:21:46.127 29879 29879 D BleManager: onScanResult: 33:C1:54:6A:3B:CE name=null rssi=-59 adv=1eff0600010920027fbf60afce5f207c2ef469b7c9c9f54797ef856445d40200000000000000000000000000000000000000000000000000000000000000
09-21 16:21:46.133 29879 29879 D BleManager: onScanResult: 0B:2D:A5:C8:D0:65 name=null rssi=-79 adv=1eff06000109202246a9e394ccdd53663f7d83c8146cbf8b10123c2f88af4200000000000000000000000000000000000000000000000000000000000000
09-21 16:21:46.146 29879 29879 D BleManager: onScanResult: 10:B4:1D:CD:23:8E name=SHID-00000001 rssi=-29 adv=0201061107041c8a5e0b6f2a9d8f4c3be701101d9f0e09534849442d30303030303030310000000000000000000000000000000000000000000000000000
09-21 16:21:46.176 29879 29879 D BleManager: onScanResult: 30:EC:D4:97:B8:43 name=null rssi=-46 adv=1eff060001092002993c412d5bd3cc37dc8b49eb111beb83983c3c90aaf9df00000000000000000000000000000000000000000000000000000000000000
09-21 16:21:46.194 29879 29879 D BleManager: onScanResult: 41:37:0C:29:84:F9 name=null rssi=-63 adv=02010217ff8f03181134325a57103041a201152629b564570103020303aafd0916aafd830c33e38082000000000000000000000000000000000000000000
09-21 16:21:46.199 29879 29879 D BleManager: onScanResult: 21:50:20:9B:C8:EF name=null rssi=-54 adv=1eff060001092002f27747151dbeed0abd2d542523078b10b2e5d80ffb929700000000000000000000000000000000000000000000000000000000000000
09-21 16:21:46.206 29879 29879 D BleManager: onScanResult: 10:B4:1D:CD:23:8E name=SHID-00000001 rssi=-29 adv=0201061107041c8a5e0b6f2a9d8f4c3be701101d9f0e09534849442d30303030303030310000000000000000000000000000000000000000000000000000
09-21 16:21:46.218 29879 29879 D BleManager: onScanResult: 33:C1:54:6A:3B:CE name=null rssi=-56 adv=1eff0600010920027fbf60afce5f207c2ef469b7c9c9f54797ef856445d40200000000000000000000000000000000000000000000000000000000000000
09-21 16:21:46.230 29879 29879 D BleManager: onScanResult: 0B:2D:A5:C8:D0:65 name=null rssi=-80 adv=1eff06000109202246a9e394ccdd53663f7d83c8146cbf8b10123c2f88af4200000000000000000000000000000000000000000000000000000000000000
09-21 16:21:46.269 29879 29879 D BleManager: onScanResult: 30:EC:D4:97:B8:43 name=null rssi=-46 adv=1eff060001092002993c412d5bd3cc37dc8b49eb111beb83983c3c90aaf9df00000000000000000000000000000000000000000000000000000000000000
09-21 16:21:46.303 29879 29879 D BleManager: onScanResult: 10:B4:1D:CD:23:8E name=SHID-00000001 rssi=-29 adv=0201061107041c8a5e0b6f2a9d8f4c3be701101d9f0e09534849442d30303030303030310000000000000000000000000000000000000000000000000000
09-21 16:21:46.310 29879 29879 D BleManager: onScanResult: 21:50:20:9B:C8:EF name=null rssi=-55 adv=1eff060001092002f27747151dbeed0abd2d542523078b10b2e5d80ffb929700000000000000000000000000000000000000000000000000000000000000
09-21 16:21:46.342 29879 29879 D BleManager: onScanResult: 33:C1:54:6A:3B:CE name=null rssi=-55 adv=1eff0600010920027fbf60afce5f207c2ef469b7c9c9f54797ef856445d40200000000000000000000000000000000000000000000000000000000000000
09-21 16:21:46.349 29879 29879 D BleManager: onScanResult: 0B:2D:A5:C8:D0:65 name=null rssi=-79 adv=1eff06000109202246a9e394ccdd53663f7d83c8146cbf8b10123c2f88af4200000000000000000000000000000000000000000000000000000000000000
09-21 16:21:46.365 29879 29879 D BleManager: onScanResult: 41:37:0C:29:84:F9 name=null rssi=-64 adv=02010217ff8f03181134325a57103041a201152629b564570103020303aafd0916aafd830c33e38082000000000000000000000000000000000000000000
09-21 16:21:46.373 29879 29879 D BleManager: onScanResult: 10:B4:1D:CD:23:8E name=SHID-00000001 rssi=-29 adv=0201061107041c8a5e0b6f2a9d8f4c3be701101d9f0e09534849442d30303030303030310000000000000000000000000000000000000000000000000000
09-21 16:21:46.403 29879 29879 D BleManager: onScanResult: 30:EC:D4:97:B8:43 name=null rssi=-47 adv=1eff060001092002993c412d5bd3cc37dc8b49eb111beb83983c3c90aaf9df00000000000000000000000000000000000000000000000000000000000000
09-21 16:21:46.419 29879 29879 D BleManager: onScanResult: 10:B4:1D:CD:23:8E name=SHID-00000001 rssi=-29 adv=0201061107041c8a5e0b6f2a9d8f4c3be701101d9f0e09534849442d30303030303030310000000000000000000000000000000000000000000000000000
09-21 16:21:46.427 29879 29879 D BleManager: onScanResult: 21:50:20:9B:C8:EF name=null rssi=-54 adv=1eff060001092002f27747151dbeed0abd2d542523078b10b2e5d80ffb929700000000000000000000000000000000000000000000000000000000000000
09-21 16:21:46.447 29879 29879 D BleManager: onScanResult: 33:C1:54:6A:3B:CE name=null rssi=-59 adv=1eff0600010920027fbf60afce5f207c2ef469b7c9c9f54797ef856445d40200000000000000000000000000000000000000000000000000000000000000
09-21 16:21:46.466 29879 29879 D BleManager: onScanResult: 41:37:0C:29:84:F9 name=null rssi=-63 adv=02010217ff8f03181134325a57103041a201152629b564570103020303aafd0916aafd830c33e38082000000000000000000000000000000000000000000
09-21 16:21:46.472 29879 29879 D BleManager: onScanResult: 30:EC:D4:97:B8:43 name=null rssi=-46 adv=1eff060001092002993c412d5bd3cc37dc8b49eb111beb83983c3c90aaf9df00000000000000000000000000000000000000000000000000000000000000
09-21 16:21:46.476 29879 29879 D BleManager: onScanResult: 10:B4:1D:CD:23:8E name=SHID-00000001 rssi=-29 adv=0201061107041c8a5e0b6f2a9d8f4c3be701101d9f0e09534849442d30303030303030310000000000000000000000000000000000000000000000000000
09-21 16:21:46.524 29879 29879 D BleManager: onScanResult: 21:50:20:9B:C8:EF name=null rssi=-54 adv=1eff060001092002f27747151dbeed0abd2d542523078b10b2e5d80ffb929700000000000000000000000000000000000000000000000000000000000000
09-21 16:21:46.579 29879 29879 D BleManager: onScanResult: 30:EC:D4:97:B8:43 name=null rssi=-46 adv=1eff060001092002993c412d5bd3cc37dc8b49eb111beb83983c3c90aaf9df00000000000000000000000000000000000000000000000000000000000000
09-21 16:21:46.597 29879 29879 D BleManager: onScanResult: 41:37:0C:29:84:F9 name=null rssi=-59 adv=02010217ff8f03181134325a57103041a201152629b564570103020303aafd0916aafd830c33e38082000000000000000000000000000000000000000000
09-21 16:21:46.621 29879 29879 I BleManager: Scan stopped
09-21 16:21:46.621 29879 29879 I BleManager: Auto-stop scan after 5000ms
09-21 16:21:46.628 29879 29879 D BleManager: onScanResult: 10:B4:1D:CD:23:8E name=SHID-00000001 rssi=-30 adv=0201061107041c8a5e0b6f2a9d8f4c3be701101d9f0e09534849442d30303030303030310000000000000000000000000000000000000000000000000000
09-21 16:21:46.635 29879 29879 D BleManager: onScanResult: 21:50:20:9B:C8:EF name=null rssi=-53 adv=1eff060001092002f27747151dbeed0abd2d542523078b10b2e5d80ffb929700000000000000000000000000000000000000000000000000000000000000
