[APP] static main entered
[APP] applicationDidFinishLaunching
[BLE] 外围模式已就绪
[BLE] 蓝牙已开启
[BLE] 开始扫描 · 5s 会话
[BLE] 发现设备：midea（-92 dBm）
[BLE] 发现设备：iphone（-47 dBm）
[BLE] 发现设备：未命名 BLE · 1651（-60 dBm）
[BLE] 发现设备：midea（-92 dBm）
[BLE] 发现设备：未命名 BLE · AEF3（-49 dBm）
[BLE] 扫描完成 · 发现 5 台设备
[BLE] 连接 midea · 暂存路由上下文
[BLE] 连接成功 · midea
[BLE] ATT 协商 · 最大写入 20 字节（withResponse 512）
[BLE] 服务发现中… · midea
[BLE] 服务发现完成 · midea（3 服务）
[BLE] 服务 自定义服务：2 特征 · midea
[BLE] 服务 自定义服务：2 特征 · midea
[BLE] 服务 自定义服务：2 特征 · midea
[BLE] 连接已断开 · midea（The specified device has disconnected from us.）
[BLE] 被动断线 · 1s 后自动重连 · midea（1/3）
[BLE] 正在自动重连 · midea（1/3）
[BLE] 自动重连成功 · midea
[BLE] ATT 协商 · 最大写入 20 字节（withResponse 512）
[BLE] 服务发现中… · midea
[BLE] 服务发现完成 · midea（3 服务）
[BLE] 服务 自定义服务：2 特征 · midea
[BLE] 服务 自定义服务：2 特征 · midea
[BLE] 服务 自定义服务：2 特征 · midea
[BLE] 连接已断开 · midea（The specified device has disconnected from us.）
[BLE] 被动断线 · 1s 后自动重连 · midea（1/3）
[BLE] 正在自动重连 · midea（1/3）
[BLE] 自动重连成功 · midea
[BLE] ATT 协商 · 最大写入 20 字节（withResponse 512）
[BLE] 服务发现中… · midea
[BLE] 服务发现完成 · midea（3 服务）
[BLE] 服务 自定义服务：2 特征 · midea
[BLE] 服务 自定义服务：2 特征 · midea
[BLE] 服务 自定义服务：2 特征 · midea
[BLE] 连接已断开 · midea（The specified device has disconnected from us.）
[BLE] 被动断线 · 1s 后自动重连 · midea（1/3）
[BLE] 正在自动重连 · midea（1/3）
[BLE] 自动重连成功 · midea
[BLE] ATT 协商 · 最大写入 20 字节（withResponse 512）
[BLE] 服务发现中… · midea
[BLE] 服务发现完成 · midea（3 服务）
[BLE] 服务 自定义服务：2 特征 · midea
[BLE] 服务 自定义服务：2 特征 · midea
[BLE] 服务 自定义服务：2 特征 · midea
[BLE] 连接已断开 · midea（The specified device has disconnected from us.）
[BLE] 被动断线 · 1s 后自动重连 · midea（1/3）
[BLE] 正在自动重连 · midea（1/3）
[BLE] 自动重连成功 · midea
[BLE] ATT 协商 · 最大写入 20 字节（withResponse 512）
[BLE] 服务发现中… · midea
[BLE] 服务发现完成 · midea（3 服务）
[BLE] 服务 自定义服务：2 特征 · midea
[BLE] 服务 自定义服务：2 特征 · midea
[BLE] 服务 自定义服务：2 特征 · midea
[BLE] 连接已断开 · midea（The specified device has disconnected from us.）
[BLE] 被动断线 · 1s 后自动重连 · midea（1/3）
[BLE] 正在自动重连 · midea（1/3）
[BLE] 自动重连成功 · midea
[BLE] ATT 协商 · 最大写入 20 字节（withResponse 512）
[BLE] 服务发现中… · midea
[BLE] 服务发现完成 · midea（3 服务）
[BLE] 服务 自定义服务：2 特征 · midea
[BLE] 服务 自定义服务：2 特征 · midea
[BLE] 服务 自定义服务：2 特征 · midea
[BLE] 连接已断开 · midea（The specified device has disconnected from us.）
[BLE] 被动断线 · 1s 后自动重连 · midea（1/3）
[BLE] 正在自动重连 · midea（1/3）
[BLE] 自动重连成功 · midea
[BLE] ATT 协商 · 最大写入 20 字节（withResponse 512）
[BLE] 服务发现中… · midea
[BLE] 服务发现完成 · midea（3 服务）
[BLE] 服务 自定义服务：2 特征 · midea
[BLE] 服务 自定义服务：2 特征 · midea
[BLE] 服务 自定义服务：2 特征 · midea
[BLE] 连接已断开 · midea（The specified device has disconnected from us.）
[BLE] 被动断线 · 1s 后自动重连 · midea（1/3）
[BLE] 正在自动重连 · midea（1/3）
[BLE] 自动重连成功 · midea
[BLE] ATT 协商 · 最大写入 20 字节（withResponse 512）
[BLE] 服务发现中… · midea
[BLE] 服务发现完成 · midea（3 服务）
[BLE] 服务 自定义服务：2 特征 · midea
[BLE] 服务 自定义服务：2 特征 · midea
[BLE] 服务 自定义服务：2 特征 · midea
[BLE] 连接已断开 · midea（The specified device has disconnected from us.）
[BLE] 被动断线 · 1s 后自动重连 · midea（1/3）
[BLE] 正在自动重连 · midea（1/3）
[BLE] 自动重连成功 · midea
[BLE] ATT 协商 · 最大写入 20 字节（withResponse 512）
[BLE] 服务发现中… · midea
[BLE] 服务发现完成 · midea（3 服务）
[BLE] 服务 自定义服务：2 特征 · midea
[BLE] 服务 自定义服务：2 特征 · midea
[BLE] 服务 自定义服务：2 特征 · midea
[BLE] 连接已断开 · midea（The specified device has disconnected from us.）
[BLE] 被动断线 · 1s 后自动重连 · midea（1/3）
[BLE] 正在自动重连 · midea（1/3）
[BLE] 自动重连成功 · midea
[BLE] ATT 协商 · 最大写入 20 字节（withResponse 512）
[BLE] 服务发现中… · midea
[BLE] 服务发现完成 · midea（3 服务）
[BLE] 服务 自定义服务：2 特征 · midea
[BLE] 服务 自定义服务：2 特征 · midea
[BLE] 服务 自定义服务：2 特征 · midea
[BLE] 连接已断开 · midea（The specified device has disconnected from us.）
[BLE] 被动断线 · 1s 后自动重连 · midea（1/3）
[BLE] 正在自动重连 · midea（1/3）
[BLE] 自动重连成功 · midea
[BLE] ATT 协商 · 最大写入 20 字节（withResponse 512）
[BLE] 服务发现中… · midea
[BLE] 服务发现完成 · midea（3 服务）
[BLE] 服务 自定义服务：2 特征 · midea
[BLE] 服务 自定义服务：2 特征 · midea
[BLE] 服务 自定义服务：2 特征 · midea
[BLE] 连接已断开 · midea（The specified device has disconnected from us.）
[BLE] 被动断线 · 1s 后自动重连 · midea（1/3）
