09-21 09:03:16.790 27117 27117 D BleManager: onScanResult: 10:B4:1D:CD:23:8E name=SHID-00000001 rssi=-34 adv=0201061107041c8a5e0b6f2a9d8f4c3be701101d9f0e09534849442d30303030303030310000000000000000000000000000000000000000000000000000
09-21 09:03:16.815 27117 27117 D BleManager: onScanResult: 33:39:FA:EC:16:67 name=null rssi=-40 adv=1eff060001092002346c14103ffcbe3b436a2d09193e3b1b8e18fafd3ebd8f00000000000000000000000000000000000000000000000000000000000000
09-21 09:03:16.818 27117 27117 D BleManager: onScanResult: 66:D3:81:90:69:F4 name=null rssi=-70 adv=02010217ff8f03181134325a57103041a201152629b564570103020303aafd0916aafd830c33e38082000000000000000000000000000000000000000000
09-21 09:03:16.822 27117 27117 D BleManager: onScanResult: 05:A6:47:29:13:CE name=null rssi=-73 adv=1eff060001092022e006d43fe0c0b9006b038e9df9e874cad75c28b2c958ef00000000000000000000000000000000000000000000000000000000000000
09-21 09:03:16.857 27117 27117 D BleManager: onScanResult: 2E:02:7B:61:6C:4C name=null rssi=-54 adv=1eff0600010920023a8ed8e3fd9deba59e8c972e82ee225c86aefcda8d15be00000000000000000000000000000000000000000000000000000000000000
09-21 09:03:16.877 27117 27117 D BleManager: onScanResult: 10:B4:1D:CD:23:8E name=SHID-00000001 rssi=-43 adv=0201061107041c8a5e0b6f2a9d8f4c3be701101d9f0e09534849442d30303030303030310000000000000000000000000000000000000000000000000000
09-21 09:03:16.882 27117 27117 D BleManager: onScanResult: 2D:65:90:55:F7:0C name=null rssi=-41 adv=06ff0100424c4500000000000000000000000000000000000000000000000000000000000000000000000000000000000000000000000000000000000000
09-21 09:03:16.909 27117 27117 D BleManager: onScanResult: 18:EB:A1:45:D8:CC name=null rssi=-83 adv=1eff060001092002945e5c10a4673193e6cf2ddb613cccebb91ab69b8430de00000000000000000000000000000000000000000000000000000000000000
09-21 09:03:16.914 27117 27117 D BleManager: onScanResult: 2E:83:EC:13:C9:24 name=null rssi=-50 adv=1eff0600010920024b242bccd629d5e9f1adde87de126c99471ec18f9e9ab600000000000000000000000000000000000000000000000000000000000000
09-21 09:03:16.930 27117 27117 D BleManager: onScanResult: 10:B4:1D:CD:23:8E name=SHID-00000001 rssi=-42 adv=0201061107041c8a5e0b6f2a9d8f4c3be701101d9f0e09534849442d30303030303030310000000000000000000000000000000000000000000000000000
09-21 09:03:16.939 27117 27117 D BleManager: onScanResult: 33:39:FA:EC:16:67 name=null rssi=-40 adv=1eff060001092002346c14103ffcbe3b436a2d09193e3b1b8e18fafd3ebd8f00000000000000000000000000000000000000000000000000000000000000
09-21 09:03:16.943 27117 27117 D BleManager: onScanResult: 2E:02:7B:61:6C:4C name=null rssi=-54 adv=1eff0600010920023a8ed8e3fd9deba59e8c972e82ee225c86aefcda8d15be00000000000000000000000000000000000000000000000000000000000000
09-21 09:03:16.961 27117 27117 D BleManager: onScanResult: 66:D3:81:90:69:F4 name=null rssi=-71 adv=02010217ff8f03181134325a57103041a201152629b564570103020303aafd0916aafd830c33e38082000000000000000000000000000000000000000000
09-21 09:03:16.965 27117 27117 D BleManager: onScanResult: 35:15:02:01:AA:AC name=null rssi=-89 adv=1eff0600010920026b87943be357abfe6a6c26907d23b37a792bf0a9e8c17b00000000000000000000000000000000000000000000000000000000000000
09-21 09:03:17.018 27117 27117 D BleManager: onScanResult: 2E:83:EC:13:C9:24 name=null rssi=-51 adv=1eff0600010920024b242bccd629d5e9f1adde87de126c99471ec18f9e9ab600000000000000000000000000000000000000000000000000000000000000
09-21 09:03:17.024 27117 27117 D BleManager: onScanResult: 33:39:FA:EC:16:67 name=null rssi=-36 adv=1eff060001092002346c14103ffcbe3b436a2d09193e3b1b8e18fafd3ebd8f00000000000000000000000000000000000000000000000000000000000000
09-21 09:03:17.059 27117 27117 D BleManager: onScanResult: 2E:02:7B:61:6C:4C name=null rssi=-49 adv=1eff0600010920023a8ed8e3fd9deba59e8c972e82ee225c86aefcda8d15be00000000000000000000000000000000000000000000000000000000000000
09-21 09:03:17.080 27117 27117 D BleManager: onScanResult: 10:B4:1D:CD:23:8E name=SHID-00000001 rssi=-33 adv=0201061107041c8a5e0b6f2a9d8f4c3be701101d9f0e09534849442d30303030303030310000000000000000000000000000000000000000000000000000
09-21 09:03:17.085 27117 27117 D BleManager: onScanResult: 2D:65:90:55:F7:0C name=null rssi=-37 adv=06ff0100424c4500000000000000000000000000000000000000000000000000000000000000000000000000000000000000000000000000000000000000
09-21 09:03:17.109 27117 27117 D BleManager: onScanResult: 18:EB:A1:45:D8:CC name=null rssi=-78 adv=1eff060001092002945e5c10a4673193e6cf2ddb613cccebb91ab69b8430de00000000000000000000000000000000000000000000000000000000000000
09-21 09:03:17.113 27117 27117 D BleManager: onScanResult: 66:D3:81:90:69:F4 name=null rssi=-68 adv=02010217ff8f03181134325a57103041a201152629b564570103020303aafd0916aafd830c33e38082000000000000000000000000000000000000000000
09-21 09:03:17.122 27117 27117 D BleManager: onScanResult: 2E:83:EC:13:C9:24 name=null rssi=-51 adv=1eff0600010920024b242bccd629d5e9f1adde87de126c99471ec18f9e9ab600000000000000000000000000000000000000000000000000000000000000
09-21 09:03:17.127 27117 27117 D BleManager: onScanResult: 10:B4:1D:CD:23:8E name=SHID-00000001 rssi=-33 adv=0201061107041c8a5e0b6f2a9d8f4c3be701101d9f0e09534849442d30303030303030310000000000000000000000000000000000000000000000000000
09-21 09:03:17.147 27117 27117 D BleManager: onScanResult: 64:26:7C:73:C9:34 name=null rssi=-80 adv=1eff0600010920027e4fd597ca4a93ee28737d1e02c971686b50a3d6cbe8f100000000000000000000000000000000000000000000000000000000000000
09-21 09:03:17.150 27117 27117 D BleManager: onScanResult: 33:39:FA:EC:16:67 name=null rssi=-36 adv=1eff060001092002346c14103ffcbe3b436a2d09193e3b1b8e18fafd3ebd8f00000000000000000000000000000000000000000000000000000000000000
09-21 09:03:17.154 27117 27117 D BleManager: onScanResult: 05:A6:47:29:13:CE name=null rssi=-70 adv=1eff060001092022e006d43fe0c0b9006b038e9df9e874cad75c28b2c958ef00000000000000000000000000000000000000000000000000000000000000
09-21 09:03:17.157 27117 27117 D BleManager: onScanResult: 2E:02:7B:61:6C:4C name=null rssi=-49 adv=1eff0600010920023a8ed8e3fd9deba59e8c972e82ee225c86aefcda8d15be00000000000000000000000000000000000000000000000000000000000000
09-21 09:03:17.182 27117 27117 D BleManager: onScanResult: 10:B4:1D:CD:23:8E name=SHID-00000001 rssi=-33 adv=0201061107041c8a5e0b6f2a9d8f4c3be701101d9f0e09534849442d30303030303030310000000000000000000000000000000000000000000000000000
09-21 09:03:17.209 27117 27117 D BleManager: onScanResult: 2D:65:90:55:F7:0C name=null rssi=-32 adv=06ff0100424c4500000000000000000000000000000000000000000000000000000000000000000000000000000000000000000000000000000000000000
09-21 09:03:17.212 27117 27117 D BleManager: onScanResult: 2E:83:EC:13:C9:24 name=null rssi=-51 adv=1eff0600010920024b242bccd629d5e9f1adde87de126c99471ec18f9e9ab600000000000000000000000000000000000000000000000000000000000000
09-21 09:03:17.233 27117 27117 D BleManager: onScanResult: 66:D3:81:90:69:F4 name=null rssi=-57 adv=02010217ff8f03181134325a57103041a201152629b564570103020303aafd0916aafd830c33e38082000000000000000000000000000000000000000000
09-21 09:03:17.253 27117 27117 D BleManager: onScanResult: 33:39:FA:EC:16:67 name=null rssi=-31 adv=1eff060001092002346c14103ffcbe3b436a2d09193e3b1b8e18fafd3ebd8f00000000000000000000000000000000000000000000000000000000000000
09-21 09:03:17.257 27117 27117 D BleManager: onScanResult: 05:A6:47:29:13:CE name=null rssi=-77 adv=1eff060001092022e006d43fe0c0b9006b038e9df9e874cad75c28b2c958ef00000000000000000000000000000000000000000000000000000000000000
09-21 09:03:17.301 27117 27117 D BleManager: onScanResult: 2D:65:90:55:F7:0C name=null rssi=-32 adv=06ff0100424c4500000000000000000000000000000000000000000000000000000000000000000000000000000000000000000000000000000000000000
09-21 09:03:17.310 27117 27117 D BleManager: onScanResult: 10:B4:1D:CD:23:8E name=SHID-00000001 rssi=-35 adv=0201061107041c8a5e0b6f2a9d8f4c3be701101d9f0e09534849442d30303030303030310000000000000000000000000000000000000000000000000000
09-21 09:03:17.314 27117 27117 D BleManager: onScanResult: 2E:83:EC:13:C9:24 name=null rssi=-51 adv=1eff0600010920024b242bccd629d5e9f1adde87de126c99471ec18f9e9ab600000000000000000000000000000000000000000000000000000000000000
09-21 09:03:17.362 27117 27117 D BleManager: onScanResult: 33:39:FA:EC:16:67 name=null rssi=-40 adv=1eff060001092002346c14103ffcbe3b436a2d09193e3b1b8e18fafd3ebd8f00000000000000000000000000000000000000000000000000000000000000
09-21 09:03:17.404 27117 27117 D BleManager: onScanResult: 66:D3:81:90:69:F4 name=null rssi=-70 adv=02010217ff8f03181134325a57103041a201152629b564570103020303aafd0916aafd830c33e38082000000000000000000000000000000000000000000
09-21 09:03:17.411 27117 27117 D BleManager: onScanResult: 35:15:02:01:AA:AC name=null rssi=-87 adv=1eff0600010920026b87943be357abfe6a6c26907d23b37a792bf0a9e8c17b00000000000000000000000000000000000000000000000000000000000000
09-21 09:03:17.446 27117 27117 D BleManager: onScanResult: 2D:65:90:55:F7:0C name=null rssi=-36 adv=06ff0100424c4500000000000000000000000000000000000000000000000000000000000000000000000000000000000000000000000000000000000000
09-21 09:03:17.469 27117 27117 D BleManager: onScanResult: 2E:83:EC:13:C9:24 name=null rssi=-50 adv=1eff0600010920024b242bccd629d5e9f1adde87de126c99471ec18f9e9ab600000000000000000000000000000000000000000000000000000000000000
09-21 09:03:17.474 27117 27117 D BleManager: onScanResult: 10:B4:1D:CD:23:8E name=SHID-00000001 rssi=-43 adv=0201061107041c8a5e0b6f2a9d8f4c3be701101d9f0e09534849442d30303030303030310000000000000000000000000000000000000000000000000000
09-21 09:03:17.500 27117 27117 D BleManager: onScanResult: 2E:02:7B:61:6C:4C name=null rssi=-53 adv=1eff0600010920023a8ed8e3fd9deba59e8c972e82ee225c86aefcda8d15be00000000000000000000000000000000000000000000000000000000000000
09-21 09:03:17.505 27117 27117 D BleManager: onScanResult: 05:A6:47:29:13:CE name=null rssi=-73 adv=1eff060001092022e006d43fe0c0b9006b038e9df9e874cad75c28b2c958ef00000000000000000000000000000000000000000000000000000000000000
09-21 09:03:17.531 27117 27117 D BleManager: onScanResult: 10:B4:1D:CD:23:8E name=SHID-00000001 rssi=-39 adv=0201061107041c8a5e0b6f2a9d8f4c3be701101d9f0e09534849442d30303030303030310000000000000000000000000000000000000000000000000000
09-21 09:03:17.535 27117 27117 D BleManager: onScanResult: 18:EB:A1:45:D8:CC name=null rssi=-84 adv=1eff060001092002945e5c10a4673193e6cf2ddb613cccebb91ab69b8430de00000000000000000000000000000000000000000000000000000000000000
09-21 09:03:17.539 27117 27117 D BleManager: onScanResult: 2D:65:90:55:F7:0C name=null rssi=-36 adv=06ff0100424c4500000000000000000000000000000000000000000000000000000000000000000000000000000000000000000000000000000000000000
09-21 09:03:17.564 27117 27117 D BleManager: onScanResult: 2E:83:EC:13:C9:24 name=null rssi=-50 adv=1eff0600010920024b242bccd629d5e9f1adde87de126c99471ec18f9e9ab600000000000000000000000000000000000000000000000000000000000000
09-21 09:03:17.568 27117 27117 D BleManager: onScanResult: 33:39:FA:EC:16:67 name=null rssi=-36 adv=1eff060001092002346c14103ffcbe3b436a2d09193e3b1b8e18fafd3ebd8f00000000000000000000000000000000000000000000000000000000000000
09-21 09:03:17.598 27117 27117 D BleManager: onScanResult: 2E:02:7B:61:6C:4C name=null rssi=-54 adv=1eff0600010920023a8ed8e3fd9deba59e8c972e82ee225c86aefcda8d15be00000000000000000000000000000000000000000000000000000000000000
09-21 09:03:17.603 27117 27117 D BleManager: onScanResult: 10:B4:1D:CD:23:8E name=SHID-00000001 rssi=-42 adv=0201061107041c8a5e0b6f2a9d8f4c3be701101d9f0e09534849442d30303030303030310000000000000000000000000000000000000000000000000000
09-21 09:03:17.620 27117 27117 D BleManager: onScanResult: 18:EB:A1:45:D8:CC name=null rssi=-79 adv=1eff060001092002945e5c10a4673193e6cf2ddb613cccebb91ab69b8430de00000000000000000000000000000000000000000000000000000000000000
09-21 09:03:17.624 27117 27117 D BleManager: onScanResult: 2D:65:90:55:F7:0C name=null rssi=-36 adv=06ff0100424c4500000000000000000000000000000000000000000000000000000000000000000000000000000000000000000000000000000000000000
09-21 09:03:17.634 27117 27117 D BleManager: onScanResult: 10:B4:1D:CD:23:8E name=SHID-00000001 rssi=-33 adv=0201061107041c8a5e0b6f2a9d8f4c3be701101d9f0e09534849442d30303030303030310000000000000000000000000000000000000000000000000000
09-21 09:03:17.652 27117 27117 D BleManager: onScanResult: 2E:83:EC:13:C9:24 name=null rssi=-51 adv=1eff0600010920024b242bccd629d5e9f1adde87de126c99471ec18f9e9ab600000000000000000000000000000000000000000000000000000000000000
09-21 09:03:17.656 27117 27117 D BleManager: onScanResult: 66:D3:81:90:69:F4 name=null rssi=-68 adv=02010217ff8f03181134325a57103041a201152629b564570103020303aafd0916aafd830c33e38082000000000000000000000000000000000000000000
09-21 09:03:17.660 27117 27117 D BleManager: onScanResult: 64:26:7C:73:C9:34 name=null rssi=-81 adv=1eff0600010920027e4fd597ca4a93ee28737d1e02c971686b50a3d6cbe8f100000000000000000000000000000000000000000000000000000000000000
09-21 09:03:17.680 27117 27117 D BleManager: onScanResult: 33:39:FA:EC:16:67 name=null rssi=-36 adv=1eff060001092002346c14103ffcbe3b436a2d09193e3b1b8e18fafd3ebd8f00000000000000000000000000000000000000000000000000000000000000
09-21 09:03:17.684 27117 27117 D BleManager: onScanResult: 2E:02:7B:61:6C:4C name=null rssi=-49 adv=1eff0600010920023a8ed8e3fd9deba59e8c972e82ee225c86aefcda8d15be00000000000000000000000000000000000000000000000000000000000000
09-21 09:03:17.703 27117 27117 D BleManager: onScanResult: 05:A6:47:29:13:CE name=null rssi=-69 adv=1eff060001092022e006d43fe0c0b9006b038e9df9e874cad75c28b2c958ef00000000000000000000000000000000000000000000000000000000000000
09-21 09:03:17.727 27117 27117 D BleManager: onScanResult: 10:B4:1D:CD:23:8E name=SHID-00000001 rssi=-33 adv=0201061107041c8a5e0b6f2a9d8f4c3be701101d9f0e09534849442d30303030303030310000000000000000000000000000000000000000000000000000
09-21 09:03:17.732 27117 27117 D BleManager: onScanResult: 18:EB:A1:45:D8:CC name=null rssi=-78 adv=1eff060001092002945e5c10a4673193e6cf2ddb613cccebb91ab69b8430de00000000000000000000000000000000000000000000000000000000000000
09-21 09:03:17.743 27117 27117 D BleManager: onScanResult: 2D:65:90:55:F7:0C name=null rssi=-36 adv=06ff0100424c4500000000000000000000000000000000000000000000000000000000000000000000000000000000000000000000000000000000000000
09-21 09:03:17.748 27117 27117 D BleManager: onScanResult: 2E:83:EC:13:C9:24 name=null rssi=-51 adv=1eff0600010920024b242bccd629d5e9f1adde87de126c99471ec18f9e9ab600000000000000000000000000000000000000000000000000000000000000
09-21 09:03:17.766 27117 27117 D BleManager: onScanResult: 64:26:7C:73:C9:34 name=null rssi=-82 adv=1eff0600010920027e4fd597ca4a93ee28737d1e02c971686b50a3d6cbe8f100000000000000000000000000000000000000000000000000000000000000
09-21 09:03:17.770 27117 27117 D BleManager: onScanResult: 10:B4:1D:CD:23:8E name=SHID-00000001 rssi=-33 adv=0201061107041c8a5e0b6f2a9d8f4c3be701101d9f0e09534849442d30303030303030310000000000000000000000000000000000000000000000000000
09-21 09:03:17.774 27117 27117 D BleManager: onScanResult: 2E:02:7B:61:6C:4C name=null rssi=-49 adv=1eff0600010920023a8ed8e3fd9deba59e8c972e82ee225c86aefcda8d15be00000000000000000000000000000000000000000000000000000000000000
09-21 09:03:17.797 27117 27117 D BleManager: onScanResult: 33:39:FA:EC:16:67 name=null rssi=-36 adv=1eff060001092002346c14103ffcbe3b436a2d09193e3b1b8e18fafd3ebd8f00000000000000000000000000000000000000000000000000000000000000
09-21 09:03:17.808 27117 27117 D BleManager: onScanResult: 05:A6:47:29:13:CE name=null rssi=-69 adv=1eff060001092022e006d43fe0c0b9006b038e9df9e874cad75c28b2c958ef00000000000000000000000000000000000000000000000000000000000000
09-21 09:03:17.889 27117 27117 D BleManager: onScanResult: 2E:83:EC:13:C9:24 name=null rssi=-50 adv=1eff0600010920024b242bccd629d5e9f1adde87de126c99471ec18f9e9ab600000000000000000000000000000000000000000000000000000000000000
09-21 09:03:17.900 27117 27117 D BleManager: onScanResult: 10:B4:1D:CD:23:8E name=SHID-00000001 rssi=-42 adv=0201061107041c8a5e0b6f2a9d8f4c3be701101d9f0e09534849442d30303030303030310000000000000000000000000000000000000000000000000000
09-21 09:03:17.909 27117 27117 D BleManager: onScanResult: 05:A6:47:29:13:CE name=null rssi=-72 adv=1eff060001092022e006d43fe0c0b9006b038e9df9e874cad75c28b2c958ef00000000000000000000000000000000000000000000000000000000000000
09-21 09:03:17.943 27117 27117 D BleManager: onScanResult: 66:D3:81:90:69:F4 name=null rssi=-70 adv=02010217ff8f03181134325a57103041a201152629b564570103020303aafd0916aafd830c33e38082000000000000000000000000000000000000000000
09-21 09:03:17.980 27117 27117 D BleManager: onScanResult: 18:EB:A1:45:D8:CC name=null rssi=-84 adv=1eff060001092002945e5c10a4673193e6cf2ddb613cccebb91ab69b8430de00000000000000000000000000000000000000000000000000000000000000
09-21 09:03:17.987 27117 27117 D BleManager: onScanResult: 2D:65:90:55:F7:0C name=null rssi=-36 adv=06ff0100424c4500000000000000000000000000000000000000000000000000000000000000000000000000000000000000000000000000000000000000
09-21 09:03:18.000 27117 27117 D BleManager: onScanResult: 2E:83:EC:13:C9:24 name=null rssi=-50 adv=1eff0600010920024b242bccd629d5e9f1adde87de126c99471ec18f9e9ab600000000000000000000000000000000000000000000000000000000000000
09-21 09:03:18.006 27117 27117 D BleManager: onScanResult: 10:B4:1D:CD:23:8E name=SHID-00000001 rssi=-42 adv=0201061107041c8a5e0b6f2a9d8f4c3be701101d9f0e09534849442d30303030303030310000000000000000000000000000000000000000000000000000
09-21 09:03:18.011 27117 27117 D BleManager: onScanResult: 33:39:FA:EC:16:67 name=null rssi=-40 adv=1eff060001092002346c14103ffcbe3b436a2d09193e3b1b8e18fafd3ebd8f00000000000000000000000000000000000000000000000000000000000000
09-21 09:03:18.016 27117 27117 D BleManager: onScanResult: 2E:02:7B:61:6C:4C name=null rssi=-54 adv=1eff0600010920023a8ed8e3fd9deba59e8c972e82ee225c86aefcda8d15be00000000000000000000000000000000000000000000000000000000000000
09-21 09:03:18.021 27117 27117 D BleManager: onScanResult: 05:A6:47:29:13:CE name=null rssi=-73 adv=1eff060001092022e006d43fe0c0b9006b038e9df9e874cad75c28b2c958ef00000000000000000000000000000000000000000000000000000000000000
09-21 09:03:18.029 27117 27117 D BleManager: onScanResult: 35:15:02:01:AA:AC name=null rssi=-92 adv=1eff0600010920026b87943be357abfe6a6c26907d23b37a792bf0a9e8c17b00000000000000000000000000000000000000000000000000000000000000
09-21 09:03:18.056 27117 27117 D BleManager: onScanResult: 10:B4:1D:CD:23:8E name=SHID-00000001 rssi=-42 adv=0201061107041c8a5e0b6f2a9d8f4c3be701101d9f0e09534849442d30303030303030310000000000000000000000000000000000000000000000000000
09-21 09:03:18.062 27117 27117 D BleManager: onScanResult: 4D:30:DC:B0:28:A9 name=null rssi=-62 adv=02011a0dff4c001608004fa2dd5955636a000000000000000000000000000000000000000000000000000000000000000000000000000000000000000000
09-21 09:03:18.074 27117 27117 D BleManager: onScanResult: 18:EB:A1:45:D8:CC name=null rssi=-86 adv=1eff060001092002945e5c10a4673193e6cf2ddb613cccebb91ab69b8430de00000000000000000000000000000000000000000000000000000000000000
09-21 09:03:18.080 27117 27117 D BleManager: onScanResult: 2D:65:90:55:F7:0C name=null rssi=-36 adv=06ff0100424c4500000000000000000000000000000000000000000000000000000000000000000000000000000000000000000000000000000000000000
09-21 09:03:18.085 27117 27117 D BleManager: onScanResult: 2E:83:EC:13:C9:24 name=null rssi=-50 adv=1eff0600010920024b242bccd629d5e9f1adde87de126c99471ec18f9e9ab600000000000000000000000000000000000000000000000000000000000000
09-21 09:03:18.090 27117 27117 D BleManager: onScanResult: 33:39:FA:EC:16:67 name=null rssi=-37 adv=1eff060001092002346c14103ffcbe3b436a2d09193e3b1b8e18fafd3ebd8f00000000000000000000000000000000000000000000000000000000000000
09-21 09:03:18.096 27117 27117 D BleManager: onScanResult: 10:B4:1D:CD:23:8E name=SHID-00000001 rssi=-43 adv=0201061107041c8a5e0b6f2a9d8f4c3be701101d9f0e09534849442d30303030303030310000000000000000000000000000000000000000000000000000
09-21 09:03:18.120 27117 27117 D BleManager: onScanResult: 2E:02:7B:61:6C:4C name=null rssi=-54 adv=1eff0600010920023a8ed8e3fd9deba59e8c972e82ee225c86aefcda8d15be00000000000000000000000000000000000000000000000000000000000000
09-21 09:03:18.124 27117 27117 D BleManager: onScanResult: 05:A6:47:29:13:CE name=null rssi=-72 adv=1eff060001092022e006d43fe0c0b9006b038e9df9e874cad75c28b2c958ef00000000000000000000000000000000000000000000000000000000000000
09-21 09:03:18.137 27117 27117 D BleManager: onScanResult: 35:15:02:01:AA:AC name=null rssi=-90 adv=1eff0600010920026b87943be357abfe6a6c26907d23b37a792bf0a9e8c17b00000000000000000000000000000000000000000000000000000000000000
09-21 09:03:18.141 27117 27117 D BleManager: onScanResult: 18:EB:A1:45:D8:CC name=null rssi=-84 adv=1eff060001092002945e5c10a4673193e6cf2ddb613cccebb91ab69b8430de00000000000000000000000000000000000000000000000000000000000000
09-21 09:03:18.159 27117 27117 D BleManager: onScanResult: 2D:65:90:55:F7:0C name=null rssi=-37 adv=06ff0100424c4500000000000000000000000000000000000000000000000000000000000000000000000000000000000000000000000000000000000000
09-21 09:03:18.163 27117 27117 D BleManager: onScanResult: 10:B4:1D:CD:23:8E name=SHID-00000001 rssi=-43 adv=0201061107041c8a5e0b6f2a9d8f4c3be701101d9f0e09534849442d30303030303030310000000000000000000000000000000000000000000000000000
09-21 09:03:18.167 27117 27117 D BleManager: onScanResult: 2E:83:EC:13:C9:24 name=null rssi=-50 adv=1eff0600010920024b242bccd629d5e9f1adde87de126c99471ec18f9e9ab600000000000000000000000000000000000000000000000000000000000000
09-21 09:03:18.191 27117 27117 D BleManager: onScanResult: 66:D3:81:90:69:F4 name=null rssi=-70 adv=02010217ff8f03181134325a57103041a201152629b564570103020303aafd0916aafd830c33e38082000000000000000000000000000000000000000000
09-21 09:03:18.200 27117 27117 D BleManager: onScanResult: 33:39:FA:EC:16:67 name=null rssi=-37 adv=1eff060001092002346c14103ffcbe3b436a2d09193e3b1b8e18fafd3ebd8f00000000000000000000000000000000000000000000000000000000000000
09-21 09:03:18.215 27117 27117 D BleManager: onScanResult: 10:B4:1D:CD:23:8E name=SHID-00000001 rssi=-33 adv=0201061107041c8a5e0b6f2a9d8f4c3be701101d9f0e09534849442d30303030303030310000000000000000000000000000000000000000000000000000
09-21 09:03:18.244 27117 27117 D BleManager: onScanResult: 18:EB:A1:45:D8:CC name=null rssi=-80 adv=1eff060001092002945e5c10a4673193e6cf2ddb613cccebb91ab69b8430de00000000000000000000000000000000000000000000000000000000000000
09-21 09:03:18.248 27117 27117 D BleManager: onScanResult: 2D:65:90:55:F7:0C name=null rssi=-35 adv=06ff0100424c4500000000000000000000000000000000000000000000000000000000000000000000000000000000000000000000000000000000000000
09-21 09:03:18.282 27117 27117 D BleManager: onScanResult: 2E:83:EC:13:C9:24 name=null rssi=-51 adv=1eff0600010920024b242bccd629d5e9f1adde87de126c99471ec18f9e9ab600000000000000000000000000000000000000000000000000000000000000
09-21 09:03:18.292 27117 27117 D BleManager: onScanResult: 10:B4:1D:CD:23:8E name=SHID-00000001 rssi=-33 adv=0201061107041c8a5e0b6f2a9d8f4c3be701101d9f0e09534849442d30303030303030310000000000000000000000000000000000000000000000000000
09-21 09:03:18.309 27117 27117 D BleManager: onScanResult: 33:39:FA:EC:16:67 name=null rssi=-36 adv=1eff060001092002346c14103ffcbe3b436a2d09193e3b1b8e18fafd3ebd8f00000000000000000000000000000000000000000000000000000000000000
09-21 09:03:18.316 27117 27117 D BleManager: onScanResult: 2E:02:7B:61:6C:4C name=null rssi=-49 adv=1eff0600010920023a8ed8e3fd9deba59e8c972e82ee225c86aefcda8d15be00000000000000000000000000000000000000000000000000000000000000
09-21 09:03:18.320 27117 27117 D BleManager: onScanResult: 66:D3:81:90:69:F4 name=null rssi=-68 adv=02010217ff8f03181134325a57103041a201152629b564570103020303aafd0916aafd830c33e38082000000000000000000000000000000000000000000
09-21 09:03:18.324 27117 27117 D BleManager: onScanResult: 05:A6:47:29:13:CE name=null rssi=-69 adv=1eff060001092022e006d43fe0c0b9006b038e9df9e874cad75c28b2c958ef00000000000000000000000000000000000000000000000000000000000000
09-21 09:03:18.330 27117 27117 D BleManager: onScanResult: 10:B4:1D:CD:23:8E name=SHID-00000001 rssi=-33 adv=0201061107041c8a5e0b6f2a9d8f4c3be701101d9f0e09534849442d30303030303030310000000000000000000000000000000000000000000000000000
09-21 09:03:18.353 27117 27117 D BleManager: onScanResult: 2D:65:90:55:F7:0C name=null rssi=-36 adv=06ff0100424c4500000000000000000000000000000000000000000000000000000000000000000000000000000000000000000000000000000000000000
09-21 09:03:18.395 27117 27117 D BleManager: onScanResult: 33:39:FA:EC:16:67 name=null rssi=-32 adv=1eff060001092002346c14103ffcbe3b436a2d09193e3b1b8e18fafd3ebd8f00000000000000000000000000000000000000000000000000000000000000
09-21 09:03:18.422 27117 27117 D BleManager: onScanResult: 10:B4:1D:CD:23:8E name=SHID-00000001 rssi=-34 adv=0201061107041c8a5e0b6f2a9d8f4c3be701101d9f0e09534849442d30303030303030310000000000000000000000000000000000000000000000000000
09-21 09:03:18.438 27117 27117 D BleManager: onScanResult: 05:A6:47:29:13:CE name=null rssi=-75 adv=1eff060001092022e006d43fe0c0b9006b038e9df9e874cad75c28b2c958ef00000000000000000000000000000000000000000000000000000000000000
09-21 09:03:18.464 27117 27117 D BleManager: onScanResult: 2D:65:90:55:F7:0C name=null rssi=-41 adv=06ff0100424c4500000000000000000000000000000000000000000000000000000000000000000000000000000000000000000000000000000000000000
09-21 09:03:18.469 27117 27117 D BleManager: onScanResult: 2E:83:EC:13:C9:24 name=null rssi=-50 adv=1eff0600010920024b242bccd629d5e9f1adde87de126c99471ec18f9e9ab600000000000000000000000000000000000000000000000000000000000000
09-21 09:03:18.472 27117 27117 D BleManager: onScanResult: 10:B4:1D:CD:23:8E name=SHID-00000001 rssi=-42 adv=0201061107041c8a5e0b6f2a9d8f4c3be701101d9f0e09534849442d30303030303030310000000000000000000000000000000000000000000000000000
09-21 09:03:18.497 27117 27117 D BleManager: onScanResult: 33:39:FA:EC:16:67 name=null rssi=-38 adv=1eff060001092002346c14103ffcbe3b436a2d09193e3b1b8e18fafd3ebd8f00000000000000000000000000000000000000000000000000000000000000
09-21 09:03:18.502 27117 27117 D BleManager: onScanResult: 2F:75:58:7D:B2:4D name=null rssi=-88 adv=1eff060001092002db23b7c44c3bf3a5bf31be130221bd39181ad26b8b4bea00000000000000000000000000000000000000000000000000000000000000
09-21 09:03:18.531 27117 27117 D BleManager: onScanResult: 2E:02:7B:61:6C:4C name=null rssi=-54 adv=1eff0600010920023a8ed8e3fd9deba59e8c972e82ee225c86aefcda8d15be00000000000000000000000000000000000000000000000000000000000000
09-21 09:03:18.536 27117 27117 D BleManager: onScanResult: 05:A6:47:29:13:CE name=null rssi=-71 adv=1eff060001092022e006d43fe0c0b9006b038e9df9e874cad75c28b2c958ef00000000000000000000000000000000000000000000000000000000000000
09-21 09:03:18.554 27117 27117 D BleManager: onScanResult: 10:B4:1D:CD:23:8E name=SHID-00000001 rssi=-43 adv=0201061107041c8a5e0b6f2a9d8f4c3be701101d9f0e09534849442d30303030303030310000000000000000000000000000000000000000000000000000
09-21 09:03:18.559 27117 27117 D BleManager: onScanResult: 18:EB:A1:45:D8:CC name=null rssi=-85 adv=1eff060001092002945e5c10a4673193e6cf2ddb613cccebb91ab69b8430de00000000000000000000000000000000000000000000000000000000000000
09-21 09:03:18.563 27117 27117 D BleManager: onScanResult: 2D:65:90:55:F7:0C name=null rssi=-36 adv=06ff0100424c4500000000000000000000000000000000000000000000000000000000000000000000000000000000000000000000000000000000000000
09-21 09:03:18.596 27117 27117 D BleManager: onScanResult: 2E:83:EC:13:C9:24 name=null rssi=-50 adv=1eff0600010920024b242bccd629d5e9f1adde87de126c99471ec18f9e9ab600000000000000000000000000000000000000000000000000000000000000
09-21 09:03:18.600 27117 27117 D BleManager: onScanResult: 33:39:FA:EC:16:67 name=null rssi=-38 adv=1eff060001092002346c14103ffcbe3b436a2d09193e3b1b8e18fafd3ebd8f00000000000000000000000000000000000000000000000000000000000000
09-21 09:03:18.604 27117 27117 D BleManager: onScanResult: 10:B4:1D:CD:23:8E name=SHID-00000001 rssi=-43 adv=0201061107041c8a5e0b6f2a9d8f4c3be701101d9f0e09534849442d30303030303030310000000000000000000000000000000000000000000000000000
09-21 09:03:18.619 27117 27117 D BleManager: onScanResult: 2E:02:7B:61:6C:4C name=null rssi=-54 adv=1eff0600010920023a8ed8e3fd9deba59e8c972e82ee225c86aefcda8d15be00000000000000000000000000000000000000000000000000000000000000
09-21 09:03:18.622 27117 27117 D BleManager: onScanResult: 05:A6:47:29:13:CE name=null rssi=-72 adv=1eff060001092022e006d43fe0c0b9006b038e9df9e874cad75c28b2c958ef00000000000000000000000000000000000000000000000000000000000000
09-21 09:03:18.658 27117 27117 D BleManager: onScanResult: 35:15:02:01:AA:AC name=null rssi=-89 adv=1eff0600010920026b87943be357abfe6a6c26907d23b37a792bf0a9e8c17b00000000000000000000000000000000000000000000000000000000000000
09-21 09:03:18.664 27117 27117 D BleManager: onScanResult: 18:EB:A1:45:D8:CC name=null rssi=-84 adv=1eff060001092002945e5c10a4673193e6cf2ddb613cccebb91ab69b8430de00000000000000000000000000000000000000000000000000000000000000
09-21 09:03:18.687 27117 27117 D BleManager: onScanResult: 2D:65:90:55:F7:0C name=null rssi=-41 adv=06ff0100424c4500000000000000000000000000000000000000000000000000000000000000000000000000000000000000000000000000000000000000
09-21 09:03:18.692 27117 27117 D BleManager: onScanResult: 10:B4:1D:CD:23:8E name=SHID-00000001 rssi=-44 adv=0201061107041c8a5e0b6f2a9d8f4c3be701101d9f0e09534849442d30303030303030310000000000000000000000000000000000000000000000000000
09-21 09:03:18.697 27117 27117 D BleManager: onScanResult: 2E:83:EC:13:C9:24 name=null rssi=-51 adv=1eff0600010920024b242bccd629d5e9f1adde87de126c99471ec18f9e9ab600000000000000000000000000000000000000000000000000000000000000
09-21 09:03:18.728 27117 27117 D BleManager: onScanResult: 33:39:FA:EC:16:67 name=null rssi=-42 adv=1eff060001092002346c14103ffcbe3b436a2d09193e3b1b8e18fafd3ebd8f00000000000000000000000000000000000000000000000000000000000000
09-21 09:03:18.733 27117 27117 D BleManager: onScanResult: 2E:02:7B:61:6C:4C name=null rssi=-53 adv=1eff0600010920023a8ed8e3fd9deba59e8c972e82ee225c86aefcda8d15be00000000000000000000000000000000000000000000000000000000000000
09-21 09:03:18.756 27117 27117 D BleManager: onScanResult: 66:D3:81:90:69:F4 name=null rssi=-71 adv=02010217ff8f03181134325a57103041a201152629b564570103020303aafd0916aafd830c33e38082000000000000000000000000000000000000000000
09-21 09:03:18.762 27117 27117 D BleManager: onScanResult: 05:A6:47:29:13:CE name=null rssi=-72 adv=1eff060001092022e006d43fe0c0b9006b038e9df9e874cad75c28b2c958ef00000000000000000000000000000000000000000000000000000000000000
09-21 09:03:18.774 27117 27117 D BleManager: onScanResult: 10:B4:1D:CD:23:8E name=SHID-00000001 rssi=-43 adv=0201061107041c8a5e0b6f2a9d8f4c3be701101d9f0e09534849442d30303030303030310000000000000000000000000000000000000000000000000000
09-21 09:03:18.793 27117 27117 D BleManager: onScanResult: 18:EB:A1:45:D8:CC name=null rssi=-84 adv=1eff060001092002945e5c10a4673193e6cf2ddb613cccebb91ab69b8430de00000000000000000000000000000000000000000000000000000000000000
09-21 09:03:18.798 27117 27117 D BleManager: onScanResult: 2D:65:90:55:F7:0C name=null rssi=-41 adv=06ff0100424c4500000000000000000000000000000000000000000000000000000000000000000000000000000000000000000000000000000000000000
09-21 09:03:18.802 27117 27117 D BleManager: onScanResult: 2E:83:EC:13:C9:24 name=null rssi=-50 adv=1eff0600010920024b242bccd629d5e9f1adde87de126c99471ec18f9e9ab600000000000000000000000000000000000000000000000000000000000000
09-21 09:03:18.851 27117 27117 D BleManager: onScanResult: 05:A6:47:29:13:CE name=null rssi=-69 adv=1eff060001092022e006d43fe0c0b9006b038e9df9e874cad75c28b2c958ef00000000000000000000000000000000000000000000000000000000000000
09-21 09:03:18.855 27117 27117 D BleManager: onScanResult: 66:D3:81:90:69:F4 name=null rssi=-68 adv=02010217ff8f03181134325a57103041a201152629b564570103020303aafd0916aafd830c33e38082000000000000000000000000000000000000000000
09-21 09:03:18.879 27117 27117 D BleManager: onScanResult: 2D:65:90:55:F7:0C name=null rssi=-32 adv=06ff0100424c4500000000000000000000000000000000000000000000000000000000000000000000000000000000000000000000000000000000000000
09-21 09:03:18.884 27117 27117 D BleManager: onScanResult: 2E:83:EC:13:C9:24 name=null rssi=-51 adv=1eff0600010920024b242bccd629d5e9f1adde87de126c99471ec18f9e9ab600000000000000000000000000000000000000000000000000000000000000
09-21 09:03:18.915 27117 27117 D BleManager: onScanResult: 33:39:FA:EC:16:67 name=null rssi=-32 adv=1eff060001092002346c14103ffcbe3b436a2d09193e3b1b8e18fafd3ebd8f00000000000000000000000000000000000000000000000000000000000000
09-21 09:03:18.920 27117 27117 D BleManager: onScanResult: 2E:02:7B:61:6C:4C name=null rssi=-44 adv=1eff0600010920023a8ed8e3fd9deba59e8c972e82ee225c86aefcda8d15be00000000000000000000000000000000000000000000000000000000000000
09-21 09:03:18.924 27117 27117 D BleManager: onScanResult: 10:B4:1D:CD:23:8E name=SHID-00000001 rssi=-35 adv=0201061107041c8a5e0b6f2a9d8f4c3be701101d9f0e09534849442d30303030303030310000000000000000000000000000000000000000000000000000
09-21 09:03:18.967 27117 27117 D BleManager: onScanResult: 05:A6:47:29:13:CE name=null rssi=-75 adv=1eff060001092022e006d43fe0c0b9006b038e9df9e874cad75c28b2c958ef00000000000000000000000000000000000000000000000000000000000000
09-21 09:03:18.973 27117 27117 D BleManager: onScanResult: 2D:65:90:55:F7:0C name=null rssi=-31 adv=06ff0100424c4500000000000000000000000000000000000000000000000000000000000000000000000000000000000000000000000000000000000000
09-21 09:03:18.997 27117 27117 D BleManager: onScanResult: 10:B4:1D:CD:23:8E name=SHID-00000001 rssi=-38 adv=0201061107041c8a5e0b6f2a9d8f4c3be701101d9f0e09534849442d30303030303030310000000000000000000000000000000000000000000000000000
09-21 09:03:19.028 27117 27117 D BleManager: onScanResult: 33:39:FA:EC:16:67 name=null rssi=-32 adv=1eff060001092002346c14103ffcbe3b436a2d09193e3b1b8e18fafd3ebd8f00000000000000000000000000000000000000000000000000000000000000
09-21 09:03:19.034 27117 27117 D BleManager: onScanResult: 2E:02:7B:61:6C:4C name=null rssi=-44 adv=1eff0600010920023a8ed8e3fd9deba59e8c972e82ee225c86aefcda8d15be00000000000000000000000000000000000000000000000000000000000000
09-21 09:03:19.050 27117 27117 D BleManager: onScanResult: 05:A6:47:29:13:CE name=null rssi=-75 adv=1eff060001092022e006d43fe0c0b9006b038e9df9e874cad75c28b2c958ef00000000000000000000000000000000000000000000000000000000000000
09-21 09:03:19.068 27117 27117 D BleManager: onScanResult: 10:B4:1D:CD:23:8E name=SHID-00000001 rssi=-34 adv=0201061107041c8a5e0b6f2a9d8f4c3be701101d9f0e09534849442d30303030303030310000000000000000000000000000000000000000000000000000
09-21 09:03:19.073 27117 27117 D BleManager: onScanResult: 2D:65:90:55:F7:0C name=null rssi=-31 adv=06ff0100424c4500000000000000000000000000000000000000000000000000000000000000000000000000000000000000000000000000000000000000
09-21 09:03:19.112 27117 27117 D BleManager: onScanResult: 2E:83:EC:13:C9:24 name=null rssi=-50 adv=1eff0600010920024b242bccd629d5e9f1adde87de126c99471ec18f9e9ab600000000000000000000000000000000000000000000000000000000000000
09-21 09:03:19.118 27117 27117 D BleManager: onScanResult: 33:39:FA:EC:16:67 name=null rssi=-41 adv=1eff060001092002346c14103ffcbe3b436a2d09193e3b1b8e18fafd3ebd8f00000000000000000000000000000000000000000000000000000000000000
09-21 09:03:19.124 27117 27117 D BleManager: onScanResult: 10:B4:1D:CD:23:8E name=SHID-00000001 rssi=-42 adv=0201061107041c8a5e0b6f2a9d8f4c3be701101d9f0e09534849442d30303030303030310000000000000000000000000000000000000000000000000000
09-21 09:03:19.150 27117 27117 D BleManager: onScanResult: 2E:02:7B:61:6C:4C name=null rssi=-54 adv=1eff0600010920023a8ed8e3fd9deba59e8c972e82ee225c86aefcda8d15be00000000000000000000000000000000000000000000000000000000000000
09-21 09:03:19.155 27117 27117 D BleManager: onScanResult: 66:D3:81:90:69:F4 name=null rssi=-71 adv=02010217ff8f03181134325a57103041a201152629b564570103020303aafd0916aafd830c33e38082000000000000000000000000000000000000000000
09-21 09:03:19.160 27117 27117 D BleManager: onScanResult: 05:A6:47:29:13:CE name=null rssi=-73 adv=1eff060001092022e006d43fe0c0b9006b038e9df9e874cad75c28b2c958ef00000000000000000000000000000000000000000000000000000000000000
09-21 09:03:19.191 27117 27117 D BleManager: onScanResult: 2D:65:90:55:F7:0C name=null rssi=-40 adv=06ff0100424c4500000000000000000000000000000000000000000000000000000000000000000000000000000000000000000000000000000000000000
09-21 09:03:19.196 27117 27117 D BleManager: onScanResult: 18:EB:A1:45:D8:CC name=null rssi=-86 adv=1eff060001092002945e5c10a4673193e6cf2ddb613cccebb91ab69b8430de00000000000000000000000000000000000000000000000000000000000000
09-21 09:03:19.201 27117 27117 D BleManager: onScanResult: 10:B4:1D:CD:23:8E name=SHID-00000001 rssi=-42 adv=0201061107041c8a5e0b6f2a9d8f4c3be701101d9f0e09534849442d30303030303030310000000000000000000000000000000000000000000000000000
09-21 09:03:19.223 27117 27117 D BleManager: onScanResult: 2E:83:EC:13:C9:24 name=null rssi=-51 adv=1eff0600010920024b242bccd629d5e9f1adde87de126c99471ec18f9e9ab600000000000000000000000000000000000000000000000000000000000000
09-21 09:03:19.228 27117 27117 D BleManager: onScanResult: 33:39:FA:EC:16:67 name=null rssi=-41 adv=1eff060001092002346c14103ffcbe3b436a2d09193e3b1b8e18fafd3ebd8f00000000000000000000000000000000000000000000000000000000000000
09-21 09:03:19.257 27117 27117 D BleManager: onScanResult: 2E:02:7B:61:6C:4C name=null rssi=-54 adv=1eff0600010920023a8ed8e3fd9deba59e8c972e82ee225c86aefcda8d15be00000000000000000000000000000000000000000000000000000000000000
09-21 09:03:19.261 27117 27117 D BleManager: onScanResult: 10:B4:1D:CD:23:8E name=SHID-00000001 rssi=-42 adv=0201061107041c8a5e0b6f2a9d8f4c3be701101d9f0e09534849442d30303030303030310000000000000000000000000000000000000000000000000000
09-21 09:03:19.265 27117 27117 D BleManager: onScanResult: 05:A6:47:29:13:CE name=null rssi=-74 adv=1eff060001092022e006d43fe0c0b9006b038e9df9e874cad75c28b2c958ef00000000000000000000000000000000000000000000000000000000000000
09-21 09:03:19.282 27117 27117 D BleManager: onScanResult: 66:D3:81:90:69:F4 name=null rssi=-71 adv=02010217ff8f03181134325a57103041a201152629b564570103020303aafd0916aafd830c33e38082000000000000000000000000000000000000000000
09-21 09:03:19.302 27117 27117 D BleManager: onScanResult: 2D:65:90:55:F7:0C name=null rssi=-37 adv=06ff0100424c4500000000000000000000000000000000000000000000000000000000000000000000000000000000000000000000000000000000000000
09-21 09:03:19.306 27117 27117 D BleManager: onScanResult: 18:EB:A1:45:D8:CC name=null rssi=-84 adv=1eff060001092002945e5c10a4673193e6cf2ddb613cccebb91ab69b8430de00000000000000000000000000000000000000000000000000000000000000
09-21 09:03:19.310 27117 27117 D BleManager: onScanResult: 2E:83:EC:13:C9:24 name=null rssi=-51 adv=1eff0600010920024b242bccd629d5e9f1adde87de126c99471ec18f9e9ab600000000000000000000000000000000000000000000000000000000000000
09-21 09:03:19.336 27117 27117 D BleManager: onScanResult: 10:B4:1D:CD:23:8E name=SHID-00000001 rssi=-43 adv=0201061107041c8a5e0b6f2a9d8f4c3be701101d9f0e09534849442d30303030303030310000000000000000000000000000000000000000000000000000
09-21 09:03:19.340 27117 27117 D BleManager: onScanResult: 33:39:FA:EC:16:67 name=null rssi=-41 adv=1eff060001092002346c14103ffcbe3b436a2d09193e3b1b8e18fafd3ebd8f00000000000000000000000000000000000000000000000000000000000000
09-21 09:03:19.366 27117 27117 D BleManager: onScanResult: 2E:02:7B:61:6C:4C name=null rssi=-54 adv=1eff0600010920023a8ed8e3fd9deba59e8c972e82ee225c86aefcda8d15be00000000000000000000000000000000000000000000000000000000000000
09-21 09:03:19.369 27117 27117 D BleManager: onScanResult: 05:A6:47:29:13:CE name=null rssi=-75 adv=1eff060001092022e006d43fe0c0b9006b038e9df9e874cad75c28b2c958ef00000000000000000000000000000000000000000000000000000000000000
09-21 09:03:19.373 27117 27117 D BleManager: onScanResult: 10:B4:1D:CD:23:8E name=SHID-00000001 rssi=-43 adv=0201061107041c8a5e0b6f2a9d8f4c3be701101d9f0e09534849442d30303030303030310000000000000000000000000000000000000000000000000000
09-21 09:03:19.394 27117 27117 D BleManager: onScanResult: 35:15:02:01:AA:AC name=null rssi=-86 adv=1eff0600010920026b87943be357abfe6a6c26907d23b37a792bf0a9e8c17b00000000000000000000000000000000000000000000000000000000000000
09-21 09:03:19.400 27117 27117 D BleManager: onScanResult: 2D:65:90:55:F7:0C name=null rssi=-36 adv=06ff0100424c4500000000000000000000000000000000000000000000000000000000000000000000000000000000000000000000000000000000000000
09-21 09:03:19.415 27117 27117 D BleManager: onScanResult: 18:EB:A1:45:D8:CC name=null rssi=-85 adv=1eff060001092002945e5c10a4673193e6cf2ddb613cccebb91ab69b8430de00000000000000000000000000000000000000000000000000000000000000
09-21 09:03:19.419 27117 27117 D BleManager: onScanResult: 66:D3:81:90:69:F4 name=null rssi=-70 adv=02010217ff8f03181134325a57103041a201152629b564570103020303aafd0916aafd830c33e38082000000000000000000000000000000000000000000
09-21 09:03:19.443 27117 27117 D BleManager: onScanResult: 33:39:FA:EC:16:67 name=null rssi=-36 adv=1eff060001092002346c14103ffcbe3b436a2d09193e3b1b8e18fafd3ebd8f00000000000000000000000000000000000000000000000000000000000000
09-21 09:03:19.452 27117 27117 D BleManager: onScanResult: 10:B4:1D:CD:23:8E name=SHID-00000001 rssi=-33 adv=0201061107041c8a5e0b6f2a9d8f4c3be701101d9f0e09534849442d30303030303030310000000000000000000000000000000000000000000000000000
09-21 09:03:19.467 27117 27117 D BleManager: onScanResult: 2E:02:7B:61:6C:4C name=null rssi=-49 adv=1eff0600010920023a8ed8e3fd9deba59e8c972e82ee225c86aefcda8d15be00000000000000000000000000000000000000000000000000000000000000
09-21 09:03:19.496 27117 27117 D BleManager: onScanResult: 2D:65:90:55:F7:0C name=null rssi=-32 adv=06ff0100424c4500000000000000000000000000000000000000000000000000000000000000000000000000000000000000000000000000000000000000
09-21 09:03:19.517 27117 27117 D BleManager: onScanResult: 10:B4:1D:CD:23:8E name=SHID-00000001 rssi=-35 adv=0201061107041c8a5e0b6f2a9d8f4c3be701101d9f0e09534849442d30303030303030310000000000000000000000000000000000000000000000000000
09-21 09:03:19.521 27117 27117 D BleManager: onScanResult: 2E:83:EC:13:C9:24 name=null rssi=-52 adv=1eff0600010920024b242bccd629d5e9f1adde87de126c99471ec18f9e9ab600000000000000000000000000000000000000000000000000000000000000
09-21 09:03:19.541 27117 27117 D BleManager: onScanResult: 66:D3:81:90:69:F4 name=null rssi=-58 adv=02010217ff8f03181134325a57103041a201152629b564570103020303aafd0916aafd830c33e38082000000000000000000000000000000000000000000
09-21 09:03:19.562 27117 27117 D BleManager: onScanResult: 33:39:FA:EC:16:67 name=null rssi=-32 adv=1eff060001092002346c14103ffcbe3b436a2d09193e3b1b8e18fafd3ebd8f00000000000000000000000000000000000000000000000000000000000000
09-21 09:03:19.566 27117 27117 D BleManager: onScanResult: 2E:02:7B:61:6C:4C name=null rssi=-44 adv=1eff0600010920023a8ed8e3fd9deba59e8c972e82ee225c86aefcda8d15be00000000000000000000000000000000000000000000000000000000000000
09-21 09:03:19.576 27117 27117 D BleManager: onScanResult: 05:A6:47:29:13:CE name=null rssi=-75 adv=1eff060001092022e006d43fe0c0b9006b038e9df9e874cad75c28b2c958ef00000000000000000000000000000000000000000000000000000000000000
09-21 09:03:19.595 27117 27117 D BleManager: onScanResult: 10:B4:1D:CD:23:8E name=SHID-00000001 rssi=-35 adv=0201061107041c8a5e0b6f2a9d8f4c3be701101d9f0e09534849442d30303030303030310000000000000000000000000000000000000000000000000000
09-21 09:03:19.598 27117 27117 D BleManager: onScanResult: 2D:65:90:55:F7:0C name=null rssi=-32 adv=06ff0100424c4500000000000000000000000000000000000000000000000000000000000000000000000000000000000000000000000000000000000000
09-21 09:03:19.629 27117 27117 D BleManager: onScanResult: 2E:83:EC:13:C9:24 name=null rssi=-52 adv=1eff0600010920024b242bccd629d5e9f1adde87de126c99471ec18f9e9ab600000000000000000000000000000000000000000000000000000000000000
09-21 09:03:19.635 27117 27117 D BleManager: onScanResult: 10:B4:1D:CD:23:8E name=SHID-00000001 rssi=-35 adv=0201061107041c8a5e0b6f2a9d8f4c3be701101d9f0e09534849442d30303030303030310000000000000000000000000000000000000000000000000000
09-21 09:03:19.641 27117 27117 D BleManager: onScanResult: 33:39:FA:EC:16:67 name=null rssi=-32 adv=1eff060001092002346c14103ffcbe3b436a2d09193e3b1b8e18fafd3ebd8f00000000000000000000000000000000000000000000000000000000000000
09-21 09:03:19.662 27117 27117 D BleManager: onScanResult: 2E:02:7B:61:6C:4C name=null rssi=-44 adv=1eff0600010920023a8ed8e3fd9deba59e8c972e82ee225c86aefcda8d15be00000000000000000000000000000000000000000000000000000000000000
09-21 09:03:19.668 27117 27117 D BleManager: onScanResult: 66:D3:81:90:69:F4 name=null rssi=-58 adv=02010217ff8f03181134325a57103041a201152629b564570103020303aafd0916aafd830c33e38082000000000000000000000000000000000000000000
09-21 09:03:19.674 27117 27117 D BleManager: onScanResult: 05:A6:47:29:13:CE name=null rssi=-74 adv=1eff060001092022e006d43fe0c0b9006b038e9df9e874cad75c28b2c958ef00000000000000000000000000000000000000000000000000000000000000
09-21 09:03:19.706 27117 27117 D BleManager: onScanResult: 2D:65:90:55:F7:0C name=null rssi=-31 adv=06ff0100424c4500000000000000000000000000000000000000000000000000000000000000000000000000000000000000000000000000000000000000
09-21 09:03:19.724 27117 27117 D BleManager: onScanResult: 10:B4:1D:CD:23:8E name=SHID-00000001 rssi=-38 adv=0201061107041c8a5e0b6f2a9d8f4c3be701101d9f0e09534849442d30303030303030310000000000000000000000000000000000000000000000000000
09-21 09:03:19.748 27117 27117 D BleManager: onScanResult: 2E:83:EC:13:C9:24 name=null rssi=-51 adv=1eff0600010920024b242bccd629d5e9f1adde87de126c99471ec18f9e9ab600000000000000000000000000000000000000000000000000000000000000
09-21 09:03:19.753 27117 27117 D BleManager: onScanResult: 33:39:FA:EC:16:67 name=null rssi=-40 adv=1eff060001092002346c14103ffcbe3b436a2d09193e3b1b8e18fafd3ebd8f00000000000000000000000000000000000000000000000000000000000000
09-21 09:03:19.774 27117 27117 D BleManager: onScanResult: 10:B4:1D:CD:23:8E name=SHID-00000001 rssi=-45 adv=0201061107041c8a5e0b6f2a9d8f4c3be701101d9f0e09534849442d30303030303030310000000000000000000000000000000000000000000000000000
09-21 09:03:19.799 27117 27117 D BleManager: onScanResult: 05:A6:47:29:13:CE name=null rssi=-74 adv=1eff060001092022e006d43fe0c0b9006b038e9df9e874cad75c28b2c958ef00000000000000000000000000000000000000000000000000000000000000
09-21 09:03:19.802 27117 27117 D BleManager: onScanResult: 2D:65:90:55:F7:0C name=null rssi=-37 adv=06ff0100424c4500000000000000000000000000000000000000000000000000000000000000000000000000000000000000000000000000000000000000
09-21 09:03:19.806 27117 27117 D BleManager: onScanResult: 66:D3:81:90:69:F4 name=null rssi=-70 adv=02010217ff8f03181134325a57103041a201152629b564570103020303aafd0916aafd830c33e38082000000000000000000000000000000000000000000
09-21 09:03:19.820 27117 27117 D BleManager: onScanResult: 18:EB:A1:45:D8:CC name=null rssi=-86 adv=1eff060001092002945e5c10a4673193e6cf2ddb613cccebb91ab69b8430de00000000000000000000000000000000000000000000000000000000000000
09-21 09:03:19.824 27117 27117 D BleManager: onScanResult: 2E:83:EC:13:C9:24 name=null rssi=-51 adv=1eff0600010920024b242bccd629d5e9f1adde87de126c99471ec18f9e9ab600000000000000000000000000000000000000000000000000000000000000
09-21 09:03:19.834 27117 27117 D BleManager: onScanResult: 10:B4:1D:CD:23:8E name=SHID-00000001 rssi=-43 adv=0201061107041c8a5e0b6f2a9d8f4c3be701101d9f0e09534849442d30303030303030310000000000000000000000000000000000000000000000000000
09-21 09:03:19.867 27117 27117 D BleManager: onScanResult: 33:39:FA:EC:16:67 name=null rssi=-41 adv=1eff060001092002346c14103ffcbe3b436a2d09193e3b1b8e18fafd3ebd8f00000000000000000000000000000000000000000000000000000000000000
09-21 09:03:19.875 27117 27117 D BleManager: onScanResult: 2E:02:7B:61:6C:4C name=null rssi=-54 adv=1eff0600010920023a8ed8e3fd9deba59e8c972e82ee225c86aefcda8d15be00000000000000000000000000000000000000000000000000000000000000
09-21 09:03:19.894 27117 27117 D BleManager: onScanResult: 10:B4:1D:CD:23:8E name=SHID-00000001 rssi=-43 adv=0201061107041c8a5e0b6f2a9d8f4c3be701101d9f0e09534849442d30303030303030310000000000000000000000000000000000000000000000000000
09-21 09:03:19.912 27117 27117 D BleManager: onScanResult: 05:A6:47:29:13:CE name=null rssi=-71 adv=1eff060001092022e006d43fe0c0b9006b038e9df9e874cad75c28b2c958ef00000000000000000000000000000000000000000000000000000000000000
09-21 09:03:19.916 27117 27117 D BleManager: onScanResult: 2D:65:90:55:F7:0C name=null rssi=-36 adv=06ff0100424c4500000000000000000000000000000000000000000000000000000000000000000000000000000000000000000000000000000000000000
09-21 09:03:19.932 27117 27117 D BleManager: onScanResult: 18:EB:A1:45:D8:CC name=null rssi=-82 adv=1eff060001092002945e5c10a4673193e6cf2ddb613cccebb91ab69b8430de00000000000000000000000000000000000000000000000000000000000000
09-21 09:03:19.936 27117 27117 D BleManager: onScanResult: 2E:83:EC:13:C9:24 name=null rssi=-51 adv=1eff0600010920024b242bccd629d5e9f1adde87de126c99471ec18f9e9ab600000000000000000000000000000000000000000000000000000000000000
09-21 09:03:19.958 27117 27117 D BleManager: onScanResult: 64:26:7C:73:C9:34 name=null rssi=-80 adv=1eff0600010920027e4fd597ca4a93ee28737d1e02c971686b50a3d6cbe8f100000000000000000000000000000000000000000000000000000000000000
09-21 09:03:19.962 27117 27117 D BleManager: onScanResult: 66:D3:81:90:69:F4 name=null rssi=-68 adv=02010217ff8f03181134325a57103041a201152629b564570103020303aafd0916aafd830c33e38082000000000000000000000000000000000000000000
09-21 09:03:19.997 27117 27117 D BleManager: onScanResult: 2E:02:7B:61:6C:4C name=null rssi=-49 adv=1eff0600010920023a8ed8e3fd9deba59e8c972e82ee225c86aefcda8d15be00000000000000000000000000000000000000000000000000000000000000
09-21 09:03:20.000 27117 27117 D BleManager: onScanResult: 05:A6:47:29:13:CE name=null rssi=-70 adv=1eff060001092022e006d43fe0c0b9006b038e9df9e874cad75c28b2c958ef00000000000000000000000000000000000000000000000000000000000000
09-21 09:03:20.015 27117 27117 D BleManager: onScanResult: 2D:65:90:55:F7:0C name=null rssi=-36 adv=06ff0100424c4500000000000000000000000000000000000000000000000000000000000000000000000000000000000000000000000000000000000000
09-21 09:03:20.025 27117 27117 D BleManager: onScanResult: 10:B4:1D:CD:23:8E name=SHID-00000001 rssi=-33 adv=0201061107041c8a5e0b6f2a9d8f4c3be701101d9f0e09534849442d30303030303030310000000000000000000000000000000000000000000000000000
09-21 09:03:20.029 27117 27117 D BleManager: onScanResult: 18:EB:A1:45:D8:CC name=null rssi=-77 adv=1eff060001092002945e5c10a4673193e6cf2ddb613cccebb91ab69b8430de00000000000000000000000000000000000000000000000000000000000000
09-21 09:03:20.042 27117 27117 D BleManager: onScanResult: 2E:83:EC:13:C9:24 name=null rssi=-51 adv=1eff0600010920024b242bccd629d5e9f1adde87de126c99471ec18f9e9ab600000000000000000000000000000000000000000000000000000000000000
09-21 09:03:20.046 27117 27117 D BleManager: onScanResult: 64:26:7C:73:C9:34 name=null rssi=-81 adv=1eff0600010920027e4fd597ca4a93ee28737d1e02c971686b50a3d6cbe8f100000000000000000000000000000000000000000000000000000000000000
09-21 09:03:20.051 27117 27117 D BleManager: onScanResult: 4D:30:DC:B0:28:A9 name=null rssi=-57 adv=02011a0dff4c001608004fa2dd5955636a000000000000000000000000000000000000000000000000000000000000000000000000000000000000000000
09-21 09:03:20.085 27117 27117 D BleManager: onScanResult: 2E:02:7B:61:6C:4C name=null rssi=-44 adv=1eff0600010920023a8ed8e3fd9deba59e8c972e82ee225c86aefcda8d15be00000000000000000000000000000000000000000000000000000000000000
09-21 09:03:20.090 27117 27117 D BleManager: onScanResult: 10:B4:1D:CD:23:8E name=SHID-00000001 rssi=-35 adv=0201061107041c8a5e0b6f2a9d8f4c3be701101d9f0e09534849442d30303030303030310000000000000000000000000000000000000000000000000000
09-21 09:03:20.114 27117 27117 D BleManager: onScanResult: 66:D3:81:90:69:F4 name=null rssi=-58 adv=02010217ff8f03181134325a57103041a201152629b564570103020303aafd0916aafd830c33e38082000000000000000000000000000000000000000000
09-21 09:03:20.118 27117 27117 D BleManager: onScanResult: 05:A6:47:29:13:CE name=null rssi=-75 adv=1eff060001092022e006d43fe0c0b9006b038e9df9e874cad75c28b2c958ef00000000000000000000000000000000000000000000000000000000000000
09-21 09:03:20.142 27117 27117 D BleManager: onScanResult: 2D:65:90:55:F7:0C name=null rssi=-33 adv=06ff0100424c4500000000000000000000000000000000000000000000000000000000000000000000000000000000000000000000000000000000000000
09-21 09:03:20.146 27117 27117 D BleManager: onScanResult: 2E:83:EC:13:C9:24 name=null rssi=-52 adv=1eff0600010920024b242bccd629d5e9f1adde87de126c99471ec18f9e9ab600000000000000000000000000000000000000000000000000000000000000
09-21 09:03:20.158 27117 27117 D BleManager: onScanResult: 10:B4:1D:CD:23:8E name=SHID-00000001 rssi=-34 adv=0201061107041c8a5e0b6f2a9d8f4c3be701101d9f0e09534849442d30303030303030310000000000000000000000000000000000000000000000000000
09-21 09:03:20.181 27117 27117 D BleManager: onScanResult: 33:39:FA:EC:16:67 name=null rssi=-32 adv=1eff060001092002346c14103ffcbe3b436a2d09193e3b1b8e18fafd3ebd8f00000000000000000000000000000000000000000000000000000000000000
09-21 09:03:20.185 27117 27117 D BleManager: onScanResult: 2E:02:7B:61:6C:4C name=null rssi=-44 adv=1eff0600010920023a8ed8e3fd9deba59e8c972e82ee225c86aefcda8d15be00000000000000000000000000000000000000000000000000000000000000
09-21 09:03:20.204 27117 27117 D BleManager: onScanResult: 10:B4:1D:CD:23:8E name=SHID-00000001 rssi=-34 adv=0201061107041c8a5e0b6f2a9d8f4c3be701101d9f0e09534849442d30303030303030310000000000000000000000000000000000000000000000000000
09-21 09:03:20.221 27117 27117 D BleManager: onScanResult: 05:A6:47:29:13:CE name=null rssi=-74 adv=1eff060001092022e006d43fe0c0b9006b038e9df9e874cad75c28b2c958ef00000000000000000000000000000000000000000000000000000000000000
09-21 09:03:20.225 27117 27117 D BleManager: onScanResult: 66:D3:81:90:69:F4 name=null rssi=-57 adv=02010217ff8f03181134325a57103041a201152629b564570103020303aafd0916aafd830c33e38082000000000000000000000000000000000000000000
09-21 09:03:20.228 27117 27117 D BleManager: onScanResult: 2D:65:90:55:F7:0C name=null rssi=-32 adv=06ff0100424c4500000000000000000000000000000000000000000000000000000000000000000000000000000000000000000000000000000000000000
