--------- beginning of main
09-21 08:55:03.480 24564 24564 I BleManager: Scan started
09-21 08:55:03.570 24564 24564 D BleManager: onScanResult: 04:6B:B1:1B:DF:E8 name=null rssi=-72
09-21 08:55:03.574 24564 24564 D BleManager: onScanResult: 10:AA:72:98:B0:DC name=null rssi=-52
09-21 08:55:03.575 24564 24564 D BleManager: onScanResult: 02:66:CE:90:9C:15 name=null rssi=-49
09-21 08:55:03.577 24564 24564 D BleManager: onScanResult: 33:39:FA:EC:16:67 name=null rssi=-36
09-21 08:55:03.744 24564 24564 D BleManager: onScanResult: 10:B4:1D:CD:23:8E name=SHID-00000001 rssi=-33
09-21 08:55:03.782 24564 24564 D BleManager: onScanResult: 10:B4:1D:CD:23:8E name=SHID-00000001 rssi=-35
09-21 08:55:03.784 24564 24564 D BleManager: onScanResult: 02:66:CE:90:9C:15 name=null rssi=-44
09-21 08:55:03.786 24564 24564 D BleManager: onScanResult: 04:6B:B1:1B:DF:E8 name=null rssi=-68
09-21 08:55:03.787 24564 24564 D BleManager: onScanResult: 66:D3:81:90:69:F4 name=null rssi=-55
09-21 08:55:03.788 24564 24564 D BleManager: onScanResult: 10:AA:72:98:B0:DC name=null rssi=-52
09-21 08:55:03.790 24564 24564 D BleManager: onScanResult: 33:39:FA:EC:16:67 name=null rssi=-33
09-21 08:55:03.791 24564 24564 D BleManager: onScanResult: 10:B4:1D:CD:23:8E name=SHID-00000001 rssi=-35
09-21 08:55:03.793 24564 24564 D BleManager: onScanResult: 71:2E:37:06:B4:6E name=null rssi=-74
09-21 08:55:03.833 24564 24564 D BleManager: onScanResult: 02:66:CE:90:9C:15 name=null rssi=-44
09-21 08:55:03.835 24564 24564 D BleManager: onScanResult: 04:6B:B1:1B:DF:E8 name=null rssi=-68
09-21 08:55:03.836 24564 24564 D BleManager: onScanResult: 33:39:FA:EC:16:67 name=null rssi=-33
09-21 08:55:03.838 24564 24564 D BleManager: onScanResult: 10:B4:1D:CD:23:8E name=SHID-00000001 rssi=-38
09-21 08:55:03.840 24564 24564 D BleManager: onScanResult: 10:AA:72:98:B0:DC name=null rssi=-52
09-21 08:55:03.841 24564 24564 D BleManager: onScanResult: 66:D3:81:90:69:F4 name=null rssi=-55
09-21 08:55:03.857 24564 24564 D BleManager: onScanResult: 10:B4:1D:CD:23:8E name=SHID-00000001 rssi=-35
09-21 08:55:03.915 24564 24564 D BleManager: onScanResult: 02:66:CE:90:9C:15 name=null rssi=-51
09-21 08:55:03.916 24564 24564 D BleManager: onScanResult: 04:6B:B1:1B:DF:E8 name=null rssi=-72
09-21 08:55:03.918 24564 24564 D BleManager: onScanResult: 10:AA:72:98:B0:DC name=null rssi=-50
09-21 08:55:03.919 24564 24564 D BleManager: onScanResult: 33:39:FA:EC:16:67 name=null rssi=-41
09-21 08:55:03.920 24564 24564 D BleManager: onScanResult: 10:B4:1D:CD:23:8E name=SHID-00000001 rssi=-43
09-21 08:55:03.976 24564 24564 D BleManager: onScanResult: 02:66:CE:90:9C:15 name=null rssi=-50
09-21 08:55:04.005 24564 24564 D BleManager: onScanResult: 10:B4:1D:CD:23:8E name=SHID-00000001 rssi=-43
09-21 08:55:04.007 24564 24564 D BleManager: onScanResult: 10:AA:72:98:B0:DC name=null rssi=-50
09-21 08:55:04.036 24564 24564 D BleManager: onScanResult: 71:2E:37:06:B4:6E name=null rssi=-61
09-21 08:55:04.069 24564 24564 D BleManager: onScanResult: 10:B4:1D:CD:23:8E name=SHID-00000001 rssi=-43
09-21 08:55:04.086 24564 24564 D BleManager: onScanResult: 66:D3:81:90:69:F4 name=null rssi=-67
09-21 08:55:04.122 24564 24564 D BleManager: onScanResult: 02:66:CE:90:9C:15 name=null rssi=-51
09-21 08:55:04.124 24564 24564 D BleManager: onScanResult: 10:AA:72:98:B0:DC name=null rssi=-50
09-21 08:55:04.125 24564 24564 D BleManager: onScanResult: 33:39:FA:EC:16:67 name=null rssi=-41
09-21 08:55:04.126 24564 24564 D BleManager: onScanResult: 04:6B:B1:1B:DF:E8 name=null rssi=-73
09-21 08:55:04.127 24564 24564 D BleManager: onScanResult: 10:B4:1D:CD:23:8E name=SHID-00000001 rssi=-43
09-21 08:55:04.170 24564 24564 D BleManager: onScanResult: 08:95:AC:17:65:18 name=null rssi=-85
09-21 08:55:04.173 24564 24564 D BleManager: onScanResult: 3C:C8:2E:46:B7:FA name=null rssi=-87
09-21 08:55:04.176 24564 24564 D BleManager: onScanResult: 10:B4:1D:CD:23:8E name=SHID-00000001 rssi=-43
09-21 08:55:04.207 24564 24564 D BleManager: onScanResult: 02:66:CE:90:9C:15 name=null rssi=-51
09-21 08:55:04.219 24564 24564 D BleManager: onScanResult: 10:AA:72:98:B0:DC name=null rssi=-52
09-21 08:55:04.226 24564 24564 D BleManager: onScanResult: 66:D3:81:90:69:F4 name=null rssi=-65
09-21 08:55:04.228 24564 24564 D BleManager: onScanResult: 33:39:FA:EC:16:67 name=null rssi=-39
09-21 08:55:04.229 24564 24564 D BleManager: onScanResult: 04:6B:B1:1B:DF:E8 name=null rssi=-72
09-21 08:55:04.231 24564 24564 D BleManager: onScanResult: 74:37:4B:C1:55:90 name=null rssi=-84
09-21 08:55:04.302 24564 24564 D BleManager: onScanResult: 02:66:CE:90:9C:15 name=null rssi=-44
09-21 08:55:04.304 24564 24564 D BleManager: onScanResult: 10:AA:72:98:B0:DC name=null rssi=-52
09-21 08:55:04.337 24564 24564 D BleManager: onScanResult: 33:39:FA:EC:16:67 name=null rssi=-33
09-21 08:55:04.340 24564 24564 D BleManager: onScanResult: 10:B4:1D:CD:23:8E name=SHID-00000001 rssi=-35
09-21 08:55:04.341 24564 24564 D BleManager: onScanResult: 74:37:4B:C1:55:90 name=null rssi=-85
09-21 08:55:04.406 24564 24564 D BleManager: onScanResult: 66:D3:81:90:69:F4 name=null rssi=-55
09-21 08:55:04.408 24564 24564 D BleManager: onScanResult: 10:B4:1D:CD:23:8E name=SHID-00000001 rssi=-35
09-21 08:55:04.409 24564 24564 D BleManager: onScanResult: 02:66:CE:90:9C:15 name=null rssi=-45
09-21 08:55:04.439 24564 24564 D BleManager: onScanResult: 10:AA:72:98:B0:DC name=null rssi=-51
09-21 08:55:04.441 24564 24564 D BleManager: onScanResult: 33:39:FA:EC:16:67 name=null rssi=-40
09-21 08:55:04.472 24564 24564 D BleManager: onScanResult: 04:6B:B1:1B:DF:E8 name=null rssi=-72
09-21 08:55:04.475 24564 24564 D BleManager: onScanResult: 10:B4:1D:CD:23:8E name=SHID-00000001 rssi=-42
09-21 08:55:04.501 24564 24564 D BleManager: onScanResult: 08:95:AC:17:65:18 name=null rssi=-81
09-21 08:55:04.502 24564 24564 D BleManager: onScanResult: 66:D3:81:90:69:F4 name=null rssi=-67
09-21 08:55:04.504 24564 24564 D BleManager: onScanResult: 02:66:CE:90:9C:15 name=null rssi=-51
09-21 08:55:04.529 24564 24564 D BleManager: onScanResult: 10:B4:1D:CD:23:8E name=SHID-00000001 rssi=-43
09-21 08:55:04.531 24564 24564 D BleManager: onScanResult: 10:AA:72:98:B0:DC name=null rssi=-50
09-21 08:55:04.533 24564 24564 D BleManager: onScanResult: 33:39:FA:EC:16:67 name=null rssi=-41
09-21 08:55:04.579 24564 24564 D BleManager: onScanResult: 04:6B:B1:1B:DF:E8 name=null rssi=-72
09-21 08:55:04.580 24564 24564 D BleManager: onScanResult: 10:B4:1D:CD:23:8E name=SHID-00000001 rssi=-43
09-21 08:55:04.581 24564 24564 D BleManager: onScanResult: 08:95:AC:17:65:18 name=null rssi=-81
09-21 08:55:04.593 24564 24564 D BleManager: onScanResult: 3C:C8:2E:46:B7:FA name=null rssi=-89
09-21 08:55:04.613 24564 24564 D BleManager: onScanResult: 71:2E:37:06:B4:6E name=null rssi=-61
09-21 08:55:04.615 24564 24564 D BleManager: onScanResult: 02:66:CE:90:9C:15 name=null rssi=-51
09-21 08:55:04.625 24564 24564 D BleManager: onScanResult: 10:AA:72:98:B0:DC name=null rssi=-50
09-21 08:55:04.627 24564 24564 D BleManager: onScanResult: 66:D3:81:90:69:F4 name=null rssi=-67
09-21 08:55:04.628 24564 24564 D BleManager: onScanResult: 33:39:FA:EC:16:67 name=null rssi=-38
09-21 08:55:04.648 24564 24564 D BleManager: onScanResult: 10:B4:1D:CD:23:8E name=SHID-00000001 rssi=-43
09-21 08:55:04.690 24564 24564 D BleManager: onScanResult: 08:95:AC:17:65:18 name=null rssi=-83
09-21 08:55:04.691 24564 24564 D BleManager: onScanResult: 3C:C8:2E:46:B7:FA name=null rssi=-89
09-21 08:55:04.718 24564 24564 D BleManager: onScanResult: 10:B4:1D:CD:23:8E name=SHID-00000001 rssi=-42
09-21 08:55:04.750 24564 24564 D BleManager: onScanResult: 02:66:CE:90:9C:15 name=null rssi=-51
09-21 08:55:04.752 24564 24564 D BleManager: onScanResult: 10:AA:72:98:B0:DC name=null rssi=-50
09-21 08:55:04.765 24564 24564 D BleManager: onScanResult: 33:39:FA:EC:16:67 name=null rssi=-38
09-21 08:55:04.766 24564 24564 D BleManager: onScanResult: 04:6B:B1:1B:DF:E8 name=null rssi=-71
09-21 08:55:04.788 24564 24564 D BleManager: onScanResult: 66:D3:81:90:69:F4 name=null rssi=-68
09-21 08:55:04.803 24564 24564 D BleManager: onScanResult: 10:B4:1D:CD:23:8E name=SHID-00000001 rssi=-43
09-21 08:55:04.831 24564 24564 D BleManager: onScanResult: 02:66:CE:90:9C:15 name=null rssi=-51
09-21 08:55:04.867 24564 24564 D BleManager: onScanResult: 04:6B:B1:1B:DF:E8 name=null rssi=-73
09-21 08:55:04.895 24564 24564 D BleManager: onScanResult: 71:2E:37:06:B4:6E name=null rssi=-59
09-21 08:55:04.925 24564 24564 D BleManager: onScanResult: 10:B4:1D:CD:23:8E name=SHID-00000001 rssi=-35
09-21 08:55:04.927 24564 24564 D BleManager: onScanResult: 02:66:CE:90:9C:15 name=null rssi=-44
09-21 08:55:04.928 24564 24564 D BleManager: onScanResult: 10:AA:72:98:B0:DC name=null rssi=-52
09-21 08:55:04.952 24564 24564 D BleManager: onScanResult: 33:39:FA:EC:16:67 name=null rssi=-33
09-21 08:55:04.954 24564 24564 D BleManager: onScanResult: CA:98:FC:93:8D:F1 name=null rssi=-68
09-21 08:55:04.985 24564 24564 D BleManager: onScanResult: 4D:30:DC:B0:28:A9 name=null rssi=-67
09-21 08:55:04.986 24564 24564 D BleManager: onScanResult: 04:6B:B1:1B:DF:E8 name=null rssi=-68
09-21 08:55:04.987 24564 24564 D BleManager: onScanResult: 10:B4:1D:CD:23:8E name=SHID-00000001 rssi=-38
09-21 08:55:05.050 24564 24564 D BleManager: onScanResult: 02:66:CE:90:9C:15 name=null rssi=-44
09-21 08:55:05.053 24564 24564 D BleManager: onScanResult: 66:D3:81:90:69:F4 name=null rssi=-55
09-21 08:55:05.055 24564 24564 D BleManager: onScanResult: 10:B4:1D:CD:23:8E name=SHID-00000001 rssi=-35
09-21 08:55:05.056 24564 24564 D BleManager: onScanResult: 10:AA:72:98:B0:DC name=null rssi=-53
09-21 08:55:05.080 24564 24564 D BleManager: onScanResult: 33:39:FA:EC:16:67 name=null rssi=-33
09-21 08:55:05.083 24564 24564 D BleManager: onScanResult: 04:6B:B1:1B:DF:E8 name=null rssi=-69
09-21 08:55:05.108 24564 24564 D BleManager: onScanResult: 10:B4:1D:CD:23:8E name=SHID-00000001 rssi=-35
09-21 08:55:05.136 24564 24564 D BleManager: onScanResult: 02:66:CE:90:9C:15 name=null rssi=-44
09-21 08:55:05.137 24564 24564 D BleManager: onScanResult: 33:39:FA:EC:16:67 name=null rssi=-32
09-21 08:55:05.164 24564 24564 D BleManager: onScanResult: 10:AA:72:98:B0:DC name=null rssi=-52
09-21 08:55:05.166 24564 24564 D BleManager: onScanResult: 71:2E:37:06:B4:6E name=null rssi=-68
09-21 08:55:05.168 24564 24564 D BleManager: onScanResult: 66:D3:81:90:69:F4 name=null rssi=-57
09-21 08:55:05.208 24564 24564 D BleManager: onScanResult: 10:B4:1D:CD:23:8E name=SHID-00000001 rssi=-34
09-21 08:55:05.211 24564 24564 D BleManager: onScanResult: 04:6B:B1:1B:DF:E8 name=null rssi=-69
09-21 08:55:05.239 24564 24564 D BleManager: onScanResult: 10:B4:1D:CD:23:8E name=SHID-00000001 rssi=-38
09-21 08:55:05.264 24564 24564 D BleManager: onScanResult: 02:66:CE:90:9C:15 name=null rssi=-44
09-21 08:55:05.277 24564 24564 D BleManager: onScanResult: 33:39:FA:EC:16:67 name=null rssi=-32
09-21 08:55:05.288 24564 24564 D BleManager: onScanResult: 10:AA:72:98:B0:DC name=null rssi=-52
09-21 08:55:05.289 24564 24564 D BleManager: onScanResult: 04:6B:B1:1B:DF:E8 name=null rssi=-69
09-21 08:55:05.333 24564 24564 D BleManager: onScanResult: 02:66:CE:90:9C:15 name=null rssi=-44
09-21 08:55:05.354 24564 24564 D BleManager: onScanResult: 33:39:FA:EC:16:67 name=null rssi=-33
09-21 08:55:05.357 24564 24564 D BleManager: onScanResult: 10:B4:1D:CD:23:8E name=SHID-00000001 rssi=-35
09-21 08:55:05.359 24564 24564 D BleManager: onScanResult: 10:AA:72:98:B0:DC name=null rssi=-52
09-21 08:55:05.413 24564 24564 D BleManager: onScanResult: 04:6B:B1:1B:DF:E8 name=null rssi=-68
09-21 08:55:05.447 24564 24564 D BleManager: onScanResult: 71:2E:37:06:B4:6E name=null rssi=-67
09-21 08:55:05.451 24564 24564 D BleManager: onScanResult: 10:B4:1D:CD:23:8E name=SHID-00000001 rssi=-38
09-21 08:55:05.452 24564 24564 D BleManager: onScanResult: 66:D3:81:90:69:F4 name=null rssi=-58
09-21 08:55:05.454 24564 24564 D BleManager: onScanResult: 02:66:CE:90:9C:15 name=null rssi=-44
09-21 08:55:05.487 24564 24564 D BleManager: onScanResult: 33:39:FA:EC:16:67 name=null rssi=-41
09-21 08:55:05.489 24564 24564 D BleManager: onScanResult: 10:AA:72:98:B0:DC name=null rssi=-49
09-21 08:55:05.561 24564 24564 D BleManager: onScanResult: 02:66:CE:90:9C:15 name=null rssi=-49
09-21 08:55:05.563 24564 24564 D BleManager: onScanResult: 10:B4:1D:CD:23:8E name=SHID-00000001 rssi=-33
09-21 08:55:05.565 24564 24564 D BleManager: onScanResult: 33:39:FA:EC:16:67 name=null rssi=-36
09-21 08:55:05.587 24564 24564 D BleManager: onScanResult: 10:AA:72:98:B0:DC name=null rssi=-52
09-21 08:55:05.616 24564 24564 D BleManager: onScanResult: 66:D3:81:90:69:F4 name=null rssi=-67
09-21 08:55:05.618 24564 24564 D BleManager: onScanResult: 74:37:4B:C1:55:90 name=null rssi=-83
09-21 08:55:05.619 24564 24564 D BleManager: onScanResult: 04:6B:B1:1B:DF:E8 name=null rssi=-74
09-21 08:55:05.650 24564 24564 D BleManager: onScanResult: 10:B4:1D:CD:23:8E name=SHID-00000001 rssi=-33
09-21 08:55:05.652 24564 24564 D BleManager: onScanResult: 08:95:AC:17:65:18 name=null rssi=-78
09-21 08:55:05.683 24564 24564 D BleManager: onScanResult: 02:66:CE:90:9C:15 name=null rssi=-49
09-21 08:55:05.685 24564 24564 D BleManager: onScanResult: 33:39:FA:EC:16:67 name=null rssi=-38
09-21 08:55:05.687 24564 24564 D BleManager: onScanResult: 10:AA:72:98:B0:DC name=null rssi=-52
09-21 08:55:05.715 24564 24564 D BleManager: onScanResult: 10:B4:1D:CD:23:8E name=SHID-00000001 rssi=-33
09-21 08:55:05.716 24564 24564 D BleManager: onScanResult: 74:37:4B:C1:55:90 name=null rssi=-82
09-21 08:55:05.717 24564 24564 D BleManager: onScanResult: 71:2E:37:06:B4:6E name=null rssi=-58
09-21 08:55:05.718 24564 24564 D BleManager: onScanResult: 66:D3:81:90:69:F4 name=null rssi=-67
09-21 08:55:05.749 24564 24564 D BleManager: onScanResult: 04:6B:B1:1B:DF:E8 name=null rssi=-73
09-21 08:55:05.751 24564 24564 D BleManager: onScanResult: 08:95:AC:17:65:18 name=null rssi=-79
09-21 08:55:05.760 24564 24564 D BleManager: onScanResult: 10:B4:1D:CD:23:8E name=SHID-00000001 rssi=-33
09-21 08:55:05.784 24564 24564 D BleManager: onScanResult: 02:66:CE:90:9C:15 name=null rssi=-49
09-21 08:55:05.786 24564 24564 D BleManager: onScanResult: 33:39:FA:EC:16:67 name=null rssi=-36
09-21 08:55:05.813 24564 24564 D BleManager: onScanResult: 10:AA:72:98:B0:DC name=null rssi=-52
09-21 08:55:05.816 24564 24564 D BleManager: onScanResult: 10:B4:1D:CD:23:8E name=SHID-00000001 rssi=-33
09-21 08:55:05.817 24564 24564 D BleManager: onScanResult: 04:6B:B1:1B:DF:E8 name=null rssi=-73
09-21 08:55:05.867 24564 24564 D BleManager: onScanResult: 02:66:CE:90:9C:15 name=null rssi=-49
09-21 08:55:05.869 24564 24564 D BleManager: onScanResult: 33:39:FA:EC:16:67 name=null rssi=-39
09-21 08:55:05.900 24564 24564 D BleManager: onScanResult: 10:AA:72:98:B0:DC name=null rssi=-52
09-21 08:55:05.902 24564 24564 D BleManager: onScanResult: 10:B4:1D:CD:23:8E name=SHID-00000001 rssi=-32
09-21 08:55:05.904 24564 24564 D BleManager: onScanResult: 74:37:4B:C1:55:90 name=null rssi=-84
09-21 08:55:05.937 24564 24564 D BleManager: onScanResult: 04:6B:B1:1B:DF:E8 name=null rssi=-73
09-21 08:55:05.969 24564 24564 D BleManager: onScanResult: 10:B4:1D:CD:23:8E name=SHID-00000001 rssi=-35
09-21 08:55:05.971 24564 24564 D BleManager: onScanResult: 02:66:CE:90:9C:15 name=null rssi=-44
09-21 08:55:05.980 24564 24564 D BleManager: onScanResult: 71:2E:37:06:B4:6E name=null rssi=-68
09-21 08:55:06.010 24564 24564 D BleManager: onScanResult: 10:AA:72:98:B0:DC name=null rssi=-52
09-21 08:55:06.013 24564 24564 D BleManager: onScanResult: 74:37:4B:C1:55:90 name=null rssi=-84
09-21 08:55:06.014 24564 24564 D BleManager: onScanResult: 10:B4:1D:CD:23:8E name=SHID-00000001 rssi=-35
09-21 08:55:06.054 24564 24564 D BleManager: onScanResult: 04:6B:B1:1B:DF:E8 name=null rssi=-68
09-21 08:55:06.057 24564 24564 D BleManager: onScanResult: 02:66:CE:90:9C:15 name=null rssi=-44
09-21 08:55:06.159 24564 24564 D BleManager: onScanResult: 08:95:AC:17:65:18 name=null rssi=-78
09-21 08:55:06.163 24564 24564 D BleManager: onScanResult: 02:66:CE:90:9C:15 name=null rssi=-50
09-21 08:55:06.227 24564 24564 D BleManager: onScanResult: 33:39:FA:EC:16:67 name=null rssi=-36
09-21 08:55:06.230 24564 24564 D BleManager: onScanResult: 10:B4:1D:CD:23:8E name=SHID-00000001 rssi=-33
09-21 08:55:06.232 24564 24564 D BleManager: onScanResult: 74:37:4B:C1:55:90 name=null rssi=-82
09-21 08:55:06.256 24564 24564 D BleManager: onScanResult: 04:6B:B1:1B:DF:E8 name=null rssi=-73
09-21 08:55:06.288 24564 24564 D BleManager: onScanResult: 71:2E:37:06:B4:6E name=null rssi=-59
09-21 08:55:06.289 24564 24564 D BleManager: onScanResult: 08:95:AC:17:65:18 name=null rssi=-79
09-21 08:55:06.291 24564 24564 D BleManager: onScanResult: 02:66:CE:90:9C:15 name=null rssi=-49
09-21 08:55:06.292 24564 24564 D BleManager: onScanResult: 10:B4:1D:CD:23:8E name=SHID-00000001 rssi=-33
09-21 08:55:06.293 24564 24564 D BleManager: onScanResult: 10:AA:72:98:B0:DC name=null rssi=-52
09-21 08:55:06.317 24564 24564 D BleManager: onScanResult: 33:39:FA:EC:16:67 name=null rssi=-36
09-21 08:55:06.318 24564 24564 D BleManager: onScanResult: 74:37:4B:C1:55:90 name=null rssi=-83
09-21 08:55:06.348 24564 24564 D BleManager: onScanResult: 10:B4:1D:CD:23:8E name=SHID-00000001 rssi=-33
09-21 08:55:06.362 24564 24564 D BleManager: onScanResult: 04:6B:B1:1B:DF:E8 name=null rssi=-72
09-21 08:55:06.363 24564 24564 D BleManager: onScanResult: 08:95:AC:17:65:18 name=null rssi=-78
09-21 08:55:06.393 24564 24564 D BleManager: onScanResult: 02:66:CE:90:9C:15 name=null rssi=-49
09-21 08:55:06.406 24564 24564 D BleManager: onScanResult: 66:D3:81:90:69:F4 name=null rssi=-69
09-21 08:55:06.423 24564 24564 D BleManager: onScanResult: 10:B4:1D:CD:23:8E name=SHID-00000001 rssi=-33
09-21 08:55:06.424 24564 24564 D BleManager: onScanResult: 10:AA:72:98:B0:DC name=null rssi=-52
09-21 08:55:06.425 24564 24564 D BleManager: onScanResult: 33:39:FA:EC:16:67 name=null rssi=-36
09-21 08:55:06.427 24564 24564 D BleManager: onScanResult: 74:37:4B:C1:55:90 name=null rssi=-84
09-21 08:55:06.463 24564 24564 D BleManager: onScanResult: 10:B4:1D:CD:23:8E name=SHID-00000001 rssi=-33
09-21 08:55:06.464 24564 24564 D BleManager: onScanResult: 08:95:AC:17:65:18 name=null rssi=-78
09-21 08:55:06.465 24564 24564 D BleManager: onScanResult: 02:66:CE:90:9C:15 name=null rssi=-49
09-21 08:55:06.500 24564 24564 D BleManager: onScanResult: 33:39:FA:EC:16:67 name=null rssi=-32
09-21 08:55:06.501 24564 24564 D BleManager: onScanResult: 10:AA:72:98:B0:DC name=null rssi=-52
09-21 08:55:06.528 24564 24564 D BleManager: onScanResult: 74:37:4B:C1:55:90 name=null rssi=-84
09-21 08:55:06.530 24564 24564 D BleManager: onScanResult: 71:2E:37:06:B4:6E name=null rssi=-68
09-21 08:55:06.564 24564 24564 D BleManager: onScanResult: 10:B4:1D:CD:23:8E name=SHID-00000001 rssi=-35
09-21 08:55:06.595 24564 24564 D BleManager: onScanResult: 04:6B:B1:1B:DF:E8 name=null rssi=-68
09-21 08:55:06.597 24564 24564 D BleManager: onScanResult: 02:66:CE:90:9C:15 name=null rssi=-44
09-21 08:55:06.630 24564 24564 D BleManager: onScanResult: 10:B4:1D:CD:23:8E name=SHID-00000001 rssi=-38
09-21 08:55:06.632 24564 24564 D BleManager: onScanResult: 33:39:FA:EC:16:67 name=null rssi=-32
09-21 08:55:06.633 24564 24564 D BleManager: onScanResult: 10:AA:72:98:B0:DC name=null rssi=-52
09-21 08:55:06.670 24564 24564 D BleManager: onScanResult: 74:37:4B:C1:55:90 name=null rssi=-84
09-21 08:55:06.671 24564 24564 D BleManager: onScanResult: 66:D3:81:90:69:F4 name=null rssi=-59
09-21 08:55:06.672 24564 24564 D BleManager: onScanResult: 04:6B:B1:1B:DF:E8 name=null rssi=-68
09-21 08:55:06.687 24564 24564 D BleManager: onScanResult: 10:B4:1D:CD:23:8E name=SHID-00000001 rssi=-35
09-21 08:55:06.712 24564 24564 D BleManager: onScanResult: 02:66:CE:90:9C:15 name=null rssi=-44
09-21 08:55:06.713 24564 24564 D BleManager: onScanResult: 33:39:FA:EC:16:67 name=null rssi=-32
09-21 08:55:06.725 24564 24564 D BleManager: onScanResult: 10:AA:72:98:B0:DC name=null rssi=-52
09-21 08:55:06.772 24564 24564 D BleManager: onScanResult: 04:6B:B1:1B:DF:E8 name=null rssi=-75
09-21 08:55:06.774 24564 24564 D BleManager: onScanResult: 02:66:CE:90:9C:15 name=null rssi=-49
09-21 08:55:06.802 24564 24564 D BleManager: onScanResult: 66:D3:81:90:69:F4 name=null rssi=-69
09-21 08:55:06.836 24564 24564 D BleManager: onScanResult: 71:2E:37:06:B4:6E name=null rssi=-59
09-21 08:55:06.837 24564 24564 D BleManager: onScanResult: 10:B4:1D:CD:23:8E name=SHID-00000001 rssi=-33
09-21 08:55:06.839 24564 24564 D BleManager: onScanResult: 33:39:FA:EC:16:67 name=null rssi=-36
09-21 08:55:06.860 24564 24564 D BleManager: onScanResult: 10:AA:72:98:B0:DC name=null rssi=-52
09-21 08:55:06.893 24564 24564 D BleManager: onScanResult: 74:37:4B:C1:55:90 name=null rssi=-82
09-21 08:55:06.895 24564 24564 D BleManager: onScanResult: 10:B4:1D:CD:23:8E name=SHID-00000001 rssi=-33
09-21 08:55:06.897 24564 24564 D BleManager: onScanResult: 08:95:AC:17:65:18 name=null rssi=-78
09-21 08:55:06.925 24564 24564 D BleManager: onScanResult: 02:66:CE:90:9C:15 name=null rssi=-49
09-21 08:55:06.926 24564 24564 D BleManager: onScanResult: 04:6B:B1:1B:DF:E8 name=null rssi=-73
09-21 08:55:06.928 24564 24564 D BleManager: onScanResult: 33:39:FA:EC:16:67 name=null rssi=-36
09-21 08:55:06.929 24564 24564 D BleManager: onScanResult: 66:D3:81:90:69:F4 name=null rssi=-68
09-21 08:55:06.930 24564 24564 D BleManager: onScanResult: 10:AA:72:98:B0:DC name=null rssi=-52
09-21 08:55:06.957 24564 24564 D BleManager: onScanResult: 10:B4:1D:CD:23:8E name=SHID-00000001 rssi=-33
09-21 08:55:06.982 24564 24564 D BleManager: onScanResult: CA:98:FC:93:8D:F1 name=null rssi=-60
09-21 08:55:06.984 24564 24564 D BleManager: onScanResult: 4D:30:DC:B0:28:A9 name=null rssi=-60
09-21 08:55:07.013 24564 24564 D BleManager: onScanResult: 08:95:AC:17:65:18 name=null rssi=-78
09-21 08:55:07.014 24564 24564 D BleManager: onScanResult: 02:66:CE:90:9C:15 name=null rssi=-49
09-21 08:55:07.016 24564 24564 D BleManager: onScanResult: 04:6B:B1:1B:DF:E8 name=null rssi=-73
09-21 08:55:07.032 24564 24564 D BleManager: onScanResult: 10:B4:1D:CD:23:8E name=SHID-00000001 rssi=-33
09-21 08:55:07.034 24564 24564 D BleManager: onScanResult: 10:AA:72:98:B0:DC name=null rssi=-52
09-21 08:55:07.046 24564 24564 D BleManager: onScanResult: 33:39:FA:EC:16:67 name=null rssi=-36
09-21 08:55:07.047 24564 24564 D BleManager: onScanResult: 74:37:4B:C1:55:90 name=null rssi=-84
09-21 08:55:07.062 24564 24564 D BleManager: onScanResult: 66:D3:81:90:69:F4 name=null rssi=-67
09-21 08:55:07.087 24564 24564 D BleManager: onScanResult: 10:B4:1D:CD:23:8E name=SHID-00000001 rssi=-33
09-21 08:55:07.088 24564 24564 D BleManager: onScanResult: 71:2E:37:06:B4:6E name=null rssi=-59
09-21 08:55:07.090 24564 24564 D BleManager: onScanResult: 02:66:CE:90:9C:15 name=null rssi=-49
09-21 08:55:07.092 24564 24564 D BleManager: onScanResult: 08:95:AC:17:65:18 name=null rssi=-79
09-21 08:55:07.126 24564 24564 D BleManager: onScanResult: 04:6B:B1:1B:DF:E8 name=null rssi=-73
09-21 08:55:07.128 24564 24564 D BleManager: onScanResult: 33:39:FA:EC:16:67 name=null rssi=-40
09-21 08:55:07.132 24564 24564 D BleManager: onScanResult: 10:AA:72:98:B0:DC name=null rssi=-52
09-21 08:55:07.156 24564 24564 D BleManager: onScanResult: 10:B4:1D:CD:23:8E name=SHID-00000001 rssi=-33
09-21 08:55:07.158 24564 24564 D BleManager: onScanResult: 74:37:4B:C1:55:90 name=null rssi=-85
09-21 08:55:07.195 24564 24564 D BleManager: onScanResult: 08:95:AC:17:65:18 name=null rssi=-78
09-21 08:55:07.197 24564 24564 D BleManager: onScanResult: 02:66:CE:90:9C:15 name=null rssi=-49
09-21 08:55:07.198 24564 24564 D BleManager: onScanResult: 10:B4:1D:CD:23:8E name=SHID-00000001 rssi=-33
09-21 08:55:07.199 24564 24564 D BleManager: onScanResult: 66:D3:81:90:69:F4 name=null rssi=-69
09-21 08:55:07.245 24564 24564 D BleManager: onScanResult: 04:6B:B1:1B:DF:E8 name=null rssi=-74
09-21 08:55:07.247 24564 24564 D BleManager: onScanResult: 74:37:4B:C1:55:90 name=null rssi=-83
09-21 08:55:07.272 24564 24564 D BleManager: onScanResult: 10:B4:1D:CD:23:8E name=SHID-00000001 rssi=-33
09-21 08:55:07.301 24564 24564 D BleManager: onScanResult: 08:95:AC:17:65:18 name=null rssi=-78
09-21 08:55:07.302 24564 24564 D BleManager: onScanResult: 02:66:CE:90:9C:15 name=null rssi=-50
09-21 08:55:07.335 24564 24564 D BleManager: onScanResult: 04:6B:B1:1B:DF:E8 name=null rssi=-73
09-21 08:55:07.353 24564 24564 D BleManager: onScanResult: 10:B4:1D:CD:23:8E name=SHID-00000001 rssi=-34
09-21 08:55:07.390 24564 24564 D BleManager: onScanResult: 10:B4:1D:CD:23:8E name=SHID-00000001 rssi=-43
09-21 08:55:07.431 24564 24564 D BleManager: onScanResult: 08:95:AC:17:65:18 name=null rssi=-83
09-21 08:55:07.433 24564 24564 D BleManager: onScanResult: 02:66:CE:90:9C:15 name=null rssi=-51
09-21 08:55:07.451 24564 24564 D BleManager: onScanResult: 04:6B:B1:1B:DF:E8 name=null rssi=-71
09-21 08:55:07.465 24564 24564 D BleManager: onScanResult: 10:AA:72:98:B0:DC name=null rssi=-50
09-21 08:55:07.469 24564 24564 D BleManager: onScanResult: 10:B4:1D:CD:23:8E name=SHID-00000001 rssi=-43
09-21 08:55:07.492 24564 24564 D BleManager: onScanResult: 33:39:FA:EC:16:67 name=null rssi=-37
09-21 08:55:07.525 24564 24564 D BleManager: onScanResult: 66:D3:81:90:69:F4 name=null rssi=-77
09-21 08:55:07.538 24564 24564 D BleManager: onScanResult: 08:95:AC:17:65:18 name=null rssi=-78
09-21 08:55:07.554 24564 24564 D BleManager: onScanResult: 02:66:CE:90:9C:15 name=null rssi=-49
09-21 08:55:07.555 24564 24564 D BleManager: onScanResult: 04:6B:B1:1B:DF:E8 name=null rssi=-73
09-21 08:55:07.557 24564 24564 D BleManager: onScanResult: 10:B4:1D:CD:23:8E name=SHID-00000001 rssi=-33
09-21 08:55:07.569 24564 24564 D BleManager: onScanResult: 74:37:4B:C1:55:90 name=null rssi=-83
09-21 08:55:07.592 24564 24564 D BleManager: onScanResult: 10:AA:72:98:B0:DC name=null rssi=-52
09-21 08:55:07.594 24564 24564 D BleManager: onScanResult: 33:39:FA:EC:16:67 name=null rssi=-36
09-21 08:55:07.622 24564 24564 D BleManager: onScanResult: 10:B4:1D:CD:23:8E name=SHID-00000001 rssi=-33
09-21 08:55:07.634 24564 24564 D BleManager: onScanResult: 08:95:AC:17:65:18 name=null rssi=-77
09-21 08:55:07.635 24564 24564 D BleManager: onScanResult: 66:D3:81:90:69:F4 name=null rssi=-67
09-21 08:55:07.637 24564 24564 D BleManager: onScanResult: 02:66:CE:90:9C:15 name=null rssi=-49
09-21 08:55:07.656 24564 24564 D BleManager: onScanResult: 04:6B:B1:1B:DF:E8 name=null rssi=-73
09-21 08:55:07.669 24564 24564 D BleManager: onScanResult: 71:2E:37:06:B4:6E name=null rssi=-59
09-21 08:55:07.670 24564 24564 D BleManager: onScanResult: 10:AA:72:98:B0:DC name=null rssi=-51
09-21 08:55:07.684 24564 24564 D BleManager: onScanResult: 10:B4:1D:CD:23:8E name=SHID-00000001 rssi=-33
09-21 08:55:07.720 24564 24564 D BleManager: onScanResult: 33:39:FA:EC:16:67 name=null rssi=-37
09-21 08:55:07.722 24564 24564 D BleManager: onScanResult: 08:95:AC:17:65:18 name=null rssi=-78
09-21 08:55:07.723 24564 24564 D BleManager: onScanResult: 10:B4:1D:CD:23:8E name=SHID-00000001 rssi=-33
09-21 08:55:07.744 24564 24564 D BleManager: onScanResult: 02:66:CE:90:9C:15 name=null rssi=-49
09-21 08:55:07.745 24564 24564 D BleManager: onScanResult: 04:6B:B1:1B:DF:E8 name=null rssi=-73
09-21 08:55:07.746 24564 24564 D BleManager: onScanResult: 66:D3:81:90:69:F4 name=null rssi=-67
09-21 08:55:07.770 24564 24564 D BleManager: onScanResult: 10:AA:72:98:B0:DC name=null rssi=-52
09-21 08:55:07.771 24564 24564 D BleManager: onScanResult: 74:37:4B:C1:55:90 name=null rssi=-82
09-21 08:55:07.797 24564 24564 D BleManager: onScanResult: 33:39:FA:EC:16:67 name=null rssi=-39
09-21 08:55:07.834 24564 24564 D BleManager: onScanResult: 10:B4:1D:CD:23:8E name=SHID-00000001 rssi=-33
09-21 08:55:07.836 24564 24564 D BleManager: onScanResult: 04:6B:B1:1B:DF:E8 name=null rssi=-73
09-21 08:55:07.855 24564 24564 D BleManager: onScanResult: 10:B4:1D:CD:23:8E name=SHID-00000001 rssi=-33
09-21 08:55:07.865 24564 24564 D BleManager: onScanResult: 10:AA:72:98:B0:DC name=null rssi=-52
09-21 08:55:07.867 24564 24564 D BleManager: onScanResult: 66:D3:81:90:69:F4 name=null rssi=-66
09-21 08:55:07.868 24564 24564 D BleManager: onScanResult: 33:39:FA:EC:16:67 name=null rssi=-39
09-21 08:55:07.897 24564 24564 D BleManager: onScanResult: 71:2E:37:06:B4:6E name=null rssi=-59
09-21 08:55:07.917 24564 24564 D BleManager: onScanResult: 10:B4:1D:CD:23:8E name=SHID-00000001 rssi=-33
09-21 08:55:07.925 24564 24564 D BleManager: onScanResult: 02:66:CE:90:9C:15 name=null rssi=-49
09-21 08:55:07.927 24564 24564 D BleManager: onScanResult: 08:95:AC:17:65:18 name=null rssi=-77
09-21 08:55:07.969 24564 24564 D BleManager: onScanResult: 04:6B:B1:1B:DF:E8 name=null rssi=-74
09-21 08:55:08.002 24564 24564 D BleManager: onScanResult: 33:39:FA:EC:16:67 name=null rssi=-33
09-21 08:55:08.019 24564 24564 D BleManager: onScanResult: 10:B4:1D:CD:23:8E name=SHID-00000001 rssi=-35
09-21 08:55:08.020 24564 24564 D BleManager: onScanResult: 66:D3:81:90:69:F4 name=null rssi=-80
09-21 08:55:08.044 24564 24564 D BleManager: onScanResult: 02:66:CE:90:9C:15 name=null rssi=-49
09-21 08:55:08.045 24564 24564 D BleManager: onScanResult: 08:95:AC:17:65:18 name=null rssi=-77
09-21 08:55:08.074 24564 24564 D BleManager: onScanResult: 04:6B:B1:1B:DF:E8 name=null rssi=-74
09-21 08:55:08.075 24564 24564 D BleManager: onScanResult: 10:B4:1D:CD:23:8E name=SHID-00000001 rssi=-33
09-21 08:55:08.077 24564 24564 D BleManager: onScanResult: 10:AA:72:98:B0:DC name=null rssi=-52
09-21 08:55:08.109 24564 24564 D BleManager: onScanResult: 33:39:FA:EC:16:67 name=null rssi=-36
09-21 08:55:08.134 24564 24564 D BleManager: onScanResult: 10:B4:1D:CD:23:8E name=SHID-00000001 rssi=-33
09-21 08:55:08.147 24564 24564 D BleManager: onScanResult: 02:66:CE:90:9C:15 name=null rssi=-49
09-21 08:55:08.148 24564 24564 D BleManager: onScanResult: 66:D3:81:90:69:F4 name=null rssi=-66
09-21 08:55:08.150 24564 24564 D BleManager: onScanResult: 08:95:AC:17:65:18 name=null rssi=-78
09-21 08:55:08.176 24564 24564 D BleManager: onScanResult: 04:6B:B1:1B:DF:E8 name=null rssi=-74
09-21 08:55:08.177 24564 24564 D BleManager: onScanResult: 10:AA:72:98:B0:DC name=null rssi=-52
09-21 08:55:08.178 24564 24564 D BleManager: onScanResult: 10:B4:1D:CD:23:8E name=SHID-00000001 rssi=-33
09-21 08:55:08.179 24564 24564 D BleManager: onScanResult: 71:2E:37:06:B4:6E name=null rssi=-58
09-21 08:55:08.243 24564 24564 D BleManager: onScanResult: 02:66:CE:90:9C:15 name=null rssi=-49
09-21 08:55:08.245 24564 24564 D BleManager: onScanResult: 10:B4:1D:CD:23:8E name=SHID-00000001 rssi=-33
09-21 08:55:08.247 24564 24564 D BleManager: onScanResult: 08:95:AC:17:65:18 name=null rssi=-79
09-21 08:55:08.290 24564 24564 D BleManager: onScanResult: 04:6B:B1:1B:DF:E8 name=null rssi=-74
09-21 08:55:08.292 24564 24564 D BleManager: onScanResult: 33:39:FA:EC:16:67 name=null rssi=-40
09-21 08:55:08.294 24564 24564 D BleManager: onScanResult: 10:AA:72:98:B0:DC name=null rssi=-52
09-21 08:55:08.315 24564 24564 D BleManager: onScanResult: 74:37:4B:C1:55:90 name=null rssi=-80
09-21 08:55:08.316 24564 24564 D BleManager: onScanResult: 66:D3:81:90:69:F4 name=null rssi=-66
09-21 08:55:08.319 24564 24564 D BleManager: onScanResult: 10:B4:1D:CD:23:8E name=SHID-00000001 rssi=-33
09-21 08:55:08.360 24564 24564 D BleManager: onScanResult: 02:66:CE:90:9C:15 name=null rssi=-50
09-21 08:55:08.362 24564 24564 D BleManager: onScanResult: 08:95:AC:17:65:18 name=null rssi=-78
09-21 08:55:08.383 24564 24564 D BleManager: onScanResult: 04:6B:B1:1B:DF:E8 name=null rssi=-73
09-21 08:55:08.398 24564 24564 D BleManager: onScanResult: 10:B4:1D:CD:23:8E name=SHID-00000001 rssi=-33
09-21 08:55:08.400 24564 24564 D BleManager: onScanResult: 33:39:FA:EC:16:67 name=null rssi=-36
09-21 08:55:08.417 24564 24564 D BleManager: onScanResult: 74:37:4B:C1:55:90 name=null rssi=-83
09-21 08:55:08.418 24564 24564 D BleManager: onScanResult: 10:AA:72:98:B0:DC name=null rssi=-53
09-21 08:55:08.448 24564 24564 D BleManager: onScanResult: 10:B4:1D:CD:23:8E name=SHID-00000001 rssi=-33
09-21 08:55:08.461 24564 24564 D BleManager: onScanResult: 02:66:CE:90:9C:15 name=null rssi=-49
09-21 08:55:08.462 24564 24564 D BleManager: onScanResult: 66:D3:81:90:69:F4 name=null rssi=-66
09-21 08:55:08.463 24564 24564 D BleManager: onScanResult: 08:95:AC:17:65:18 name=null rssi=-78
09-21 08:55:08.478 24564 24564 D BleManager: onScanResult: 71:2E:37:06:B4:6E name=null rssi=-59
09-21 08:55:08.507 24564 24564 I BleManager: Scan stopped
09-21 08:55:08.507 24564 24564 I BleManager: Auto-stop scan after 5000ms
09-21 08:55:08.508 24564 24564 D BleManager: onScanResult: 04:6B:B1:1B:DF:E8 name=null rssi=-73
09-21 08:55:08.509 24564 24564 D BleManager: onScanResult: 74:37:4B:C1:55:90 name=null rssi=-83
09-21 08:55:08.510 24564 24564 D BleManager: onScanResult: 10:AA:72:98:B0:DC name=null rssi=-53
09-21 08:55:08.512 24564 24564 D BleManager: onScanResult: 33:39:FA:EC:16:67 name=null rssi=-37
