ESP-ROM:esp32s3-20210327
Build:Mar 27 2021
rst:0x1 (POWERON),boot:0x8 (SPI_FAST_FLASH_BOOT)
SPIWP:0xee
mode:DIO, clock div:1
load:0x3fce2810,len:0x15a0
load:0x403c8700,len:0x4
load:0x403c8704,len:0xd20
load:0x403cb700,len:0x2ee4
entry 0x403c8928
I (27) boot: ESP-IDF v5.4-dirty 2nd stage bootloader
I (27) boot: compile time Sep  5 2026 15:57:52
I (27) boot: Multicore bootloader
I (27) boot: chip revision: v0.2
I (30) boot: efuse block revision: v1.3
I (34) boot.esp32s3: Boot SPI Speed : 80MHz
I (38) boot.esp32s3: SPI Mode       : DIO
I (41) boot.esp32s3: SPI Flash Size : 8MB
I (45) boot: Enabling RNG early entropy source...
I (50) boot: Partition Table:
I (52) boot: ## Label            Usage          Type ST Offset   Length
I (59) boot:  0 nvs              WiFi data        01 02 00009000 00008000
I (65) boot:  1 otadata          OTA data         01 00 00011000 00002000
I (72) boot:  2 phy_init         RF data          01 01 00013000 00001000
I (78) boot:  3 factory          factory app      00 00 00020000 00180000
I (85) boot:  4 ota_0            OTA app          00 10 001a0000 00180000
I (91) boot:  5 ota_1            OTA app          00 11 00320000 00180000
I (98) boot: End of partition table
I (101) boot: Defaulting to factory image
I (105) esp_image: segment 0: paddr=00020020 vaddr=3c0d0020 size=27574h (161140) map
I (141) esp_image: segment 1: paddr=0004759c vaddr=3fc9e200 size=05a10h ( 23056) load
I (146) esp_image: segment 2: paddr=0004cfb4 vaddr=40374000 size=03064h ( 12388) load
I (149) esp_image: segment 3: paddr=00050020 vaddr=42000020 size=c3bf4h (801780) map
I (293) esp_image: segment 4: paddr=00113c1c vaddr=40377064 size=170e8h ( 94440) load
I (314) esp_image: segment 5: paddr=0012ad0c vaddr=600fe100 size=0001ch (    28) load
I (324) boot: Loaded app from partition at offset 0x20000
I (325) boot: Disabling RNG early entropy source...
I (335) octal_psram: vendor id    : 0x0d (AP)
I (335) octal_psram: dev id       : 0x02 (generation 3)
I (335) octal_psram: density      : 0x03 (64 Mbit)
I (337) octal_psram: good-die     : 0x01 (Pass)
I (341) octal_psram: Latency      : 0x01 (Fixed)
I (346) octal_psram: VCC          : 0x01 (3V)
I (350) octal_psram: SRF          : 0x01 (Fast Refresh)
I (355) octal_psram: BurstType    : 0x01 (Hybrid Wrap)
I (360) octal_psram: BurstLen     : 0x01 (32 Byte)
I (364) octal_psram: Readlatency  : 0x02 (10 cycles@Fixed)
I (369) octal_psram: DriveStrength: 0x00 (1/1)
I (374) MSPI Timing: PSRAM timing tuning index: 5
I (378) esp_psram: Found 8MB PSRAM device
I (382) esp_psram: Speed: 80MHz
I (385) cpu_start: Multicore app
I (810) esp_psram: SPI SRAM memory test OK
I (819) cpu_start: Pro cpu start user code
I (819) cpu_start: cpu freq: 160000000 Hz
I (819) app_init: Application information:
I (819) app_init: Project name:     smart-hid-firmware
I (824) app_init: App version:      1.1.0
I (828) app_init: Compile time:     Sep  5 2026 15:57:22
I (833) app_init: ELF file SHA256:  6a9594861...
I (837) app_init: ESP-IDF:          v5.4-dirty
I (841) efuse_init: Min chip rev:     v0.0
I (845) efuse_init: Max chip rev:     v0.99 
I (849) efuse_init: Chip rev:         v0.2
I (853) heap_init: Initializing. RAM available for dynamic allocation:
I (859) heap_init: At 3FCB0320 len 000393F0 (228 KiB): RAM
I (864) heap_init: At 3FCE9710 len 00005724 (21 KiB): RAM
I (870) heap_init: At 3FCF0000 len 00008000 (32 KiB): DRAM
I (875) heap_init: At 600FE11C len 00001ECC (7 KiB): RTCRAM
I (880) esp_psram: Adding pool of 8192K of PSRAM memory to heap allocator
I (887) spi_flash: detected chip: generic
I (890) spi_flash: flash io: dio
W (893) spi_flash: Detected size(16384k) larger than the size in the binary image header(8192k). Using the size in the binary image header.
I (906) sleep_gpio: Configure to isolate all GPIO pins in sleep state
I (912) sleep_gpio: Enable automatic switching of GPIO sleep configuration
I (918) coexist: coex firmware version: 49a8cdc
I (930) coexist: coexist rom version e7ae62f
I (931) main_task: Started on CPU0
I (932) esp_psram: Reserving pool of 32K of internal memory for DMA/internal allocations
I (938) main_task: Calling app_main()
I (941) main: === Smart HID Firmware boot ===
I (970) device_identity: device_id loaded from NVS: HID-00000001
I (971) device_identity: boot_id generated: B-29CC5E
I (971) main: device_id=HID-00000001 boot_id=B-29CC5E firmware=1.1.0
I (977) led_manager: led state -> WIFI_CONNECTING
I (980) led_manager: led_manager started (type=ws2812 gpio=48 brightness=32)
I (988) tusb_desc: 
┌─────────────────────────────────┐
│  USB Device Descriptor Summary  │
├───────────────────┬─────────────┤
│bDeviceClass       │ 0           │
├───────────────────┼─────────────┤
│bDeviceSubClass    │ 0           │
├───────────────────┼─────────────┤
│bDeviceProtocol    │ 0           │
├───────────────────┼─────────────┤
│bMaxPacketSize0    │ 64          │
├───────────────────┼─────────────┤
│idVendor           │ 0x303a      │
├───────────────────┼─────────────┤
│idProduct          │ 0x4001      │
├───────────────────┼─────────────┤
│bcdDevice          │ 0x100       │
├───────────────────┼─────────────┤
│iManufacturer      │ 0x1         │
├───────────────────┼─────────────┤
│iProduct           │ 0x2         │
├───────────────────┼─────────────┤
│iSerialNumber      │ 0x3         │
├───────────────────┼─────────────┤
│bNumConfigurations │ 0x1         │
└───────────────────┴─────────────┘
I (1155) TinyUSB: TinyUSB Driver installed on port 0
I (1159) hid_engine: tinyusb_driver_install ok (composite HID: keyboard+mouse)
I (1166) hid_engine: hid_engine initialized
I (1170) command_engine: command_engine started: queue=32 dedup=256
I (1176) runtime_config: runtime config ready (ns=rt_active/rt_pending schema=1)
I (1184) pp: pp rom version: e7ae62f
I (1186) net80211: net80211 rom version: e7ae62f
I (1192) wifi:wifi driver task: 3fcda460, prio:23, stack:6656, core=0
I (1206) wifi:wifi firmware version: 48ea317a7
I (1207) wifi:wifi certification version: v7.0
I (1207) wifi:config NVS flash: enabled
I (1208) wifi:config nano formatting: disabled
I (1213) wifi:Init data frame dynamic rx buffer num: 32
I (1218) wifi:Init static rx mgmt buffer num: 5
I (1222) wifi:Init management short buffer num: 32
I (1226) wifi:Init dynamic tx buffer num: 32
I (1230) wifi:Init static tx FG buffer num: 2
I (1235) wifi:Init static rx buffer size: 1600
I (1239) wifi:Init static rx buffer num: 10
I (1243) wifi:Init dynamic rx buffer num: 32
I (1247) wifi_init: rx ba win: 6
I (1249) wifi_init: accept mbox: 6
I (1253) wifi_init: tcpip mbox: 32
I (1256) wifi_init: udp mbox: 6
I (1259) wifi_init: tcp mbox: 6
I (1261) wifi_init: tcp tx win: 5760
I (1265) wifi_init: tcp rx win: 5760
I (1268) wifi_init: tcp mss: 1440
I (1271) wifi_init: WiFi IRAM OP enabled
I (1275) wifi_init: WiFi RX IRAM OP enabled
I (1280) phy_init: phy_version 680,a6008b2,Jun  4 2024,16:41:10
I (1321) wifi:mode : sta (10:b4:1d:cd:23:8c)
I (1322) wifi:enable tsf
I (1324) wifi:Set ps type: 0, coexist: 0

I (1325) wifi_manager: wifi STA started (runtime config mode)
I (1330) main: [prov] state=boot step=- err=none
I (1331) main: boot: normal path (src=1)
I (1334) main: [prov] state=connecting_wifi step=connecting_wifi err=none
W (1342) wifi:Password length matches WPA2 standards, authmode threshold changes from OPEN to WPA2
W (1351) wifi_manager: connecting to ssid=MASKED_SSID ...
I (1351) status_manager: status_manager started
I (1358) main: === Smart HID Firmware boot complete (state machine running) ===
I (1365) main_task: Returned from app_main()
I (1381) wifi:new:<1,0>, old:<1,0>, ap:<255,255>, sta:<1,0>, prof:1, snd_ch_cfg:0x0
I (1381) wifi:state: init -> auth (0xb0)
I (1434) wifi:state: auth -> assoc (0x0)
I (1449) wifi:state: assoc -> run (0x10)
I (1472) wifi:<ba-add>idx:0 (ifx:0, 4c:ef:56:0d:45:fd), tid:6, ssn:1, winSize:64
I (1531) wifi:connected with MASKED_SSID, aid = 3, channel 1, BW20, bssid = 4c:ef:56:0d:45:fd
I (1532) wifi:security: WPA2-PSK, phy: bgn, rssi: -54
I (1535) wifi:pm start, type: 0

I (1536) wifi:dp: 1, bi: 102400, li: 3, scale listen interval from 307200 us to 307200 us
I (1544) wifi:set rx beacon pti, rx_bcn_pti: 14, bcn_timeout: 25000, mt_pti: 14, mt_time: 10000
I (1581) wifi:<ba-add>idx:1 (ifx:0, 4c:ef:56:0d:45:fd), tid:0, ssn:0, winSize:64
I (1605) wifi:AP's beacon interval = 102400 us, DTIM period = 1
I (3589) esp_netif_handlers: sta ip: 192.168.21.8, mask: 255.255.252.0, gw: 192.168.20.1
I (3589) wifi_manager: got ip: 192.168.21.8
I (3590) main: [prov] state=mqtt_connecting step=mqtt_connecting err=none
I (3597) mqtt_manager: runtime mqtt config set: host=192.168.21.77 port=17891 user=dev_HID-00000001
I (3636) led_manager: led state -> MQTT_CONNECTING
W (3781) mqtt_client: Connection refused, not authorized
E (3782) mqtt_manager: MQTT_EVENT_ERROR
E (3782) mqtt_client: MQTT connect failed
W (3784) mqtt_manager: disconnected from broker → release_all
I (3788) hid_engine: release_all done
W (6895) mqtt_client: Connection refused, not authorized
E (6895) mqtt_manager: MQTT_EVENT_ERROR
E (6895) mqtt_client: MQTT connect failed
W (6897) mqtt_manager: disconnected from broker → release_all
I (6902) hid_engine: release_all done
W (10024) mqtt_client: Connection refused, not authorized
E (10024) mqtt_manager: MQTT_EVENT_ERROR
E (10024) mqtt_client: MQTT connect failed
W (10027) mqtt_manager: disconnected from broker → release_all
I (10031) hid_engine: release_all done
I (11351) status_manager: status published online=1 usb_hid_ready=0
W (13117) mqtt_client: Connection refused, not authorized
E (13118) mqtt_manager: MQTT_EVENT_ERROR
E (13118) mqtt_client: MQTT connect failed
W (13120) mqtt_manager: disconnected from broker → release_all
I (13125) hid_engine: release_all done
W (16270) mqtt_client: Connection refused, not authorized
E (16270) mqtt_manager: MQTT_EVENT_ERROR
E (16271) mqtt_client: MQTT connect failed
W (16273) mqtt_manager: disconnected from broker → release_all
I (16278) hid_engine: release_all done
I (18606) main: [prov] state=recovery step=mqtt_invalid err=mqtt_invalid
I (18606) BLE_INIT: BT controller compile version [d752dea]
I (18607) BLE_INIT: Bluetooth MAC: 10:b4:1d:cd:23:8e
I (18613) wifi:Coexist!!! Wi-Fi station would only keep waked when available

I (18621) ble_provision: ble provision service initialized (SHID-00000001)
I (18624) NimBLE: GAP procedure initiated: stop advertising.

I (18632) NimBLE: GAP procedure initiated: advertise; 
I (18635) NimBLE: disc_mode=2
I (18638) NimBLE:  adv_channel_map=0 own_addr_type=0 adv_filter_policy=0 adv_itvl_min=0 adv_itvl_max=0
I (18647) NimBLE: 

I (18650) ble_provision: provisioning advertising as SHID-00000001
