--------- beginning of main
09-21 15:53:35.942 29879 29879 I BleManager: Scan started
09-21 15:53:36.013 29879 29879 D BleManager: onScanResult: 36:85:1F:C3:33:28 name=null rssi=-55 adv=1eff06000109200220436137cb717b08cb893bdec31ed3a683ceac08899bc400000000000000000000000000000000000000000000000000000000000000
09-21 15:53:36.019 29879 29879 D BleManager: onScanResult: 39:1D:25:80:5D:BB name=null rssi=-49 adv=06ff0100424c4500000000000000000000000000000000000000000000000000000000000000000000000000000000000000000000000000000000000000
09-21 15:53:36.024 29879 29879 D BleManager: onScanResult: 53:D9:AC:43:9E:E3 name=null rssi=-55 adv=02010217ff8f032c1134366e4b103041a201152629ff17570103020303aafd1d16aafd830cf331343833313433323835e79a84524573444d49204b383000
09-21 15:53:36.074 29879 29879 D BleManager: onScanResult: 3E:91:16:6C:2B:0B name=null rssi=-79 adv=1eff060001092002b939a9208393eb09be86b82ab9b3faca6cd5108e8715cd00000000000000000000000000000000000000000000000000000000000000
09-21 15:53:36.082 29879 29879 D BleManager: onScanResult: 10:B4:1D:CD:23:8E name=SHID-00000001 rssi=-29 adv=0201061107041c8a5e0b6f2a9d8f4c3be701101d9f0e09534849442d30303030303030310000000000000000000000000000000000000000000000000000
09-21 15:53:36.086 29879 29879 D BleManager: onScanResult: 1A:4D:66:E2:98:79 name=null rssi=-54 adv=1eff060001092002f293dbeb6e20ee781f6c1500ec9c19dc7c13fad884bac300000000000000000000000000000000000000000000000000000000000000
09-21 15:53:36.095 29879 29879 D BleManager: onScanResult: 2F:D6:DA:5C:63:4F name=null rssi=-48 adv=1eff06000109200265f519c92865a3ecddaff6780ae6527b88d5ec09475f2500000000000000000000000000000000000000000000000000000000000000
09-21 15:53:36.099 29879 29879 D BleManager: onScanResult: 02:48:9D:92:56:EF name=null rssi=-68 adv=1eff060001092022ac0e11e38aab917c828db04eba266792f197a46996126500000000000000000000000000000000000000000000000000000000000000
09-21 15:53:36.105 29879 29879 D BleManager: onScanResult: 36:85:1F:C3:33:28 name=null rssi=-55 adv=1eff06000109200220436137cb717b08cb893bdec31ed3a683ceac08899bc400000000000000000000000000000000000000000000000000000000000000
09-21 15:53:36.133 29879 29879 D BleManager: onScanResult: 39:1D:25:80:5D:BB name=null rssi=-49 adv=06ff0100424c4500000000000000000000000000000000000000000000000000000000000000000000000000000000000000000000000000000000000000
09-21 15:53:36.137 29879 29879 D BleManager: onScanResult: 3E:91:16:6C:2B:0B name=null rssi=-78 adv=1eff060001092002b939a9208393eb09be86b82ab9b3faca6cd5108e8715cd00000000000000000000000000000000000000000000000000000000000000
09-21 15:53:36.155 29879 29879 D BleManager: onScanResult: 53:D9:AC:43:9E:E3 name=null rssi=-56 adv=02010217ff8f032c1134366e4b103041a201152629ff17570103020303aafd1d16aafd830cf331343833313433323835e79a84524573444d49204b383000
09-21 15:53:36.194 29879 29879 D BleManager: onScanResult: 02:48:9D:92:56:EF name=null rssi=-66 adv=1eff060001092022ac0e11e38aab917c828db04eba266792f197a46996126500000000000000000000000000000000000000000000000000000000000000
09-21 15:53:36.199 29879 29879 D BleManager: onScanResult: 36:85:1F:C3:33:28 name=null rssi=-55 adv=1eff06000109200220436137cb717b08cb893bdec31ed3a683ceac08899bc400000000000000000000000000000000000000000000000000000000000000
09-21 15:53:36.224 29879 29879 D BleManager: onScanResult: 39:1D:25:80:5D:BB name=null rssi=-49 adv=06ff0100424c4500000000000000000000000000000000000000000000000000000000000000000000000000000000000000000000000000000000000000
09-21 15:53:36.236 29879 29879 D BleManager: onScanResult: 10:B4:1D:CD:23:8E name=SHID-00000001 rssi=-29 adv=0201061107041c8a5e0b6f2a9d8f4c3be701101d9f0e09534849442d30303030303030310000000000000000000000000000000000000000000000000000
09-21 15:53:36.242 29879 29879 D BleManager: onScanResult: 3E:91:16:6C:2B:0B name=null rssi=-79 adv=1eff060001092002b939a9208393eb09be86b82ab9b3faca6cd5108e8715cd00000000000000000000000000000000000000000000000000000000000000
09-21 15:53:36.270 29879 29879 D BleManager: onScanResult: 1A:4D:66:E2:98:79 name=null rssi=-54 adv=1eff060001092002f293dbeb6e20ee781f6c1500ec9c19dc7c13fad884bac300000000000000000000000000000000000000000000000000000000000000
09-21 15:53:36.276 29879 29879 D BleManager: onScanResult: 2F:D6:DA:5C:63:4F name=null rssi=-49 adv=1eff06000109200265f519c92865a3ecddaff6780ae6527b88d5ec09475f2500000000000000000000000000000000000000000000000000000000000000
09-21 15:53:36.290 29879 29879 D BleManager: onScanResult: 53:D9:AC:43:9E:E3 name=null rssi=-55 adv=02010217ff8f032c1134366e4b103041a201152629ff17570103020303aafd1d16aafd830cf331343833313433323835e79a84524573444d49204b383000
09-21 15:53:36.305 29879 29879 D BleManager: onScanResult: 02:48:9D:92:56:EF name=null rssi=-66 adv=1eff060001092022ac0e11e38aab917c828db04eba266792f197a46996126500000000000000000000000000000000000000000000000000000000000000
09-21 15:53:36.311 29879 29879 D BleManager: onScanResult: 10:B4:1D:CD:23:8E name=SHID-00000001 rssi=-29 adv=0201061107041c8a5e0b6f2a9d8f4c3be701101d9f0e09534849442d30303030303030310000000000000000000000000000000000000000000000000000
09-21 15:53:36.316 29879 29879 D BleManager: onScanResult: 36:85:1F:C3:33:28 name=null rssi=-55 adv=1eff06000109200220436137cb717b08cb893bdec31ed3a683ceac08899bc400000000000000000000000000000000000000000000000000000000000000
09-21 15:53:36.344 29879 29879 D BleManager: onScanResult: 39:1D:25:80:5D:BB name=null rssi=-48 adv=06ff0100424c4500000000000000000000000000000000000000000000000000000000000000000000000000000000000000000000000000000000000000
09-21 15:53:36.350 29879 29879 D BleManager: onScanResult: 3E:91:16:6C:2B:0B name=null rssi=-78 adv=1eff060001092002b939a9208393eb09be86b82ab9b3faca6cd5108e8715cd00000000000000000000000000000000000000000000000000000000000000
09-21 15:53:36.373 29879 29879 D BleManager: onScanResult: 1A:4D:66:E2:98:79 name=null rssi=-54 adv=1eff060001092002f293dbeb6e20ee781f6c1500ec9c19dc7c13fad884bac300000000000000000000000000000000000000000000000000000000000000
09-21 15:53:36.384 29879 29879 D BleManager: onScanResult: 10:B4:1D:CD:23:8E name=SHID-00000001 rssi=-29 adv=0201061107041c8a5e0b6f2a9d8f4c3be701101d9f0e09534849442d30303030303030310000000000000000000000000000000000000000000000000000
09-21 15:53:36.389 29879 29879 D BleManager: onScanResult: 2F:D6:DA:5C:63:4F name=null rssi=-48 adv=1eff06000109200265f519c92865a3ecddaff6780ae6527b88d5ec09475f2500000000000000000000000000000000000000000000000000000000000000
09-21 15:53:36.403 29879 29879 D BleManager: onScanResult: 55:C1:0E:5F:C6:C5 name=null rssi=-61 adv=02010217ff8f03181134325a57103041a201152629b564570103020303aafd0916aafd830c33e38082000000000000000000000000000000000000000000
09-21 15:53:36.415 29879 29879 D BleManager: onScanResult: 02:48:9D:92:56:EF name=null rssi=-68 adv=1eff060001092022ac0e11e38aab917c828db04eba266792f197a46996126500000000000000000000000000000000000000000000000000000000000000
09-21 15:53:36.420 29879 29879 D BleManager: onScanResult: 36:85:1F:C3:33:28 name=null rssi=-55 adv=1eff06000109200220436137cb717b08cb893bdec31ed3a683ceac08899bc400000000000000000000000000000000000000000000000000000000000000
09-21 15:53:36.434 29879 29879 D BleManager: onScanResult: 53:D9:AC:43:9E:E3 name=null rssi=-56 adv=02010217ff8f032c1134366e4b103041a201152629ff17570103020303aafd1d16aafd830cf331343833313433323835e79a84524573444d49204b383000
09-21 15:53:36.439 29879 29879 D BleManager: onScanResult: 39:1D:25:80:5D:BB name=null rssi=-48 adv=06ff0100424c4500000000000000000000000000000000000000000000000000000000000000000000000000000000000000000000000000000000000000
09-21 15:53:36.462 29879 29879 D BleManager: onScanResult: 10:B4:1D:CD:23:8E name=SHID-00000001 rssi=-29 adv=0201061107041c8a5e0b6f2a9d8f4c3be701101d9f0e09534849442d30303030303030310000000000000000000000000000000000000000000000000000
09-21 15:53:36.467 29879 29879 D BleManager: onScanResult: 3E:91:16:6C:2B:0B name=null rssi=-83 adv=1eff060001092002b939a9208393eb09be86b82ab9b3faca6cd5108e8715cd00000000000000000000000000000000000000000000000000000000000000
09-21 15:53:36.484 29879 29879 D BleManager: onScanResult: 1A:4D:66:E2:98:79 name=null rssi=-54 adv=1eff060001092002f293dbeb6e20ee781f6c1500ec9c19dc7c13fad884bac300000000000000000000000000000000000000000000000000000000000000
09-21 15:53:36.490 29879 29879 D BleManager: onScanResult: 2F:D6:DA:5C:63:4F name=null rssi=-47 adv=1eff06000109200265f519c92865a3ecddaff6780ae6527b88d5ec09475f2500000000000000000000000000000000000000000000000000000000000000
09-21 15:53:36.507 29879 29879 D BleManager: onScanResult: 10:B4:1D:CD:23:8E name=SHID-00000001 rssi=-29 adv=0201061107041c8a5e0b6f2a9d8f4c3be701101d9f0e09534849442d30303030303030310000000000000000000000000000000000000000000000000000
09-21 15:53:36.517 29879 29879 D BleManager: onScanResult: 02:48:9D:92:56:EF name=null rssi=-67 adv=1eff060001092022ac0e11e38aab917c828db04eba266792f197a46996126500000000000000000000000000000000000000000000000000000000000000
09-21 15:53:36.530 29879 29879 D BleManager: onScanResult: 55:C1:0E:5F:C6:C5 name=null rssi=-61 adv=02010217ff8f03181134325a57103041a201152629b564570103020303aafd0916aafd830c33e38082000000000000000000000000000000000000000000
09-21 15:53:36.535 29879 29879 D BleManager: onScanResult: 36:85:1F:C3:33:28 name=null rssi=-55 adv=1eff06000109200220436137cb717b08cb893bdec31ed3a683ceac08899bc400000000000000000000000000000000000000000000000000000000000000
09-21 15:53:36.554 29879 29879 D BleManager: onScanResult: 39:1D:25:80:5D:BB name=null rssi=-47 adv=06ff0100424c4500000000000000000000000000000000000000000000000000000000000000000000000000000000000000000000000000000000000000
09-21 15:53:36.592 29879 29879 D BleManager: onScanResult: 2F:D6:DA:5C:63:4F name=null rssi=-45 adv=1eff06000109200265f519c92865a3ecddaff6780ae6527b88d5ec09475f2500000000000000000000000000000000000000000000000000000000000000
09-21 15:53:36.630 29879 29879 D BleManager: onScanResult: 36:85:1F:C3:33:28 name=null rssi=-51 adv=1eff06000109200220436137cb717b08cb893bdec31ed3a683ceac08899bc400000000000000000000000000000000000000000000000000000000000000
09-21 15:53:36.636 29879 29879 D BleManager: onScanResult: 39:1D:25:80:5D:BB name=null rssi=-47 adv=06ff0100424c4500000000000000000000000000000000000000000000000000000000000000000000000000000000000000000000000000000000000000
09-21 15:53:36.642 29879 29879 D BleManager: onScanResult: 10:B4:1D:CD:23:8E name=SHID-00000001 rssi=-30 adv=0201061107041c8a5e0b6f2a9d8f4c3be701101d9f0e09534849442d30303030303030310000000000000000000000000000000000000000000000000000
09-21 15:53:36.674 29879 29879 D BleManager: onScanResult: 3E:91:16:6C:2B:0B name=null rssi=-79 adv=1eff060001092002b939a9208393eb09be86b82ab9b3faca6cd5108e8715cd00000000000000000000000000000000000000000000000000000000000000
09-21 15:53:36.681 29879 29879 D BleManager: onScanResult: EE:23:15:21:38:1F name=null rssi=-80 adv=07ff4c0012020000000000000000000000000000000000000000000000000000000000000000000000000000000000000000000000000000000000000000
09-21 15:53:36.708 29879 29879 D BleManager: onScanResult: 06:B3:AF:20:F7:2E name=null rssi=-92 adv=1eff0600010f2022ef6a2f0c8dc6c96fd70fed7da957899386e5896cd6459100000000000000000000000000000000000000000000000000000000000000
09-21 15:53:36.714 29879 29879 D BleManager: onScanResult: 2F:D6:DA:5C:63:4F name=null rssi=-46 adv=1eff06000109200265f519c92865a3ecddaff6780ae6527b88d5ec09475f2500000000000000000000000000000000000000000000000000000000000000
09-21 15:53:36.720 29879 29879 D BleManager: onScanResult: 10:B4:1D:CD:23:8E name=SHID-00000001 rssi=-30 adv=0201061107041c8a5e0b6f2a9d8f4c3be701101d9f0e09534849442d30303030303030310000000000000000000000000000000000000000000000000000
09-21 15:53:36.744 29879 29879 D BleManager: onScanResult: 40:1B:5E:C9:5D:F9 name=null rssi=-86 adv=1eff0600010920027a329f7f80ae16c8b29498f682623cfd052b3a5a57c86000000000000000000000000000000000000000000000000000000000000000
09-21 15:53:36.750 29879 29879 D BleManager: onScanResult: 36:85:1F:C3:33:28 name=null rssi=-52 adv=1eff06000109200220436137cb717b08cb893bdec31ed3a683ceac08899bc400000000000000000000000000000000000000000000000000000000000000
09-21 15:53:36.757 29879 29879 D BleManager: onScanResult: 02:48:9D:92:56:EF name=null rssi=-73 adv=1eff060001092022ac0e11e38aab917c828db04eba266792f197a46996126500000000000000000000000000000000000000000000000000000000000000
09-21 15:53:36.770 29879 29879 D BleManager: onScanResult: 39:1D:25:80:5D:BB name=null rssi=-47 adv=06ff0100424c4500000000000000000000000000000000000000000000000000000000000000000000000000000000000000000000000000000000000000
09-21 15:53:36.776 29879 29879 D BleManager: onScanResult: 1A:4D:66:E2:98:79 name=null rssi=-56 adv=1eff060001092002f293dbeb6e20ee781f6c1500ec9c19dc7c13fad884bac300000000000000000000000000000000000000000000000000000000000000
09-21 15:53:36.782 29879 29879 D BleManager: onScanResult: 10:B4:1D:CD:23:8E name=SHID-00000001 rssi=-30 adv=0201061107041c8a5e0b6f2a9d8f4c3be701101d9f0e09534849442d30303030303030310000000000000000000000000000000000000000000000000000
09-21 15:53:36.787 29879 29879 D BleManager: onScanResult: 3E:91:16:6C:2B:0B name=null rssi=-78 adv=1eff060001092002b939a9208393eb09be86b82ab9b3faca6cd5108e8715cd00000000000000000000000000000000000000000000000000000000000000
09-21 15:53:36.821 29879 29879 D BleManager: onScanResult: 55:C1:0E:5F:C6:C5 name=null rssi=-58 adv=02010217ff8f03181134325a57103041a201152629b564570103020303aafd0916aafd830c33e38082000000000000000000000000000000000000000000
09-21 15:53:36.827 29879 29879 D BleManager: onScanResult: 2F:D6:DA:5C:63:4F name=null rssi=-46 adv=1eff06000109200265f519c92865a3ecddaff6780ae6527b88d5ec09475f2500000000000000000000000000000000000000000000000000000000000000
09-21 15:53:36.832 29879 29879 D BleManager: onScanResult: 53:D9:AC:43:9E:E3 name=null rssi=-56 adv=02010217ff8f032c1134366e4b103041a201152629ff17570103020303aafd1d16aafd830cf331343833313433323835e79a84524573444d49204b383000
09-21 15:53:36.838 29879 29879 D BleManager: onScanResult: 10:B4:1D:CD:23:8E name=SHID-00000001 rssi=-31 adv=0201061107041c8a5e0b6f2a9d8f4c3be701101d9f0e09534849442d30303030303030310000000000000000000000000000000000000000000000000000
09-21 15:53:36.843 29879 29879 D BleManager: onScanResult: 02:48:9D:92:56:EF name=null rssi=-74 adv=1eff060001092022ac0e11e38aab917c828db04eba266792f197a46996126500000000000000000000000000000000000000000000000000000000000000
09-21 15:53:36.863 29879 29879 D BleManager: onScanResult: 39:1D:25:80:5D:BB name=null rssi=-47 adv=06ff0100424c4500000000000000000000000000000000000000000000000000000000000000000000000000000000000000000000000000000000000000
09-21 15:53:36.869 29879 29879 D BleManager: onScanResult: 1A:4D:66:E2:98:79 name=null rssi=-56 adv=1eff060001092002f293dbeb6e20ee781f6c1500ec9c19dc7c13fad884bac300000000000000000000000000000000000000000000000000000000000000
09-21 15:53:36.891 29879 29879 D BleManager: onScanResult: 3E:91:16:6C:2B:0B name=null rssi=-79 adv=1eff060001092002b939a9208393eb09be86b82ab9b3faca6cd5108e8715cd00000000000000000000000000000000000000000000000000000000000000
09-21 15:53:36.923 29879 29879 D BleManager: onScanResult: 10:B4:1D:CD:23:8E name=SHID-00000001 rssi=-31 adv=0201061107041c8a5e0b6f2a9d8f4c3be701101d9f0e09534849442d30303030303030310000000000000000000000000000000000000000000000000000
09-21 15:53:36.930 29879 29879 D BleManager: onScanResult: 2F:D6:DA:5C:63:4F name=null rssi=-46 adv=1eff06000109200265f519c92865a3ecddaff6780ae6527b88d5ec09475f2500000000000000000000000000000000000000000000000000000000000000
09-21 15:53:36.936 29879 29879 D BleManager: onScanResult: 55:C1:0E:5F:C6:C5 name=null rssi=-58 adv=02010217ff8f03181134325a57103041a201152629b564570103020303aafd0916aafd830c33e38082000000000000000000000000000000000000000000
09-21 15:53:36.951 29879 29879 D BleManager: onScanResult: 36:85:1F:C3:33:28 name=null rssi=-55 adv=1eff06000109200220436137cb717b08cb893bdec31ed3a683ceac08899bc400000000000000000000000000000000000000000000000000000000000000
09-21 15:53:36.957 29879 29879 D BleManager: onScanResult: 39:1D:25:80:5D:BB name=null rssi=-46 adv=06ff0100424c4500000000000000000000000000000000000000000000000000000000000000000000000000000000000000000000000000000000000000
09-21 15:53:36.963 29879 29879 D BleManager: onScanResult: 02:48:9D:92:56:EF name=null rssi=-67 adv=1eff060001092022ac0e11e38aab917c828db04eba266792f197a46996126500000000000000000000000000000000000000000000000000000000000000
09-21 15:53:36.986 29879 29879 D BleManager: onScanResult: 53:D9:AC:43:9E:E3 name=null rssi=-57 adv=02010217ff8f032c1134366e4b103041a201152629ff17570103020303aafd1d16aafd830cf331343833313433323835e79a84524573444d49204b383000
09-21 15:53:37.027 29879 29879 D BleManager: onScanResult: 2F:D6:DA:5C:63:4F name=null rssi=-44 adv=1eff06000109200265f519c92865a3ecddaff6780ae6527b88d5ec09475f2500000000000000000000000000000000000000000000000000000000000000
09-21 15:53:37.049 29879 29879 D BleManager: onScanResult: 10:B4:1D:CD:23:8E name=SHID-00000001 rssi=-28 adv=0201061107041c8a5e0b6f2a9d8f4c3be701101d9f0e09534849442d30303030303030310000000000000000000000000000000000000000000000000000
09-21 15:53:37.055 29879 29879 D BleManager: onScanResult: 36:85:1F:C3:33:28 name=null rssi=-52 adv=1eff06000109200220436137cb717b08cb893bdec31ed3a683ceac08899bc400000000000000000000000000000000000000000000000000000000000000
09-21 15:53:37.061 29879 29879 D BleManager: onScanResult: 55:C1:0E:5F:C6:C5 name=null rssi=-56 adv=02010217ff8f03181134325a57103041a201152629b564570103020303aafd0916aafd830c33e38082000000000000000000000000000000000000000000
09-21 15:53:37.084 29879 29879 D BleManager: onScanResult: 39:1D:25:80:5D:BB name=null rssi=-45 adv=06ff0100424c4500000000000000000000000000000000000000000000000000000000000000000000000000000000000000000000000000000000000000
09-21 15:53:37.091 29879 29879 D BleManager: onScanResult: 02:48:9D:92:56:EF name=null rssi=-67 adv=1eff060001092022ac0e11e38aab917c828db04eba266792f197a46996126500000000000000000000000000000000000000000000000000000000000000
09-21 15:53:37.103 29879 29879 D BleManager: onScanResult: 1A:4D:66:E2:98:79 name=null rssi=-54 adv=1eff060001092002f293dbeb6e20ee781f6c1500ec9c19dc7c13fad884bac300000000000000000000000000000000000000000000000000000000000000
09-21 15:53:37.122 29879 29879 D BleManager: onScanResult: 53:D9:AC:43:9E:E3 name=null rssi=-54 adv=02010217ff8f032c1134366e4b103041a201152629ff17570103020303aafd1d16aafd830cf331343833313433323835e79a84524573444d49204b383000
09-21 15:53:37.130 29879 29879 D BleManager: onScanResult: 10:B4:1D:CD:23:8E name=SHID-00000001 rssi=-28 adv=0201061107041c8a5e0b6f2a9d8f4c3be701101d9f0e09534849442d30303030303030310000000000000000000000000000000000000000000000000000
09-21 15:53:37.136 29879 29879 D BleManager: onScanResult: 3E:91:16:6C:2B:0B name=null rssi=-74 adv=1eff060001092002b939a9208393eb09be86b82ab9b3faca6cd5108e8715cd00000000000000000000000000000000000000000000000000000000000000
09-21 15:53:37.163 29879 29879 D BleManager: onScanResult: 2F:D6:DA:5C:63:4F name=null rssi=-44 adv=1eff06000109200265f519c92865a3ecddaff6780ae6527b88d5ec09475f2500000000000000000000000000000000000000000000000000000000000000
09-21 15:53:37.169 29879 29879 D BleManager: onScanResult: 36:85:1F:C3:33:28 name=null rssi=-52 adv=1eff06000109200220436137cb717b08cb893bdec31ed3a683ceac08899bc400000000000000000000000000000000000000000000000000000000000000
09-21 15:53:37.185 29879 29879 D BleManager: onScanResult: 39:1D:25:80:5D:BB name=null rssi=-44 adv=06ff0100424c4500000000000000000000000000000000000000000000000000000000000000000000000000000000000000000000000000000000000000
09-21 15:53:37.191 29879 29879 D BleManager: onScanResult: 10:B4:1D:CD:23:8E name=SHID-00000001 rssi=-28 adv=0201061107041c8a5e0b6f2a9d8f4c3be701101d9f0e09534849442d30303030303030310000000000000000000000000000000000000000000000000000
09-21 15:53:37.218 29879 29879 D BleManager: onScanResult: 2F:D6:DA:5C:63:4F name=null rssi=-45 adv=1eff06000109200265f519c92865a3ecddaff6780ae6527b88d5ec09475f2500000000000000000000000000000000000000000000000000000000000000
09-21 15:53:37.233 29879 29879 D BleManager: onScanResult: 53:D9:AC:43:9E:E3 name=null rssi=-55 adv=02010217ff8f032c1134366e4b103041a201152629ff17570103020303aafd1d16aafd830cf331343833313433323835e79a84524573444d49204b383000
09-21 15:53:37.246 29879 29879 D BleManager: onScanResult: 10:B4:1D:CD:23:8E name=SHID-00000001 rssi=-30 adv=0201061107041c8a5e0b6f2a9d8f4c3be701101d9f0e09534849442d30303030303030310000000000000000000000000000000000000000000000000000
09-21 15:53:37.267 29879 29879 D BleManager: onScanResult: 36:85:1F:C3:33:28 name=null rssi=-56 adv=1eff06000109200220436137cb717b08cb893bdec31ed3a683ceac08899bc400000000000000000000000000000000000000000000000000000000000000
09-21 15:53:37.272 29879 29879 D BleManager: onScanResult: 39:1D:25:80:5D:BB name=null rssi=-46 adv=06ff0100424c4500000000000000000000000000000000000000000000000000000000000000000000000000000000000000000000000000000000000000
09-21 15:53:37.288 29879 29879 D BleManager: onScanResult: 02:48:9D:92:56:EF name=null rssi=-69 adv=1eff060001092022ac0e11e38aab917c828db04eba266792f197a46996126500000000000000000000000000000000000000000000000000000000000000
09-21 15:53:37.293 29879 29879 D BleManager: onScanResult: 1A:4D:66:E2:98:79 name=null rssi=-53 adv=1eff060001092002f293dbeb6e20ee781f6c1500ec9c19dc7c13fad884bac300000000000000000000000000000000000000000000000000000000000000
09-21 15:53:37.315 29879 29879 D BleManager: onScanResult: 10:B4:1D:CD:23:8E name=SHID-00000001 rssi=-29 adv=0201061107041c8a5e0b6f2a9d8f4c3be701101d9f0e09534849442d30303030303030310000000000000000000000000000000000000000000000000000
09-21 15:53:37.328 29879 29879 D BleManager: onScanResult: 55:C1:0E:5F:C6:C5 name=null rssi=-62 adv=02010217ff8f03181134325a57103041a201152629b564570103020303aafd0916aafd830c33e38082000000000000000000000000000000000000000000
09-21 15:53:37.347 29879 29879 D BleManager: onScanResult: 2F:D6:DA:5C:63:4F name=null rssi=-46 adv=1eff06000109200265f519c92865a3ecddaff6780ae6527b88d5ec09475f2500000000000000000000000000000000000000000000000000000000000000
09-21 15:53:37.354 29879 29879 D BleManager: onScanResult: 53:D9:AC:43:9E:E3 name=null rssi=-57 adv=02010217ff8f032c1134366e4b103041a201152629ff17570103020303aafd1d16aafd830cf331343833313433323835e79a84524573444d49204b383000
09-21 15:53:37.380 29879 29879 D BleManager: onScanResult: 10:B4:1D:CD:23:8E name=SHID-00000001 rssi=-29 adv=0201061107041c8a5e0b6f2a9d8f4c3be701101d9f0e09534849442d30303030303030310000000000000000000000000000000000000000000000000000
09-21 15:53:37.386 29879 29879 D BleManager: onScanResult: 39:1D:25:80:5D:BB name=null rssi=-46 adv=06ff0100424c4500000000000000000000000000000000000000000000000000000000000000000000000000000000000000000000000000000000000000
09-21 15:53:37.397 29879 29879 D BleManager: onScanResult: 1A:4D:66:E2:98:79 name=null rssi=-53 adv=1eff060001092002f293dbeb6e20ee781f6c1500ec9c19dc7c13fad884bac300000000000000000000000000000000000000000000000000000000000000
09-21 15:53:37.402 29879 29879 D BleManager: onScanResult: 02:48:9D:92:56:EF name=null rssi=-69 adv=1eff060001092022ac0e11e38aab917c828db04eba266792f197a46996126500000000000000000000000000000000000000000000000000000000000000
09-21 15:53:37.418 29879 29879 D BleManager: onScanResult: 10:B4:1D:CD:23:8E name=SHID-00000001 rssi=-29 adv=0201061107041c8a5e0b6f2a9d8f4c3be701101d9f0e09534849442d30303030303030310000000000000000000000000000000000000000000000000000
09-21 15:53:37.447 29879 29879 D BleManager: onScanResult: 2F:D6:DA:5C:63:4F name=null rssi=-45 adv=1eff06000109200265f519c92865a3ecddaff6780ae6527b88d5ec09475f2500000000000000000000000000000000000000000000000000000000000000
09-21 15:53:37.479 29879 29879 D BleManager: onScanResult: 55:C1:0E:5F:C6:C5 name=null rssi=-61 adv=02010217ff8f03181134325a57103041a201152629b564570103020303aafd0916aafd830c33e38082000000000000000000000000000000000000000000
09-21 15:53:37.486 29879 29879 D BleManager: onScanResult: 36:85:1F:C3:33:28 name=null rssi=-55 adv=1eff06000109200220436137cb717b08cb893bdec31ed3a683ceac08899bc400000000000000000000000000000000000000000000000000000000000000
09-21 15:53:37.503 29879 29879 D BleManager: onScanResult: 39:1D:25:80:5D:BB name=null rssi=-45 adv=06ff0100424c4500000000000000000000000000000000000000000000000000000000000000000000000000000000000000000000000000000000000000
09-21 15:53:37.509 29879 29879 D BleManager: onScanResult: 10:B4:1D:CD:23:8E name=SHID-00000001 rssi=-29 adv=0201061107041c8a5e0b6f2a9d8f4c3be701101d9f0e09534849442d30303030303030310000000000000000000000000000000000000000000000000000
09-21 15:53:37.515 29879 29879 D BleManager: onScanResult: 1A:4D:66:E2:98:79 name=null rssi=-53 adv=1eff060001092002f293dbeb6e20ee781f6c1500ec9c19dc7c13fad884bac300000000000000000000000000000000000000000000000000000000000000
09-21 15:53:37.539 29879 29879 D BleManager: onScanResult: 02:48:9D:92:56:EF name=null rssi=-68 adv=1eff060001092022ac0e11e38aab917c828db04eba266792f197a46996126500000000000000000000000000000000000000000000000000000000000000
09-21 15:53:37.545 29879 29879 D BleManager: onScanResult: 2F:D6:DA:5C:63:4F name=null rssi=-45 adv=1eff06000109200265f519c92865a3ecddaff6780ae6527b88d5ec09475f2500000000000000000000000000000000000000000000000000000000000000
09-21 15:53:37.559 29879 29879 D BleManager: onScanResult: 10:B4:1D:CD:23:8E name=SHID-00000001 rssi=-29 adv=0201061107041c8a5e0b6f2a9d8f4c3be701101d9f0e09534849442d30303030303030310000000000000000000000000000000000000000000000000000
09-21 15:53:37.573 29879 29879 D BleManager: onScanResult: 36:85:1F:C3:33:28 name=null rssi=-55 adv=1eff06000109200220436137cb717b08cb893bdec31ed3a683ceac08899bc400000000000000000000000000000000000000000000000000000000000000
09-21 15:53:37.578 29879 29879 D BleManager: onScanResult: 39:1D:25:80:5D:BB name=null rssi=-45 adv=06ff0100424c4500000000000000000000000000000000000000000000000000000000000000000000000000000000000000000000000000000000000000
09-21 15:53:37.583 29879 29879 D BleManager: onScanResult: 55:C1:0E:5F:C6:C5 name=null rssi=-62 adv=02010217ff8f03181134325a57103041a201152629b564570103020303aafd0916aafd830c33e38082000000000000000000000000000000000000000000
09-21 15:53:37.612 29879 29879 D BleManager: onScanResult: 1A:4D:66:E2:98:79 name=null rssi=-53 adv=1eff060001092002f293dbeb6e20ee781f6c1500ec9c19dc7c13fad884bac300000000000000000000000000000000000000000000000000000000000000
09-21 15:53:37.632 29879 29879 D BleManager: onScanResult: 10:B4:1D:CD:23:8E name=SHID-00000001 rssi=-29 adv=0201061107041c8a5e0b6f2a9d8f4c3be701101d9f0e09534849442d30303030303030310000000000000000000000000000000000000000000000000000
09-21 15:53:37.638 29879 29879 D BleManager: onScanResult: 2F:D6:DA:5C:63:4F name=null rssi=-45 adv=1eff06000109200265f519c92865a3ecddaff6780ae6527b88d5ec09475f2500000000000000000000000000000000000000000000000000000000000000
09-21 15:53:37.659 29879 29879 D BleManager: onScanResult: 3E:91:16:6C:2B:0B name=null rssi=-78 adv=1eff060001092002b939a9208393eb09be86b82ab9b3faca6cd5108e8715cd00000000000000000000000000000000000000000000000000000000000000
09-21 15:53:37.667 29879 29879 D BleManager: onScanResult: 40:1B:5E:C9:5D:F9 name=null rssi=-87 adv=1eff0600010920027a329f7f80ae16c8b29498f682623cfd052b3a5a57c86000000000000000000000000000000000000000000000000000000000000000
09-21 15:53:37.694 29879 29879 D BleManager: onScanResult: 36:85:1F:C3:33:28 name=null rssi=-56 adv=1eff06000109200220436137cb717b08cb893bdec31ed3a683ceac08899bc400000000000000000000000000000000000000000000000000000000000000
09-21 15:53:37.701 29879 29879 D BleManager: onScanResult: 10:B4:1D:CD:23:8E name=SHID-00000001 rssi=-29 adv=0201061107041c8a5e0b6f2a9d8f4c3be701101d9f0e09534849442d30303030303030310000000000000000000000000000000000000000000000000000
09-21 15:53:37.717 29879 29879 D BleManager: onScanResult: 39:1D:25:80:5D:BB name=null rssi=-45 adv=06ff0100424c4500000000000000000000000000000000000000000000000000000000000000000000000000000000000000000000000000000000000000
09-21 15:53:37.723 29879 29879 D BleManager: onScanResult: 1A:4D:66:E2:98:79 name=null rssi=-53 adv=1eff060001092002f293dbeb6e20ee781f6c1500ec9c19dc7c13fad884bac300000000000000000000000000000000000000000000000000000000000000
09-21 15:53:37.729 29879 29879 D BleManager: onScanResult: 02:48:9D:92:56:EF name=null rssi=-67 adv=1eff060001092022ac0e11e38aab917c828db04eba266792f197a46996126500000000000000000000000000000000000000000000000000000000000000
09-21 15:53:37.750 29879 29879 D BleManager: onScanResult: 3E:91:16:6C:2B:0B name=null rssi=-84 adv=1eff060001092002b939a9208393eb09be86b82ab9b3faca6cd5108e8715cd00000000000000000000000000000000000000000000000000000000000000
09-21 15:53:37.756 29879 29879 D BleManager: onScanResult: 2F:D6:DA:5C:63:4F name=null rssi=-45 adv=1eff06000109200265f519c92865a3ecddaff6780ae6527b88d5ec09475f2500000000000000000000000000000000000000000000000000000000000000
09-21 15:53:37.768 29879 29879 D BleManager: onScanResult: 10:B4:1D:CD:23:8E name=SHID-00000001 rssi=-29 adv=0201061107041c8a5e0b6f2a9d8f4c3be701101d9f0e09534849442d30303030303030310000000000000000000000000000000000000000000000000000
09-21 15:53:37.782 29879 29879 D BleManager: onScanResult: 53:D9:AC:43:9E:E3 name=null rssi=-57 adv=02010217ff8f032c1134366e4b103041a201152629ff17570103020303aafd1d16aafd830cf331343833313433323835e79a84524573444d49204b383000
09-21 15:53:37.788 29879 29879 D BleManager: onScanResult: 36:85:1F:C3:33:28 name=null rssi=-55 adv=1eff06000109200220436137cb717b08cb893bdec31ed3a683ceac08899bc400000000000000000000000000000000000000000000000000000000000000
09-21 15:53:37.812 29879 29879 D BleManager: onScanResult: 1A:4D:66:E2:98:79 name=null rssi=-55 adv=1eff060001092002f293dbeb6e20ee781f6c1500ec9c19dc7c13fad884bac300000000000000000000000000000000000000000000000000000000000000
09-21 15:53:37.819 29879 29879 D BleManager: onScanResult: 10:B4:1D:CD:23:8E name=SHID-00000001 rssi=-29 adv=0201061107041c8a5e0b6f2a9d8f4c3be701101d9f0e09534849442d30303030303030310000000000000000000000000000000000000000000000000000
09-21 15:53:37.824 29879 29879 D BleManager: onScanResult: 02:48:9D:92:56:EF name=null rssi=-67 adv=1eff060001092022ac0e11e38aab917c828db04eba266792f197a46996126500000000000000000000000000000000000000000000000000000000000000
09-21 15:53:37.846 29879 29879 D BleManager: onScanResult: 2F:D6:DA:5C:63:4F name=null rssi=-43 adv=1eff06000109200265f519c92865a3ecddaff6780ae6527b88d5ec09475f2500000000000000000000000000000000000000000000000000000000000000
09-21 15:53:37.851 29879 29879 D BleManager: onScanResult: 3E:91:16:6C:2B:0B name=null rssi=-73 adv=1eff060001092002b939a9208393eb09be86b82ab9b3faca6cd5108e8715cd00000000000000000000000000000000000000000000000000000000000000
09-21 15:53:37.857 29879 29879 D BleManager: onScanResult: 55:C1:0E:5F:C6:C5 name=null rssi=-56 adv=02010217ff8f03181134325a57103041a201152629b564570103020303aafd0916aafd830c33e38082000000000000000000000000000000000000000000
09-21 15:53:37.879 29879 29879 D BleManager: onScanResult: 40:1B:5E:C9:5D:F9 name=null rssi=-87 adv=1eff0600010920027a329f7f80ae16c8b29498f682623cfd052b3a5a57c86000000000000000000000000000000000000000000000000000000000000000
09-21 15:53:37.884 29879 29879 D BleManager: onScanResult: 36:85:1F:C3:33:28 name=null rssi=-52 adv=1eff06000109200220436137cb717b08cb893bdec31ed3a683ceac08899bc400000000000000000000000000000000000000000000000000000000000000
09-21 15:53:37.890 29879 29879 D BleManager: onScanResult: 10:B4:1D:CD:23:8E name=SHID-00000001 rssi=-30 adv=0201061107041c8a5e0b6f2a9d8f4c3be701101d9f0e09534849442d30303030303030310000000000000000000000000000000000000000000000000000
09-21 15:53:37.895 29879 29879 D BleManager: onScanResult: 53:D9:AC:43:9E:E3 name=null rssi=-56 adv=02010217ff8f032c1134366e4b103041a201152629ff17570103020303aafd1d16aafd830cf331343833313433323835e79a84524573444d49204b383000
09-21 15:53:37.920 29879 29879 D BleManager: onScanResult: 39:1D:25:80:5D:BB name=null rssi=-45 adv=06ff0100424c4500000000000000000000000000000000000000000000000000000000000000000000000000000000000000000000000000000000000000
09-21 15:53:37.925 29879 29879 D BleManager: onScanResult: 02:48:9D:92:56:EF name=null rssi=-71 adv=1eff060001092022ac0e11e38aab917c828db04eba266792f197a46996126500000000000000000000000000000000000000000000000000000000000000
09-21 15:53:37.945 29879 29879 D BleManager: onScanResult: 10:B4:1D:CD:23:8E name=SHID-00000001 rssi=-31 adv=0201061107041c8a5e0b6f2a9d8f4c3be701101d9f0e09534849442d30303030303030310000000000000000000000000000000000000000000000000000
09-21 15:53:37.951 29879 29879 D BleManager: onScanResult: 2F:D6:DA:5C:63:4F name=null rssi=-44 adv=1eff06000109200265f519c92865a3ecddaff6780ae6527b88d5ec09475f2500000000000000000000000000000000000000000000000000000000000000
09-21 15:53:37.956 29879 29879 D BleManager: onScanResult: 3E:91:16:6C:2B:0B name=null rssi=-80 adv=1eff060001092002b939a9208393eb09be86b82ab9b3faca6cd5108e8715cd00000000000000000000000000000000000000000000000000000000000000
09-21 15:53:37.989 29879 29879 D BleManager: onScanResult: 36:85:1F:C3:33:28 name=null rssi=-51 adv=1eff06000109200220436137cb717b08cb893bdec31ed3a683ceac08899bc400000000000000000000000000000000000000000000000000000000000000
09-21 15:53:38.013 29879 29879 D BleManager: onScanResult: 39:1D:25:80:5D:BB name=null rssi=-44 adv=06ff0100424c4500000000000000000000000000000000000000000000000000000000000000000000000000000000000000000000000000000000000000
09-21 15:53:38.022 29879 29879 D BleManager: onScanResult: 1A:4D:66:E2:98:79 name=null rssi=-53 adv=1eff060001092002f293dbeb6e20ee781f6c1500ec9c19dc7c13fad884bac300000000000000000000000000000000000000000000000000000000000000
09-21 15:53:38.048 29879 29879 D BleManager: onScanResult: 10:B4:1D:CD:23:8E name=SHID-00000001 rssi=-29 adv=0201061107041c8a5e0b6f2a9d8f4c3be701101d9f0e09534849442d30303030303030310000000000000000000000000000000000000000000000000000
09-21 15:53:38.054 29879 29879 D BleManager: onScanResult: 53:D9:AC:43:9E:E3 name=null rssi=-55 adv=02010217ff8f032c1134366e4b103041a201152629ff17570103020303aafd1d16aafd830cf331343833313433323835e79a84524573444d49204b383000
09-21 15:53:38.067 29879 29879 D BleManager: onScanResult: 02:48:9D:92:56:EF name=null rssi=-69 adv=1eff060001092022ac0e11e38aab917c828db04eba266792f197a46996126500000000000000000000000000000000000000000000000000000000000000
09-21 15:53:38.083 29879 29879 D BleManager: onScanResult: 2F:D6:DA:5C:63:4F name=null rssi=-44 adv=1eff06000109200265f519c92865a3ecddaff6780ae6527b88d5ec09475f2500000000000000000000000000000000000000000000000000000000000000
09-21 15:53:38.089 29879 29879 D BleManager: onScanResult: 3E:91:16:6C:2B:0B name=null rssi=-79 adv=1eff060001092002b939a9208393eb09be86b82ab9b3faca6cd5108e8715cd00000000000000000000000000000000000000000000000000000000000000
09-21 15:53:38.095 29879 29879 D BleManager: onScanResult: 10:B4:1D:CD:23:8E name=SHID-00000001 rssi=-29 adv=0201061107041c8a5e0b6f2a9d8f4c3be701101d9f0e09534849442d30303030303030310000000000000000000000000000000000000000000000000000
09-21 15:53:38.121 29879 29879 D BleManager: onScanResult: 36:85:1F:C3:33:28 name=null rssi=-56 adv=1eff06000109200220436137cb717b08cb893bdec31ed3a683ceac08899bc400000000000000000000000000000000000000000000000000000000000000
09-21 15:53:38.127 29879 29879 D BleManager: onScanResult: 39:1D:25:80:5D:BB name=null rssi=-45 adv=06ff0100424c4500000000000000000000000000000000000000000000000000000000000000000000000000000000000000000000000000000000000000
09-21 15:53:38.133 29879 29879 D BleManager: onScanResult: 1A:4D:66:E2:98:79 name=null rssi=-53 adv=1eff060001092002f293dbeb6e20ee781f6c1500ec9c19dc7c13fad884bac300000000000000000000000000000000000000000000000000000000000000
09-21 15:53:38.140 29879 29879 D BleManager: onScanResult: 55:C1:0E:5F:C6:C5 name=null rssi=-62 adv=02010217ff8f03181134325a57103041a201152629b564570103020303aafd0916aafd830c33e38082000000000000000000000000000000000000000000
09-21 15:53:38.159 29879 29879 D BleManager: onScanResult: 02:48:9D:92:56:EF name=null rssi=-68 adv=1eff060001092022ac0e11e38aab917c828db04eba266792f197a46996126500000000000000000000000000000000000000000000000000000000000000
09-21 15:53:38.172 29879 29879 D BleManager: onScanResult: 10:B4:1D:CD:23:8E name=SHID-00000001 rssi=-29 adv=0201061107041c8a5e0b6f2a9d8f4c3be701101d9f0e09534849442d30303030303030310000000000000000000000000000000000000000000000000000
09-21 15:53:38.177 29879 29879 D BleManager: onScanResult: 2F:D6:DA:5C:63:4F name=null rssi=-45 adv=1eff06000109200265f519c92865a3ecddaff6780ae6527b88d5ec09475f2500000000000000000000000000000000000000000000000000000000000000
09-21 15:53:38.182 29879 29879 D BleManager: onScanResult: 53:D9:AC:43:9E:E3 name=null rssi=-55 adv=02010217ff8f032c1134366e4b103041a201152629ff17570103020303aafd1d16aafd830cf331343833313433323835e79a84524573444d49204b383000
09-21 15:53:38.195 29879 29879 D BleManager: onScanResult: 3E:91:16:6C:2B:0B name=null rssi=-78 adv=1eff060001092002b939a9208393eb09be86b82ab9b3faca6cd5108e8715cd00000000000000000000000000000000000000000000000000000000000000
09-21 15:53:38.200 29879 29879 D BleManager: onScanResult: 36:85:1F:C3:33:28 name=null rssi=-56 adv=1eff06000109200220436137cb717b08cb893bdec31ed3a683ceac08899bc400000000000000000000000000000000000000000000000000000000000000
09-21 15:53:38.222 29879 29879 D BleManager: onScanResult: 10:B4:1D:CD:23:8E name=SHID-00000001 rssi=-29 adv=0201061107041c8a5e0b6f2a9d8f4c3be701101d9f0e09534849442d30303030303030310000000000000000000000000000000000000000000000000000
09-21 15:53:38.232 29879 29879 D BleManager: onScanResult: 39:1D:25:80:5D:BB name=null rssi=-45 adv=06ff0100424c4500000000000000000000000000000000000000000000000000000000000000000000000000000000000000000000000000000000000000
09-21 15:53:38.237 29879 29879 D BleManager: onScanResult: 1A:4D:66:E2:98:79 name=null rssi=-53 adv=1eff060001092002f293dbeb6e20ee781f6c1500ec9c19dc7c13fad884bac300000000000000000000000000000000000000000000000000000000000000
09-21 15:53:38.260 29879 29879 D BleManager: onScanResult: 02:48:9D:92:56:EF name=null rssi=-68 adv=1eff060001092022ac0e11e38aab917c828db04eba266792f197a46996126500000000000000000000000000000000000000000000000000000000000000
09-21 15:53:38.267 29879 29879 D BleManager: onScanResult: 2F:D6:DA:5C:63:4F name=null rssi=-45 adv=1eff06000109200265f519c92865a3ecddaff6780ae6527b88d5ec09475f2500000000000000000000000000000000000000000000000000000000000000
09-21 15:53:38.273 29879 29879 D BleManager: onScanResult: 10:B4:1D:CD:23:8E name=SHID-00000001 rssi=-29 adv=0201061107041c8a5e0b6f2a9d8f4c3be701101d9f0e09534849442d30303030303030310000000000000000000000000000000000000000000000000000
09-21 15:53:38.282 29879 29879 D BleManager: onScanResult: 55:C1:0E:5F:C6:C5 name=null rssi=-62 adv=02010217ff8f03181134325a57103041a201152629b564570103020303aafd0916aafd830c33e38082000000000000000000000000000000000000000000
09-21 15:53:38.312 29879 29879 D BleManager: onScanResult: 36:85:1F:C3:33:28 name=null rssi=-56 adv=1eff06000109200220436137cb717b08cb893bdec31ed3a683ceac08899bc400000000000000000000000000000000000000000000000000000000000000
09-21 15:53:38.327 29879 29879 D BleManager: onScanResult: 53:D9:AC:43:9E:E3 name=null rssi=-54 adv=02010217ff8f032c1134366e4b103041a201152629ff17570103020303aafd1d16aafd830cf331343833313433323835e79a84524573444d49204b383000
09-21 15:53:38.333 29879 29879 D BleManager: onScanResult: 39:1D:25:80:5D:BB name=null rssi=-45 adv=06ff0100424c4500000000000000000000000000000000000000000000000000000000000000000000000000000000000000000000000000000000000000
09-21 15:53:38.357 29879 29879 D BleManager: onScanResult: 1A:4D:66:E2:98:79 name=null rssi=-53 adv=1eff060001092002f293dbeb6e20ee781f6c1500ec9c19dc7c13fad884bac300000000000000000000000000000000000000000000000000000000000000
09-21 15:53:38.371 29879 29879 D BleManager: onScanResult: 10:B4:1D:CD:23:8E name=SHID-00000001 rssi=-29 adv=0201061107041c8a5e0b6f2a9d8f4c3be701101d9f0e09534849442d30303030303030310000000000000000000000000000000000000000000000000000
09-21 15:53:38.377 29879 29879 D BleManager: onScanResult: 2F:D6:DA:5C:63:4F name=null rssi=-45 adv=1eff06000109200265f519c92865a3ecddaff6780ae6527b88d5ec09475f2500000000000000000000000000000000000000000000000000000000000000
09-21 15:53:38.436 29879 29879 D BleManager: onScanResult: 1A:4D:66:E2:98:79 name=null rssi=-55 adv=1eff060001092002f293dbeb6e20ee781f6c1500ec9c19dc7c13fad884bac300000000000000000000000000000000000000000000000000000000000000
09-21 15:53:38.466 29879 29879 D BleManager: onScanResult: 53:D9:AC:43:9E:E3 name=null rssi=-52 adv=02010217ff8f032c1134366e4b103041a201152629ff17570103020303aafd1d16aafd830cf331343833313433323835e79a84524573444d49204b383000
09-21 15:53:38.488 29879 29879 D BleManager: onScanResult: 02:48:9D:92:56:EF name=null rssi=-67 adv=1eff060001092022ac0e11e38aab917c828db04eba266792f197a46996126500000000000000000000000000000000000000000000000000000000000000
09-21 15:53:38.505 29879 29879 D BleManager: onScanResult: 10:B4:1D:CD:23:8E name=SHID-00000001 rssi=-28 adv=0201061107041c8a5e0b6f2a9d8f4c3be701101d9f0e09534849442d30303030303030310000000000000000000000000000000000000000000000000000
09-21 15:53:38.513 29879 29879 D BleManager: onScanResult: 2F:D6:DA:5C:63:4F name=null rssi=-44 adv=1eff06000109200265f519c92865a3ecddaff6780ae6527b88d5ec09475f2500000000000000000000000000000000000000000000000000000000000000
09-21 15:53:38.533 29879 29879 D BleManager: onScanResult: 36:85:1F:C3:33:28 name=null rssi=-52 adv=1eff06000109200220436137cb717b08cb893bdec31ed3a683ceac08899bc400000000000000000000000000000000000000000000000000000000000000
09-21 15:53:38.540 29879 29879 D BleManager: onScanResult: 3E:91:16:6C:2B:0B name=null rssi=-80 adv=1eff060001092002b939a9208393eb09be86b82ab9b3faca6cd5108e8715cd00000000000000000000000000000000000000000000000000000000000000
09-21 15:53:38.547 29879 29879 D BleManager: onScanResult: 39:1D:25:80:5D:BB name=null rssi=-44 adv=06ff0100424c4500000000000000000000000000000000000000000000000000000000000000000000000000000000000000000000000000000000000000
09-21 15:53:38.573 29879 29879 D BleManager: onScanResult: 1A:4D:66:E2:98:79 name=null rssi=-56 adv=1eff060001092002f293dbeb6e20ee781f6c1500ec9c19dc7c13fad884bac300000000000000000000000000000000000000000000000000000000000000
09-21 15:53:38.587 29879 29879 D BleManager: onScanResult: 10:B4:1D:CD:23:8E name=SHID-00000001 rssi=-30 adv=0201061107041c8a5e0b6f2a9d8f4c3be701101d9f0e09534849442d30303030303030310000000000000000000000000000000000000000000000000000
09-21 15:53:38.593 29879 29879 D BleManager: onScanResult: 02:48:9D:92:56:EF name=null rssi=-71 adv=1eff060001092022ac0e11e38aab917c828db04eba266792f197a46996126500000000000000000000000000000000000000000000000000000000000000
09-21 15:53:38.599 29879 29879 D BleManager: onScanResult: 55:C1:0E:5F:C6:C5 name=null rssi=-58 adv=02010217ff8f03181134325a57103041a201152629b564570103020303aafd0916aafd830c33e38082000000000000000000000000000000000000000000
09-21 15:53:38.619 29879 29879 D BleManager: onScanResult: 53:D9:AC:43:9E:E3 name=null rssi=-53 adv=02010217ff8f032c1134366e4b103041a201152629ff17570103020303aafd1d16aafd830cf331343833313433323835e79a84524573444d49204b383000
09-21 15:53:38.625 29879 29879 D BleManager: onScanResult: 10:B4:1D:CD:23:8E name=SHID-00000001 rssi=-30 adv=0201061107041c8a5e0b6f2a9d8f4c3be701101d9f0e09534849442d30303030303030310000000000000000000000000000000000000000000000000000
09-21 15:53:38.631 29879 29879 D BleManager: onScanResult: 36:85:1F:C3:33:28 name=null rssi=-52 adv=1eff06000109200220436137cb717b08cb893bdec31ed3a683ceac08899bc400000000000000000000000000000000000000000000000000000000000000
09-21 15:53:38.655 29879 29879 D BleManager: onScanResult: 3E:91:16:6C:2B:0B name=null rssi=-79 adv=1eff060001092002b939a9208393eb09be86b82ab9b3faca6cd5108e8715cd00000000000000000000000000000000000000000000000000000000000000
09-21 15:53:38.662 29879 29879 D BleManager: onScanResult: 39:1D:25:80:5D:BB name=null rssi=-44 adv=06ff0100424c4500000000000000000000000000000000000000000000000000000000000000000000000000000000000000000000000000000000000000
09-21 15:53:38.679 29879 29879 D BleManager: onScanResult: 1A:4D:66:E2:98:79 name=null rssi=-56 adv=1eff060001092002f293dbeb6e20ee781f6c1500ec9c19dc7c13fad884bac300000000000000000000000000000000000000000000000000000000000000
09-21 15:53:38.685 29879 29879 D BleManager: onScanResult: 02:48:9D:92:56:EF name=null rssi=-71 adv=1eff060001092022ac0e11e38aab917c828db04eba266792f197a46996126500000000000000000000000000000000000000000000000000000000000000
09-21 15:53:38.690 29879 29879 D BleManager: onScanResult: 10:B4:1D:CD:23:8E name=SHID-00000001 rssi=-31 adv=0201061107041c8a5e0b6f2a9d8f4c3be701101d9f0e09534849442d30303030303030310000000000000000000000000000000000000000000000000000
09-21 15:53:38.709 29879 29879 D BleManager: onScanResult: 55:C1:0E:5F:C6:C5 name=null rssi=-58 adv=02010217ff8f03181134325a57103041a201152629b564570103020303aafd0916aafd830c33e38082000000000000000000000000000000000000000000
09-21 15:53:38.714 29879 29879 D BleManager: onScanResult: 2F:D6:DA:5C:63:4F name=null rssi=-45 adv=1eff06000109200265f519c92865a3ecddaff6780ae6527b88d5ec09475f2500000000000000000000000000000000000000000000000000000000000000
09-21 15:53:38.719 29879 29879 D BleManager: onScanResult: EE:23:15:21:38:1F name=null rssi=-77 adv=07ff4c0012020000000000000000000000000000000000000000000000000000000000000000000000000000000000000000000000000000000000000000
09-21 15:53:38.725 29879 29879 D BleManager: onScanResult: 53:D9:AC:43:9E:E3 name=null rssi=-54 adv=02010217ff8f032c1134366e4b103041a201152629ff17570103020303aafd1d16aafd830cf331343833313433323835e79a84524573444d49204b383000
09-21 15:53:38.743 29879 29879 D BleManager: onScanResult: 36:85:1F:C3:33:28 name=null rssi=-52 adv=1eff06000109200220436137cb717b08cb893bdec31ed3a683ceac08899bc400000000000000000000000000000000000000000000000000000000000000
09-21 15:53:38.748 29879 29879 D BleManager: onScanResult: 10:B4:1D:CD:23:8E name=SHID-00000001 rssi=-31 adv=0201061107041c8a5e0b6f2a9d8f4c3be701101d9f0e09534849442d30303030303030310000000000000000000000000000000000000000000000000000
09-21 15:53:38.753 29879 29879 D BleManager: onScanResult: 3E:91:16:6C:2B:0B name=null rssi=-79 adv=1eff060001092002b939a9208393eb09be86b82ab9b3faca6cd5108e8715cd00000000000000000000000000000000000000000000000000000000000000
09-21 15:53:38.772 29879 29879 D BleManager: onScanResult: 39:1D:25:80:5D:BB name=null rssi=-44 adv=06ff0100424c4500000000000000000000000000000000000000000000000000000000000000000000000000000000000000000000000000000000000000
09-21 15:53:38.777 29879 29879 D BleManager: onScanResult: 02:48:9D:92:56:EF name=null rssi=-72 adv=1eff060001092022ac0e11e38aab917c828db04eba266792f197a46996126500000000000000000000000000000000000000000000000000000000000000
09-21 15:53:38.801 29879 29879 D BleManager: onScanResult: 2F:D6:DA:5C:63:4F name=null rssi=-45 adv=1eff06000109200265f519c92865a3ecddaff6780ae6527b88d5ec09475f2500000000000000000000000000000000000000000000000000000000000000
09-21 15:53:38.816 29879 29879 D BleManager: onScanResult: 10:B4:1D:CD:23:8E name=SHID-00000001 rssi=-31 adv=0201061107041c8a5e0b6f2a9d8f4c3be701101d9f0e09534849442d30303030303030310000000000000000000000000000000000000000000000000000
09-21 15:53:38.820 29879 29879 D BleManager: onScanResult: 55:C1:0E:5F:C6:C5 name=null rssi=-58 adv=02010217ff8f03181134325a57103041a201152629b564570103020303aafd0916aafd830c33e38082000000000000000000000000000000000000000000
09-21 15:53:38.825 29879 29879 D BleManager: onScanResult: 36:85:1F:C3:33:28 name=null rssi=-51 adv=1eff06000109200220436137cb717b08cb893bdec31ed3a683ceac08899bc400000000000000000000000000000000000000000000000000000000000000
09-21 15:53:38.851 29879 29879 D BleManager: onScanResult: 39:1D:25:80:5D:BB name=null rssi=-44 adv=06ff0100424c4500000000000000000000000000000000000000000000000000000000000000000000000000000000000000000000000000000000000000
09-21 15:53:38.856 29879 29879 D BleManager: onScanResult: 3E:91:16:6C:2B:0B name=null rssi=-79 adv=1eff060001092002b939a9208393eb09be86b82ab9b3faca6cd5108e8715cd00000000000000000000000000000000000000000000000000000000000000
09-21 15:53:38.868 29879 29879 D BleManager: onScanResult: 10:B4:1D:CD:23:8E name=SHID-00000001 rssi=-30 adv=0201061107041c8a5e0b6f2a9d8f4c3be701101d9f0e09534849442d30303030303030310000000000000000000000000000000000000000000000000000
09-21 15:53:38.905 29879 29879 D BleManager: onScanResult: 02:48:9D:92:56:EF name=null rssi=-71 adv=1eff060001092022ac0e11e38aab917c828db04eba266792f197a46996126500000000000000000000000000000000000000000000000000000000000000
09-21 15:53:38.913 29879 29879 D BleManager: onScanResult: 2F:D6:DA:5C:63:4F name=null rssi=-45 adv=1eff06000109200265f519c92865a3ecddaff6780ae6527b88d5ec09475f2500000000000000000000000000000000000000000000000000000000000000
09-21 15:53:38.935 29879 29879 D BleManager: onScanResult: 36:85:1F:C3:33:28 name=null rssi=-51 adv=1eff06000109200220436137cb717b08cb893bdec31ed3a683ceac08899bc400000000000000000000000000000000000000000000000000000000000000
09-21 15:53:38.942 29879 29879 D BleManager: onScanResult: 40:1B:5E:C9:5D:F9 name=null rssi=-84 adv=1eff0600010920027a329f7f80ae16c8b29498f682623cfd052b3a5a57c86000000000000000000000000000000000000000000000000000000000000000
09-21 15:53:38.957 29879 29879 D BleManager: onScanResult: 10:B4:1D:CD:23:8E name=SHID-00000001 rssi=-31 adv=0201061107041c8a5e0b6f2a9d8f4c3be701101d9f0e09534849442d30303030303030310000000000000000000000000000000000000000000000000000
09-21 15:53:38.964 29879 29879 D BleManager: onScanResult: 1A:4D:66:E2:98:79 name=null rssi=-56 adv=1eff060001092002f293dbeb6e20ee781f6c1500ec9c19dc7c13fad884bac300000000000000000000000000000000000000000000000000000000000000
09-21 15:53:38.971 29879 29879 D BleManager: onScanResult: 39:1D:25:80:5D:BB name=null rssi=-44 adv=06ff0100424c4500000000000000000000000000000000000000000000000000000000000000000000000000000000000000000000000000000000000000
09-21 15:53:38.977 29879 29879 D BleManager: onScanResult: 55:C1:0E:5F:C6:C5 name=null rssi=-58 adv=02010217ff8f03181134325a57103041a201152629b564570103020303aafd0916aafd830c33e38082000000000000000000000000000000000000000000
09-21 15:53:38.989 29879 29879 D BleManager: onScanResult: 3E:91:16:6C:2B:0B name=null rssi=-81 adv=1eff060001092002b939a9208393eb09be86b82ab9b3faca6cd5108e8715cd00000000000000000000000000000000000000000000000000000000000000
09-21 15:53:38.995 29879 29879 D BleManager: onScanResult: 02:48:9D:92:56:EF name=null rssi=-72 adv=1eff060001092022ac0e11e38aab917c828db04eba266792f197a46996126500000000000000000000000000000000000000000000000000000000000000
09-21 15:53:39.008 29879 29879 D BleManager: onScanResult: 53:D9:AC:43:9E:E3 name=null rssi=-53 adv=02010217ff8f032c1134366e4b103041a201152629ff17570103020303aafd1d16aafd830cf331343833313433323835e79a84524573444d49204b383000
09-21 15:53:39.044 29879 29879 D BleManager: onScanResult: 36:85:1F:C3:33:28 name=null rssi=-55 adv=1eff06000109200220436137cb717b08cb893bdec31ed3a683ceac08899bc400000000000000000000000000000000000000000000000000000000000000
09-21 15:53:39.050 29879 29879 D BleManager: onScanResult: 1A:4D:66:E2:98:79 name=null rssi=-55 adv=1eff060001092002f293dbeb6e20ee781f6c1500ec9c19dc7c13fad884bac300000000000000000000000000000000000000000000000000000000000000
09-21 15:53:39.071 29879 29879 D BleManager: onScanResult: 39:1D:25:80:5D:BB name=null rssi=-45 adv=06ff0100424c4500000000000000000000000000000000000000000000000000000000000000000000000000000000000000000000000000000000000000
09-21 15:53:39.078 29879 29879 D BleManager: onScanResult: 3E:91:16:6C:2B:0B name=null rssi=-82 adv=1eff060001092002b939a9208393eb09be86b82ab9b3faca6cd5108e8715cd00000000000000000000000000000000000000000000000000000000000000
09-21 15:53:39.093 29879 29879 D BleManager: onScanResult: 10:B4:1D:CD:23:8E name=SHID-00000001 rssi=-29 adv=0201061107041c8a5e0b6f2a9d8f4c3be701101d9f0e09534849442d30303030303030310000000000000000000000000000000000000000000000000000
09-21 15:53:39.098 29879 29879 D BleManager: onScanResult: 55:C1:0E:5F:C6:C5 name=null rssi=-62 adv=02010217ff8f03181134325a57103041a201152629b564570103020303aafd0916aafd830c33e38082000000000000000000000000000000000000000000
09-21 15:53:39.119 29879 29879 D BleManager: onScanResult: 02:48:9D:92:56:EF name=null rssi=-67 adv=1eff060001092022ac0e11e38aab917c828db04eba266792f197a46996126500000000000000000000000000000000000000000000000000000000000000
09-21 15:53:39.124 29879 29879 D BleManager: onScanResult: 2F:D6:DA:5C:63:4F name=null rssi=-45 adv=1eff06000109200265f519c92865a3ecddaff6780ae6527b88d5ec09475f2500000000000000000000000000000000000000000000000000000000000000
09-21 15:53:39.137 29879 29879 D BleManager: onScanResult: 53:D9:AC:43:9E:E3 name=null rssi=-53 adv=02010217ff8f032c1134366e4b103041a201152629ff17570103020303aafd1d16aafd830cf331343833313433323835e79a84524573444d49204b383000
09-21 15:53:39.156 29879 29879 D BleManager: onScanResult: 36:85:1F:C3:33:28 name=null rssi=-52 adv=1eff06000109200220436137cb717b08cb893bdec31ed3a683ceac08899bc400000000000000000000000000000000000000000000000000000000000000
09-21 15:53:39.174 29879 29879 D BleManager: onScanResult: 10:B4:1D:CD:23:8E name=SHID-00000001 rssi=-28 adv=0201061107041c8a5e0b6f2a9d8f4c3be701101d9f0e09534849442d30303030303030310000000000000000000000000000000000000000000000000000
09-21 15:53:39.179 29879 29879 D BleManager: onScanResult: 1A:4D:66:E2:98:79 name=null rssi=-54 adv=1eff060001092002f293dbeb6e20ee781f6c1500ec9c19dc7c13fad884bac300000000000000000000000000000000000000000000000000000000000000
09-21 15:53:39.185 29879 29879 D BleManager: onScanResult: 39:1D:25:80:5D:BB name=null rssi=-43 adv=06ff0100424c4500000000000000000000000000000000000000000000000000000000000000000000000000000000000000000000000000000000000000
09-21 15:53:39.189 29879 29879 D BleManager: onScanResult: 3E:91:16:6C:2B:0B name=null rssi=-73 adv=1eff060001092002b939a9208393eb09be86b82ab9b3faca6cd5108e8715cd00000000000000000000000000000000000000000000000000000000000000
09-21 15:53:39.208 29879 29879 D BleManager: onScanResult: 6C:67:CD:EB:FC:26 name=null rssi=-72 adv=02011a0dff4c0016080047a4049025f15f000000000000000000000000000000000000000000000000000000000000000000000000000000000000000000
09-21 15:53:39.213 29879 29879 D BleManager: onScanResult: 02:48:9D:92:56:EF name=null rssi=-66 adv=1eff060001092022ac0e11e38aab917c828db04eba266792f197a46996126500000000000000000000000000000000000000000000000000000000000000
09-21 15:53:39.223 29879 29879 D BleManager: onScanResult: 10:B4:1D:CD:23:8E name=SHID-00000001 rssi=-28 adv=0201061107041c8a5e0b6f2a9d8f4c3be701101d9f0e09534849442d30303030303030310000000000000000000000000000000000000000000000000000
09-21 15:53:39.241 29879 29879 D BleManager: onScanResult: 2F:D6:DA:5C:63:4F name=null rssi=-44 adv=1eff06000109200265f519c92865a3ecddaff6780ae6527b88d5ec09475f2500000000000000000000000000000000000000000000000000000000000000
09-21 15:53:39.245 29879 29879 D BleManager: onScanResult: 55:C1:0E:5F:C6:C5 name=null rssi=-55 adv=02010217ff8f03181134325a57103041a201152629b564570103020303aafd0916aafd830c33e38082000000000000000000000000000000000000000000
09-21 15:53:39.251 29879 29879 D BleManager: onScanResult: 36:85:1F:C3:33:28 name=null rssi=-51 adv=1eff06000109200220436137cb717b08cb893bdec31ed3a683ceac08899bc400000000000000000000000000000000000000000000000000000000000000
09-21 15:53:39.271 29879 29879 D BleManager: onScanResult: 1A:4D:66:E2:98:79 name=null rssi=-55 adv=1eff060001092002f293dbeb6e20ee781f6c1500ec9c19dc7c13fad884bac300000000000000000000000000000000000000000000000000000000000000
09-21 15:53:39.277 29879 29879 D BleManager: onScanResult: 39:1D:25:80:5D:BB name=null rssi=-43 adv=06ff0100424c4500000000000000000000000000000000000000000000000000000000000000000000000000000000000000000000000000000000000000
09-21 15:53:39.288 29879 29879 D BleManager: onScanResult: 53:D9:AC:43:9E:E3 name=null rssi=-53 adv=02010217ff8f032c1134366e4b103041a201152629ff17570103020303aafd1d16aafd830cf331343833313433323835e79a84524573444d49204b383000
09-21 15:53:39.293 29879 29879 D BleManager: onScanResult: 10:B4:1D:CD:23:8E name=SHID-00000001 rssi=-29 adv=0201061107041c8a5e0b6f2a9d8f4c3be701101d9f0e09534849442d30303030303030310000000000000000000000000000000000000000000000000000
09-21 15:53:39.316 29879 29879 D BleManager: onScanResult: 02:48:9D:92:56:EF name=null rssi=-66 adv=1eff060001092022ac0e11e38aab917c828db04eba266792f197a46996126500000000000000000000000000000000000000000000000000000000000000
09-21 15:53:39.321 29879 29879 D BleManager: onScanResult: 2F:D6:DA:5C:63:4F name=null rssi=-44 adv=1eff06000109200265f519c92865a3ecddaff6780ae6527b88d5ec09475f2500000000000000000000000000000000000000000000000000000000000000
09-21 15:53:39.334 29879 29879 D BleManager: onScanResult: 36:85:1F:C3:33:28 name=null rssi=-52 adv=1eff06000109200220436137cb717b08cb893bdec31ed3a683ceac08899bc400000000000000000000000000000000000000000000000000000000000000
09-21 15:53:39.360 29879 29879 D BleManager: onScanResult: 10:B4:1D:CD:23:8E name=SHID-00000001 rssi=-28 adv=0201061107041c8a5e0b6f2a9d8f4c3be701101d9f0e09534849442d30303030303030310000000000000000000000000000000000000000000000000000
09-21 15:53:39.366 29879 29879 D BleManager: onScanResult: 1A:4D:66:E2:98:79 name=null rssi=-55 adv=1eff060001092002f293dbeb6e20ee781f6c1500ec9c19dc7c13fad884bac300000000000000000000000000000000000000000000000000000000000000
09-21 15:53:39.386 29879 29879 D BleManager: onScanResult: 39:1D:25:80:5D:BB name=null rssi=-42 adv=06ff0100424c4500000000000000000000000000000000000000000000000000000000000000000000000000000000000000000000000000000000000000
09-21 15:53:39.393 29879 29879 D BleManager: onScanResult: 3E:91:16:6C:2B:0B name=null rssi=-71 adv=1eff060001092002b939a9208393eb09be86b82ab9b3faca6cd5108e8715cd00000000000000000000000000000000000000000000000000000000000000
09-21 15:53:39.413 29879 29879 D BleManager: onScanResult: 10:B4:1D:CD:23:8E name=SHID-00000001 rssi=-29 adv=0201061107041c8a5e0b6f2a9d8f4c3be701101d9f0e09534849442d30303030303030310000000000000000000000000000000000000000000000000000
09-21 15:53:39.419 29879 29879 D BleManager: onScanResult: 53:D9:AC:43:9E:E3 name=null rssi=-53 adv=02010217ff8f032c1134366e4b103041a201152629ff17570103020303aafd1d16aafd830cf331343833313433323835e79a84524573444d49204b383000
09-21 15:53:39.438 29879 29879 D BleManager: onScanResult: 02:48:9D:92:56:EF name=null rssi=-67 adv=1eff060001092022ac0e11e38aab917c828db04eba266792f197a46996126500000000000000000000000000000000000000000000000000000000000000
09-21 15:53:39.443 29879 29879 D BleManager: onScanResult: 2F:D6:DA:5C:63:4F name=null rssi=-44 adv=1eff06000109200265f519c92865a3ecddaff6780ae6527b88d5ec09475f2500000000000000000000000000000000000000000000000000000000000000
09-21 15:53:39.460 29879 29879 D BleManager: onScanResult: 36:85:1F:C3:33:28 name=null rssi=-51 adv=1eff06000109200220436137cb717b08cb893bdec31ed3a683ceac08899bc400000000000000000000000000000000000000000000000000000000000000
09-21 15:53:39.474 29879 29879 D BleManager: onScanResult: 55:C1:0E:5F:C6:C5 name=null rssi=-55 adv=02010217ff8f03181134325a57103041a201152629b564570103020303aafd0916aafd830c33e38082000000000000000000000000000000000000000000
09-21 15:53:39.479 29879 29879 D BleManager: onScanResult: 39:1D:25:80:5D:BB name=null rssi=-43 adv=06ff0100424c4500000000000000000000000000000000000000000000000000000000000000000000000000000000000000000000000000000000000000
09-21 15:53:39.484 29879 29879 D BleManager: onScanResult: 10:B4:1D:CD:23:8E name=SHID-00000001 rssi=-29 adv=0201061107041c8a5e0b6f2a9d8f4c3be701101d9f0e09534849442d30303030303030310000000000000000000000000000000000000000000000000000
09-21 15:53:39.508 29879 29879 D BleManager: onScanResult: 3E:91:16:6C:2B:0B name=null rssi=-70 adv=1eff060001092002b939a9208393eb09be86b82ab9b3faca6cd5108e8715cd00000000000000000000000000000000000000000000000000000000000000
09-21 15:53:39.529 29879 29879 D BleManager: onScanResult: 55:C1:0E:5F:C6:C5 name=null rssi=-55 adv=02010217ff8f03181134325a57103041a201152629b564570103020303aafd0916aafd830c33e38082000000000000000000000000000000000000000000
09-21 15:53:39.534 29879 29879 D BleManager: onScanResult: 02:48:9D:92:56:EF name=null rssi=-66 adv=1eff060001092022ac0e11e38aab917c828db04eba266792f197a46996126500000000000000000000000000000000000000000000000000000000000000
09-21 15:53:39.546 29879 29879 D BleManager: onScanResult: 2F:D6:DA:5C:63:4F name=null rssi=-43 adv=1eff06000109200265f519c92865a3ecddaff6780ae6527b88d5ec09475f2500000000000000000000000000000000000000000000000000000000000000
09-21 15:53:39.551 29879 29879 D BleManager: onScanResult: 53:D9:AC:43:9E:E3 name=null rssi=-53 adv=02010217ff8f032c1134366e4b103041a201152629ff17570103020303aafd1d16aafd830cf331343833313433323835e79a84524573444d49204b383000
09-21 15:53:39.556 29879 29879 D BleManager: onScanResult: 10:B4:1D:CD:23:8E name=SHID-00000001 rssi=-28 adv=0201061107041c8a5e0b6f2a9d8f4c3be701101d9f0e09534849442d30303030303030310000000000000000000000000000000000000000000000000000
09-21 15:53:39.560 29879 29879 D BleManager: onScanResult: 36:85:1F:C3:33:28 name=null rssi=-52 adv=1eff06000109200220436137cb717b08cb893bdec31ed3a683ceac08899bc400000000000000000000000000000000000000000000000000000000000000
09-21 15:53:39.577 29879 29879 D BleManager: onScanResult: 1A:4D:66:E2:98:79 name=null rssi=-54 adv=1eff060001092002f293dbeb6e20ee781f6c1500ec9c19dc7c13fad884bac300000000000000000000000000000000000000000000000000000000000000
09-21 15:53:39.582 29879 29879 D BleManager: onScanResult: 39:1D:25:80:5D:BB name=null rssi=-43 adv=06ff0100424c4500000000000000000000000000000000000000000000000000000000000000000000000000000000000000000000000000000000000000
09-21 15:53:39.601 29879 29879 D BleManager: onScanResult: 3E:91:16:6C:2B:0B name=null rssi=-70 adv=1eff060001092002b939a9208393eb09be86b82ab9b3faca6cd5108e8715cd00000000000000000000000000000000000000000000000000000000000000
09-21 15:53:39.608 29879 29879 D BleManager: onScanResult: 10:B4:1D:CD:23:8E name=SHID-00000001 rssi=-28 adv=0201061107041c8a5e0b6f2a9d8f4c3be701101d9f0e09534849442d30303030303030310000000000000000000000000000000000000000000000000000
09-21 15:53:39.637 29879 29879 D BleManager: onScanResult: 55:C1:0E:5F:C6:C5 name=null rssi=-58 adv=02010217ff8f03181134325a57103041a201152629b564570103020303aafd0916aafd830c33e38082000000000000000000000000000000000000000000
09-21 15:53:39.664 29879 29879 D BleManager: onScanResult: 36:85:1F:C3:33:28 name=null rssi=-52 adv=1eff06000109200220436137cb717b08cb893bdec31ed3a683ceac08899bc400000000000000000000000000000000000000000000000000000000000000
09-21 15:53:39.670 29879 29879 D BleManager: onScanResult: 53:D9:AC:43:9E:E3 name=null rssi=-54 adv=02010217ff8f032c1134366e4b103041a201152629ff17570103020303aafd1d16aafd830cf331343833313433323835e79a84524573444d49204b383000
09-21 15:53:39.690 29879 29879 D BleManager: onScanResult: 1A:4D:66:E2:98:79 name=null rssi=-56 adv=1eff060001092002f293dbeb6e20ee781f6c1500ec9c19dc7c13fad884bac300000000000000000000000000000000000000000000000000000000000000
09-21 15:53:39.697 29879 29879 D BleManager: onScanResult: 39:1D:25:80:5D:BB name=null rssi=-44 adv=06ff0100424c4500000000000000000000000000000000000000000000000000000000000000000000000000000000000000000000000000000000000000
09-21 15:53:39.745 29879 29879 D BleManager: onScanResult: 3E:91:16:6C:2B:0B name=null rssi=-81 adv=1eff060001092002b939a9208393eb09be86b82ab9b3faca6cd5108e8715cd00000000000000000000000000000000000000000000000000000000000000
09-21 15:53:39.751 29879 29879 D BleManager: onScanResult: 10:B4:1D:CD:23:8E name=SHID-00000001 rssi=-33 adv=0201061107041c8a5e0b6f2a9d8f4c3be701101d9f0e09534849442d30303030303030310000000000000000000000000000000000000000000000000000
09-21 15:53:39.775 29879 29879 D BleManager: onScanResult: 36:85:1F:C3:33:28 name=null rssi=-54 adv=1eff06000109200220436137cb717b08cb893bdec31ed3a683ceac08899bc400000000000000000000000000000000000000000000000000000000000000
09-21 15:53:39.780 29879 29879 D BleManager: onScanResult: 1A:4D:66:E2:98:79 name=null rssi=-53 adv=1eff060001092002f293dbeb6e20ee781f6c1500ec9c19dc7c13fad884bac300000000000000000000000000000000000000000000000000000000000000
09-21 15:53:39.785 29879 29879 D BleManager: onScanResult: 55:C1:0E:5F:C6:C5 name=null rssi=-61 adv=02010217ff8f03181134325a57103041a201152629b564570103020303aafd0916aafd830c33e38082000000000000000000000000000000000000000000
09-21 15:53:39.800 29879 29879 D BleManager: onScanResult: 39:1D:25:80:5D:BB name=null rssi=-45 adv=06ff0100424c4500000000000000000000000000000000000000000000000000000000000000000000000000000000000000000000000000000000000000
09-21 15:53:39.805 29879 29879 D BleManager: onScanResult: 3E:91:16:6C:2B:0B name=null rssi=-84 adv=1eff060001092002b939a9208393eb09be86b82ab9b3faca6cd5108e8715cd00000000000000000000000000000000000000000000000000000000000000
09-21 15:53:39.817 29879 29879 D BleManager: onScanResult: 10:B4:1D:CD:23:8E name=SHID-00000001 rssi=-29 adv=0201061107041c8a5e0b6f2a9d8f4c3be701101d9f0e09534849442d30303030303030310000000000000000000000000000000000000000000000000000
09-21 15:53:39.821 29879 29879 D BleManager: onScanResult: 53:D9:AC:43:9E:E3 name=null rssi=-56 adv=02010217ff8f032c1134366e4b103041a201152629ff17570103020303aafd1d16aafd830cf331343833313433323835e79a84524573444d49204b383000
09-21 15:53:39.857 29879 29879 D BleManager: onScanResult: 2F:D6:DA:5C:63:4F name=null rssi=-45 adv=1eff06000109200265f519c92865a3ecddaff6780ae6527b88d5ec09475f2500000000000000000000000000000000000000000000000000000000000000
09-21 15:53:39.865 29879 29879 D BleManager: onScanResult: 02:48:9D:92:56:EF name=null rssi=-68 adv=1eff060001092022ac0e11e38aab917c828db04eba266792f197a46996126500000000000000000000000000000000000000000000000000000000000000
09-21 15:53:39.888 29879 29879 D BleManager: onScanResult: 36:85:1F:C3:33:28 name=null rssi=-54 adv=1eff06000109200220436137cb717b08cb893bdec31ed3a683ceac08899bc400000000000000000000000000000000000000000000000000000000000000
09-21 15:53:39.893 29879 29879 D BleManager: onScanResult: 10:B4:1D:CD:23:8E name=SHID-00000001 rssi=-29 adv=0201061107041c8a5e0b6f2a9d8f4c3be701101d9f0e09534849442d30303030303030310000000000000000000000000000000000000000000000000000
09-21 15:53:39.898 29879 29879 D BleManager: onScanResult: 1A:4D:66:E2:98:79 name=null rssi=-53 adv=1eff060001092002f293dbeb6e20ee781f6c1500ec9c19dc7c13fad884bac300000000000000000000000000000000000000000000000000000000000000
09-21 15:53:39.909 29879 29879 D BleManager: onScanResult: 39:1D:25:80:5D:BB name=null rssi=-45 adv=06ff0100424c4500000000000000000000000000000000000000000000000000000000000000000000000000000000000000000000000000000000000000
09-21 15:53:39.920 29879 29879 D BleManager: onScanResult: 3E:91:16:6C:2B:0B name=null rssi=-83 adv=1eff060001092002b939a9208393eb09be86b82ab9b3faca6cd5108e8715cd00000000000000000000000000000000000000000000000000000000000000
09-21 15:53:39.944 29879 29879 D BleManager: onScanResult: 55:C1:0E:5F:C6:C5 name=null rssi=-62 adv=02010217ff8f03181134325a57103041a201152629b564570103020303aafd0916aafd830c33e38082000000000000000000000000000000000000000000
09-21 15:53:39.950 29879 29879 D BleManager: onScanResult: 53:D9:AC:43:9E:E3 name=null rssi=-56 adv=02010217ff8f032c1134366e4b103041a201152629ff17570103020303aafd1d16aafd830cf331343833313433323835e79a84524573444d49204b383000
09-21 15:53:39.955 29879 29879 D BleManager: onScanResult: 10:B4:1D:CD:23:8E name=SHID-00000001 rssi=-29 adv=0201061107041c8a5e0b6f2a9d8f4c3be701101d9f0e09534849442d30303030303030310000000000000000000000000000000000000000000000000000
09-21 15:53:39.967 29879 29879 D BleManager: onScanResult: 2F:D6:DA:5C:63:4F name=null rssi=-45 adv=1eff06000109200265f519c92865a3ecddaff6780ae6527b88d5ec09475f2500000000000000000000000000000000000000000000000000000000000000
09-21 15:53:39.983 29879 29879 D BleManager: onScanResult: 02:48:9D:92:56:EF name=null rssi=-69 adv=1eff060001092022ac0e11e38aab917c828db04eba266792f197a46996126500000000000000000000000000000000000000000000000000000000000000
09-21 15:53:39.989 29879 29879 D BleManager: onScanResult: 36:85:1F:C3:33:28 name=null rssi=-54 adv=1eff06000109200220436137cb717b08cb893bdec31ed3a683ceac08899bc400000000000000000000000000000000000000000000000000000000000000
09-21 15:53:39.994 29879 29879 D BleManager: onScanResult: 1A:4D:66:E2:98:79 name=null rssi=-53 adv=1eff060001092002f293dbeb6e20ee781f6c1500ec9c19dc7c13fad884bac300000000000000000000000000000000000000000000000000000000000000
09-21 15:53:39.998 29879 29879 D BleManager: onScanResult: 39:1D:25:80:5D:BB name=null rssi=-45 adv=06ff0100424c4500000000000000000000000000000000000000000000000000000000000000000000000000000000000000000000000000000000000000
09-21 15:53:40.016 29879 29879 D BleManager: onScanResult: 10:B4:1D:CD:23:8E name=SHID-00000001 rssi=-29 adv=0201061107041c8a5e0b6f2a9d8f4c3be701101d9f0e09534849442d30303030303030310000000000000000000000000000000000000000000000000000
09-21 15:53:40.049 29879 29879 D BleManager: onScanResult: 55:C1:0E:5F:C6:C5 name=null rssi=-55 adv=02010217ff8f03181134325a57103041a201152629b564570103020303aafd0916aafd830c33e38082000000000000000000000000000000000000000000
09-21 15:53:40.075 29879 29879 D BleManager: onScanResult: 36:85:1F:C3:33:28 name=null rssi=-51 adv=1eff06000109200220436137cb717b08cb893bdec31ed3a683ceac08899bc400000000000000000000000000000000000000000000000000000000000000
09-21 15:53:40.093 29879 29879 D BleManager: onScanResult: 10:B4:1D:CD:23:8E name=SHID-00000001 rssi=-31 adv=0201061107041c8a5e0b6f2a9d8f4c3be701101d9f0e09534849442d30303030303030310000000000000000000000000000000000000000000000000000
09-21 15:53:40.099 29879 29879 D BleManager: onScanResult: 1A:4D:66:E2:98:79 name=null rssi=-56 adv=1eff060001092002f293dbeb6e20ee781f6c1500ec9c19dc7c13fad884bac300000000000000000000000000000000000000000000000000000000000000
09-21 15:53:40.123 29879 29879 D BleManager: onScanResult: 39:1D:25:80:5D:BB name=null rssi=-44 adv=06ff0100424c4500000000000000000000000000000000000000000000000000000000000000000000000000000000000000000000000000000000000000
09-21 15:53:40.130 29879 29879 D BleManager: onScanResult: 3E:91:16:6C:2B:0B name=null rssi=-80 adv=1eff060001092002b939a9208393eb09be86b82ab9b3faca6cd5108e8715cd00000000000000000000000000000000000000000000000000000000000000
09-21 15:53:40.151 29879 29879 D BleManager: onScanResult: 10:B4:1D:CD:23:8E name=SHID-00000001 rssi=-30 adv=0201061107041c8a5e0b6f2a9d8f4c3be701101d9f0e09534849442d30303030303030310000000000000000000000000000000000000000000000000000
09-21 15:53:40.179 29879 29879 D BleManager: onScanResult: 2F:D6:DA:5C:63:4F name=null rssi=-45 adv=1eff06000109200265f519c92865a3ecddaff6780ae6527b88d5ec09475f2500000000000000000000000000000000000000000000000000000000000000
09-21 15:53:40.187 29879 29879 D BleManager: onScanResult: 02:48:9D:92:56:EF name=null rssi=-77 adv=1eff060001092022ac0e11e38aab917c828db04eba266792f197a46996126500000000000000000000000000000000000000000000000000000000000000
09-21 15:53:40.200 29879 29879 D BleManager: onScanResult: 36:85:1F:C3:33:28 name=null rssi=-51 adv=1eff06000109200220436137cb717b08cb893bdec31ed3a683ceac08899bc400000000000000000000000000000000000000000000000000000000000000
09-21 15:53:40.206 29879 29879 D BleManager: onScanResult: 40:1B:5E:C9:5D:F9 name=null rssi=-87 adv=1eff0600010920027a329f7f80ae16c8b29498f682623cfd052b3a5a57c86000000000000000000000000000000000000000000000000000000000000000
09-21 15:53:40.211 29879 29879 D BleManager: onScanResult: 55:C1:0E:5F:C6:C5 name=null rssi=-58 adv=02010217ff8f03181134325a57103041a201152629b564570103020303aafd0916aafd830c33e38082000000000000000000000000000000000000000000
09-21 15:53:40.224 29879 29879 D BleManager: onScanResult: 1A:4D:66:E2:98:79 name=null rssi=-56 adv=1eff060001092002f293dbeb6e20ee781f6c1500ec9c19dc7c13fad884bac300000000000000000000000000000000000000000000000000000000000000
09-21 15:53:40.229 29879 29879 D BleManager: onScanResult: 10:B4:1D:CD:23:8E name=SHID-00000001 rssi=-31 adv=0201061107041c8a5e0b6f2a9d8f4c3be701101d9f0e09534849442d30303030303030310000000000000000000000000000000000000000000000000000
09-21 15:53:40.234 29879 29879 D BleManager: onScanResult: 39:1D:25:80:5D:BB name=null rssi=-44 adv=06ff0100424c4500000000000000000000000000000000000000000000000000000000000000000000000000000000000000000000000000000000000000
09-21 15:53:40.240 29879 29879 D BleManager: onScanResult: 53:D9:AC:43:9E:E3 name=null rssi=-55 adv=02010217ff8f032c1134366e4b103041a201152629ff17570103020303aafd1d16aafd830cf331343833313433323835e79a84524573444d49204b383000
09-21 15:53:40.279 29879 29879 D BleManager: onScanResult: 10:B4:1D:CD:23:8E name=SHID-00000001 rssi=-29 adv=0201061107041c8a5e0b6f2a9d8f4c3be701101d9f0e09534849442d30303030303030310000000000000000000000000000000000000000000000000000
09-21 15:53:40.292 29879 29879 D BleManager: onScanResult: 02:48:9D:92:56:EF name=null rssi=-69 adv=1eff060001092022ac0e11e38aab917c828db04eba266792f197a46996126500000000000000000000000000000000000000000000000000000000000000
09-21 15:53:40.298 29879 29879 D BleManager: onScanResult: 36:85:1F:C3:33:28 name=null rssi=-55 adv=1eff06000109200220436137cb717b08cb893bdec31ed3a683ceac08899bc400000000000000000000000000000000000000000000000000000000000000
09-21 15:53:40.318 29879 29879 D BleManager: onScanResult: 1A:4D:66:E2:98:79 name=null rssi=-53 adv=1eff060001092002f293dbeb6e20ee781f6c1500ec9c19dc7c13fad884bac300000000000000000000000000000000000000000000000000000000000000
09-21 15:53:40.323 29879 29879 D BleManager: onScanResult: 39:1D:25:80:5D:BB name=null rssi=-45 adv=06ff0100424c4500000000000000000000000000000000000000000000000000000000000000000000000000000000000000000000000000000000000000
09-21 15:53:40.334 29879 29879 D BleManager: onScanResult: 55:C1:0E:5F:C6:C5 name=null rssi=-61 adv=02010217ff8f03181134325a57103041a201152629b564570103020303aafd0916aafd830c33e38082000000000000000000000000000000000000000000
09-21 15:53:40.348 29879 29879 D BleManager: onScanResult: 10:B4:1D:CD:23:8E name=SHID-00000001 rssi=-29 adv=0201061107041c8a5e0b6f2a9d8f4c3be701101d9f0e09534849442d30303030303030310000000000000000000000000000000000000000000000000000
09-21 15:53:40.358 29879 29879 D BleManager: onScanResult: 2F:D6:DA:5C:63:4F name=null rssi=-45 adv=1eff06000109200265f519c92865a3ecddaff6780ae6527b88d5ec09475f2500000000000000000000000000000000000000000000000000000000000000
09-21 15:53:40.386 29879 29879 D BleManager: onScanResult: 36:85:1F:C3:33:28 name=null rssi=-51 adv=1eff06000109200220436137cb717b08cb893bdec31ed3a683ceac08899bc400000000000000000000000000000000000000000000000000000000000000
09-21 15:53:40.391 29879 29879 D BleManager: onScanResult: 02:48:9D:92:56:EF name=null rssi=-72 adv=1eff060001092022ac0e11e38aab917c828db04eba266792f197a46996126500000000000000000000000000000000000000000000000000000000000000
09-21 15:53:40.412 29879 29879 D BleManager: onScanResult: 10:B4:1D:CD:23:8E name=SHID-00000001 rssi=-29 adv=0201061107041c8a5e0b6f2a9d8f4c3be701101d9f0e09534849442d30303030303030310000000000000000000000000000000000000000000000000000
09-21 15:53:40.418 29879 29879 D BleManager: onScanResult: 1A:4D:66:E2:98:79 name=null rssi=-54 adv=1eff060001092002f293dbeb6e20ee781f6c1500ec9c19dc7c13fad884bac300000000000000000000000000000000000000000000000000000000000000
09-21 15:53:40.423 29879 29879 D BleManager: onScanResult: 39:1D:25:80:5D:BB name=null rssi=-43 adv=06ff0100424c4500000000000000000000000000000000000000000000000000000000000000000000000000000000000000000000000000000000000000
09-21 15:53:40.460 29879 29879 D BleManager: onScanResult: 3E:91:16:6C:2B:0B name=null rssi=-73 adv=1eff060001092002b939a9208393eb09be86b82ab9b3faca6cd5108e8715cd00000000000000000000000000000000000000000000000000000000000000
09-21 15:53:40.466 29879 29879 D BleManager: onScanResult: 55:C1:0E:5F:C6:C5 name=null rssi=-56 adv=02010217ff8f03181134325a57103041a201152629b564570103020303aafd0916aafd830c33e38082000000000000000000000000000000000000000000
09-21 15:53:40.471 29879 29879 D BleManager: onScanResult: 10:B4:1D:CD:23:8E name=SHID-00000001 rssi=-28 adv=0201061107041c8a5e0b6f2a9d8f4c3be701101d9f0e09534849442d30303030303030310000000000000000000000000000000000000000000000000000
09-21 15:53:40.476 29879 29879 D BleManager: onScanResult: 2F:D6:DA:5C:63:4F name=null rssi=-43 adv=1eff06000109200265f519c92865a3ecddaff6780ae6527b88d5ec09475f2500000000000000000000000000000000000000000000000000000000000000
09-21 15:53:40.490 29879 29879 D BleManager: onScanResult: 53:D9:AC:43:9E:E3 name=null rssi=-53 adv=02010217ff8f032c1134366e4b103041a201152629ff17570103020303aafd1d16aafd830cf331343833313433323835e79a84524573444d49204b383000
09-21 15:53:40.517 29879 29879 D BleManager: onScanResult: 36:85:1F:C3:33:28 name=null rssi=-51 adv=1eff06000109200220436137cb717b08cb893bdec31ed3a683ceac08899bc400000000000000000000000000000000000000000000000000000000000000
09-21 15:53:40.523 29879 29879 D BleManager: onScanResult: 1A:4D:66:E2:98:79 name=null rssi=-55 adv=1eff060001092002f293dbeb6e20ee781f6c1500ec9c19dc7c13fad884bac300000000000000000000000000000000000000000000000000000000000000
09-21 15:53:40.530 29879 29879 D BleManager: onScanResult: 39:1D:25:80:5D:BB name=null rssi=-43 adv=06ff0100424c4500000000000000000000000000000000000000000000000000000000000000000000000000000000000000000000000000000000000000
09-21 15:53:40.566 29879 29879 D BleManager: onScanResult: 10:B4:1D:CD:23:8E name=SHID-00000001 rssi=-28 adv=0201061107041c8a5e0b6f2a9d8f4c3be701101d9f0e09534849442d30303030303030310000000000000000000000000000000000000000000000000000
09-21 15:53:40.571 29879 29879 D BleManager: onScanResult: 2F:D6:DA:5C:63:4F name=null rssi=-43 adv=1eff06000109200265f519c92865a3ecddaff6780ae6527b88d5ec09475f2500000000000000000000000000000000000000000000000000000000000000
09-21 15:53:40.595 29879 29879 D BleManager: onScanResult: 10:B4:1D:CD:23:8E name=SHID-00000001 rssi=-29 adv=0201061107041c8a5e0b6f2a9d8f4c3be701101d9f0e09534849442d30303030303030310000000000000000000000000000000000000000000000000000
09-21 15:53:40.619 29879 29879 D BleManager: onScanResult: 36:85:1F:C3:33:28 name=null rssi=-51 adv=1eff06000109200220436137cb717b08cb893bdec31ed3a683ceac08899bc400000000000000000000000000000000000000000000000000000000000000
09-21 15:53:40.636 29879 29879 D BleManager: onScanResult: 55:C1:0E:5F:C6:C5 name=null rssi=-56 adv=02010217ff8f03181134325a57103041a201152629b564570103020303aafd0916aafd830c33e38082000000000000000000000000000000000000000000
09-21 15:53:40.656 29879 29879 D BleManager: onScanResult: 1A:4D:66:E2:98:79 name=null rssi=-56 adv=1eff060001092002f293dbeb6e20ee781f6c1500ec9c19dc7c13fad884bac300000000000000000000000000000000000000000000000000000000000000
09-21 15:53:40.664 29879 29879 D BleManager: onScanResult: 53:D9:AC:43:9E:E3 name=null rssi=-53 adv=02010217ff8f032c1134366e4b103041a201152629ff17570103020303aafd1d16aafd830cf331343833313433323835e79a84524573444d49204b383000
09-21 15:53:40.689 29879 29879 D BleManager: onScanResult: 39:1D:25:80:5D:BB name=null rssi=-44 adv=06ff0100424c4500000000000000000000000000000000000000000000000000000000000000000000000000000000000000000000000000000000000000
09-21 15:53:40.697 29879 29879 D BleManager: onScanResult: 3E:91:16:6C:2B:0B name=null rssi=-78 adv=1eff060001092002b939a9208393eb09be86b82ab9b3faca6cd5108e8715cd00000000000000000000000000000000000000000000000000000000000000
09-21 15:53:40.703 29879 29879 D BleManager: onScanResult: 10:B4:1D:CD:23:8E name=SHID-00000001 rssi=-28 adv=0201061107041c8a5e0b6f2a9d8f4c3be701101d9f0e09534849442d30303030303030310000000000000000000000000000000000000000000000000000
09-21 15:53:40.716 29879 29879 D BleManager: onScanResult: 2F:D6:DA:5C:63:4F name=null rssi=-43 adv=1eff06000109200265f519c92865a3ecddaff6780ae6527b88d5ec09475f2500000000000000000000000000000000000000000000000000000000000000
09-21 15:53:40.722 29879 29879 D BleManager: onScanResult: EE:23:15:21:38:1F name=null rssi=-69 adv=07ff4c0012020000000000000000000000000000000000000000000000000000000000000000000000000000000000000000000000000000000000000000
09-21 15:53:40.729 29879 29879 D BleManager: onScanResult: 02:48:9D:92:56:EF name=null rssi=-68 adv=1eff060001092022ac0e11e38aab917c828db04eba266792f197a46996126500000000000000000000000000000000000000000000000000000000000000
09-21 15:53:40.734 29879 29879 D BleManager: onScanResult: 36:85:1F:C3:33:28 name=null rssi=-51 adv=1eff06000109200220436137cb717b08cb893bdec31ed3a683ceac08899bc400000000000000000000000000000000000000000000000000000000000000
09-21 15:53:40.755 29879 29879 D BleManager: onScanResult: 1A:4D:66:E2:98:79 name=null rssi=-56 adv=1eff060001092002f293dbeb6e20ee781f6c1500ec9c19dc7c13fad884bac300000000000000000000000000000000000000000000000000000000000000
09-21 15:53:40.764 29879 29879 D BleManager: onScanResult: 10:B4:1D:CD:23:8E name=SHID-00000001 rssi=-29 adv=0201061107041c8a5e0b6f2a9d8f4c3be701101d9f0e09534849442d30303030303030310000000000000000000000000000000000000000000000000000
09-21 15:53:40.771 29879 29879 D BleManager: onScanResult: 55:C1:0E:5F:C6:C5 name=null rssi=-55 adv=02010217ff8f03181134325a57103041a201152629b564570103020303aafd0916aafd830c33e38082000000000000000000000000000000000000000000
09-21 15:53:40.798 29879 29879 D BleManager: onScanResult: 39:1D:25:80:5D:BB name=null rssi=-44 adv=06ff0100424c4500000000000000000000000000000000000000000000000000000000000000000000000000000000000000000000000000000000000000
09-21 15:53:40.812 29879 29879 D BleManager: onScanResult: 53:D9:AC:43:9E:E3 name=null rssi=-53 adv=02010217ff8f032c1134366e4b103041a201152629ff17570103020303aafd1d16aafd830cf331343833313433323835e79a84524573444d49204b383000
09-21 15:53:40.818 29879 29879 D BleManager: onScanResult: 3E:91:16:6C:2B:0B name=null rssi=-73 adv=1eff060001092002b939a9208393eb09be86b82ab9b3faca6cd5108e8715cd00000000000000000000000000000000000000000000000000000000000000
09-21 15:53:40.824 29879 29879 D BleManager: onScanResult: 2F:D6:DA:5C:63:4F name=null rssi=-43 adv=1eff06000109200265f519c92865a3ecddaff6780ae6527b88d5ec09475f2500000000000000000000000000000000000000000000000000000000000000
09-21 15:53:40.832 29879 29879 D BleManager: onScanResult: 10:B4:1D:CD:23:8E name=SHID-00000001 rssi=-29 adv=0201061107041c8a5e0b6f2a9d8f4c3be701101d9f0e09534849442d30303030303030310000000000000000000000000000000000000000000000000000
09-21 15:53:40.839 29879 29879 D BleManager: onScanResult: 36:85:1F:C3:33:28 name=null rssi=-51 adv=1eff06000109200220436137cb717b08cb893bdec31ed3a683ceac08899bc400000000000000000000000000000000000000000000000000000000000000
09-21 15:53:40.854 29879 29879 D BleManager: onScanResult: 02:48:9D:92:56:EF name=null rssi=-68 adv=1eff060001092022ac0e11e38aab917c828db04eba266792f197a46996126500000000000000000000000000000000000000000000000000000000000000
09-21 15:53:40.860 29879 29879 D BleManager: onScanResult: 1A:4D:66:E2:98:79 name=null rssi=-55 adv=1eff060001092002f293dbeb6e20ee781f6c1500ec9c19dc7c13fad884bac300000000000000000000000000000000000000000000000000000000000000
09-21 15:53:40.881 29879 29879 D BleManager: onScanResult: 55:C1:0E:5F:C6:C5 name=null rssi=-58 adv=02010217ff8f03181134325a57103041a201152629b564570103020303aafd0916aafd830c33e38082000000000000000000000000000000000000000000
09-21 15:53:40.903 29879 29879 D BleManager: onScanResult: 53:D9:AC:43:9E:E3 name=null rssi=-55 adv=02010217ff8f032c1134366e4b103041a201152629ff17570103020303aafd1d16aafd830cf331343833313433323835e79a84524573444d49204b383000
09-21 15:53:40.923 29879 29879 D BleManager: onScanResult: 36:85:1F:C3:33:28 name=null rssi=-51 adv=1eff06000109200220436137cb717b08cb893bdec31ed3a683ceac08899bc400000000000000000000000000000000000000000000000000000000000000
09-21 15:53:40.929 29879 29879 D BleManager: onScanResult: 10:B4:1D:CD:23:8E name=SHID-00000001 rssi=-31 adv=0201061107041c8a5e0b6f2a9d8f4c3be701101d9f0e09534849442d30303030303030310000000000000000000000000000000000000000000000000000
09-21 15:53:40.935 29879 29879 D BleManager: onScanResult: 02:48:9D:92:56:EF name=null rssi=-89 adv=1eff060001092022ac0e11e38aab917c828db04eba266792f197a46996126500000000000000000000000000000000000000000000000000000000000000
09-21 15:53:40.958 29879 29879 I BleManager: Scan stopped
09-21 15:53:40.958 29879 29879 I BleManager: Auto-stop scan after 5000ms
