--------- beginning of main
09-21 15:53:24.575 29879 29879 I BleManager: Scan started
09-21 15:53:24.671 29879 29879 D BleManager: onScanResult: EE:23:15:21:38:1F name=null rssi=-71 adv=07ff4c0012020000000000000000000000000000000000000000000000000000000000000000000000000000000000000000000000000000000000000000
09-21 15:53:24.740 29879 29879 D BleManager: onScanResult: 3E:91:16:6C:2B:0B name=null rssi=-80 adv=1eff060001092002b939a9208393eb09be86b82ab9b3faca6cd5108e8715cd00000000000000000000000000000000000000000000000000000000000000
09-21 15:53:24.760 29879 29879 D BleManager: onScanResult: 10:B4:1D:CD:23:8E name=SHID-00000001 rssi=-28 adv=0201061107041c8a5e0b6f2a9d8f4c3be701101d9f0e09534849442d30303030303030310000000000000000000000000000000000000000000000000000
09-21 15:53:24.768 29879 29879 D BleManager: onScanResult: 02:48:9D:92:56:EF name=null rssi=-68 adv=1eff060001092022ac0e11e38aab917c828db04eba266792f197a46996126500000000000000000000000000000000000000000000000000000000000000
09-21 15:53:24.821 29879 29879 D BleManager: onScanResult: 39:1D:25:80:5D:BB name=null rssi=-46 adv=06ff0100424c4500000000000000000000000000000000000000000000000000000000000000000000000000000000000000000000000000000000000000
09-21 15:53:24.830 29879 29879 D BleManager: onScanResult: 2F:D6:DA:5C:63:4F name=null rssi=-46 adv=1eff06000109200265f519c92865a3ecddaff6780ae6527b88d5ec09475f2500000000000000000000000000000000000000000000000000000000000000
09-21 15:53:24.836 29879 29879 D BleManager: onScanResult: 36:85:1F:C3:33:28 name=null rssi=-54 adv=1eff06000109200220436137cb717b08cb893bdec31ed3a683ceac08899bc400000000000000000000000000000000000000000000000000000000000000
09-21 15:53:24.842 29879 29879 D BleManager: onScanResult: 10:B4:1D:CD:23:8E name=SHID-00000001 rssi=-28 adv=0201061107041c8a5e0b6f2a9d8f4c3be701101d9f0e09534849442d30303030303030310000000000000000000000000000000000000000000000000000
09-21 15:53:24.847 29879 29879 D BleManager: onScanResult: 1A:4D:66:E2:98:79 name=null rssi=-56 adv=1eff060001092002f293dbeb6e20ee781f6c1500ec9c19dc7c13fad884bac300000000000000000000000000000000000000000000000000000000000000
09-21 15:53:24.851 29879 29879 D BleManager: onScanResult: 3E:91:16:6C:2B:0B name=null rssi=-83 adv=1eff060001092002b939a9208393eb09be86b82ab9b3faca6cd5108e8715cd00000000000000000000000000000000000000000000000000000000000000
09-21 15:53:24.930 29879 29879 D BleManager: onScanResult: 02:48:9D:92:56:EF name=null rssi=-68 adv=1eff060001092022ac0e11e38aab917c828db04eba266792f197a46996126500000000000000000000000000000000000000000000000000000000000000
09-21 15:53:24.950 29879 29879 D BleManager: onScanResult: 10:B4:1D:CD:23:8E name=SHID-00000001 rssi=-27 adv=0201061107041c8a5e0b6f2a9d8f4c3be701101d9f0e09534849442d30303030303030310000000000000000000000000000000000000000000000000000
09-21 15:53:24.954 29879 29879 D BleManager: onScanResult: 55:C1:0E:5F:C6:C5 name=null rssi=-62 adv=02010217ff8f03181134325a57103041a201152629b564570103020303aafd0916aafd830c33e38082000000000000000000000000000000000000000000
09-21 15:53:24.959 29879 29879 D BleManager: onScanResult: 39:1D:25:80:5D:BB name=null rssi=-46 adv=06ff0100424c4500000000000000000000000000000000000000000000000000000000000000000000000000000000000000000000000000000000000000
09-21 15:53:24.964 29879 29879 D BleManager: onScanResult: 2F:D6:DA:5C:63:4F name=null rssi=-46 adv=1eff06000109200265f519c92865a3ecddaff6780ae6527b88d5ec09475f2500000000000000000000000000000000000000000000000000000000000000
09-21 15:53:24.969 29879 29879 D BleManager: onScanResult: 36:85:1F:C3:33:28 name=null rssi=-55 adv=1eff06000109200220436137cb717b08cb893bdec31ed3a683ceac08899bc400000000000000000000000000000000000000000000000000000000000000
09-21 15:53:24.974 29879 29879 D BleManager: onScanResult: 1A:4D:66:E2:98:79 name=null rssi=-56 adv=1eff060001092002f293dbeb6e20ee781f6c1500ec9c19dc7c13fad884bac300000000000000000000000000000000000000000000000000000000000000
09-21 15:53:24.979 29879 29879 D BleManager: onScanResult: 10:B4:1D:CD:23:8E name=SHID-00000001 rssi=-28 adv=0201061107041c8a5e0b6f2a9d8f4c3be701101d9f0e09534849442d30303030303030310000000000000000000000000000000000000000000000000000
09-21 15:53:24.983 29879 29879 D BleManager: onScanResult: 3E:91:16:6C:2B:0B name=null rssi=-81 adv=1eff060001092002b939a9208393eb09be86b82ab9b3faca6cd5108e8715cd00000000000000000000000000000000000000000000000000000000000000
09-21 15:53:24.988 29879 29879 D BleManager: onScanResult: 02:48:9D:92:56:EF name=null rssi=-68 adv=1eff060001092022ac0e11e38aab917c828db04eba266792f197a46996126500000000000000000000000000000000000000000000000000000000000000
09-21 15:53:25.016 29879 29879 D BleManager: onScanResult: 40:1B:5E:C9:5D:F9 name=null rssi=-87 adv=1eff0600010920027a329f7f80ae16c8b29498f682623cfd052b3a5a57c86000000000000000000000000000000000000000000000000000000000000000
09-21 15:53:25.021 29879 29879 D BleManager: onScanResult: 39:1D:25:80:5D:BB name=null rssi=-46 adv=06ff0100424c4500000000000000000000000000000000000000000000000000000000000000000000000000000000000000000000000000000000000000
09-21 15:53:25.027 29879 29879 D BleManager: onScanResult: 36:85:1F:C3:33:28 name=null rssi=-51 adv=1eff06000109200220436137cb717b08cb893bdec31ed3a683ceac08899bc400000000000000000000000000000000000000000000000000000000000000
09-21 15:53:25.031 29879 29879 D BleManager: onScanResult: 55:C1:0E:5F:C6:C5 name=null rssi=-57 adv=02010217ff8f03181134325a57103041a201152629b564570103020303aafd0916aafd830c33e38082000000000000000000000000000000000000000000
09-21 15:53:25.036 29879 29879 D BleManager: onScanResult: 1A:4D:66:E2:98:79 name=null rssi=-53 adv=1eff060001092002f293dbeb6e20ee781f6c1500ec9c19dc7c13fad884bac300000000000000000000000000000000000000000000000000000000000000
09-21 15:53:25.052 29879 29879 D BleManager: onScanResult: 02:48:9D:92:56:EF name=null rssi=-67 adv=1eff060001092022ac0e11e38aab917c828db04eba266792f197a46996126500000000000000000000000000000000000000000000000000000000000000
09-21 15:53:25.057 29879 29879 D BleManager: onScanResult: 10:B4:1D:CD:23:8E name=SHID-00000001 rssi=-28 adv=0201061107041c8a5e0b6f2a9d8f4c3be701101d9f0e09534849442d30303030303030310000000000000000000000000000000000000000000000000000
09-21 15:53:25.062 29879 29879 D BleManager: onScanResult: 39:1D:25:80:5D:BB name=null rssi=-46 adv=06ff0100424c4500000000000000000000000000000000000000000000000000000000000000000000000000000000000000000000000000000000000000
09-21 15:53:25.067 29879 29879 D BleManager: onScanResult: 3E:91:16:6C:2B:0B name=null rssi=-74 adv=1eff060001092002b939a9208393eb09be86b82ab9b3faca6cd5108e8715cd00000000000000000000000000000000000000000000000000000000000000
09-21 15:53:25.096 29879 29879 D BleManager: onScanResult: 2F:D6:DA:5C:63:4F name=null rssi=-46 adv=1eff06000109200265f519c92865a3ecddaff6780ae6527b88d5ec09475f2500000000000000000000000000000000000000000000000000000000000000
09-21 15:53:25.102 29879 29879 D BleManager: onScanResult: 36:85:1F:C3:33:28 name=null rssi=-51 adv=1eff06000109200220436137cb717b08cb893bdec31ed3a683ceac08899bc400000000000000000000000000000000000000000000000000000000000000
09-21 15:53:25.134 29879 29879 D BleManager: onScanResult: 10:B4:1D:CD:23:8E name=SHID-00000001 rssi=-28 adv=0201061107041c8a5e0b6f2a9d8f4c3be701101d9f0e09534849442d30303030303030310000000000000000000000000000000000000000000000000000
09-21 15:53:25.138 29879 29879 D BleManager: onScanResult: 1A:4D:66:E2:98:79 name=null rssi=-53 adv=1eff060001092002f293dbeb6e20ee781f6c1500ec9c19dc7c13fad884bac300000000000000000000000000000000000000000000000000000000000000
09-21 15:53:25.152 29879 29879 D BleManager: onScanResult: 55:C1:0E:5F:C6:C5 name=null rssi=-57 adv=02010217ff8f03181134325a57103041a201152629b564570103020303aafd0916aafd830c33e38082000000000000000000000000000000000000000000
09-21 15:53:25.159 29879 29879 D BleManager: onScanResult: 02:48:9D:92:56:EF name=null rssi=-66 adv=1eff060001092022ac0e11e38aab917c828db04eba266792f197a46996126500000000000000000000000000000000000000000000000000000000000000
09-21 15:53:25.163 29879 29879 D BleManager: onScanResult: 39:1D:25:80:5D:BB name=null rssi=-46 adv=06ff0100424c4500000000000000000000000000000000000000000000000000000000000000000000000000000000000000000000000000000000000000
09-21 15:53:25.167 29879 29879 D BleManager: onScanResult: 3E:91:16:6C:2B:0B name=null rssi=-73 adv=1eff060001092002b939a9208393eb09be86b82ab9b3faca6cd5108e8715cd00000000000000000000000000000000000000000000000000000000000000
09-21 15:53:25.172 29879 29879 D BleManager: onScanResult: 10:B4:1D:CD:23:8E name=SHID-00000001 rssi=-28 adv=0201061107041c8a5e0b6f2a9d8f4c3be701101d9f0e09534849442d30303030303030310000000000000000000000000000000000000000000000000000
09-21 15:53:25.176 29879 29879 D BleManager: onScanResult: 6C:67:CD:EB:FC:26 name=null rssi=-71 adv=02011a0dff4c0016080047a4049025f15f000000000000000000000000000000000000000000000000000000000000000000000000000000000000000000
09-21 15:53:25.181 29879 29879 D BleManager: onScanResult: 36:85:1F:C3:33:28 name=null rssi=-51 adv=1eff06000109200220436137cb717b08cb893bdec31ed3a683ceac08899bc400000000000000000000000000000000000000000000000000000000000000
09-21 15:53:25.186 29879 29879 D BleManager: onScanResult: 2F:D6:DA:5C:63:4F name=null rssi=-46 adv=1eff06000109200265f519c92865a3ecddaff6780ae6527b88d5ec09475f2500000000000000000000000000000000000000000000000000000000000000
09-21 15:53:25.205 29879 29879 D BleManager: onScanResult: 1A:4D:66:E2:98:79 name=null rssi=-53 adv=1eff060001092002f293dbeb6e20ee781f6c1500ec9c19dc7c13fad884bac300000000000000000000000000000000000000000000000000000000000000
09-21 15:53:25.243 29879 29879 D BleManager: onScanResult: 10:B4:1D:CD:23:8E name=SHID-00000001 rssi=-29 adv=0201061107041c8a5e0b6f2a9d8f4c3be701101d9f0e09534849442d30303030303030310000000000000000000000000000000000000000000000000000
09-21 15:53:25.272 29879 29879 D BleManager: onScanResult: 55:C1:0E:5F:C6:C5 name=null rssi=-57 adv=02010217ff8f03181134325a57103041a201152629b564570103020303aafd0916aafd830c33e38082000000000000000000000000000000000000000000
09-21 15:53:25.277 29879 29879 D BleManager: onScanResult: 3E:91:16:6C:2B:0B name=null rssi=-73 adv=1eff060001092002b939a9208393eb09be86b82ab9b3faca6cd5108e8715cd00000000000000000000000000000000000000000000000000000000000000
09-21 15:53:25.282 29879 29879 D BleManager: onScanResult: 36:85:1F:C3:33:28 name=null rssi=-52 adv=1eff06000109200220436137cb717b08cb893bdec31ed3a683ceac08899bc400000000000000000000000000000000000000000000000000000000000000
09-21 15:53:25.286 29879 29879 D BleManager: onScanResult: 2F:D6:DA:5C:63:4F name=null rssi=-47 adv=1eff06000109200265f519c92865a3ecddaff6780ae6527b88d5ec09475f2500000000000000000000000000000000000000000000000000000000000000
09-21 15:53:25.312 29879 29879 D BleManager: onScanResult: 10:B4:1D:CD:23:8E name=SHID-00000001 rssi=-31 adv=0201061107041c8a5e0b6f2a9d8f4c3be701101d9f0e09534849442d30303030303030310000000000000000000000000000000000000000000000000000
09-21 15:53:25.333 29879 29879 D BleManager: onScanResult: 1A:4D:66:E2:98:79 name=null rssi=-56 adv=1eff060001092002f293dbeb6e20ee781f6c1500ec9c19dc7c13fad884bac300000000000000000000000000000000000000000000000000000000000000
09-21 15:53:25.338 29879 29879 D BleManager: onScanResult: 39:1D:25:80:5D:BB name=null rssi=-47 adv=06ff0100424c4500000000000000000000000000000000000000000000000000000000000000000000000000000000000000000000000000000000000000
09-21 15:53:25.373 29879 29879 D BleManager: onScanResult: 10:B4:1D:CD:23:8E name=SHID-00000001 rssi=-31 adv=0201061107041c8a5e0b6f2a9d8f4c3be701101d9f0e09534849442d30303030303030310000000000000000000000000000000000000000000000000000
09-21 15:53:25.379 29879 29879 D BleManager: onScanResult: 2F:D6:DA:5C:63:4F name=null rssi=-48 adv=1eff06000109200265f519c92865a3ecddaff6780ae6527b88d5ec09475f2500000000000000000000000000000000000000000000000000000000000000
09-21 15:53:25.400 29879 29879 D BleManager: onScanResult: 55:C1:0E:5F:C6:C5 name=null rssi=-58 adv=02010217ff8f03181134325a57103041a201152629b564570103020303aafd0916aafd830c33e38082000000000000000000000000000000000000000000
09-21 15:53:25.406 29879 29879 D BleManager: onScanResult: 1A:4D:66:E2:98:79 name=null rssi=-58 adv=1eff060001092002f293dbeb6e20ee781f6c1500ec9c19dc7c13fad884bac300000000000000000000000000000000000000000000000000000000000000
09-21 15:53:25.420 29879 29879 D BleManager: onScanResult: 10:B4:1D:CD:23:8E name=SHID-00000001 rssi=-30 adv=0201061107041c8a5e0b6f2a9d8f4c3be701101d9f0e09534849442d30303030303030310000000000000000000000000000000000000000000000000000
09-21 15:53:25.438 29879 29879 D BleManager: onScanResult: 39:1D:25:80:5D:BB name=null rssi=-47 adv=06ff0100424c4500000000000000000000000000000000000000000000000000000000000000000000000000000000000000000000000000000000000000
09-21 15:53:25.443 29879 29879 D BleManager: onScanResult: 02:48:9D:92:56:EF name=null rssi=-75 adv=1eff060001092022ac0e11e38aab917c828db04eba266792f197a46996126500000000000000000000000000000000000000000000000000000000000000
09-21 15:53:25.477 29879 29879 D BleManager: onScanResult: 3E:91:16:6C:2B:0B name=null rssi=-78 adv=1eff060001092002b939a9208393eb09be86b82ab9b3faca6cd5108e8715cd00000000000000000000000000000000000000000000000000000000000000
09-21 15:53:25.499 29879 29879 D BleManager: onScanResult: 10:B4:1D:CD:23:8E name=SHID-00000001 rssi=-30 adv=0201061107041c8a5e0b6f2a9d8f4c3be701101d9f0e09534849442d30303030303030310000000000000000000000000000000000000000000000000000
09-21 15:53:25.511 29879 29879 D BleManager: onScanResult: 55:C1:0E:5F:C6:C5 name=null rssi=-59 adv=02010217ff8f03181134325a57103041a201152629b564570103020303aafd0916aafd830c33e38082000000000000000000000000000000000000000000
09-21 15:53:25.517 29879 29879 D BleManager: onScanResult: 1A:4D:66:E2:98:79 name=null rssi=-59 adv=1eff060001092002f293dbeb6e20ee781f6c1500ec9c19dc7c13fad884bac300000000000000000000000000000000000000000000000000000000000000
09-21 15:53:25.565 29879 29879 D BleManager: onScanResult: 2F:D6:DA:5C:63:4F name=null rssi=-46 adv=1eff06000109200265f519c92865a3ecddaff6780ae6527b88d5ec09475f2500000000000000000000000000000000000000000000000000000000000000
09-21 15:53:25.571 29879 29879 D BleManager: onScanResult: 36:85:1F:C3:33:28 name=null rssi=-55 adv=1eff06000109200220436137cb717b08cb893bdec31ed3a683ceac08899bc400000000000000000000000000000000000000000000000000000000000000
09-21 15:53:25.607 29879 29879 D BleManager: onScanResult: 10:B4:1D:CD:23:8E name=SHID-00000001 rssi=-28 adv=0201061107041c8a5e0b6f2a9d8f4c3be701101d9f0e09534849442d30303030303030310000000000000000000000000000000000000000000000000000
09-21 15:53:25.612 29879 29879 D BleManager: onScanResult: 1A:4D:66:E2:98:79 name=null rssi=-55 adv=1eff060001092002f293dbeb6e20ee781f6c1500ec9c19dc7c13fad884bac300000000000000000000000000000000000000000000000000000000000000
09-21 15:53:25.617 29879 29879 D BleManager: onScanResult: 55:C1:0E:5F:C6:C5 name=null rssi=-63 adv=02010217ff8f03181134325a57103041a201152629b564570103020303aafd0916aafd830c33e38082000000000000000000000000000000000000000000
09-21 15:53:25.641 29879 29879 D BleManager: onScanResult: 39:1D:25:80:5D:BB name=null rssi=-46 adv=06ff0100424c4500000000000000000000000000000000000000000000000000000000000000000000000000000000000000000000000000000000000000
09-21 15:53:25.646 29879 29879 D BleManager: onScanResult: 02:48:9D:92:56:EF name=null rssi=-68 adv=1eff060001092022ac0e11e38aab917c828db04eba266792f197a46996126500000000000000000000000000000000000000000000000000000000000000
09-21 15:53:25.671 29879 29879 D BleManager: onScanResult: 10:B4:1D:CD:23:8E name=SHID-00000001 rssi=-28 adv=0201061107041c8a5e0b6f2a9d8f4c3be701101d9f0e09534849442d30303030303030310000000000000000000000000000000000000000000000000000
09-21 15:53:25.677 29879 29879 D BleManager: onScanResult: 3E:91:16:6C:2B:0B name=null rssi=-83 adv=1eff060001092002b939a9208393eb09be86b82ab9b3faca6cd5108e8715cd00000000000000000000000000000000000000000000000000000000000000
09-21 15:53:25.682 29879 29879 D BleManager: onScanResult: 2F:D6:DA:5C:63:4F name=null rssi=-46 adv=1eff06000109200265f519c92865a3ecddaff6780ae6527b88d5ec09475f2500000000000000000000000000000000000000000000000000000000000000
09-21 15:53:25.715 29879 29879 D BleManager: onScanResult: 36:85:1F:C3:33:28 name=null rssi=-55 adv=1eff06000109200220436137cb717b08cb893bdec31ed3a683ceac08899bc400000000000000000000000000000000000000000000000000000000000000
09-21 15:53:25.720 29879 29879 D BleManager: onScanResult: 1A:4D:66:E2:98:79 name=null rssi=-55 adv=1eff060001092002f293dbeb6e20ee781f6c1500ec9c19dc7c13fad884bac300000000000000000000000000000000000000000000000000000000000000
09-21 15:53:25.726 29879 29879 D BleManager: onScanResult: 10:B4:1D:CD:23:8E name=SHID-00000001 rssi=-28 adv=0201061107041c8a5e0b6f2a9d8f4c3be701101d9f0e09534849442d30303030303030310000000000000000000000000000000000000000000000000000
09-21 15:53:25.746 29879 29879 D BleManager: onScanResult: 39:1D:25:80:5D:BB name=null rssi=-46 adv=06ff0100424c4500000000000000000000000000000000000000000000000000000000000000000000000000000000000000000000000000000000000000
09-21 15:53:25.752 29879 29879 D BleManager: onScanResult: 02:48:9D:92:56:EF name=null rssi=-69 adv=1eff060001092022ac0e11e38aab917c828db04eba266792f197a46996126500000000000000000000000000000000000000000000000000000000000000
09-21 15:53:25.786 29879 29879 D BleManager: onScanResult: 55:C1:0E:5F:C6:C5 name=null rssi=-63 adv=02010217ff8f03181134325a57103041a201152629b564570103020303aafd0916aafd830c33e38082000000000000000000000000000000000000000000
09-21 15:53:25.814 29879 29879 D BleManager: onScanResult: 3E:91:16:6C:2B:0B name=null rssi=-83 adv=1eff060001092002b939a9208393eb09be86b82ab9b3faca6cd5108e8715cd00000000000000000000000000000000000000000000000000000000000000
09-21 15:53:25.820 29879 29879 D BleManager: onScanResult: 2F:D6:DA:5C:63:4F name=null rssi=-47 adv=1eff06000109200265f519c92865a3ecddaff6780ae6527b88d5ec09475f2500000000000000000000000000000000000000000000000000000000000000
09-21 15:53:25.834 29879 29879 D BleManager: onScanResult: 36:85:1F:C3:33:28 name=null rssi=-55 adv=1eff06000109200220436137cb717b08cb893bdec31ed3a683ceac08899bc400000000000000000000000000000000000000000000000000000000000000
09-21 15:53:25.841 29879 29879 D BleManager: onScanResult: 10:B4:1D:CD:23:8E name=SHID-00000001 rssi=-28 adv=0201061107041c8a5e0b6f2a9d8f4c3be701101d9f0e09534849442d30303030303030310000000000000000000000000000000000000000000000000000
09-21 15:53:25.867 29879 29879 D BleManager: onScanResult: 1A:4D:66:E2:98:79 name=null rssi=-52 adv=1eff060001092002f293dbeb6e20ee781f6c1500ec9c19dc7c13fad884bac300000000000000000000000000000000000000000000000000000000000000
09-21 15:53:25.874 29879 29879 D BleManager: onScanResult: 39:1D:25:80:5D:BB name=null rssi=-47 adv=06ff0100424c4500000000000000000000000000000000000000000000000000000000000000000000000000000000000000000000000000000000000000
09-21 15:53:25.881 29879 29879 D BleManager: onScanResult: 10:B4:1D:CD:23:8E name=SHID-00000001 rssi=-28 adv=0201061107041c8a5e0b6f2a9d8f4c3be701101d9f0e09534849442d30303030303030310000000000000000000000000000000000000000000000000000
09-21 15:53:25.911 29879 29879 D BleManager: onScanResult: 02:48:9D:92:56:EF name=null rssi=-67 adv=1eff060001092022ac0e11e38aab917c828db04eba266792f197a46996126500000000000000000000000000000000000000000000000000000000000000
09-21 15:53:25.917 29879 29879 D BleManager: onScanResult: 2F:D6:DA:5C:63:4F name=null rssi=-48 adv=1eff06000109200265f519c92865a3ecddaff6780ae6527b88d5ec09475f2500000000000000000000000000000000000000000000000000000000000000
09-21 15:53:25.939 29879 29879 D BleManager: onScanResult: 36:85:1F:C3:33:28 name=null rssi=-52 adv=1eff06000109200220436137cb717b08cb893bdec31ed3a683ceac08899bc400000000000000000000000000000000000000000000000000000000000000
09-21 15:53:25.945 29879 29879 D BleManager: onScanResult: 55:C1:0E:5F:C6:C5 name=null rssi=-56 adv=02010217ff8f03181134325a57103041a201152629b564570103020303aafd0916aafd830c33e38082000000000000000000000000000000000000000000
09-21 15:53:25.974 29879 29879 D BleManager: onScanResult: 10:B4:1D:CD:23:8E name=SHID-00000001 rssi=-30 adv=0201061107041c8a5e0b6f2a9d8f4c3be701101d9f0e09534849442d30303030303030310000000000000000000000000000000000000000000000000000
09-21 15:53:25.981 29879 29879 D BleManager: onScanResult: 1A:4D:66:E2:98:79 name=null rssi=-60 adv=1eff060001092002f293dbeb6e20ee781f6c1500ec9c19dc7c13fad884bac300000000000000000000000000000000000000000000000000000000000000
09-21 15:53:25.989 29879 29879 D BleManager: onScanResult: 39:1D:25:80:5D:BB name=null rssi=-47 adv=06ff0100424c4500000000000000000000000000000000000000000000000000000000000000000000000000000000000000000000000000000000000000
09-21 15:53:25.996 29879 29879 D BleManager: onScanResult: 02:48:9D:92:56:EF name=null rssi=-75 adv=1eff060001092022ac0e11e38aab917c828db04eba266792f197a46996126500000000000000000000000000000000000000000000000000000000000000
09-21 15:53:26.009 29879 29879 D BleManager: onScanResult: 3E:91:16:6C:2B:0B name=null rssi=-80 adv=1eff060001092002b939a9208393eb09be86b82ab9b3faca6cd5108e8715cd00000000000000000000000000000000000000000000000000000000000000
09-21 15:53:26.017 29879 29879 D BleManager: onScanResult: 10:B4:1D:CD:23:8E name=SHID-00000001 rssi=-30 adv=0201061107041c8a5e0b6f2a9d8f4c3be701101d9f0e09534849442d30303030303030310000000000000000000000000000000000000000000000000000
09-21 15:53:26.046 29879 29879 D BleManager: onScanResult: 2F:D6:DA:5C:63:4F name=null rssi=-48 adv=1eff06000109200265f519c92865a3ecddaff6780ae6527b88d5ec09475f2500000000000000000000000000000000000000000000000000000000000000
09-21 15:53:26.059 29879 29879 D BleManager: onScanResult: 36:85:1F:C3:33:28 name=null rssi=-54 adv=1eff06000109200220436137cb717b08cb893bdec31ed3a683ceac08899bc400000000000000000000000000000000000000000000000000000000000000
09-21 15:53:26.067 29879 29879 D BleManager: onScanResult: 55:C1:0E:5F:C6:C5 name=null rssi=-58 adv=02010217ff8f03181134325a57103041a201152629b564570103020303aafd0916aafd830c33e38082000000000000000000000000000000000000000000
09-21 15:53:26.084 29879 29879 D BleManager: onScanResult: 1A:4D:66:E2:98:79 name=null rssi=-60 adv=1eff060001092002f293dbeb6e20ee781f6c1500ec9c19dc7c13fad884bac300000000000000000000000000000000000000000000000000000000000000
09-21 15:53:26.090 29879 29879 D BleManager: onScanResult: 10:B4:1D:CD:23:8E name=SHID-00000001 rssi=-30 adv=0201061107041c8a5e0b6f2a9d8f4c3be701101d9f0e09534849442d30303030303030310000000000000000000000000000000000000000000000000000
09-21 15:53:26.095 29879 29879 D BleManager: onScanResult: 39:1D:25:80:5D:BB name=null rssi=-47 adv=06ff0100424c4500000000000000000000000000000000000000000000000000000000000000000000000000000000000000000000000000000000000000
09-21 15:53:26.101 29879 29879 D BleManager: onScanResult: 02:48:9D:92:56:EF name=null rssi=-74 adv=1eff060001092022ac0e11e38aab917c828db04eba266792f197a46996126500000000000000000000000000000000000000000000000000000000000000
09-21 15:53:26.127 29879 29879 D BleManager: onScanResult: 3E:91:16:6C:2B:0B name=null rssi=-76 adv=1eff060001092002b939a9208393eb09be86b82ab9b3faca6cd5108e8715cd00000000000000000000000000000000000000000000000000000000000000
09-21 15:53:26.134 29879 29879 D BleManager: onScanResult: 36:85:1F:C3:33:28 name=null rssi=-54 adv=1eff06000109200220436137cb717b08cb893bdec31ed3a683ceac08899bc400000000000000000000000000000000000000000000000000000000000000
09-21 15:53:26.158 29879 29879 D BleManager: onScanResult: 2F:D6:DA:5C:63:4F name=null rssi=-48 adv=1eff06000109200265f519c92865a3ecddaff6780ae6527b88d5ec09475f2500000000000000000000000000000000000000000000000000000000000000
09-21 15:53:26.164 29879 29879 D BleManager: onScanResult: 10:B4:1D:CD:23:8E name=SHID-00000001 rssi=-31 adv=0201061107041c8a5e0b6f2a9d8f4c3be701101d9f0e09534849442d30303030303030310000000000000000000000000000000000000000000000000000
09-21 15:53:26.196 29879 29879 D BleManager: onScanResult: 39:1D:25:80:5D:BB name=null rssi=-46 adv=06ff0100424c4500000000000000000000000000000000000000000000000000000000000000000000000000000000000000000000000000000000000000
09-21 15:53:26.203 29879 29879 D BleManager: onScanResult: 19:A0:58:FE:23:AF name=null rssi=-89 adv=1eff0600010920029ee507d2b3069730bc7a1e1cf80beb1e9cf03bd90d895b00000000000000000000000000000000000000000000000000000000000000
09-21 15:53:26.208 29879 29879 D BleManager: onScanResult: 02:48:9D:92:56:EF name=null rssi=-68 adv=1eff060001092022ac0e11e38aab917c828db04eba266792f197a46996126500000000000000000000000000000000000000000000000000000000000000
09-21 15:53:26.213 29879 29879 D BleManager: onScanResult: 10:B4:1D:CD:23:8E name=SHID-00000001 rssi=-28 adv=0201061107041c8a5e0b6f2a9d8f4c3be701101d9f0e09534849442d30303030303030310000000000000000000000000000000000000000000000000000
09-21 15:53:26.218 29879 29879 D BleManager: onScanResult: 36:85:1F:C3:33:28 name=null rssi=-56 adv=1eff06000109200220436137cb717b08cb893bdec31ed3a683ceac08899bc400000000000000000000000000000000000000000000000000000000000000
09-21 15:53:26.223 29879 29879 D BleManager: onScanResult: 2F:D6:DA:5C:63:4F name=null rssi=-46 adv=1eff06000109200265f519c92865a3ecddaff6780ae6527b88d5ec09475f2500000000000000000000000000000000000000000000000000000000000000
09-21 15:53:26.251 29879 29879 D BleManager: onScanResult: 55:C1:0E:5F:C6:C5 name=null rssi=-63 adv=02010217ff8f03181134325a57103041a201152629b564570103020303aafd0916aafd830c33e38082000000000000000000000000000000000000000000
09-21 15:53:26.256 29879 29879 D BleManager: onScanResult: 1A:4D:66:E2:98:79 name=null rssi=-55 adv=1eff060001092002f293dbeb6e20ee781f6c1500ec9c19dc7c13fad884bac300000000000000000000000000000000000000000000000000000000000000
09-21 15:53:26.261 29879 29879 D BleManager: onScanResult: 10:B4:1D:CD:23:8E name=SHID-00000001 rssi=-28 adv=0201061107041c8a5e0b6f2a9d8f4c3be701101d9f0e09534849442d30303030303030310000000000000000000000000000000000000000000000000000
09-21 15:53:26.299 29879 29879 D BleManager: onScanResult: 39:1D:25:80:5D:BB name=null rssi=-47 adv=06ff0100424c4500000000000000000000000000000000000000000000000000000000000000000000000000000000000000000000000000000000000000
09-21 15:53:26.306 29879 29879 D BleManager: onScanResult: 02:48:9D:92:56:EF name=null rssi=-67 adv=1eff060001092022ac0e11e38aab917c828db04eba266792f197a46996126500000000000000000000000000000000000000000000000000000000000000
09-21 15:53:26.317 29879 29879 D BleManager: onScanResult: 36:85:1F:C3:33:28 name=null rssi=-55 adv=1eff06000109200220436137cb717b08cb893bdec31ed3a683ceac08899bc400000000000000000000000000000000000000000000000000000000000000
09-21 15:53:26.323 29879 29879 D BleManager: onScanResult: 10:B4:1D:CD:23:8E name=SHID-00000001 rssi=-28 adv=0201061107041c8a5e0b6f2a9d8f4c3be701101d9f0e09534849442d30303030303030310000000000000000000000000000000000000000000000000000
09-21 15:53:26.329 29879 29879 D BleManager: onScanResult: 2F:D6:DA:5C:63:4F name=null rssi=-47 adv=1eff06000109200265f519c92865a3ecddaff6780ae6527b88d5ec09475f2500000000000000000000000000000000000000000000000000000000000000
09-21 15:53:26.347 29879 29879 D BleManager: onScanResult: 3E:91:16:6C:2B:0B name=null rssi=-80 adv=1eff060001092002b939a9208393eb09be86b82ab9b3faca6cd5108e8715cd00000000000000000000000000000000000000000000000000000000000000
09-21 15:53:26.362 29879 29879 D BleManager: onScanResult: 55:C1:0E:5F:C6:C5 name=null rssi=-63 adv=02010217ff8f03181134325a57103041a201152629b564570103020303aafd0916aafd830c33e38082000000000000000000000000000000000000000000
09-21 15:53:26.379 29879 29879 D BleManager: onScanResult: 1A:4D:66:E2:98:79 name=null rssi=-55 adv=1eff060001092002f293dbeb6e20ee781f6c1500ec9c19dc7c13fad884bac300000000000000000000000000000000000000000000000000000000000000
09-21 15:53:26.384 29879 29879 D BleManager: onScanResult: 10:B4:1D:CD:23:8E name=SHID-00000001 rssi=-28 adv=0201061107041c8a5e0b6f2a9d8f4c3be701101d9f0e09534849442d30303030303030310000000000000000000000000000000000000000000000000000
09-21 15:53:26.410 29879 29879 D BleManager: onScanResult: 39:1D:25:80:5D:BB name=null rssi=-46 adv=06ff0100424c4500000000000000000000000000000000000000000000000000000000000000000000000000000000000000000000000000000000000000
09-21 15:53:26.415 29879 29879 D BleManager: onScanResult: 02:48:9D:92:56:EF name=null rssi=-67 adv=1eff060001092022ac0e11e38aab917c828db04eba266792f197a46996126500000000000000000000000000000000000000000000000000000000000000
09-21 15:53:26.429 29879 29879 D BleManager: onScanResult: 36:85:1F:C3:33:28 name=null rssi=-55 adv=1eff06000109200220436137cb717b08cb893bdec31ed3a683ceac08899bc400000000000000000000000000000000000000000000000000000000000000
09-21 15:53:26.443 29879 29879 D BleManager: onScanResult: 3E:91:16:6C:2B:0B name=null rssi=-86 adv=1eff060001092002b939a9208393eb09be86b82ab9b3faca6cd5108e8715cd00000000000000000000000000000000000000000000000000000000000000
09-21 15:53:26.448 29879 29879 D BleManager: onScanResult: 2F:D6:DA:5C:63:4F name=null rssi=-46 adv=1eff06000109200265f519c92865a3ecddaff6780ae6527b88d5ec09475f2500000000000000000000000000000000000000000000000000000000000000
09-21 15:53:26.461 29879 29879 D BleManager: onScanResult: 10:B4:1D:CD:23:8E name=SHID-00000001 rssi=-28 adv=0201061107041c8a5e0b6f2a9d8f4c3be701101d9f0e09534849442d30303030303030310000000000000000000000000000000000000000000000000000
09-21 15:53:26.466 29879 29879 D BleManager: onScanResult: 55:C1:0E:5F:C6:C5 name=null rssi=-64 adv=02010217ff8f03181134325a57103041a201152629b564570103020303aafd0916aafd830c33e38082000000000000000000000000000000000000000000
09-21 15:53:26.483 29879 29879 D BleManager: onScanResult: 1A:4D:66:E2:98:79 name=null rssi=-55 adv=1eff060001092002f293dbeb6e20ee781f6c1500ec9c19dc7c13fad884bac300000000000000000000000000000000000000000000000000000000000000
09-21 15:53:26.510 29879 29879 D BleManager: onScanResult: 39:1D:25:80:5D:BB name=null rssi=-46 adv=06ff0100424c4500000000000000000000000000000000000000000000000000000000000000000000000000000000000000000000000000000000000000
09-21 15:53:26.516 29879 29879 D BleManager: onScanResult: 10:B4:1D:CD:23:8E name=SHID-00000001 rssi=-28 adv=0201061107041c8a5e0b6f2a9d8f4c3be701101d9f0e09534849442d30303030303030310000000000000000000000000000000000000000000000000000
09-21 15:53:26.522 29879 29879 D BleManager: onScanResult: 02:48:9D:92:56:EF name=null rssi=-67 adv=1eff060001092022ac0e11e38aab917c828db04eba266792f197a46996126500000000000000000000000000000000000000000000000000000000000000
09-21 15:53:26.527 29879 29879 D BleManager: onScanResult: 36:85:1F:C3:33:28 name=null rssi=-55 adv=1eff06000109200220436137cb717b08cb893bdec31ed3a683ceac08899bc400000000000000000000000000000000000000000000000000000000000000
09-21 15:53:26.532 29879 29879 D BleManager: onScanResult: 3E:91:16:6C:2B:0B name=null rssi=-82 adv=1eff060001092002b939a9208393eb09be86b82ab9b3faca6cd5108e8715cd00000000000000000000000000000000000000000000000000000000000000
09-21 15:53:26.538 29879 29879 D BleManager: onScanResult: 2F:D6:DA:5C:63:4F name=null rssi=-46 adv=1eff06000109200265f519c92865a3ecddaff6780ae6527b88d5ec09475f2500000000000000000000000000000000000000000000000000000000000000
09-21 15:53:26.568 29879 29879 D BleManager: onScanResult: 1A:4D:66:E2:98:79 name=null rssi=-53 adv=1eff060001092002f293dbeb6e20ee781f6c1500ec9c19dc7c13fad884bac300000000000000000000000000000000000000000000000000000000000000
09-21 15:53:26.586 29879 29879 D BleManager: onScanResult: 10:B4:1D:CD:23:8E name=SHID-00000001 rssi=-28 adv=0201061107041c8a5e0b6f2a9d8f4c3be701101d9f0e09534849442d30303030303030310000000000000000000000000000000000000000000000000000
09-21 15:53:26.599 29879 29879 D BleManager: onScanResult: 55:C1:0E:5F:C6:C5 name=null rssi=-58 adv=02010217ff8f03181134325a57103041a201152629b564570103020303aafd0916aafd830c33e38082000000000000000000000000000000000000000000
09-21 15:53:26.631 29879 29879 D BleManager: onScanResult: 02:48:9D:92:56:EF name=null rssi=-71 adv=1eff060001092022ac0e11e38aab917c828db04eba266792f197a46996126500000000000000000000000000000000000000000000000000000000000000
09-21 15:53:26.636 29879 29879 D BleManager: onScanResult: 36:85:1F:C3:33:28 name=null rssi=-54 adv=1eff06000109200220436137cb717b08cb893bdec31ed3a683ceac08899bc400000000000000000000000000000000000000000000000000000000000000
09-21 15:53:26.642 29879 29879 D BleManager: onScanResult: 3E:91:16:6C:2B:0B name=null rssi=-78 adv=1eff060001092002b939a9208393eb09be86b82ab9b3faca6cd5108e8715cd00000000000000000000000000000000000000000000000000000000000000
09-21 15:53:26.647 29879 29879 D BleManager: onScanResult: 10:B4:1D:CD:23:8E name=SHID-00000001 rssi=-30 adv=0201061107041c8a5e0b6f2a9d8f4c3be701101d9f0e09534849442d30303030303030310000000000000000000000000000000000000000000000000000
09-21 15:53:26.664 29879 29879 D BleManager: onScanResult: 2F:D6:DA:5C:63:4F name=null rssi=-48 adv=1eff06000109200265f519c92865a3ecddaff6780ae6527b88d5ec09475f2500000000000000000000000000000000000000000000000000000000000000
09-21 15:53:26.675 29879 29879 D BleManager: onScanResult: EE:23:15:21:38:1F name=null rssi=-73 adv=07ff4c0012020000000000000000000000000000000000000000000000000000000000000000000000000000000000000000000000000000000000000000
09-21 15:53:26.680 29879 29879 D BleManager: onScanResult: 1A:4D:66:E2:98:79 name=null rssi=-57 adv=1eff060001092002f293dbeb6e20ee781f6c1500ec9c19dc7c13fad884bac300000000000000000000000000000000000000000000000000000000000000
09-21 15:53:26.701 29879 29879 D BleManager: onScanResult: 39:1D:25:80:5D:BB name=null rssi=-47 adv=06ff0100424c4500000000000000000000000000000000000000000000000000000000000000000000000000000000000000000000000000000000000000
09-21 15:53:26.726 29879 29879 D BleManager: onScanResult: 10:B4:1D:CD:23:8E name=SHID-00000001 rssi=-30 adv=0201061107041c8a5e0b6f2a9d8f4c3be701101d9f0e09534849442d30303030303030310000000000000000000000000000000000000000000000000000
09-21 15:53:26.737 29879 29879 D BleManager: onScanResult: 02:48:9D:92:56:EF name=null rssi=-68 adv=1eff060001092022ac0e11e38aab917c828db04eba266792f197a46996126500000000000000000000000000000000000000000000000000000000000000
09-21 15:53:26.742 29879 29879 D BleManager: onScanResult: 55:C1:0E:5F:C6:C5 name=null rssi=-58 adv=02010217ff8f03181134325a57103041a201152629b564570103020303aafd0916aafd830c33e38082000000000000000000000000000000000000000000
09-21 15:53:26.761 29879 29879 D BleManager: onScanResult: 36:85:1F:C3:33:28 name=null rssi=-54 adv=1eff06000109200220436137cb717b08cb893bdec31ed3a683ceac08899bc400000000000000000000000000000000000000000000000000000000000000
09-21 15:53:26.766 29879 29879 D BleManager: onScanResult: 3E:91:16:6C:2B:0B name=null rssi=-77 adv=1eff060001092002b939a9208393eb09be86b82ab9b3faca6cd5108e8715cd00000000000000000000000000000000000000000000000000000000000000
09-21 15:53:26.771 29879 29879 D BleManager: onScanResult: 2F:D6:DA:5C:63:4F name=null rssi=-47 adv=1eff06000109200265f519c92865a3ecddaff6780ae6527b88d5ec09475f2500000000000000000000000000000000000000000000000000000000000000
09-21 15:53:26.817 29879 29879 D BleManager: onScanResult: 39:1D:25:80:5D:BB name=null rssi=-46 adv=06ff0100424c4500000000000000000000000000000000000000000000000000000000000000000000000000000000000000000000000000000000000000
09-21 15:53:26.822 29879 29879 D BleManager: onScanResult: 02:48:9D:92:56:EF name=null rssi=-69 adv=1eff060001092022ac0e11e38aab917c828db04eba266792f197a46996126500000000000000000000000000000000000000000000000000000000000000
09-21 15:53:26.845 29879 29879 D BleManager: onScanResult: 3E:91:16:6C:2B:0B name=null rssi=-71 adv=1eff060001092002b939a9208393eb09be86b82ab9b3faca6cd5108e8715cd00000000000000000000000000000000000000000000000000000000000000
09-21 15:53:26.858 29879 29879 D BleManager: onScanResult: 2F:D6:DA:5C:63:4F name=null rssi=-47 adv=1eff06000109200265f519c92865a3ecddaff6780ae6527b88d5ec09475f2500000000000000000000000000000000000000000000000000000000000000
09-21 15:53:26.878 29879 29879 D BleManager: onScanResult: 55:C1:0E:5F:C6:C5 name=null rssi=-56 adv=02010217ff8f03181134325a57103041a201152629b564570103020303aafd0916aafd830c33e38082000000000000000000000000000000000000000000
09-21 15:53:26.904 29879 29879 D BleManager: onScanResult: 1A:4D:66:E2:98:79 name=null rssi=-51 adv=1eff060001092002f293dbeb6e20ee781f6c1500ec9c19dc7c13fad884bac300000000000000000000000000000000000000000000000000000000000000
09-21 15:53:26.911 29879 29879 D BleManager: onScanResult: 39:1D:25:80:5D:BB name=null rssi=-48 adv=06ff0100424c4500000000000000000000000000000000000000000000000000000000000000000000000000000000000000000000000000000000000000
09-21 15:53:26.917 29879 29879 D BleManager: onScanResult: 10:B4:1D:CD:23:8E name=SHID-00000001 rssi=-28 adv=0201061107041c8a5e0b6f2a9d8f4c3be701101d9f0e09534849442d30303030303030310000000000000000000000000000000000000000000000000000
09-21 15:53:26.951 29879 29879 D BleManager: onScanResult: 02:48:9D:92:56:EF name=null rssi=-67 adv=1eff060001092022ac0e11e38aab917c828db04eba266792f197a46996126500000000000000000000000000000000000000000000000000000000000000
09-21 15:53:26.958 29879 29879 D BleManager: onScanResult: 36:85:1F:C3:33:28 name=null rssi=-51 adv=1eff06000109200220436137cb717b08cb893bdec31ed3a683ceac08899bc400000000000000000000000000000000000000000000000000000000000000
09-21 15:53:26.975 29879 29879 D BleManager: onScanResult: 2F:D6:DA:5C:63:4F name=null rssi=-47 adv=1eff06000109200265f519c92865a3ecddaff6780ae6527b88d5ec09475f2500000000000000000000000000000000000000000000000000000000000000
09-21 15:53:26.980 29879 29879 D BleManager: onScanResult: 3E:91:16:6C:2B:0B name=null rssi=-71 adv=1eff060001092002b939a9208393eb09be86b82ab9b3faca6cd5108e8715cd00000000000000000000000000000000000000000000000000000000000000
09-21 15:53:26.986 29879 29879 D BleManager: onScanResult: 10:B4:1D:CD:23:8E name=SHID-00000001 rssi=-28 adv=0201061107041c8a5e0b6f2a9d8f4c3be701101d9f0e09534849442d30303030303030310000000000000000000000000000000000000000000000000000
09-21 15:53:27.008 29879 29879 D BleManager: onScanResult: 1A:4D:66:E2:98:79 name=null rssi=-52 adv=1eff060001092002f293dbeb6e20ee781f6c1500ec9c19dc7c13fad884bac300000000000000000000000000000000000000000000000000000000000000
09-21 15:53:27.013 29879 29879 D BleManager: onScanResult: 55:C1:0E:5F:C6:C5 name=null rssi=-56 adv=02010217ff8f03181134325a57103041a201152629b564570103020303aafd0916aafd830c33e38082000000000000000000000000000000000000000000
09-21 15:53:27.018 29879 29879 D BleManager: onScanResult: 39:1D:25:80:5D:BB name=null rssi=-48 adv=06ff0100424c4500000000000000000000000000000000000000000000000000000000000000000000000000000000000000000000000000000000000000
09-21 15:53:27.041 29879 29879 D BleManager: onScanResult: 10:B4:1D:CD:23:8E name=SHID-00000001 rssi=-28 adv=0201061107041c8a5e0b6f2a9d8f4c3be701101d9f0e09534849442d30303030303030310000000000000000000000000000000000000000000000000000
09-21 15:53:27.053 29879 29879 D BleManager: onScanResult: 02:48:9D:92:56:EF name=null rssi=-66 adv=1eff060001092022ac0e11e38aab917c828db04eba266792f197a46996126500000000000000000000000000000000000000000000000000000000000000
09-21 15:53:27.058 29879 29879 D BleManager: onScanResult: 36:85:1F:C3:33:28 name=null rssi=-51 adv=1eff06000109200220436137cb717b08cb893bdec31ed3a683ceac08899bc400000000000000000000000000000000000000000000000000000000000000
09-21 15:53:27.075 29879 29879 D BleManager: onScanResult: 2F:D6:DA:5C:63:4F name=null rssi=-47 adv=1eff06000109200265f519c92865a3ecddaff6780ae6527b88d5ec09475f2500000000000000000000000000000000000000000000000000000000000000
09-21 15:53:27.080 29879 29879 D BleManager: onScanResult: 3E:91:16:6C:2B:0B name=null rssi=-71 adv=1eff060001092002b939a9208393eb09be86b82ab9b3faca6cd5108e8715cd00000000000000000000000000000000000000000000000000000000000000
09-21 15:53:27.092 29879 29879 D BleManager: onScanResult: 10:B4:1D:CD:23:8E name=SHID-00000001 rssi=-28 adv=0201061107041c8a5e0b6f2a9d8f4c3be701101d9f0e09534849442d30303030303030310000000000000000000000000000000000000000000000000000
09-21 15:53:27.100 29879 29879 D BleManager: onScanResult: 1A:4D:66:E2:98:79 name=null rssi=-52 adv=1eff060001092002f293dbeb6e20ee781f6c1500ec9c19dc7c13fad884bac300000000000000000000000000000000000000000000000000000000000000
09-21 15:53:27.105 29879 29879 D BleManager: onScanResult: 39:1D:25:80:5D:BB name=null rssi=-48 adv=06ff0100424c4500000000000000000000000000000000000000000000000000000000000000000000000000000000000000000000000000000000000000
09-21 15:53:27.139 29879 29879 D BleManager: onScanResult: 6C:67:CD:EB:FC:26 name=null rssi=-70 adv=02011a0dff4c0016080047a4049025f15f000000000000000000000000000000000000000000000000000000000000000000000000000000000000000000
09-21 15:53:27.161 29879 29879 D BleManager: onScanResult: 55:C1:0E:5F:C6:C5 name=null rssi=-55 adv=02010217ff8f03181134325a57103041a201152629b564570103020303aafd0916aafd830c33e38082000000000000000000000000000000000000000000
09-21 15:53:27.168 29879 29879 D BleManager: onScanResult: 36:85:1F:C3:33:28 name=null rssi=-51 adv=1eff06000109200220436137cb717b08cb893bdec31ed3a683ceac08899bc400000000000000000000000000000000000000000000000000000000000000
09-21 15:53:27.175 29879 29879 D BleManager: onScanResult: 2F:D6:DA:5C:63:4F name=null rssi=-47 adv=1eff06000109200265f519c92865a3ecddaff6780ae6527b88d5ec09475f2500000000000000000000000000000000000000000000000000000000000000
09-21 15:53:27.200 29879 29879 D BleManager: onScanResult: 10:B4:1D:CD:23:8E name=SHID-00000001 rssi=-28 adv=0201061107041c8a5e0b6f2a9d8f4c3be701101d9f0e09534849442d30303030303030310000000000000000000000000000000000000000000000000000
09-21 15:53:27.209 29879 29879 D BleManager: onScanResult: 3E:91:16:6C:2B:0B name=null rssi=-73 adv=1eff060001092002b939a9208393eb09be86b82ab9b3faca6cd5108e8715cd00000000000000000000000000000000000000000000000000000000000000
09-21 15:53:27.217 29879 29879 D BleManager: onScanResult: 40:1B:5E:C9:5D:F9 name=null rssi=-88 adv=1eff0600010920027a329f7f80ae16c8b29498f682623cfd052b3a5a57c86000000000000000000000000000000000000000000000000000000000000000
09-21 15:53:27.223 29879 29879 D BleManager: onScanResult: 1A:4D:66:E2:98:79 name=null rssi=-57 adv=1eff060001092002f293dbeb6e20ee781f6c1500ec9c19dc7c13fad884bac300000000000000000000000000000000000000000000000000000000000000
09-21 15:53:27.230 29879 29879 D BleManager: onScanResult: 39:1D:25:80:5D:BB name=null rssi=-48 adv=06ff0100424c4500000000000000000000000000000000000000000000000000000000000000000000000000000000000000000000000000000000000000
09-21 15:53:27.259 29879 29879 D BleManager: onScanResult: 02:48:9D:92:56:EF name=null rssi=-71 adv=1eff060001092022ac0e11e38aab917c828db04eba266792f197a46996126500000000000000000000000000000000000000000000000000000000000000
09-21 15:53:27.265 29879 29879 D BleManager: onScanResult: 2F:D6:DA:5C:63:4F name=null rssi=-47 adv=1eff06000109200265f519c92865a3ecddaff6780ae6527b88d5ec09475f2500000000000000000000000000000000000000000000000000000000000000
09-21 15:53:27.271 29879 29879 D BleManager: onScanResult: 36:85:1F:C3:33:28 name=null rssi=-54 adv=1eff06000109200220436137cb717b08cb893bdec31ed3a683ceac08899bc400000000000000000000000000000000000000000000000000000000000000
09-21 15:53:27.276 29879 29879 D BleManager: onScanResult: 3E:91:16:6C:2B:0B name=null rssi=-76 adv=1eff060001092002b939a9208393eb09be86b82ab9b3faca6cd5108e8715cd00000000000000000000000000000000000000000000000000000000000000
09-21 15:53:27.296 29879 29879 D BleManager: onScanResult: 55:C1:0E:5F:C6:C5 name=null rssi=-58 adv=02010217ff8f03181134325a57103041a201152629b564570103020303aafd0916aafd830c33e38082000000000000000000000000000000000000000000
09-21 15:53:27.315 29879 29879 D BleManager: onScanResult: 40:1B:5E:C9:5D:F9 name=null rssi=-93 adv=1eff0600010920027a329f7f80ae16c8b29498f682623cfd052b3a5a57c86000000000000000000000000000000000000000000000000000000000000000
09-21 15:53:27.335 29879 29879 D BleManager: onScanResult: 1A:4D:66:E2:98:79 name=null rssi=-55 adv=1eff060001092002f293dbeb6e20ee781f6c1500ec9c19dc7c13fad884bac300000000000000000000000000000000000000000000000000000000000000
09-21 15:53:27.341 29879 29879 D BleManager: onScanResult: 39:1D:25:80:5D:BB name=null rssi=-48 adv=06ff0100424c4500000000000000000000000000000000000000000000000000000000000000000000000000000000000000000000000000000000000000
09-21 15:53:27.367 29879 29879 D BleManager: onScanResult: 02:48:9D:92:56:EF name=null rssi=-71 adv=1eff060001092022ac0e11e38aab917c828db04eba266792f197a46996126500000000000000000000000000000000000000000000000000000000000000
09-21 15:53:27.380 29879 29879 D BleManager: onScanResult: 10:B4:1D:CD:23:8E name=SHID-00000001 rssi=-30 adv=0201061107041c8a5e0b6f2a9d8f4c3be701101d9f0e09534849442d30303030303030310000000000000000000000000000000000000000000000000000
09-21 15:53:27.416 29879 29879 D BleManager: onScanResult: 3E:91:16:6C:2B:0B name=null rssi=-81 adv=1eff060001092002b939a9208393eb09be86b82ab9b3faca6cd5108e8715cd00000000000000000000000000000000000000000000000000000000000000
09-21 15:53:27.423 29879 29879 D BleManager: onScanResult: 1A:4D:66:E2:98:79 name=null rssi=-55 adv=1eff060001092002f293dbeb6e20ee781f6c1500ec9c19dc7c13fad884bac300000000000000000000000000000000000000000000000000000000000000
09-21 15:53:27.449 29879 29879 D BleManager: onScanResult: 10:B4:1D:CD:23:8E name=SHID-00000001 rssi=-28 adv=0201061107041c8a5e0b6f2a9d8f4c3be701101d9f0e09534849442d30303030303030310000000000000000000000000000000000000000000000000000
09-21 15:53:27.475 29879 29879 D BleManager: onScanResult: 39:1D:25:80:5D:BB name=null rssi=-47 adv=06ff0100424c4500000000000000000000000000000000000000000000000000000000000000000000000000000000000000000000000000000000000000
09-21 15:53:27.481 29879 29879 D BleManager: onScanResult: 02:48:9D:92:56:EF name=null rssi=-67 adv=1eff060001092022ac0e11e38aab917c828db04eba266792f197a46996126500000000000000000000000000000000000000000000000000000000000000
09-21 15:53:27.491 29879 29879 D BleManager: onScanResult: 2F:D6:DA:5C:63:4F name=null rssi=-46 adv=1eff06000109200265f519c92865a3ecddaff6780ae6527b88d5ec09475f2500000000000000000000000000000000000000000000000000000000000000
09-21 15:53:27.506 29879 29879 D BleManager: onScanResult: 36:85:1F:C3:33:28 name=null rssi=-54 adv=1eff06000109200220436137cb717b08cb893bdec31ed3a683ceac08899bc400000000000000000000000000000000000000000000000000000000000000
09-21 15:53:27.513 29879 29879 D BleManager: onScanResult: 10:B4:1D:CD:23:8E name=SHID-00000001 rssi=-28 adv=0201061107041c8a5e0b6f2a9d8f4c3be701101d9f0e09534849442d30303030303030310000000000000000000000000000000000000000000000000000
09-21 15:53:27.526 29879 29879 D BleManager: onScanResult: 3E:91:16:6C:2B:0B name=null rssi=-81 adv=1eff060001092002b939a9208393eb09be86b82ab9b3faca6cd5108e8715cd00000000000000000000000000000000000000000000000000000000000000
09-21 15:53:27.544 29879 29879 D BleManager: onScanResult: 1A:4D:66:E2:98:79 name=null rssi=-57 adv=1eff060001092002f293dbeb6e20ee781f6c1500ec9c19dc7c13fad884bac300000000000000000000000000000000000000000000000000000000000000
09-21 15:53:27.565 29879 29879 D BleManager: onScanResult: 39:1D:25:80:5D:BB name=null rssi=-46 adv=06ff0100424c4500000000000000000000000000000000000000000000000000000000000000000000000000000000000000000000000000000000000000
09-21 15:53:27.570 29879 29879 D BleManager: onScanResult: 10:B4:1D:CD:23:8E name=SHID-00000001 rssi=-28 adv=0201061107041c8a5e0b6f2a9d8f4c3be701101d9f0e09534849442d30303030303030310000000000000000000000000000000000000000000000000000
09-21 15:53:27.575 29879 29879 D BleManager: onScanResult: 55:C1:0E:5F:C6:C5 name=null rssi=-63 adv=02010217ff8f03181134325a57103041a201152629b564570103020303aafd0916aafd830c33e38082000000000000000000000000000000000000000000
09-21 15:53:27.595 29879 29879 D BleManager: onScanResult: 02:48:9D:92:56:EF name=null rssi=-67 adv=1eff060001092022ac0e11e38aab917c828db04eba266792f197a46996126500000000000000000000000000000000000000000000000000000000000000
09-21 15:53:27.606 29879 29879 D BleManager: onScanResult: 36:85:1F:C3:33:28 name=null rssi=-54 adv=1eff06000109200220436137cb717b08cb893bdec31ed3a683ceac08899bc400000000000000000000000000000000000000000000000000000000000000
09-21 15:53:27.611 29879 29879 D BleManager: onScanResult: 2F:D6:DA:5C:63:4F name=null rssi=-46 adv=1eff06000109200265f519c92865a3ecddaff6780ae6527b88d5ec09475f2500000000000000000000000000000000000000000000000000000000000000
09-21 15:53:27.618 29879 29879 D BleManager: onScanResult: 3E:91:16:6C:2B:0B name=null rssi=-80 adv=1eff060001092002b939a9208393eb09be86b82ab9b3faca6cd5108e8715cd00000000000000000000000000000000000000000000000000000000000000
09-21 15:53:27.623 29879 29879 D BleManager: onScanResult: 1A:4D:66:E2:98:79 name=null rssi=-57 adv=1eff060001092002f293dbeb6e20ee781f6c1500ec9c19dc7c13fad884bac300000000000000000000000000000000000000000000000000000000000000
09-21 15:53:27.627 29879 29879 D BleManager: onScanResult: 10:B4:1D:CD:23:8E name=SHID-00000001 rssi=-28 adv=0201061107041c8a5e0b6f2a9d8f4c3be701101d9f0e09534849442d30303030303030310000000000000000000000000000000000000000000000000000
09-21 15:53:27.671 29879 29879 D BleManager: onScanResult: 39:1D:25:80:5D:BB name=null rssi=-46 adv=06ff0100424c4500000000000000000000000000000000000000000000000000000000000000000000000000000000000000000000000000000000000000
09-21 15:53:27.676 29879 29879 D BleManager: onScanResult: 2F:D6:DA:5C:63:4F name=null rssi=-46 adv=1eff06000109200265f519c92865a3ecddaff6780ae6527b88d5ec09475f2500000000000000000000000000000000000000000000000000000000000000
09-21 15:53:27.721 29879 29879 D BleManager: onScanResult: 1A:4D:66:E2:98:79 name=null rssi=-55 adv=1eff060001092002f293dbeb6e20ee781f6c1500ec9c19dc7c13fad884bac300000000000000000000000000000000000000000000000000000000000000
09-21 15:53:27.730 29879 29879 D BleManager: onScanResult: 19:A0:58:FE:23:AF name=null rssi=-89 adv=1eff0600010920029ee507d2b3069730bc7a1e1cf80beb1e9cf03bd90d895b00000000000000000000000000000000000000000000000000000000000000
09-21 15:53:27.756 29879 29879 D BleManager: onScanResult: 39:1D:25:80:5D:BB name=null rssi=-46 adv=06ff0100424c4500000000000000000000000000000000000000000000000000000000000000000000000000000000000000000000000000000000000000
09-21 15:53:27.778 29879 29879 D BleManager: onScanResult: 10:B4:1D:CD:23:8E name=SHID-00000001 rssi=-28 adv=0201061107041c8a5e0b6f2a9d8f4c3be701101d9f0e09534849442d30303030303030310000000000000000000000000000000000000000000000000000
09-21 15:53:27.785 29879 29879 D BleManager: onScanResult: 02:48:9D:92:56:EF name=null rssi=-67 adv=1eff060001092022ac0e11e38aab917c828db04eba266792f197a46996126500000000000000000000000000000000000000000000000000000000000000
09-21 15:53:27.807 29879 29879 D BleManager: onScanResult: 10:B4:1D:CD:23:8E name=SHID-00000001 rssi=-28 adv=0201061107041c8a5e0b6f2a9d8f4c3be701101d9f0e09534849442d30303030303030310000000000000000000000000000000000000000000000000000
09-21 15:53:27.823 29879 29879 D BleManager: onScanResult: 3E:91:16:6C:2B:0B name=null rssi=-72 adv=1eff060001092002b939a9208393eb09be86b82ab9b3faca6cd5108e8715cd00000000000000000000000000000000000000000000000000000000000000
09-21 15:53:27.833 29879 29879 D BleManager: onScanResult: 1A:4D:66:E2:98:79 name=null rssi=-53 adv=1eff060001092002f293dbeb6e20ee781f6c1500ec9c19dc7c13fad884bac300000000000000000000000000000000000000000000000000000000000000
09-21 15:53:27.880 29879 29879 D BleManager: onScanResult: 39:1D:25:80:5D:BB name=null rssi=-48 adv=06ff0100424c4500000000000000000000000000000000000000000000000000000000000000000000000000000000000000000000000000000000000000
09-21 15:53:27.890 29879 29879 D BleManager: onScanResult: 10:B4:1D:CD:23:8E name=SHID-00000001 rssi=-30 adv=0201061107041c8a5e0b6f2a9d8f4c3be701101d9f0e09534849442d30303030303030310000000000000000000000000000000000000000000000000000
09-21 15:53:27.900 29879 29879 D BleManager: onScanResult: 02:48:9D:92:56:EF name=null rssi=-71 adv=1eff060001092022ac0e11e38aab917c828db04eba266792f197a46996126500000000000000000000000000000000000000000000000000000000000000
09-21 15:53:27.911 29879 29879 D BleManager: onScanResult: 36:85:1F:C3:33:28 name=null rssi=-54 adv=1eff06000109200220436137cb717b08cb893bdec31ed3a683ceac08899bc400000000000000000000000000000000000000000000000000000000000000
09-21 15:53:27.938 29879 29879 D BleManager: onScanResult: 2F:D6:DA:5C:63:4F name=null rssi=-47 adv=1eff06000109200265f519c92865a3ecddaff6780ae6527b88d5ec09475f2500000000000000000000000000000000000000000000000000000000000000
09-21 15:53:27.946 29879 29879 D BleManager: onScanResult: 3E:91:16:6C:2B:0B name=null rssi=-79 adv=1eff060001092002b939a9208393eb09be86b82ab9b3faca6cd5108e8715cd00000000000000000000000000000000000000000000000000000000000000
09-21 15:53:27.974 29879 29879 D BleManager: onScanResult: 40:1B:5E:C9:5D:F9 name=null rssi=-87 adv=1eff0600010920027a329f7f80ae16c8b29498f682623cfd052b3a5a57c86000000000000000000000000000000000000000000000000000000000000000
09-21 15:53:27.992 29879 29879 D BleManager: onScanResult: 1A:4D:66:E2:98:79 name=null rssi=-56 adv=1eff060001092002f293dbeb6e20ee781f6c1500ec9c19dc7c13fad884bac300000000000000000000000000000000000000000000000000000000000000
09-21 15:53:28.000 29879 29879 D BleManager: onScanResult: 10:B4:1D:CD:23:8E name=SHID-00000001 rssi=-30 adv=0201061107041c8a5e0b6f2a9d8f4c3be701101d9f0e09534849442d30303030303030310000000000000000000000000000000000000000000000000000
09-21 15:53:28.006 29879 29879 D BleManager: onScanResult: 55:C1:0E:5F:C6:C5 name=null rssi=-55 adv=02010217ff8f03181134325a57103041a201152629b564570103020303aafd0916aafd830c33e38082000000000000000000000000000000000000000000
09-21 15:53:28.029 29879 29879 D BleManager: onScanResult: 39:1D:25:80:5D:BB name=null rssi=-45 adv=06ff0100424c4500000000000000000000000000000000000000000000000000000000000000000000000000000000000000000000000000000000000000
09-21 15:53:28.035 29879 29879 D BleManager: onScanResult: 06:B3:AF:20:F7:2E name=null rssi=-90 adv=1eff0600010f2022ef6a2f0c8dc6c96fd70fed7da957899386e5896cd6459100000000000000000000000000000000000000000000000000000000000000
09-21 15:53:28.042 29879 29879 D BleManager: onScanResult: 10:B4:1D:CD:23:8E name=SHID-00000001 rssi=-28 adv=0201061107041c8a5e0b6f2a9d8f4c3be701101d9f0e09534849442d30303030303030310000000000000000000000000000000000000000000000000000
09-21 15:53:28.071 29879 29879 D BleManager: onScanResult: 3E:91:16:6C:2B:0B name=null rssi=-82 adv=1eff060001092002b939a9208393eb09be86b82ab9b3faca6cd5108e8715cd00000000000000000000000000000000000000000000000000000000000000
09-21 15:53:28.077 29879 29879 D BleManager: onScanResult: 40:1B:5E:C9:5D:F9 name=null rssi=-83 adv=1eff0600010920027a329f7f80ae16c8b29498f682623cfd052b3a5a57c86000000000000000000000000000000000000000000000000000000000000000
09-21 15:53:28.092 29879 29879 D BleManager: onScanResult: 1A:4D:66:E2:98:79 name=null rssi=-57 adv=1eff060001092002f293dbeb6e20ee781f6c1500ec9c19dc7c13fad884bac300000000000000000000000000000000000000000000000000000000000000
09-21 15:53:28.099 29879 29879 D BleManager: onScanResult: 39:1D:25:80:5D:BB name=null rssi=-46 adv=06ff0100424c4500000000000000000000000000000000000000000000000000000000000000000000000000000000000000000000000000000000000000
09-21 15:53:28.104 29879 29879 D BleManager: onScanResult: 10:B4:1D:CD:23:8E name=SHID-00000001 rssi=-28 adv=0201061107041c8a5e0b6f2a9d8f4c3be701101d9f0e09534849442d30303030303030310000000000000000000000000000000000000000000000000000
09-21 15:53:28.110 29879 29879 D BleManager: onScanResult: 55:C1:0E:5F:C6:C5 name=null rssi=-62 adv=02010217ff8f03181134325a57103041a201152629b564570103020303aafd0916aafd830c33e38082000000000000000000000000000000000000000000
09-21 15:53:28.130 29879 29879 D BleManager: onScanResult: 36:85:1F:C3:33:28 name=null rssi=-54 adv=1eff06000109200220436137cb717b08cb893bdec31ed3a683ceac08899bc400000000000000000000000000000000000000000000000000000000000000
09-21 15:53:28.136 29879 29879 D BleManager: onScanResult: 2F:D6:DA:5C:63:4F name=null rssi=-46 adv=1eff06000109200265f519c92865a3ecddaff6780ae6527b88d5ec09475f2500000000000000000000000000000000000000000000000000000000000000
09-21 15:53:28.158 29879 29879 D BleManager: onScanResult: 02:48:9D:92:56:EF name=null rssi=-68 adv=1eff060001092022ac0e11e38aab917c828db04eba266792f197a46996126500000000000000000000000000000000000000000000000000000000000000
09-21 15:53:28.165 29879 29879 D BleManager: onScanResult: 1A:4D:66:E2:98:79 name=null rssi=-56 adv=1eff060001092002f293dbeb6e20ee781f6c1500ec9c19dc7c13fad884bac300000000000000000000000000000000000000000000000000000000000000
09-21 15:53:28.171 29879 29879 D BleManager: onScanResult: 10:B4:1D:CD:23:8E name=SHID-00000001 rssi=-28 adv=0201061107041c8a5e0b6f2a9d8f4c3be701101d9f0e09534849442d30303030303030310000000000000000000000000000000000000000000000000000
09-21 15:53:28.203 29879 29879 D BleManager: onScanResult: 36:85:1F:C3:33:28 name=null rssi=-54 adv=1eff06000109200220436137cb717b08cb893bdec31ed3a683ceac08899bc400000000000000000000000000000000000000000000000000000000000000
09-21 15:53:28.209 29879 29879 D BleManager: onScanResult: 10:B4:1D:CD:23:8E name=SHID-00000001 rssi=-28 adv=0201061107041c8a5e0b6f2a9d8f4c3be701101d9f0e09534849442d30303030303030310000000000000000000000000000000000000000000000000000
09-21 15:53:28.216 29879 29879 D BleManager: onScanResult: 2F:D6:DA:5C:63:4F name=null rssi=-46 adv=1eff06000109200265f519c92865a3ecddaff6780ae6527b88d5ec09475f2500000000000000000000000000000000000000000000000000000000000000
09-21 15:53:28.221 29879 29879 D BleManager: onScanResult: 55:C1:0E:5F:C6:C5 name=null rssi=-62 adv=02010217ff8f03181134325a57103041a201152629b564570103020303aafd0916aafd830c33e38082000000000000000000000000000000000000000000
09-21 15:53:28.237 29879 29879 D BleManager: onScanResult: 02:48:9D:92:56:EF name=null rssi=-68 adv=1eff060001092022ac0e11e38aab917c828db04eba266792f197a46996126500000000000000000000000000000000000000000000000000000000000000
09-21 15:53:28.244 29879 29879 D BleManager: onScanResult: 1A:4D:66:E2:98:79 name=null rssi=-56 adv=1eff060001092002f293dbeb6e20ee781f6c1500ec9c19dc7c13fad884bac300000000000000000000000000000000000000000000000000000000000000
09-21 15:53:28.257 29879 29879 D BleManager: onScanResult: 3E:91:16:6C:2B:0B name=null rssi=-81 adv=1eff060001092002b939a9208393eb09be86b82ab9b3faca6cd5108e8715cd00000000000000000000000000000000000000000000000000000000000000
09-21 15:53:28.263 29879 29879 D BleManager: onScanResult: 39:1D:25:80:5D:BB name=null rssi=-46 adv=06ff0100424c4500000000000000000000000000000000000000000000000000000000000000000000000000000000000000000000000000000000000000
09-21 15:53:28.269 29879 29879 D BleManager: onScanResult: 10:B4:1D:CD:23:8E name=SHID-00000001 rssi=-28 adv=0201061107041c8a5e0b6f2a9d8f4c3be701101d9f0e09534849442d30303030303030310000000000000000000000000000000000000000000000000000
09-21 15:53:28.311 29879 29879 D BleManager: onScanResult: 36:85:1F:C3:33:28 name=null rssi=-54 adv=1eff06000109200220436137cb717b08cb893bdec31ed3a683ceac08899bc400000000000000000000000000000000000000000000000000000000000000
09-21 15:53:28.317 29879 29879 D BleManager: onScanResult: 2F:D6:DA:5C:63:4F name=null rssi=-46 adv=1eff06000109200265f519c92865a3ecddaff6780ae6527b88d5ec09475f2500000000000000000000000000000000000000000000000000000000000000
09-21 15:53:28.327 29879 29879 D BleManager: onScanResult: 02:48:9D:92:56:EF name=null rssi=-67 adv=1eff060001092022ac0e11e38aab917c828db04eba266792f197a46996126500000000000000000000000000000000000000000000000000000000000000
09-21 15:53:28.360 29879 29879 D BleManager: onScanResult: 10:B4:1D:CD:23:8E name=SHID-00000001 rssi=-28 adv=0201061107041c8a5e0b6f2a9d8f4c3be701101d9f0e09534849442d30303030303030310000000000000000000000000000000000000000000000000000
09-21 15:53:28.367 29879 29879 D BleManager: onScanResult: 1A:4D:66:E2:98:79 name=null rssi=-54 adv=1eff060001092002f293dbeb6e20ee781f6c1500ec9c19dc7c13fad884bac300000000000000000000000000000000000000000000000000000000000000
09-21 15:53:28.374 29879 29879 D BleManager: onScanResult: 55:C1:0E:5F:C6:C5 name=null rssi=-62 adv=02010217ff8f03181134325a57103041a201152629b564570103020303aafd0916aafd830c33e38082000000000000000000000000000000000000000000
09-21 15:53:28.401 29879 29879 D BleManager: onScanResult: 3E:91:16:6C:2B:0B name=null rssi=-81 adv=1eff060001092002b939a9208393eb09be86b82ab9b3faca6cd5108e8715cd00000000000000000000000000000000000000000000000000000000000000
09-21 15:53:28.407 29879 29879 D BleManager: onScanResult: 39:1D:25:80:5D:BB name=null rssi=-46 adv=06ff0100424c4500000000000000000000000000000000000000000000000000000000000000000000000000000000000000000000000000000000000000
09-21 15:53:28.416 29879 29879 D BleManager: onScanResult: 10:B4:1D:CD:23:8E name=SHID-00000001 rssi=-28 adv=0201061107041c8a5e0b6f2a9d8f4c3be701101d9f0e09534849442d30303030303030310000000000000000000000000000000000000000000000000000
09-21 15:53:28.422 29879 29879 D BleManager: onScanResult: 36:85:1F:C3:33:28 name=null rssi=-54 adv=1eff06000109200220436137cb717b08cb893bdec31ed3a683ceac08899bc400000000000000000000000000000000000000000000000000000000000000
09-21 15:53:28.428 29879 29879 D BleManager: onScanResult: 2F:D6:DA:5C:63:4F name=null rssi=-46 adv=1eff06000109200265f519c92865a3ecddaff6780ae6527b88d5ec09475f2500000000000000000000000000000000000000000000000000000000000000
09-21 15:53:28.454 29879 29879 D BleManager: onScanResult: 02:48:9D:92:56:EF name=null rssi=-66 adv=1eff060001092022ac0e11e38aab917c828db04eba266792f197a46996126500000000000000000000000000000000000000000000000000000000000000
09-21 15:53:28.461 29879 29879 D BleManager: onScanResult: 1A:4D:66:E2:98:79 name=null rssi=-51 adv=1eff060001092002f293dbeb6e20ee781f6c1500ec9c19dc7c13fad884bac300000000000000000000000000000000000000000000000000000000000000
09-21 15:53:28.467 29879 29879 D BleManager: onScanResult: 10:B4:1D:CD:23:8E name=SHID-00000001 rssi=-28 adv=0201061107041c8a5e0b6f2a9d8f4c3be701101d9f0e09534849442d30303030303030310000000000000000000000000000000000000000000000000000
09-21 15:53:28.488 29879 29879 D BleManager: onScanResult: 3E:91:16:6C:2B:0B name=null rssi=-70 adv=1eff060001092002b939a9208393eb09be86b82ab9b3faca6cd5108e8715cd00000000000000000000000000000000000000000000000000000000000000
09-21 15:53:28.504 29879 29879 D BleManager: onScanResult: 39:1D:25:80:5D:BB name=null rssi=-48 adv=06ff0100424c4500000000000000000000000000000000000000000000000000000000000000000000000000000000000000000000000000000000000000
09-21 15:53:28.518 29879 29879 D BleManager: onScanResult: 55:C1:0E:5F:C6:C5 name=null rssi=-56 adv=02010217ff8f03181134325a57103041a201152629b564570103020303aafd0916aafd830c33e38082000000000000000000000000000000000000000000
09-21 15:53:28.539 29879 29879 D BleManager: onScanResult: 36:85:1F:C3:33:28 name=null rssi=-51 adv=1eff06000109200220436137cb717b08cb893bdec31ed3a683ceac08899bc400000000000000000000000000000000000000000000000000000000000000
09-21 15:53:28.545 29879 29879 D BleManager: onScanResult: 10:B4:1D:CD:23:8E name=SHID-00000001 rssi=-28 adv=0201061107041c8a5e0b6f2a9d8f4c3be701101d9f0e09534849442d30303030303030310000000000000000000000000000000000000000000000000000
09-21 15:53:28.550 29879 29879 D BleManager: onScanResult: 2F:D6:DA:5C:63:4F name=null rssi=-47 adv=1eff06000109200265f519c92865a3ecddaff6780ae6527b88d5ec09475f2500000000000000000000000000000000000000000000000000000000000000
09-21 15:53:28.575 29879 29879 D BleManager: onScanResult: 02:48:9D:92:56:EF name=null rssi=-64 adv=1eff060001092022ac0e11e38aab917c828db04eba266792f197a46996126500000000000000000000000000000000000000000000000000000000000000
09-21 15:53:28.581 29879 29879 D BleManager: onScanResult: 1A:4D:66:E2:98:79 name=null rssi=-50 adv=1eff060001092002f293dbeb6e20ee781f6c1500ec9c19dc7c13fad884bac300000000000000000000000000000000000000000000000000000000000000
09-21 15:53:28.588 29879 29879 D BleManager: onScanResult: 3E:91:16:6C:2B:0B name=null rssi=-71 adv=1eff060001092002b939a9208393eb09be86b82ab9b3faca6cd5108e8715cd00000000000000000000000000000000000000000000000000000000000000
09-21 15:53:28.608 29879 29879 D BleManager: onScanResult: 39:1D:25:80:5D:BB name=null rssi=-48 adv=06ff0100424c4500000000000000000000000000000000000000000000000000000000000000000000000000000000000000000000000000000000000000
09-21 15:53:28.621 29879 29879 D BleManager: onScanResult: 10:B4:1D:CD:23:8E name=SHID-00000001 rssi=-28 adv=0201061107041c8a5e0b6f2a9d8f4c3be701101d9f0e09534849442d30303030303030310000000000000000000000000000000000000000000000000000
09-21 15:53:28.657 29879 29879 D BleManager: onScanResult: 2F:D6:DA:5C:63:4F name=null rssi=-48 adv=1eff06000109200265f519c92865a3ecddaff6780ae6527b88d5ec09475f2500000000000000000000000000000000000000000000000000000000000000
09-21 15:53:28.664 29879 29879 D BleManager: onScanResult: 1A:4D:66:E2:98:79 name=null rssi=-57 adv=1eff060001092002f293dbeb6e20ee781f6c1500ec9c19dc7c13fad884bac300000000000000000000000000000000000000000000000000000000000000
09-21 15:53:28.689 29879 29879 D BleManager: onScanResult: 10:B4:1D:CD:23:8E name=SHID-00000001 rssi=-30 adv=0201061107041c8a5e0b6f2a9d8f4c3be701101d9f0e09534849442d30303030303030310000000000000000000000000000000000000000000000000000
09-21 15:53:28.695 29879 29879 D BleManager: onScanResult: 3E:91:16:6C:2B:0B name=null rssi=-78 adv=1eff060001092002b939a9208393eb09be86b82ab9b3faca6cd5108e8715cd00000000000000000000000000000000000000000000000000000000000000
09-21 15:53:28.701 29879 29879 D BleManager: onScanResult: 55:C1:0E:5F:C6:C5 name=null rssi=-58 adv=02010217ff8f03181134325a57103041a201152629b564570103020303aafd0916aafd830c33e38082000000000000000000000000000000000000000000
09-21 15:53:28.706 29879 29879 D BleManager: onScanResult: 39:1D:25:80:5D:BB name=null rssi=-48 adv=06ff0100424c4500000000000000000000000000000000000000000000000000000000000000000000000000000000000000000000000000000000000000
09-21 15:53:28.730 29879 29879 D BleManager: onScanResult: 10:B4:1D:CD:23:8E name=SHID-00000001 rssi=-30 adv=0201061107041c8a5e0b6f2a9d8f4c3be701101d9f0e09534849442d30303030303030310000000000000000000000000000000000000000000000000000
09-21 15:53:28.736 29879 29879 D BleManager: onScanResult: 36:85:1F:C3:33:28 name=null rssi=-53 adv=1eff06000109200220436137cb717b08cb893bdec31ed3a683ceac08899bc400000000000000000000000000000000000000000000000000000000000000
09-21 15:53:28.754 29879 29879 D BleManager: onScanResult: 2F:D6:DA:5C:63:4F name=null rssi=-47 adv=1eff06000109200265f519c92865a3ecddaff6780ae6527b88d5ec09475f2500000000000000000000000000000000000000000000000000000000000000
09-21 15:53:28.767 29879 29879 D BleManager: onScanResult: 02:48:9D:92:56:EF name=null rssi=-70 adv=1eff060001092022ac0e11e38aab917c828db04eba266792f197a46996126500000000000000000000000000000000000000000000000000000000000000
09-21 15:53:28.772 29879 29879 D BleManager: onScanResult: 1A:4D:66:E2:98:79 name=null rssi=-56 adv=1eff060001092002f293dbeb6e20ee781f6c1500ec9c19dc7c13fad884bac300000000000000000000000000000000000000000000000000000000000000
09-21 15:53:28.787 29879 29879 D BleManager: onScanResult: 3E:91:16:6C:2B:0B name=null rssi=-79 adv=1eff060001092002b939a9208393eb09be86b82ab9b3faca6cd5108e8715cd00000000000000000000000000000000000000000000000000000000000000
09-21 15:53:28.792 29879 29879 D BleManager: onScanResult: 39:1D:25:80:5D:BB name=null rssi=-48 adv=06ff0100424c4500000000000000000000000000000000000000000000000000000000000000000000000000000000000000000000000000000000000000
09-21 15:53:28.797 29879 29879 D BleManager: onScanResult: 10:B4:1D:CD:23:8E name=SHID-00000001 rssi=-30 adv=0201061107041c8a5e0b6f2a9d8f4c3be701101d9f0e09534849442d30303030303030310000000000000000000000000000000000000000000000000000
09-21 15:53:28.830 29879 29879 D BleManager: onScanResult: 36:85:1F:C3:33:28 name=null rssi=-53 adv=1eff06000109200220436137cb717b08cb893bdec31ed3a683ceac08899bc400000000000000000000000000000000000000000000000000000000000000
09-21 15:53:28.836 29879 29879 D BleManager: onScanResult: 2F:D6:DA:5C:63:4F name=null rssi=-47 adv=1eff06000109200265f519c92865a3ecddaff6780ae6527b88d5ec09475f2500000000000000000000000000000000000000000000000000000000000000
09-21 15:53:28.853 29879 29879 D BleManager: onScanResult: 10:B4:1D:CD:23:8E name=SHID-00000001 rssi=-30 adv=0201061107041c8a5e0b6f2a9d8f4c3be701101d9f0e09534849442d30303030303030310000000000000000000000000000000000000000000000000000
09-21 15:53:28.867 29879 29879 D BleManager: onScanResult: 02:48:9D:92:56:EF name=null rssi=-68 adv=1eff060001092022ac0e11e38aab917c828db04eba266792f197a46996126500000000000000000000000000000000000000000000000000000000000000
09-21 15:53:28.873 29879 29879 D BleManager: onScanResult: 1A:4D:66:E2:98:79 name=null rssi=-56 adv=1eff060001092002f293dbeb6e20ee781f6c1500ec9c19dc7c13fad884bac300000000000000000000000000000000000000000000000000000000000000
09-21 15:53:28.896 29879 29879 D BleManager: onScanResult: 39:1D:25:80:5D:BB name=null rssi=-48 adv=06ff0100424c4500000000000000000000000000000000000000000000000000000000000000000000000000000000000000000000000000000000000000
09-21 15:53:28.902 29879 29879 D BleManager: onScanResult: 3E:91:16:6C:2B:0B name=null rssi=-79 adv=1eff060001092002b939a9208393eb09be86b82ab9b3faca6cd5108e8715cd00000000000000000000000000000000000000000000000000000000000000
09-21 15:53:28.913 29879 29879 D BleManager: onScanResult: 55:C1:0E:5F:C6:C5 name=null rssi=-63 adv=02010217ff8f03181134325a57103041a201152629b564570103020303aafd0916aafd830c33e38082000000000000000000000000000000000000000000
09-21 15:53:28.938 29879 29879 D BleManager: onScanResult: 36:85:1F:C3:33:28 name=null rssi=-54 adv=1eff06000109200220436137cb717b08cb893bdec31ed3a683ceac08899bc400000000000000000000000000000000000000000000000000000000000000
09-21 15:53:28.946 29879 29879 D BleManager: onScanResult: 2F:D6:DA:5C:63:4F name=null rssi=-46 adv=1eff06000109200265f519c92865a3ecddaff6780ae6527b88d5ec09475f2500000000000000000000000000000000000000000000000000000000000000
09-21 15:53:28.978 29879 29879 D BleManager: onScanResult: 1A:4D:66:E2:98:79 name=null rssi=-50 adv=1eff060001092002f293dbeb6e20ee781f6c1500ec9c19dc7c13fad884bac300000000000000000000000000000000000000000000000000000000000000
09-21 15:53:28.983 29879 29879 D BleManager: onScanResult: 39:1D:25:80:5D:BB name=null rssi=-42 adv=06ff0100424c4500000000000000000000000000000000000000000000000000000000000000000000000000000000000000000000000000000000000000
09-21 15:53:28.999 29879 29879 D BleManager: onScanResult: 10:B4:1D:CD:23:8E name=SHID-00000001 rssi=-27 adv=0201061107041c8a5e0b6f2a9d8f4c3be701101d9f0e09534849442d30303030303030310000000000000000000000000000000000000000000000000000
09-21 15:53:29.031 29879 29879 D BleManager: onScanResult: 3E:91:16:6C:2B:0B name=null rssi=-91 adv=1eff060001092002b939a9208393eb09be86b82ab9b3faca6cd5108e8715cd00000000000000000000000000000000000000000000000000000000000000
09-21 15:53:29.037 29879 29879 D BleManager: onScanResult: 36:85:1F:C3:33:28 name=null rssi=-54 adv=1eff06000109200220436137cb717b08cb893bdec31ed3a683ceac08899bc400000000000000000000000000000000000000000000000000000000000000
09-21 15:53:29.055 29879 29879 D BleManager: onScanResult: 2F:D6:DA:5C:63:4F name=null rssi=-46 adv=1eff06000109200265f519c92865a3ecddaff6780ae6527b88d5ec09475f2500000000000000000000000000000000000000000000000000000000000000
09-21 15:53:29.066 29879 29879 D BleManager: onScanResult: 55:C1:0E:5F:C6:C5 name=null rssi=-56 adv=02010217ff8f03181134325a57103041a201152629b564570103020303aafd0916aafd830c33e38082000000000000000000000000000000000000000000
09-21 15:53:29.079 29879 29879 D BleManager: onScanResult: 02:48:9D:92:56:EF name=null rssi=-68 adv=1eff060001092022ac0e11e38aab917c828db04eba266792f197a46996126500000000000000000000000000000000000000000000000000000000000000
09-21 15:53:29.084 29879 29879 D BleManager: onScanResult: 1A:4D:66:E2:98:79 name=null rssi=-51 adv=1eff060001092002f293dbeb6e20ee781f6c1500ec9c19dc7c13fad884bac300000000000000000000000000000000000000000000000000000000000000
09-21 15:53:29.115 29879 29879 D BleManager: onScanResult: 39:1D:25:80:5D:BB name=null rssi=-48 adv=06ff0100424c4500000000000000000000000000000000000000000000000000000000000000000000000000000000000000000000000000000000000000
09-21 15:53:29.120 29879 29879 D BleManager: onScanResult: 10:B4:1D:CD:23:8E name=SHID-00000001 rssi=-28 adv=0201061107041c8a5e0b6f2a9d8f4c3be701101d9f0e09534849442d30303030303030310000000000000000000000000000000000000000000000000000
09-21 15:53:29.125 29879 29879 D BleManager: onScanResult: 3E:91:16:6C:2B:0B name=null rssi=-70 adv=1eff060001092002b939a9208393eb09be86b82ab9b3faca6cd5108e8715cd00000000000000000000000000000000000000000000000000000000000000
09-21 15:53:29.153 29879 29879 D BleManager: onScanResult: 36:85:1F:C3:33:28 name=null rssi=-51 adv=1eff06000109200220436137cb717b08cb893bdec31ed3a683ceac08899bc400000000000000000000000000000000000000000000000000000000000000
09-21 15:53:29.158 29879 29879 D BleManager: onScanResult: 2F:D6:DA:5C:63:4F name=null rssi=-47 adv=1eff06000109200265f519c92865a3ecddaff6780ae6527b88d5ec09475f2500000000000000000000000000000000000000000000000000000000000000
09-21 15:53:29.185 29879 29879 D BleManager: onScanResult: 6C:67:CD:EB:FC:26 name=null rssi=-69 adv=02011a0dff4c0016080047a4049025f15f000000000000000000000000000000000000000000000000000000000000000000000000000000000000000000
09-21 15:53:29.190 29879 29879 D BleManager: onScanResult: 10:B4:1D:CD:23:8E name=SHID-00000001 rssi=-28 adv=0201061107041c8a5e0b6f2a9d8f4c3be701101d9f0e09534849442d30303030303030310000000000000000000000000000000000000000000000000000
09-21 15:53:29.196 29879 29879 D BleManager: onScanResult: 1A:4D:66:E2:98:79 name=null rssi=-51 adv=1eff060001092002f293dbeb6e20ee781f6c1500ec9c19dc7c13fad884bac300000000000000000000000000000000000000000000000000000000000000
09-21 15:53:29.217 29879 29879 D BleManager: onScanResult: 39:1D:25:80:5D:BB name=null rssi=-48 adv=06ff0100424c4500000000000000000000000000000000000000000000000000000000000000000000000000000000000000000000000000000000000000
09-21 15:53:29.225 29879 29879 D BleManager: onScanResult: 55:C1:0E:5F:C6:C5 name=null rssi=-55 adv=02010217ff8f03181134325a57103041a201152629b564570103020303aafd0916aafd830c33e38082000000000000000000000000000000000000000000
09-21 15:53:29.246 29879 29879 D BleManager: onScanResult: 36:85:1F:C3:33:28 name=null rssi=-53 adv=1eff06000109200220436137cb717b08cb893bdec31ed3a683ceac08899bc400000000000000000000000000000000000000000000000000000000000000
09-21 15:53:29.258 29879 29879 D BleManager: onScanResult: 10:B4:1D:CD:23:8E name=SHID-00000001 rssi=-30 adv=0201061107041c8a5e0b6f2a9d8f4c3be701101d9f0e09534849442d30303030303030310000000000000000000000000000000000000000000000000000
09-21 15:53:29.263 29879 29879 D BleManager: onScanResult: 2F:D6:DA:5C:63:4F name=null rssi=-47 adv=1eff06000109200265f519c92865a3ecddaff6780ae6527b88d5ec09475f2500000000000000000000000000000000000000000000000000000000000000
09-21 15:53:29.286 29879 29879 D BleManager: onScanResult: 1A:4D:66:E2:98:79 name=null rssi=-58 adv=1eff060001092002f293dbeb6e20ee781f6c1500ec9c19dc7c13fad884bac300000000000000000000000000000000000000000000000000000000000000
09-21 15:53:29.292 29879 29879 D BleManager: onScanResult: 02:48:9D:92:56:EF name=null rssi=-68 adv=1eff060001092022ac0e11e38aab917c828db04eba266792f197a46996126500000000000000000000000000000000000000000000000000000000000000
09-21 15:53:29.306 29879 29879 D BleManager: onScanResult: 39:1D:25:80:5D:BB name=null rssi=-48 adv=06ff0100424c4500000000000000000000000000000000000000000000000000000000000000000000000000000000000000000000000000000000000000
09-21 15:53:29.318 29879 29879 D BleManager: onScanResult: 10:B4:1D:CD:23:8E name=SHID-00000001 rssi=-30 adv=0201061107041c8a5e0b6f2a9d8f4c3be701101d9f0e09534849442d30303030303030310000000000000000000000000000000000000000000000000000
09-21 15:53:29.323 29879 29879 D BleManager: onScanResult: 3E:91:16:6C:2B:0B name=null rssi=-77 adv=1eff060001092002b939a9208393eb09be86b82ab9b3faca6cd5108e8715cd00000000000000000000000000000000000000000000000000000000000000
09-21 15:53:29.331 29879 29879 D BleManager: onScanResult: 55:C1:0E:5F:C6:C5 name=null rssi=-58 adv=02010217ff8f03181134325a57103041a201152629b564570103020303aafd0916aafd830c33e38082000000000000000000000000000000000000000000
09-21 15:53:29.355 29879 29879 D BleManager: onScanResult: 36:85:1F:C3:33:28 name=null rssi=-52 adv=1eff06000109200220436137cb717b08cb893bdec31ed3a683ceac08899bc400000000000000000000000000000000000000000000000000000000000000
09-21 15:53:29.360 29879 29879 D BleManager: onScanResult: 2F:D6:DA:5C:63:4F name=null rssi=-48 adv=1eff06000109200265f519c92865a3ecddaff6780ae6527b88d5ec09475f2500000000000000000000000000000000000000000000000000000000000000
09-21 15:53:29.374 29879 29879 D BleManager: onScanResult: 10:B4:1D:CD:23:8E name=SHID-00000001 rssi=-30 adv=0201061107041c8a5e0b6f2a9d8f4c3be701101d9f0e09534849442d30303030303030310000000000000000000000000000000000000000000000000000
09-21 15:53:29.392 29879 29879 D BleManager: onScanResult: 1A:4D:66:E2:98:79 name=null rssi=-58 adv=1eff060001092002f293dbeb6e20ee781f6c1500ec9c19dc7c13fad884bac300000000000000000000000000000000000000000000000000000000000000
09-21 15:53:29.397 29879 29879 D BleManager: onScanResult: 39:1D:25:80:5D:BB name=null rssi=-48 adv=06ff0100424c4500000000000000000000000000000000000000000000000000000000000000000000000000000000000000000000000000000000000000
09-21 15:53:29.416 29879 29879 D BleManager: onScanResult: 02:48:9D:92:56:EF name=null rssi=-69 adv=1eff060001092022ac0e11e38aab917c828db04eba266792f197a46996126500000000000000000000000000000000000000000000000000000000000000
09-21 15:53:29.422 29879 29879 D BleManager: onScanResult: 3E:91:16:6C:2B:0B name=null rssi=-78 adv=1eff060001092002b939a9208393eb09be86b82ab9b3faca6cd5108e8715cd00000000000000000000000000000000000000000000000000000000000000
09-21 15:53:29.446 29879 29879 D BleManager: onScanResult: 10:B4:1D:CD:23:8E name=SHID-00000001 rssi=-31 adv=0201061107041c8a5e0b6f2a9d8f4c3be701101d9f0e09534849442d30303030303030310000000000000000000000000000000000000000000000000000
09-21 15:53:29.463 29879 29879 D BleManager: onScanResult: 36:85:1F:C3:33:28 name=null rssi=-53 adv=1eff06000109200220436137cb717b08cb893bdec31ed3a683ceac08899bc400000000000000000000000000000000000000000000000000000000000000
09-21 15:53:29.469 29879 29879 D BleManager: onScanResult: 2F:D6:DA:5C:63:4F name=null rssi=-48 adv=1eff06000109200265f519c92865a3ecddaff6780ae6527b88d5ec09475f2500000000000000000000000000000000000000000000000000000000000000
09-21 15:53:29.476 29879 29879 D BleManager: onScanResult: 55:C1:0E:5F:C6:C5 name=null rssi=-59 adv=02010217ff8f03181134325a57103041a201152629b564570103020303aafd0916aafd830c33e38082000000000000000000000000000000000000000000
09-21 15:53:29.490 29879 29879 D BleManager: onScanResult: 1A:4D:66:E2:98:79 name=null rssi=-62 adv=1eff060001092002f293dbeb6e20ee781f6c1500ec9c19dc7c13fad884bac300000000000000000000000000000000000000000000000000000000000000
09-21 15:53:29.495 29879 29879 D BleManager: onScanResult: 39:1D:25:80:5D:BB name=null rssi=-48 adv=06ff0100424c4500000000000000000000000000000000000000000000000000000000000000000000000000000000000000000000000000000000000000
09-21 15:53:29.508 29879 29879 D BleManager: onScanResult: 10:B4:1D:CD:23:8E name=SHID-00000001 rssi=-30 adv=0201061107041c8a5e0b6f2a9d8f4c3be701101d9f0e09534849442d30303030303030310000000000000000000000000000000000000000000000000000
09-21 15:53:29.553 29879 29879 D BleManager: onScanResult: 36:85:1F:C3:33:28 name=null rssi=-53 adv=1eff06000109200220436137cb717b08cb893bdec31ed3a683ceac08899bc400000000000000000000000000000000000000000000000000000000000000
09-21 15:53:29.558 29879 29879 D BleManager: onScanResult: 2F:D6:DA:5C:63:4F name=null rssi=-47 adv=1eff06000109200265f519c92865a3ecddaff6780ae6527b88d5ec09475f2500000000000000000000000000000000000000000000000000000000000000
09-21 15:53:29.564 29879 29879 D BleManager: onScanResult: 10:B4:1D:CD:23:8E name=SHID-00000001 rssi=-30 adv=0201061107041c8a5e0b6f2a9d8f4c3be701101d9f0e09534849442d30303030303030310000000000000000000000000000000000000000000000000000
09-21 15:53:29.584 29879 29879 I BleManager: Scan stopped
09-21 15:53:29.584 29879 29879 I BleManager: Auto-stop scan after 5000ms
