--------- beginning of main
09-21 15:53:49.023 29879 29879 I BleManager: Scan started
09-21 15:53:49.124 29879 29879 D BleManager: onScanResult: 1A:4D:66:E2:98:79 name=null rssi=-54 adv=1eff060001092002f293dbeb6e20ee781f6c1500ec9c19dc7c13fad884bac300000000000000000000000000000000000000000000000000000000000000
09-21 15:53:49.165 29879 29879 D BleManager: onScanResult: 10:B4:1D:CD:23:8E name=SHID-00000001 rssi=-29 adv=0201061107041c8a5e0b6f2a9d8f4c3be701101d9f0e09534849442d30303030303030310000000000000000000000000000000000000000000000000000
09-21 15:53:49.170 29879 29879 D BleManager: onScanResult: 3E:91:16:6C:2B:0B name=null rssi=-82 adv=1eff060001092002b939a9208393eb09be86b82ab9b3faca6cd5108e8715cd00000000000000000000000000000000000000000000000000000000000000
09-21 15:53:49.211 29879 29879 D BleManager: onScanResult: 02:48:9D:92:56:EF name=null rssi=-67 adv=1eff060001092022ac0e11e38aab917c828db04eba266792f197a46996126500000000000000000000000000000000000000000000000000000000000000
09-21 15:53:49.216 29879 29879 D BleManager: onScanResult: 36:85:1F:C3:33:28 name=null rssi=-54 adv=1eff06000109200220436137cb717b08cb893bdec31ed3a683ceac08899bc400000000000000000000000000000000000000000000000000000000000000
09-21 15:53:49.221 29879 29879 D BleManager: onScanResult: 10:B4:1D:CD:23:8E name=SHID-00000001 rssi=-29 adv=0201061107041c8a5e0b6f2a9d8f4c3be701101d9f0e09534849442d30303030303030310000000000000000000000000000000000000000000000000000
09-21 15:53:49.226 29879 29879 D BleManager: onScanResult: 6C:67:CD:EB:FC:26 name=null rssi=-64 adv=02011a0dff4c0016080047a4049025f15f000000000000000000000000000000000000000000000000000000000000000000000000000000000000000000
09-21 15:53:49.230 29879 29879 D BleManager: onScanResult: 55:C1:0E:5F:C6:C5 name=null rssi=-62 adv=02010217ff8f03181134325a57103041a201152629b564570103020303aafd0916aafd830c33e38082000000000000000000000000000000000000000000
09-21 15:53:49.266 29879 29879 D BleManager: onScanResult: 1A:4D:66:E2:98:79 name=null rssi=-55 adv=1eff060001092002f293dbeb6e20ee781f6c1500ec9c19dc7c13fad884bac300000000000000000000000000000000000000000000000000000000000000
09-21 15:53:49.272 29879 29879 D BleManager: onScanResult: 10:B4:1D:CD:23:8E name=SHID-00000001 rssi=-28 adv=0201061107041c8a5e0b6f2a9d8f4c3be701101d9f0e09534849442d30303030303030310000000000000000000000000000000000000000000000000000
09-21 15:53:49.277 29879 29879 D BleManager: onScanResult: 02:48:9D:92:56:EF name=null rssi=-67 adv=1eff060001092022ac0e11e38aab917c828db04eba266792f197a46996126500000000000000000000000000000000000000000000000000000000000000
09-21 15:53:49.292 29879 29879 D BleManager: onScanResult: 36:85:1F:C3:33:28 name=null rssi=-55 adv=1eff06000109200220436137cb717b08cb893bdec31ed3a683ceac08899bc400000000000000000000000000000000000000000000000000000000000000
09-21 15:53:49.297 29879 29879 D BleManager: onScanResult: 2F:D6:DA:5C:63:4F name=null rssi=-45 adv=1eff06000109200265f519c92865a3ecddaff6780ae6527b88d5ec09475f2500000000000000000000000000000000000000000000000000000000000000
09-21 15:53:49.307 29879 29879 D BleManager: onScanResult: 10:B4:1D:CD:23:8E name=SHID-00000001 rssi=-29 adv=0201061107041c8a5e0b6f2a9d8f4c3be701101d9f0e09534849442d30303030303030310000000000000000000000000000000000000000000000000000
09-21 15:53:49.333 29879 29879 D BleManager: onScanResult: 1A:4D:66:E2:98:79 name=null rssi=-54 adv=1eff060001092002f293dbeb6e20ee781f6c1500ec9c19dc7c13fad884bac300000000000000000000000000000000000000000000000000000000000000
09-21 15:53:49.350 29879 29879 D BleManager: onScanResult: 53:D9:AC:43:9E:E3 name=null rssi=-54 adv=02010217ff8f032c1134366e4b103041a201152629ff17570103020303aafd1d16aafd830cf331343833313433323835e79a84524573444d49204b383000
09-21 15:53:49.372 29879 29879 D BleManager: onScanResult: 55:C1:0E:5F:C6:C5 name=null rssi=-62 adv=02010217ff8f03181134325a57103041a201152629b564570103020303aafd0916aafd830c33e38082000000000000000000000000000000000000000000
09-21 15:53:49.377 29879 29879 D BleManager: onScanResult: 36:85:1F:C3:33:28 name=null rssi=-55 adv=1eff06000109200220436137cb717b08cb893bdec31ed3a683ceac08899bc400000000000000000000000000000000000000000000000000000000000000
09-21 15:53:49.408 29879 29879 D BleManager: onScanResult: 2F:D6:DA:5C:63:4F name=null rssi=-45 adv=1eff06000109200265f519c92865a3ecddaff6780ae6527b88d5ec09475f2500000000000000000000000000000000000000000000000000000000000000
09-21 15:53:49.438 29879 29879 D BleManager: onScanResult: 10:B4:1D:CD:23:8E name=SHID-00000001 rssi=-28 adv=0201061107041c8a5e0b6f2a9d8f4c3be701101d9f0e09534849442d30303030303030310000000000000000000000000000000000000000000000000000
09-21 15:53:49.470 29879 29879 D BleManager: onScanResult: 53:D9:AC:43:9E:E3 name=null rssi=-48 adv=02010217ff8f032c1134366e4b103041a201152629ff17570103020303aafd1d16aafd830cf331343833313433323835e79a84524573444d49204b383000
09-21 15:53:49.489 29879 29879 D BleManager: onScanResult: 55:C1:0E:5F:C6:C5 name=null rssi=-55 adv=02010217ff8f03181134325a57103041a201152629b564570103020303aafd0916aafd830c33e38082000000000000000000000000000000000000000000
09-21 15:53:49.506 29879 29879 D BleManager: onScanResult: 36:85:1F:C3:33:28 name=null rssi=-54 adv=1eff06000109200220436137cb717b08cb893bdec31ed3a683ceac08899bc400000000000000000000000000000000000000000000000000000000000000
09-21 15:53:49.513 29879 29879 D BleManager: onScanResult: 2F:D6:DA:5C:63:4F name=null rssi=-43 adv=1eff06000109200265f519c92865a3ecddaff6780ae6527b88d5ec09475f2500000000000000000000000000000000000000000000000000000000000000
09-21 15:53:49.533 29879 29879 D BleManager: onScanResult: 3E:91:16:6C:2B:0B name=null rssi=-71 adv=1eff060001092002b939a9208393eb09be86b82ab9b3faca6cd5108e8715cd00000000000000000000000000000000000000000000000000000000000000
09-21 15:53:49.547 29879 29879 D BleManager: onScanResult: 10:B4:1D:CD:23:8E name=SHID-00000001 rssi=-28 adv=0201061107041c8a5e0b6f2a9d8f4c3be701101d9f0e09534849442d30303030303030310000000000000000000000000000000000000000000000000000
09-21 15:53:49.552 29879 29879 D BleManager: onScanResult: 1A:4D:66:E2:98:79 name=null rssi=-56 adv=1eff060001092002f293dbeb6e20ee781f6c1500ec9c19dc7c13fad884bac300000000000000000000000000000000000000000000000000000000000000
09-21 15:53:49.584 29879 29879 D BleManager: onScanResult: 10:B4:1D:CD:23:8E name=SHID-00000001 rssi=-28 adv=0201061107041c8a5e0b6f2a9d8f4c3be701101d9f0e09534849442d30303030303030310000000000000000000000000000000000000000000000000000
09-21 15:53:49.620 29879 29879 D BleManager: onScanResult: 36:85:1F:C3:33:28 name=null rssi=-53 adv=1eff06000109200220436137cb717b08cb893bdec31ed3a683ceac08899bc400000000000000000000000000000000000000000000000000000000000000
09-21 15:53:49.647 29879 29879 D BleManager: onScanResult: 55:C1:0E:5F:C6:C5 name=null rssi=-55 adv=02010217ff8f03181134325a57103041a201152629b564570103020303aafd0916aafd830c33e38082000000000000000000000000000000000000000000
09-21 15:53:49.695 29879 29879 D BleManager: onScanResult: 10:B4:1D:CD:23:8E name=SHID-00000001 rssi=-28 adv=0201061107041c8a5e0b6f2a9d8f4c3be701101d9f0e09534849442d30303030303030310000000000000000000000000000000000000000000000000000
09-21 15:53:49.700 29879 29879 D BleManager: onScanResult: 36:85:1F:C3:33:28 name=null rssi=-54 adv=1eff06000109200220436137cb717b08cb893bdec31ed3a683ceac08899bc400000000000000000000000000000000000000000000000000000000000000
09-21 15:53:49.721 29879 29879 D BleManager: onScanResult: 2F:D6:DA:5C:63:4F name=null rssi=-43 adv=1eff06000109200265f519c92865a3ecddaff6780ae6527b88d5ec09475f2500000000000000000000000000000000000000000000000000000000000000
09-21 15:53:49.727 29879 29879 D BleManager: onScanResult: 10:B4:1D:CD:23:8E name=SHID-00000001 rssi=-28 adv=0201061107041c8a5e0b6f2a9d8f4c3be701101d9f0e09534849442d30303030303030310000000000000000000000000000000000000000000000000000
09-21 15:53:49.732 29879 29879 D BleManager: onScanResult: 53:D9:AC:43:9E:E3 name=null rssi=-53 adv=02010217ff8f032c1134366e4b103041a201152629ff17570103020303aafd1d16aafd830cf331343833313433323835e79a84524573444d49204b383000
09-21 15:53:49.753 29879 29879 D BleManager: onScanResult: 1A:4D:66:E2:98:79 name=null rssi=-56 adv=1eff060001092002f293dbeb6e20ee781f6c1500ec9c19dc7c13fad884bac300000000000000000000000000000000000000000000000000000000000000
09-21 15:53:49.773 29879 29879 D BleManager: onScanResult: 55:C1:0E:5F:C6:C5 name=null rssi=-58 adv=02010217ff8f03181134325a57103041a201152629b564570103020303aafd0916aafd830c33e38082000000000000000000000000000000000000000000
09-21 15:53:49.796 29879 29879 D BleManager: onScanResult: 10:B4:1D:CD:23:8E name=SHID-00000001 rssi=-30 adv=0201061107041c8a5e0b6f2a9d8f4c3be701101d9f0e09534849442d30303030303030310000000000000000000000000000000000000000000000000000
09-21 15:53:49.802 29879 29879 D BleManager: onScanResult: 40:1B:5E:C9:5D:F9 name=null rssi=-87 adv=1eff0600010920027a329f7f80ae16c8b29498f682623cfd052b3a5a57c86000000000000000000000000000000000000000000000000000000000000000
09-21 15:53:49.815 29879 29879 D BleManager: onScanResult: 02:48:9D:92:56:EF name=null rssi=-75 adv=1eff060001092022ac0e11e38aab917c828db04eba266792f197a46996126500000000000000000000000000000000000000000000000000000000000000
09-21 15:53:49.820 29879 29879 D BleManager: onScanResult: 2F:D6:DA:5C:63:4F name=null rssi=-43 adv=1eff06000109200265f519c92865a3ecddaff6780ae6527b88d5ec09475f2500000000000000000000000000000000000000000000000000000000000000
09-21 15:53:49.854 29879 29879 D BleManager: onScanResult: 36:85:1F:C3:33:28 name=null rssi=-52 adv=1eff06000109200220436137cb717b08cb893bdec31ed3a683ceac08899bc400000000000000000000000000000000000000000000000000000000000000
09-21 15:53:49.860 29879 29879 D BleManager: onScanResult: 10:B4:1D:CD:23:8E name=SHID-00000001 rssi=-30 adv=0201061107041c8a5e0b6f2a9d8f4c3be701101d9f0e09534849442d30303030303030310000000000000000000000000000000000000000000000000000
09-21 15:53:49.866 29879 29879 D BleManager: onScanResult: 3E:91:16:6C:2B:0B name=null rssi=-84 adv=1eff060001092002b939a9208393eb09be86b82ab9b3faca6cd5108e8715cd00000000000000000000000000000000000000000000000000000000000000
09-21 15:53:49.886 29879 29879 D BleManager: onScanResult: 1A:4D:66:E2:98:79 name=null rssi=-56 adv=1eff060001092002f293dbeb6e20ee781f6c1500ec9c19dc7c13fad884bac300000000000000000000000000000000000000000000000000000000000000
09-21 15:53:49.891 29879 29879 D BleManager: onScanResult: 53:D9:AC:43:9E:E3 name=null rssi=-53 adv=02010217ff8f032c1134366e4b103041a201152629ff17570103020303aafd1d16aafd830cf331343833313433323835e79a84524573444d49204b383000
09-21 15:53:49.908 29879 29879 D BleManager: onScanResult: 55:C1:0E:5F:C6:C5 name=null rssi=-58 adv=02010217ff8f03181134325a57103041a201152629b564570103020303aafd0916aafd830c33e38082000000000000000000000000000000000000000000
09-21 15:53:49.915 29879 29879 D BleManager: onScanResult: 10:B4:1D:CD:23:8E name=SHID-00000001 rssi=-30 adv=0201061107041c8a5e0b6f2a9d8f4c3be701101d9f0e09534849442d30303030303030310000000000000000000000000000000000000000000000000000
09-21 15:53:49.938 29879 29879 D BleManager: onScanResult: 2F:D6:DA:5C:63:4F name=null rssi=-42 adv=1eff06000109200265f519c92865a3ecddaff6780ae6527b88d5ec09475f2500000000000000000000000000000000000000000000000000000000000000
09-21 15:53:49.958 29879 29879 D BleManager: onScanResult: 36:85:1F:C3:33:28 name=null rssi=-51 adv=1eff06000109200220436137cb717b08cb893bdec31ed3a683ceac08899bc400000000000000000000000000000000000000000000000000000000000000
09-21 15:53:49.964 29879 29879 D BleManager: onScanResult: 3E:91:16:6C:2B:0B name=null rssi=-89 adv=1eff060001092002b939a9208393eb09be86b82ab9b3faca6cd5108e8715cd00000000000000000000000000000000000000000000000000000000000000
09-21 15:53:49.976 29879 29879 D BleManager: onScanResult: 1A:4D:66:E2:98:79 name=null rssi=-56 adv=1eff060001092002f293dbeb6e20ee781f6c1500ec9c19dc7c13fad884bac300000000000000000000000000000000000000000000000000000000000000
09-21 15:53:50.010 29879 29879 D BleManager: onScanResult: 10:B4:1D:CD:23:8E name=SHID-00000001 rssi=-30 adv=0201061107041c8a5e0b6f2a9d8f4c3be701101d9f0e09534849442d30303030303030310000000000000000000000000000000000000000000000000000
09-21 15:53:50.016 29879 29879 D BleManager: onScanResult: 2F:D6:DA:5C:63:4F name=null rssi=-42 adv=1eff06000109200265f519c92865a3ecddaff6780ae6527b88d5ec09475f2500000000000000000000000000000000000000000000000000000000000000
09-21 15:53:50.021 29879 29879 D BleManager: onScanResult: 36:85:1F:C3:33:28 name=null rssi=-51 adv=1eff06000109200220436137cb717b08cb893bdec31ed3a683ceac08899bc400000000000000000000000000000000000000000000000000000000000000
09-21 15:53:50.027 29879 29879 D BleManager: onScanResult: 55:C1:0E:5F:C6:C5 name=null rssi=-57 adv=02010217ff8f03181134325a57103041a201152629b564570103020303aafd0916aafd830c33e38082000000000000000000000000000000000000000000
09-21 15:53:50.096 29879 29879 D BleManager: onScanResult: 1A:4D:66:E2:98:79 name=null rssi=-54 adv=1eff060001092002f293dbeb6e20ee781f6c1500ec9c19dc7c13fad884bac300000000000000000000000000000000000000000000000000000000000000
09-21 15:53:50.124 29879 29879 D BleManager: onScanResult: 10:B4:1D:CD:23:8E name=SHID-00000001 rssi=-29 adv=0201061107041c8a5e0b6f2a9d8f4c3be701101d9f0e09534849442d30303030303030310000000000000000000000000000000000000000000000000000
09-21 15:53:50.154 29879 29879 D BleManager: onScanResult: 2F:D6:DA:5C:63:4F name=null rssi=-44 adv=1eff06000109200265f519c92865a3ecddaff6780ae6527b88d5ec09475f2500000000000000000000000000000000000000000000000000000000000000
09-21 15:53:50.161 29879 29879 D BleManager: onScanResult: 36:85:1F:C3:33:28 name=null rssi=-54 adv=1eff06000109200220436137cb717b08cb893bdec31ed3a683ceac08899bc400000000000000000000000000000000000000000000000000000000000000
09-21 15:53:50.182 29879 29879 D BleManager: onScanResult: 53:D9:AC:43:9E:E3 name=null rssi=-54 adv=02010217ff8f032c1134366e4b103041a201152629ff17570103020303aafd1d16aafd830cf331343833313433323835e79a84524573444d49204b383000
09-21 15:53:50.189 29879 29879 D BleManager: onScanResult: 10:B4:1D:CD:23:8E name=SHID-00000001 rssi=-29 adv=0201061107041c8a5e0b6f2a9d8f4c3be701101d9f0e09534849442d30303030303030310000000000000000000000000000000000000000000000000000
09-21 15:53:50.194 29879 29879 D BleManager: onScanResult: 1A:4D:66:E2:98:79 name=null rssi=-54 adv=1eff060001092002f293dbeb6e20ee781f6c1500ec9c19dc7c13fad884bac300000000000000000000000000000000000000000000000000000000000000
09-21 15:53:50.219 29879 29879 D BleManager: onScanResult: 2F:D6:DA:5C:63:4F name=null rssi=-44 adv=1eff06000109200265f519c92865a3ecddaff6780ae6527b88d5ec09475f2500000000000000000000000000000000000000000000000000000000000000
09-21 15:53:50.225 29879 29879 D BleManager: onScanResult: 02:48:9D:92:56:EF name=null rssi=-68 adv=1eff060001092022ac0e11e38aab917c828db04eba266792f197a46996126500000000000000000000000000000000000000000000000000000000000000
09-21 15:53:50.241 29879 29879 D BleManager: onScanResult: 10:B4:1D:CD:23:8E name=SHID-00000001 rssi=-29 adv=0201061107041c8a5e0b6f2a9d8f4c3be701101d9f0e09534849442d30303030303030310000000000000000000000000000000000000000000000000000
09-21 15:53:50.269 29879 29879 D BleManager: onScanResult: 3E:91:16:6C:2B:0B name=null rssi=-83 adv=1eff060001092002b939a9208393eb09be86b82ab9b3faca6cd5108e8715cd00000000000000000000000000000000000000000000000000000000000000
09-21 15:53:50.276 29879 29879 D BleManager: onScanResult: 1A:4D:66:E2:98:79 name=null rssi=-54 adv=1eff060001092002f293dbeb6e20ee781f6c1500ec9c19dc7c13fad884bac300000000000000000000000000000000000000000000000000000000000000
09-21 15:53:50.283 29879 29879 D BleManager: onScanResult: 53:D9:AC:43:9E:E3 name=null rssi=-54 adv=02010217ff8f032c1134366e4b103041a201152629ff17570103020303aafd1d16aafd830cf331343833313433323835e79a84524573444d49204b383000
09-21 15:53:50.301 29879 29879 D BleManager: onScanResult: 10:B4:1D:CD:23:8E name=SHID-00000001 rssi=-28 adv=0201061107041c8a5e0b6f2a9d8f4c3be701101d9f0e09534849442d30303030303030310000000000000000000000000000000000000000000000000000
09-21 15:53:50.324 29879 29879 D BleManager: onScanResult: 55:C1:0E:5F:C6:C5 name=null rssi=-62 adv=02010217ff8f03181134325a57103041a201152629b564570103020303aafd0916aafd830c33e38082000000000000000000000000000000000000000000
09-21 15:53:50.344 29879 29879 D BleManager: onScanResult: 2F:D6:DA:5C:63:4F name=null rssi=-45 adv=1eff06000109200265f519c92865a3ecddaff6780ae6527b88d5ec09475f2500000000000000000000000000000000000000000000000000000000000000
09-21 15:53:50.349 29879 29879 D BleManager: onScanResult: 02:48:9D:92:56:EF name=null rssi=-67 adv=1eff060001092022ac0e11e38aab917c828db04eba266792f197a46996126500000000000000000000000000000000000000000000000000000000000000
09-21 15:53:50.355 29879 29879 D BleManager: onScanResult: 36:85:1F:C3:33:28 name=null rssi=-54 adv=1eff06000109200220436137cb717b08cb893bdec31ed3a683ceac08899bc400000000000000000000000000000000000000000000000000000000000000
09-21 15:53:50.367 29879 29879 D BleManager: onScanResult: 10:B4:1D:CD:23:8E name=SHID-00000001 rssi=-28 adv=0201061107041c8a5e0b6f2a9d8f4c3be701101d9f0e09534849442d30303030303030310000000000000000000000000000000000000000000000000000
09-21 15:53:50.385 29879 29879 D BleManager: onScanResult: 3E:91:16:6C:2B:0B name=null rssi=-70 adv=1eff060001092002b939a9208393eb09be86b82ab9b3faca6cd5108e8715cd00000000000000000000000000000000000000000000000000000000000000
09-21 15:53:50.392 29879 29879 D BleManager: onScanResult: 1A:4D:66:E2:98:79 name=null rssi=-56 adv=1eff060001092002f293dbeb6e20ee781f6c1500ec9c19dc7c13fad884bac300000000000000000000000000000000000000000000000000000000000000
09-21 15:53:50.418 29879 29879 D BleManager: onScanResult: 10:B4:1D:CD:23:8E name=SHID-00000001 rssi=-30 adv=0201061107041c8a5e0b6f2a9d8f4c3be701101d9f0e09534849442d30303030303030310000000000000000000000000000000000000000000000000000
09-21 15:53:50.438 29879 29879 D BleManager: onScanResult: 2F:D6:DA:5C:63:4F name=null rssi=-43 adv=1eff06000109200265f519c92865a3ecddaff6780ae6527b88d5ec09475f2500000000000000000000000000000000000000000000000000000000000000
09-21 15:53:50.443 29879 29879 D BleManager: onScanResult: 55:C1:0E:5F:C6:C5 name=null rssi=-59 adv=02010217ff8f03181134325a57103041a201152629b564570103020303aafd0916aafd830c33e38082000000000000000000000000000000000000000000
09-21 15:53:50.447 29879 29879 D BleManager: onScanResult: 40:1B:5E:C9:5D:F9 name=null rssi=-87 adv=1eff0600010920027a329f7f80ae16c8b29498f682623cfd052b3a5a57c86000000000000000000000000000000000000000000000000000000000000000
09-21 15:53:50.481 29879 29879 D BleManager: onScanResult: 36:85:1F:C3:33:28 name=null rssi=-52 adv=1eff06000109200220436137cb717b08cb893bdec31ed3a683ceac08899bc400000000000000000000000000000000000000000000000000000000000000
09-21 15:53:50.486 29879 29879 D BleManager: onScanResult: 3E:91:16:6C:2B:0B name=null rssi=-83 adv=1eff060001092002b939a9208393eb09be86b82ab9b3faca6cd5108e8715cd00000000000000000000000000000000000000000000000000000000000000
09-21 15:53:50.491 29879 29879 D BleManager: onScanResult: 10:B4:1D:CD:23:8E name=SHID-00000001 rssi=-30 adv=0201061107041c8a5e0b6f2a9d8f4c3be701101d9f0e09534849442d30303030303030310000000000000000000000000000000000000000000000000000
09-21 15:53:50.525 29879 29879 D BleManager: onScanResult: 1A:4D:66:E2:98:79 name=null rssi=-56 adv=1eff060001092002f293dbeb6e20ee781f6c1500ec9c19dc7c13fad884bac300000000000000000000000000000000000000000000000000000000000000
09-21 15:53:50.530 29879 29879 D BleManager: onScanResult: 2F:D6:DA:5C:63:4F name=null rssi=-43 adv=1eff06000109200265f519c92865a3ecddaff6780ae6527b88d5ec09475f2500000000000000000000000000000000000000000000000000000000000000
09-21 15:53:50.542 29879 29879 D BleManager: onScanResult: 02:48:9D:92:56:EF name=null rssi=-75 adv=1eff060001092022ac0e11e38aab917c828db04eba266792f197a46996126500000000000000000000000000000000000000000000000000000000000000
09-21 15:53:50.547 29879 29879 D BleManager: onScanResult: 10:B4:1D:CD:23:8E name=SHID-00000001 rssi=-31 adv=0201061107041c8a5e0b6f2a9d8f4c3be701101d9f0e09534849442d30303030303030310000000000000000000000000000000000000000000000000000
09-21 15:53:50.585 29879 29879 D BleManager: onScanResult: 53:D9:AC:43:9E:E3 name=null rssi=-53 adv=02010217ff8f032c1134366e4b103041a201152629ff17570103020303aafd1d16aafd830cf331343833313433323835e79a84524573444d49204b383000
09-21 15:53:50.591 29879 29879 D BleManager: onScanResult: 3E:91:16:6C:2B:0B name=null rssi=-83 adv=1eff060001092002b939a9208393eb09be86b82ab9b3faca6cd5108e8715cd00000000000000000000000000000000000000000000000000000000000000
09-21 15:53:50.620 29879 29879 D BleManager: onScanResult: 1A:4D:66:E2:98:79 name=null rssi=-56 adv=1eff060001092002f293dbeb6e20ee781f6c1500ec9c19dc7c13fad884bac300000000000000000000000000000000000000000000000000000000000000
09-21 15:53:50.627 29879 29879 D BleManager: onScanResult: 10:B4:1D:CD:23:8E name=SHID-00000001 rssi=-30 adv=0201061107041c8a5e0b6f2a9d8f4c3be701101d9f0e09534849442d30303030303030310000000000000000000000000000000000000000000000000000
09-21 15:53:50.633 29879 29879 D BleManager: onScanResult: 2F:D6:DA:5C:63:4F name=null rssi=-43 adv=1eff06000109200265f519c92865a3ecddaff6780ae6527b88d5ec09475f2500000000000000000000000000000000000000000000000000000000000000
09-21 15:53:50.679 29879 29879 D BleManager: onScanResult: 10:B4:1D:CD:23:8E name=SHID-00000001 rssi=-29 adv=0201061107041c8a5e0b6f2a9d8f4c3be701101d9f0e09534849442d30303030303030310000000000000000000000000000000000000000000000000000
09-21 15:53:50.687 29879 29879 D BleManager: onScanResult: 53:D9:AC:43:9E:E3 name=null rssi=-54 adv=02010217ff8f032c1134366e4b103041a201152629ff17570103020303aafd1d16aafd830cf331343833313433323835e79a84524573444d49204b383000
09-21 15:53:50.706 29879 29879 D BleManager: onScanResult: 1A:4D:66:E2:98:79 name=null rssi=-54 adv=1eff060001092002f293dbeb6e20ee781f6c1500ec9c19dc7c13fad884bac300000000000000000000000000000000000000000000000000000000000000
09-21 15:53:50.737 29879 29879 D BleManager: onScanResult: 55:C1:0E:5F:C6:C5 name=null rssi=-57 adv=02010217ff8f03181134325a57103041a201152629b564570103020303aafd0916aafd830c33e38082000000000000000000000000000000000000000000
09-21 15:53:50.743 29879 29879 D BleManager: onScanResult: 2F:D6:DA:5C:63:4F name=null rssi=-48 adv=1eff06000109200265f519c92865a3ecddaff6780ae6527b88d5ec09475f2500000000000000000000000000000000000000000000000000000000000000
09-21 15:53:50.761 29879 29879 D BleManager: onScanResult: 10:B4:1D:CD:23:8E name=SHID-00000001 rssi=-29 adv=0201061107041c8a5e0b6f2a9d8f4c3be701101d9f0e09534849442d30303030303030310000000000000000000000000000000000000000000000000000
09-21 15:53:50.803 29879 29879 D BleManager: onScanResult: 36:85:1F:C3:33:28 name=null rssi=-55 adv=1eff06000109200220436137cb717b08cb893bdec31ed3a683ceac08899bc400000000000000000000000000000000000000000000000000000000000000
09-21 15:53:50.809 29879 29879 D BleManager: onScanResult: 1A:4D:66:E2:98:79 name=null rssi=-54 adv=1eff060001092002f293dbeb6e20ee781f6c1500ec9c19dc7c13fad884bac300000000000000000000000000000000000000000000000000000000000000
09-21 15:53:50.816 29879 29879 D BleManager: onScanResult: 10:B4:1D:CD:23:8E name=SHID-00000001 rssi=-29 adv=0201061107041c8a5e0b6f2a9d8f4c3be701101d9f0e09534849442d30303030303030310000000000000000000000000000000000000000000000000000
09-21 15:53:50.829 29879 29879 D BleManager: onScanResult: 53:D9:AC:43:9E:E3 name=null rssi=-54 adv=02010217ff8f032c1134366e4b103041a201152629ff17570103020303aafd1d16aafd830cf331343833313433323835e79a84524573444d49204b383000
09-21 15:53:50.843 29879 29879 D BleManager: onScanResult: 55:C1:0E:5F:C6:C5 name=null rssi=-56 adv=02010217ff8f03181134325a57103041a201152629b564570103020303aafd0916aafd830c33e38082000000000000000000000000000000000000000000
09-21 15:53:50.855 29879 29879 D BleManager: onScanResult: 2F:D6:DA:5C:63:4F name=null rssi=-39 adv=1eff06000109200265f519c92865a3ecddaff6780ae6527b88d5ec09475f2500000000000000000000000000000000000000000000000000000000000000
09-21 15:53:50.861 29879 29879 D BleManager: onScanResult: 02:48:9D:92:56:EF name=null rssi=-68 adv=1eff060001092022ac0e11e38aab917c828db04eba266792f197a46996126500000000000000000000000000000000000000000000000000000000000000
09-21 15:53:50.882 29879 29879 D BleManager: onScanResult: 36:85:1F:C3:33:28 name=null rssi=-53 adv=1eff06000109200220436137cb717b08cb893bdec31ed3a683ceac08899bc400000000000000000000000000000000000000000000000000000000000000
09-21 15:53:50.907 29879 29879 D BleManager: onScanResult: 10:B4:1D:CD:23:8E name=SHID-00000001 rssi=-29 adv=0201061107041c8a5e0b6f2a9d8f4c3be701101d9f0e09534849442d30303030303030310000000000000000000000000000000000000000000000000000
09-21 15:53:50.912 29879 29879 D BleManager: onScanResult: 3E:91:16:6C:2B:0B name=null rssi=-72 adv=1eff060001092002b939a9208393eb09be86b82ab9b3faca6cd5108e8715cd00000000000000000000000000000000000000000000000000000000000000
09-21 15:53:50.937 29879 29879 D BleManager: onScanResult: 1A:4D:66:E2:98:79 name=null rssi=-55 adv=1eff060001092002f293dbeb6e20ee781f6c1500ec9c19dc7c13fad884bac300000000000000000000000000000000000000000000000000000000000000
09-21 15:53:50.942 29879 29879 D BleManager: onScanResult: 2F:D6:DA:5C:63:4F name=null rssi=-42 adv=1eff06000109200265f519c92865a3ecddaff6780ae6527b88d5ec09475f2500000000000000000000000000000000000000000000000000000000000000
09-21 15:53:50.949 29879 29879 D BleManager: onScanResult: 10:B4:1D:CD:23:8E name=SHID-00000001 rssi=-28 adv=0201061107041c8a5e0b6f2a9d8f4c3be701101d9f0e09534849442d30303030303030310000000000000000000000000000000000000000000000000000
09-21 15:53:50.964 29879 29879 D BleManager: onScanResult: 53:D9:AC:43:9E:E3 name=null rssi=-52 adv=02010217ff8f032c1134366e4b103041a201152629ff17570103020303aafd1d16aafd830cf331343833313433323835e79a84524573444d49204b383000
09-21 15:53:50.976 29879 29879 D BleManager: onScanResult: 36:85:1F:C3:33:28 name=null rssi=-53 adv=1eff06000109200220436137cb717b08cb893bdec31ed3a683ceac08899bc400000000000000000000000000000000000000000000000000000000000000
09-21 15:53:50.988 29879 29879 D BleManager: onScanResult: 55:C1:0E:5F:C6:C5 name=null rssi=-55 adv=02010217ff8f03181134325a57103041a201152629b564570103020303aafd0916aafd830c33e38082000000000000000000000000000000000000000000
09-21 15:53:51.013 29879 29879 D BleManager: onScanResult: 3E:91:16:6C:2B:0B name=null rssi=-83 adv=1eff060001092002b939a9208393eb09be86b82ab9b3faca6cd5108e8715cd00000000000000000000000000000000000000000000000000000000000000
09-21 15:53:51.019 29879 29879 D BleManager: onScanResult: 1A:4D:66:E2:98:79 name=null rssi=-54 adv=1eff060001092002f293dbeb6e20ee781f6c1500ec9c19dc7c13fad884bac300000000000000000000000000000000000000000000000000000000000000
09-21 15:53:51.024 29879 29879 D BleManager: onScanResult: 10:B4:1D:CD:23:8E name=SHID-00000001 rssi=-30 adv=0201061107041c8a5e0b6f2a9d8f4c3be701101d9f0e09534849442d30303030303030310000000000000000000000000000000000000000000000000000
09-21 15:53:51.062 29879 29879 D BleManager: onScanResult: 2F:D6:DA:5C:63:4F name=null rssi=-43 adv=1eff06000109200265f519c92865a3ecddaff6780ae6527b88d5ec09475f2500000000000000000000000000000000000000000000000000000000000000
09-21 15:53:51.067 29879 29879 D BleManager: onScanResult: 40:1B:5E:C9:5D:F9 name=null rssi=-90 adv=1eff0600010920027a329f7f80ae16c8b29498f682623cfd052b3a5a57c86000000000000000000000000000000000000000000000000000000000000000
09-21 15:53:51.081 29879 29879 D BleManager: onScanResult: 02:48:9D:92:56:EF name=null rssi=-73 adv=1eff060001092022ac0e11e38aab917c828db04eba266792f197a46996126500000000000000000000000000000000000000000000000000000000000000
09-21 15:53:51.092 29879 29879 D BleManager: onScanResult: 36:85:1F:C3:33:28 name=null rssi=-52 adv=1eff06000109200220436137cb717b08cb893bdec31ed3a683ceac08899bc400000000000000000000000000000000000000000000000000000000000000
09-21 15:53:51.098 29879 29879 D BleManager: onScanResult: 10:B4:1D:CD:23:8E name=SHID-00000001 rssi=-30 adv=0201061107041c8a5e0b6f2a9d8f4c3be701101d9f0e09534849442d30303030303030310000000000000000000000000000000000000000000000000000
09-21 15:53:51.103 29879 29879 D BleManager: onScanResult: 53:D9:AC:43:9E:E3 name=null rssi=-54 adv=02010217ff8f032c1134366e4b103041a201152629ff17570103020303aafd1d16aafd830cf331343833313433323835e79a84524573444d49204b383000
09-21 15:53:51.128 29879 29879 D BleManager: onScanResult: 1A:4D:66:E2:98:79 name=null rssi=-56 adv=1eff060001092002f293dbeb6e20ee781f6c1500ec9c19dc7c13fad884bac300000000000000000000000000000000000000000000000000000000000000
09-21 15:53:51.146 29879 29879 D BleManager: onScanResult: 55:C1:0E:5F:C6:C5 name=null rssi=-58 adv=02010217ff8f03181134325a57103041a201152629b564570103020303aafd0916aafd830c33e38082000000000000000000000000000000000000000000
09-21 15:53:51.157 29879 29879 D BleManager: onScanResult: 10:B4:1D:CD:23:8E name=SHID-00000001 rssi=-30 adv=0201061107041c8a5e0b6f2a9d8f4c3be701101d9f0e09534849442d30303030303030310000000000000000000000000000000000000000000000000000
09-21 15:53:51.167 29879 29879 D BleManager: onScanResult: 40:1B:5E:C9:5D:F9 name=null rssi=-88 adv=1eff0600010920027a329f7f80ae16c8b29498f682623cfd052b3a5a57c86000000000000000000000000000000000000000000000000000000000000000
09-21 15:53:51.177 29879 29879 D BleManager: onScanResult: 2F:D6:DA:5C:63:4F name=null rssi=-43 adv=1eff06000109200265f519c92865a3ecddaff6780ae6527b88d5ec09475f2500000000000000000000000000000000000000000000000000000000000000
09-21 15:53:51.182 29879 29879 D BleManager: onScanResult: 36:85:1F:C3:33:28 name=null rssi=-53 adv=1eff06000109200220436137cb717b08cb893bdec31ed3a683ceac08899bc400000000000000000000000000000000000000000000000000000000000000
09-21 15:53:51.212 29879 29879 D BleManager: onScanResult: 1A:4D:66:E2:98:79 name=null rssi=-55 adv=1eff060001092002f293dbeb6e20ee781f6c1500ec9c19dc7c13fad884bac300000000000000000000000000000000000000000000000000000000000000
09-21 15:53:51.217 29879 29879 D BleManager: onScanResult: 3E:91:16:6C:2B:0B name=null rssi=-82 adv=1eff060001092002b939a9208393eb09be86b82ab9b3faca6cd5108e8715cd00000000000000000000000000000000000000000000000000000000000000
09-21 15:53:51.230 29879 29879 D BleManager: onScanResult: 53:D9:AC:43:9E:E3 name=null rssi=-54 adv=02010217ff8f032c1134366e4b103041a201152629ff17570103020303aafd1d16aafd830cf331343833313433323835e79a84524573444d49204b383000
09-21 15:53:51.274 29879 29879 D BleManager: onScanResult: 36:85:1F:C3:33:28 name=null rssi=-55 adv=1eff06000109200220436137cb717b08cb893bdec31ed3a683ceac08899bc400000000000000000000000000000000000000000000000000000000000000
09-21 15:53:51.322 29879 29879 D BleManager: onScanResult: 10:B4:1D:CD:23:8E name=SHID-00000001 rssi=-29 adv=0201061107041c8a5e0b6f2a9d8f4c3be701101d9f0e09534849442d30303030303030310000000000000000000000000000000000000000000000000000
09-21 15:53:51.331 29879 29879 D BleManager: onScanResult: 1A:4D:66:E2:98:79 name=null rssi=-54 adv=1eff060001092002f293dbeb6e20ee781f6c1500ec9c19dc7c13fad884bac300000000000000000000000000000000000000000000000000000000000000
09-21 15:53:51.360 29879 29879 D BleManager: onScanResult: 10:B4:1D:CD:23:8E name=SHID-00000001 rssi=-29 adv=0201061107041c8a5e0b6f2a9d8f4c3be701101d9f0e09534849442d30303030303030310000000000000000000000000000000000000000000000000000
09-21 15:53:51.368 29879 29879 D BleManager: onScanResult: 3E:91:16:6C:2B:0B name=null rssi=-83 adv=1eff060001092002b939a9208393eb09be86b82ab9b3faca6cd5108e8715cd00000000000000000000000000000000000000000000000000000000000000
09-21 15:53:51.376 29879 29879 D BleManager: onScanResult: 2F:D6:DA:5C:63:4F name=null rssi=-45 adv=1eff06000109200265f519c92865a3ecddaff6780ae6527b88d5ec09475f2500000000000000000000000000000000000000000000000000000000000000
09-21 15:53:51.383 29879 29879 D BleManager: onScanResult: 53:D9:AC:43:9E:E3 name=null rssi=-53 adv=02010217ff8f032c1134366e4b103041a201152629ff17570103020303aafd1d16aafd830cf331343833313433323835e79a84524573444d49204b383000
09-21 15:53:51.389 29879 29879 D BleManager: onScanResult: 36:85:1F:C3:33:28 name=null rssi=-55 adv=1eff06000109200220436137cb717b08cb893bdec31ed3a683ceac08899bc400000000000000000000000000000000000000000000000000000000000000
09-21 15:53:51.395 29879 29879 D BleManager: onScanResult: 02:48:9D:92:56:EF name=null rssi=-68 adv=1eff060001092022ac0e11e38aab917c828db04eba266792f197a46996126500000000000000000000000000000000000000000000000000000000000000
09-21 15:53:51.413 29879 29879 D BleManager: onScanResult: 55:C1:0E:5F:C6:C5 name=null rssi=-62 adv=02010217ff8f03181134325a57103041a201152629b564570103020303aafd0916aafd830c33e38082000000000000000000000000000000000000000000
09-21 15:53:51.426 29879 29879 D BleManager: onScanResult: 10:B4:1D:CD:23:8E name=SHID-00000001 rssi=-29 adv=0201061107041c8a5e0b6f2a9d8f4c3be701101d9f0e09534849442d30303030303030310000000000000000000000000000000000000000000000000000
09-21 15:53:51.468 29879 29879 D BleManager: onScanResult: 1A:4D:66:E2:98:79 name=null rssi=-54 adv=1eff060001092002f293dbeb6e20ee781f6c1500ec9c19dc7c13fad884bac300000000000000000000000000000000000000000000000000000000000000
09-21 15:53:51.475 29879 29879 D BleManager: onScanResult: 3E:91:16:6C:2B:0B name=null rssi=-82 adv=1eff060001092002b939a9208393eb09be86b82ab9b3faca6cd5108e8715cd00000000000000000000000000000000000000000000000000000000000000
09-21 15:53:51.482 29879 29879 D BleManager: onScanResult: 2F:D6:DA:5C:63:4F name=null rssi=-42 adv=1eff06000109200265f519c92865a3ecddaff6780ae6527b88d5ec09475f2500000000000000000000000000000000000000000000000000000000000000
09-21 15:53:51.488 29879 29879 D BleManager: onScanResult: 10:B4:1D:CD:23:8E name=SHID-00000001 rssi=-29 adv=0201061107041c8a5e0b6f2a9d8f4c3be701101d9f0e09534849442d30303030303030310000000000000000000000000000000000000000000000000000
09-21 15:53:51.494 29879 29879 D BleManager: onScanResult: 36:85:1F:C3:33:28 name=null rssi=-54 adv=1eff06000109200220436137cb717b08cb893bdec31ed3a683ceac08899bc400000000000000000000000000000000000000000000000000000000000000
09-21 15:53:51.513 29879 29879 D BleManager: onScanResult: 02:48:9D:92:56:EF name=null rssi=-69 adv=1eff060001092022ac0e11e38aab917c828db04eba266792f197a46996126500000000000000000000000000000000000000000000000000000000000000
09-21 15:53:51.536 29879 29879 D BleManager: onScanResult: 53:D9:AC:43:9E:E3 name=null rssi=-51 adv=02010217ff8f032c1134366e4b103041a201152629ff17570103020303aafd1d16aafd830cf331343833313433323835e79a84524573444d49204b383000
09-21 15:53:51.542 29879 29879 D BleManager: onScanResult: 55:C1:0E:5F:C6:C5 name=null rssi=-55 adv=02010217ff8f03181134325a57103041a201152629b564570103020303aafd0916aafd830c33e38082000000000000000000000000000000000000000000
09-21 15:53:51.548 29879 29879 D BleManager: onScanResult: 1A:4D:66:E2:98:79 name=null rssi=-55 adv=1eff060001092002f293dbeb6e20ee781f6c1500ec9c19dc7c13fad884bac300000000000000000000000000000000000000000000000000000000000000
09-21 15:53:51.572 29879 29879 D BleManager: onScanResult: 10:B4:1D:CD:23:8E name=SHID-00000001 rssi=-28 adv=0201061107041c8a5e0b6f2a9d8f4c3be701101d9f0e09534849442d30303030303030310000000000000000000000000000000000000000000000000000
09-21 15:53:51.589 29879 29879 D BleManager: onScanResult: 3E:91:16:6C:2B:0B name=null rssi=-71 adv=1eff060001092002b939a9208393eb09be86b82ab9b3faca6cd5108e8715cd00000000000000000000000000000000000000000000000000000000000000
09-21 15:53:51.595 29879 29879 D BleManager: onScanResult: 2F:D6:DA:5C:63:4F name=null rssi=-39 adv=1eff06000109200265f519c92865a3ecddaff6780ae6527b88d5ec09475f2500000000000000000000000000000000000000000000000000000000000000
09-21 15:53:51.608 29879 29879 D BleManager: onScanResult: 36:85:1F:C3:33:28 name=null rssi=-54 adv=1eff06000109200220436137cb717b08cb893bdec31ed3a683ceac08899bc400000000000000000000000000000000000000000000000000000000000000
09-21 15:53:51.613 29879 29879 D BleManager: onScanResult: 02:48:9D:92:56:EF name=null rssi=-68 adv=1eff060001092022ac0e11e38aab917c828db04eba266792f197a46996126500000000000000000000000000000000000000000000000000000000000000
09-21 15:53:51.629 29879 29879 D BleManager: onScanResult: 10:B4:1D:CD:23:8E name=SHID-00000001 rssi=-30 adv=0201061107041c8a5e0b6f2a9d8f4c3be701101d9f0e09534849442d30303030303030310000000000000000000000000000000000000000000000000000
09-21 15:53:51.649 29879 29879 D BleManager: onScanResult: 53:D9:AC:43:9E:E3 name=null rssi=-53 adv=02010217ff8f032c1134366e4b103041a201152629ff17570103020303aafd1d16aafd830cf331343833313433323835e79a84524573444d49204b383000
09-21 15:53:51.672 29879 29879 D BleManager: onScanResult: 1A:4D:66:E2:98:79 name=null rssi=-55 adv=1eff060001092002f293dbeb6e20ee781f6c1500ec9c19dc7c13fad884bac300000000000000000000000000000000000000000000000000000000000000
09-21 15:53:51.677 29879 29879 D BleManager: onScanResult: 55:C1:0E:5F:C6:C5 name=null rssi=-57 adv=02010217ff8f03181134325a57103041a201152629b564570103020303aafd0916aafd830c33e38082000000000000000000000000000000000000000000
09-21 15:53:51.682 29879 29879 D BleManager: onScanResult: 2F:D6:DA:5C:63:4F name=null rssi=-43 adv=1eff06000109200265f519c92865a3ecddaff6780ae6527b88d5ec09475f2500000000000000000000000000000000000000000000000000000000000000
09-21 15:53:51.687 29879 29879 D BleManager: onScanResult: 10:B4:1D:CD:23:8E name=SHID-00000001 rssi=-30 adv=0201061107041c8a5e0b6f2a9d8f4c3be701101d9f0e09534849442d30303030303030310000000000000000000000000000000000000000000000000000
09-21 15:53:51.700 29879 29879 D BleManager: onScanResult: 36:85:1F:C3:33:28 name=null rssi=-53 adv=1eff06000109200220436137cb717b08cb893bdec31ed3a683ceac08899bc400000000000000000000000000000000000000000000000000000000000000
09-21 15:53:51.705 29879 29879 D BleManager: onScanResult: 02:48:9D:92:56:EF name=null rssi=-73 adv=1eff060001092022ac0e11e38aab917c828db04eba266792f197a46996126500000000000000000000000000000000000000000000000000000000000000
09-21 15:53:51.740 29879 29879 D BleManager: onScanResult: 10:B4:1D:CD:23:8E name=SHID-00000001 rssi=-31 adv=0201061107041c8a5e0b6f2a9d8f4c3be701101d9f0e09534849442d30303030303030310000000000000000000000000000000000000000000000000000
09-21 15:53:51.768 29879 29879 D BleManager: onScanResult: 1A:4D:66:E2:98:79 name=null rssi=-55 adv=1eff060001092002f293dbeb6e20ee781f6c1500ec9c19dc7c13fad884bac300000000000000000000000000000000000000000000000000000000000000
09-21 15:53:51.773 29879 29879 D BleManager: onScanResult: 3E:91:16:6C:2B:0B name=null rssi=-81 adv=1eff060001092002b939a9208393eb09be86b82ab9b3faca6cd5108e8715cd00000000000000000000000000000000000000000000000000000000000000
09-21 15:53:51.778 29879 29879 D BleManager: onScanResult: 53:D9:AC:43:9E:E3 name=null rssi=-53 adv=02010217ff8f032c1134366e4b103041a201152629ff17570103020303aafd1d16aafd830cf331343833313433323835e79a84524573444d49204b383000
09-21 15:53:51.793 29879 29879 D BleManager: onScanResult: 2F:D6:DA:5C:63:4F name=null rssi=-42 adv=1eff06000109200265f519c92865a3ecddaff6780ae6527b88d5ec09475f2500000000000000000000000000000000000000000000000000000000000000
09-21 15:53:51.798 29879 29879 D BleManager: onScanResult: 40:1B:5E:C9:5D:F9 name=null rssi=-89 adv=1eff0600010920027a329f7f80ae16c8b29498f682623cfd052b3a5a57c86000000000000000000000000000000000000000000000000000000000000000
09-21 15:53:51.816 29879 29879 D BleManager: onScanResult: 36:85:1F:C3:33:28 name=null rssi=-53 adv=1eff06000109200220436137cb717b08cb893bdec31ed3a683ceac08899bc400000000000000000000000000000000000000000000000000000000000000
09-21 15:53:51.821 29879 29879 D BleManager: onScanResult: 55:C1:0E:5F:C6:C5 name=null rssi=-58 adv=02010217ff8f03181134325a57103041a201152629b564570103020303aafd0916aafd830c33e38082000000000000000000000000000000000000000000
09-21 15:53:51.825 29879 29879 D BleManager: onScanResult: 10:B4:1D:CD:23:8E name=SHID-00000001 rssi=-31 adv=0201061107041c8a5e0b6f2a9d8f4c3be701101d9f0e09534849442d30303030303030310000000000000000000000000000000000000000000000000000
09-21 15:53:51.837 29879 29879 D BleManager: onScanResult: 02:48:9D:92:56:EF name=null rssi=-74 adv=1eff060001092022ac0e11e38aab917c828db04eba266792f197a46996126500000000000000000000000000000000000000000000000000000000000000
09-21 15:53:51.861 29879 29879 D BleManager: onScanResult: 1A:4D:66:E2:98:79 name=null rssi=-56 adv=1eff060001092002f293dbeb6e20ee781f6c1500ec9c19dc7c13fad884bac300000000000000000000000000000000000000000000000000000000000000
09-21 15:53:51.903 29879 29879 D BleManager: onScanResult: 53:D9:AC:43:9E:E3 name=null rssi=-51 adv=02010217ff8f032c1134366e4b103041a201152629ff17570103020303aafd1d16aafd830cf331343833313433323835e79a84524573444d49204b383000
09-21 15:53:51.922 29879 29879 D BleManager: onScanResult: 36:85:1F:C3:33:28 name=null rssi=-53 adv=1eff06000109200220436137cb717b08cb893bdec31ed3a683ceac08899bc400000000000000000000000000000000000000000000000000000000000000
09-21 15:53:51.927 29879 29879 D BleManager: onScanResult: 02:48:9D:92:56:EF name=null rssi=-69 adv=1eff060001092022ac0e11e38aab917c828db04eba266792f197a46996126500000000000000000000000000000000000000000000000000000000000000
09-21 15:53:51.939 29879 29879 D BleManager: onScanResult: 10:B4:1D:CD:23:8E name=SHID-00000001 rssi=-28 adv=0201061107041c8a5e0b6f2a9d8f4c3be701101d9f0e09534849442d30303030303030310000000000000000000000000000000000000000000000000000
09-21 15:53:51.954 29879 29879 D BleManager: onScanResult: 55:C1:0E:5F:C6:C5 name=null rssi=-55 adv=02010217ff8f03181134325a57103041a201152629b564570103020303aafd0916aafd830c33e38082000000000000000000000000000000000000000000
09-21 15:53:51.982 29879 29879 D BleManager: onScanResult: 1A:4D:66:E2:98:79 name=null rssi=-54 adv=1eff060001092002f293dbeb6e20ee781f6c1500ec9c19dc7c13fad884bac300000000000000000000000000000000000000000000000000000000000000
09-21 15:53:51.987 29879 29879 D BleManager: onScanResult: 3E:91:16:6C:2B:0B name=null rssi=-71 adv=1eff060001092002b939a9208393eb09be86b82ab9b3faca6cd5108e8715cd00000000000000000000000000000000000000000000000000000000000000
09-21 15:53:52.009 29879 29879 D BleManager: onScanResult: 2F:D6:DA:5C:63:4F name=null rssi=-42 adv=1eff06000109200265f519c92865a3ecddaff6780ae6527b88d5ec09475f2500000000000000000000000000000000000000000000000000000000000000
09-21 15:53:52.021 29879 29879 D BleManager: onScanResult: 10:B4:1D:CD:23:8E name=SHID-00000001 rssi=-28 adv=0201061107041c8a5e0b6f2a9d8f4c3be701101d9f0e09534849442d30303030303030310000000000000000000000000000000000000000000000000000
09-21 15:53:52.027 29879 29879 D BleManager: onScanResult: 36:85:1F:C3:33:28 name=null rssi=-53 adv=1eff06000109200220436137cb717b08cb893bdec31ed3a683ceac08899bc400000000000000000000000000000000000000000000000000000000000000
09-21 15:53:52.044 29879 29879 D BleManager: onScanResult: 02:48:9D:92:56:EF name=null rssi=-69 adv=1eff060001092022ac0e11e38aab917c828db04eba266792f197a46996126500000000000000000000000000000000000000000000000000000000000000
09-21 15:53:52.052 29879 29879 D BleManager: onScanResult: 53:D9:AC:43:9E:E3 name=null rssi=-51 adv=02010217ff8f032c1134366e4b103041a201152629ff17570103020303aafd1d16aafd830cf331343833313433323835e79a84524573444d49204b383000
09-21 15:53:52.057 29879 29879 D BleManager: onScanResult: 1A:4D:66:E2:98:79 name=null rssi=-55 adv=1eff060001092002f293dbeb6e20ee781f6c1500ec9c19dc7c13fad884bac300000000000000000000000000000000000000000000000000000000000000
09-21 15:53:52.064 29879 29879 D BleManager: onScanResult: 10:B4:1D:CD:23:8E name=SHID-00000001 rssi=-28 adv=0201061107041c8a5e0b6f2a9d8f4c3be701101d9f0e09534849442d30303030303030310000000000000000000000000000000000000000000000000000
09-21 15:53:52.091 29879 29879 D BleManager: onScanResult: 2F:D6:DA:5C:63:4F name=null rssi=-42 adv=1eff06000109200265f519c92865a3ecddaff6780ae6527b88d5ec09475f2500000000000000000000000000000000000000000000000000000000000000
09-21 15:53:52.097 29879 29879 D BleManager: onScanResult: 3E:91:16:6C:2B:0B name=null rssi=-70 adv=1eff060001092002b939a9208393eb09be86b82ab9b3faca6cd5108e8715cd00000000000000000000000000000000000000000000000000000000000000
09-21 15:53:52.136 29879 29879 D BleManager: onScanResult: 36:85:1F:C3:33:28 name=null rssi=-54 adv=1eff06000109200220436137cb717b08cb893bdec31ed3a683ceac08899bc400000000000000000000000000000000000000000000000000000000000000
09-21 15:53:52.155 29879 29879 D BleManager: onScanResult: 10:B4:1D:CD:23:8E name=SHID-00000001 rssi=-28 adv=0201061107041c8a5e0b6f2a9d8f4c3be701101d9f0e09534849442d30303030303030310000000000000000000000000000000000000000000000000000
09-21 15:53:52.162 29879 29879 D BleManager: onScanResult: 02:48:9D:92:56:EF name=null rssi=-67 adv=1eff060001092022ac0e11e38aab917c828db04eba266792f197a46996126500000000000000000000000000000000000000000000000000000000000000
09-21 15:53:52.193 29879 29879 D BleManager: onScanResult: 1A:4D:66:E2:98:79 name=null rssi=-55 adv=1eff060001092002f293dbeb6e20ee781f6c1500ec9c19dc7c13fad884bac300000000000000000000000000000000000000000000000000000000000000
09-21 15:53:52.207 29879 29879 D BleManager: onScanResult: 53:D9:AC:43:9E:E3 name=null rssi=-51 adv=02010217ff8f032c1134366e4b103041a201152629ff17570103020303aafd1d16aafd830cf331343833313433323835e79a84524573444d49204b383000
09-21 15:53:52.221 29879 29879 D BleManager: onScanResult: 10:B4:1D:CD:23:8E name=SHID-00000001 rssi=-28 adv=0201061107041c8a5e0b6f2a9d8f4c3be701101d9f0e09534849442d30303030303030310000000000000000000000000000000000000000000000000000
09-21 15:53:52.227 29879 29879 D BleManager: onScanResult: 2F:D6:DA:5C:63:4F name=null rssi=-43 adv=1eff06000109200265f519c92865a3ecddaff6780ae6527b88d5ec09475f2500000000000000000000000000000000000000000000000000000000000000
09-21 15:53:52.233 29879 29879 D BleManager: onScanResult: 3E:91:16:6C:2B:0B name=null rssi=-71 adv=1eff060001092002b939a9208393eb09be86b82ab9b3faca6cd5108e8715cd00000000000000000000000000000000000000000000000000000000000000
09-21 15:53:52.238 29879 29879 D BleManager: onScanResult: 55:C1:0E:5F:C6:C5 name=null rssi=-55 adv=02010217ff8f03181134325a57103041a201152629b564570103020303aafd0916aafd830c33e38082000000000000000000000000000000000000000000
09-21 15:53:52.244 29879 29879 D BleManager: onScanResult: 36:85:1F:C3:33:28 name=null rssi=-53 adv=1eff06000109200220436137cb717b08cb893bdec31ed3a683ceac08899bc400000000000000000000000000000000000000000000000000000000000000
09-21 15:53:52.257 29879 29879 D BleManager: onScanResult: 02:48:9D:92:56:EF name=null rssi=-69 adv=1eff060001092022ac0e11e38aab917c828db04eba266792f197a46996126500000000000000000000000000000000000000000000000000000000000000
09-21 15:53:52.277 29879 29879 D BleManager: onScanResult: 10:B4:1D:CD:23:8E name=SHID-00000001 rssi=-30 adv=0201061107041c8a5e0b6f2a9d8f4c3be701101d9f0e09534849442d30303030303030310000000000000000000000000000000000000000000000000000
09-21 15:53:52.308 29879 29879 D BleManager: onScanResult: 1A:4D:66:E2:98:79 name=null rssi=-56 adv=1eff060001092002f293dbeb6e20ee781f6c1500ec9c19dc7c13fad884bac300000000000000000000000000000000000000000000000000000000000000
09-21 15:53:52.314 29879 29879 D BleManager: onScanResult: 2F:D6:DA:5C:63:4F name=null rssi=-44 adv=1eff06000109200265f519c92865a3ecddaff6780ae6527b88d5ec09475f2500000000000000000000000000000000000000000000000000000000000000
09-21 15:53:52.322 29879 29879 D BleManager: onScanResult: 3E:91:16:6C:2B:0B name=null rssi=-81 adv=1eff060001092002b939a9208393eb09be86b82ab9b3faca6cd5108e8715cd00000000000000000000000000000000000000000000000000000000000000
09-21 15:53:52.348 29879 29879 D BleManager: onScanResult: 10:B4:1D:CD:23:8E name=SHID-00000001 rssi=-30 adv=0201061107041c8a5e0b6f2a9d8f4c3be701101d9f0e09534849442d30303030303030310000000000000000000000000000000000000000000000000000
09-21 15:53:52.353 29879 29879 D BleManager: onScanResult: 02:48:9D:92:56:EF name=null rssi=-73 adv=1eff060001092022ac0e11e38aab917c828db04eba266792f197a46996126500000000000000000000000000000000000000000000000000000000000000
09-21 15:53:52.368 29879 29879 D BleManager: onScanResult: 55:C1:0E:5F:C6:C5 name=null rssi=-58 adv=02010217ff8f03181134325a57103041a201152629b564570103020303aafd0916aafd830c33e38082000000000000000000000000000000000000000000
09-21 15:53:52.387 29879 29879 D BleManager: onScanResult: 10:B4:1D:CD:23:8E name=SHID-00000001 rssi=-30 adv=0201061107041c8a5e0b6f2a9d8f4c3be701101d9f0e09534849442d30303030303030310000000000000000000000000000000000000000000000000000
09-21 15:53:52.405 29879 29879 D BleManager: onScanResult: 40:1B:5E:C9:5D:F9 name=null rssi=-87 adv=1eff0600010920027a329f7f80ae16c8b29498f682623cfd052b3a5a57c86000000000000000000000000000000000000000000000000000000000000000
09-21 15:53:52.410 29879 29879 D BleManager: onScanResult: 2F:D6:DA:5C:63:4F name=null rssi=-44 adv=1eff06000109200265f519c92865a3ecddaff6780ae6527b88d5ec09475f2500000000000000000000000000000000000000000000000000000000000000
09-21 15:53:52.433 29879 29879 D BleManager: onScanResult: 3E:91:16:6C:2B:0B name=null rssi=-82 adv=1eff060001092002b939a9208393eb09be86b82ab9b3faca6cd5108e8715cd00000000000000000000000000000000000000000000000000000000000000
09-21 15:53:52.439 29879 29879 D BleManager: onScanResult: 36:85:1F:C3:33:28 name=null rssi=-53 adv=1eff06000109200220436137cb717b08cb893bdec31ed3a683ceac08899bc400000000000000000000000000000000000000000000000000000000000000
09-21 15:53:52.463 29879 29879 D BleManager: onScanResult: 10:B4:1D:CD:23:8E name=SHID-00000001 rssi=-30 adv=0201061107041c8a5e0b6f2a9d8f4c3be701101d9f0e09534849442d30303030303030310000000000000000000000000000000000000000000000000000
09-21 15:53:52.469 29879 29879 D BleManager: onScanResult: 53:D9:AC:43:9E:E3 name=null rssi=-53 adv=02010217ff8f032c1134366e4b103041a201152629ff17570103020303aafd1d16aafd830cf331343833313433323835e79a84524573444d49204b383000
09-21 15:53:52.539 29879 29879 D BleManager: onScanResult: 2F:D6:DA:5C:63:4F name=null rssi=-45 adv=1eff06000109200265f519c92865a3ecddaff6780ae6527b88d5ec09475f2500000000000000000000000000000000000000000000000000000000000000
09-21 15:53:52.551 29879 29879 D BleManager: onScanResult: 36:85:1F:C3:33:28 name=null rssi=-55 adv=1eff06000109200220436137cb717b08cb893bdec31ed3a683ceac08899bc400000000000000000000000000000000000000000000000000000000000000
09-21 15:53:52.592 29879 29879 D BleManager: onScanResult: 1A:4D:66:E2:98:79 name=null rssi=-54 adv=1eff060001092002f293dbeb6e20ee781f6c1500ec9c19dc7c13fad884bac300000000000000000000000000000000000000000000000000000000000000
09-21 15:53:52.632 29879 29879 D BleManager: onScanResult: 10:B4:1D:CD:23:8E name=SHID-00000001 rssi=-29 adv=0201061107041c8a5e0b6f2a9d8f4c3be701101d9f0e09534849442d30303030303030310000000000000000000000000000000000000000000000000000
09-21 15:53:52.674 29879 29879 D BleManager: onScanResult: 2F:D6:DA:5C:63:4F name=null rssi=-45 adv=1eff06000109200265f519c92865a3ecddaff6780ae6527b88d5ec09475f2500000000000000000000000000000000000000000000000000000000000000
09-21 15:53:52.682 29879 29879 D BleManager: onScanResult: 3E:91:16:6C:2B:0B name=null rssi=-81 adv=1eff060001092002b939a9208393eb09be86b82ab9b3faca6cd5108e8715cd00000000000000000000000000000000000000000000000000000000000000
09-21 15:53:52.689 29879 29879 D BleManager: onScanResult: 55:C1:0E:5F:C6:C5 name=null rssi=-62 adv=02010217ff8f03181134325a57103041a201152629b564570103020303aafd0916aafd830c33e38082000000000000000000000000000000000000000000
09-21 15:53:52.697 29879 29879 D BleManager: onScanResult: 10:B4:1D:CD:23:8E name=SHID-00000001 rssi=-29 adv=0201061107041c8a5e0b6f2a9d8f4c3be701101d9f0e09534849442d30303030303030310000000000000000000000000000000000000000000000000000
09-21 15:53:52.703 29879 29879 D BleManager: onScanResult: 36:85:1F:C3:33:28 name=null rssi=-55 adv=1eff06000109200220436137cb717b08cb893bdec31ed3a683ceac08899bc400000000000000000000000000000000000000000000000000000000000000
09-21 15:53:52.712 29879 29879 D BleManager: onScanResult: 02:48:9D:92:56:EF name=null rssi=-68 adv=1eff060001092022ac0e11e38aab917c828db04eba266792f197a46996126500000000000000000000000000000000000000000000000000000000000000
09-21 15:53:52.721 29879 29879 D BleManager: onScanResult: 1A:4D:66:E2:98:79 name=null rssi=-54 adv=1eff060001092002f293dbeb6e20ee781f6c1500ec9c19dc7c13fad884bac300000000000000000000000000000000000000000000000000000000000000
09-21 15:53:52.746 29879 29879 D BleManager: onScanResult: 10:B4:1D:CD:23:8E name=SHID-00000001 rssi=-29 adv=0201061107041c8a5e0b6f2a9d8f4c3be701101d9f0e09534849442d30303030303030310000000000000000000000000000000000000000000000000000
09-21 15:53:52.753 29879 29879 D BleManager: onScanResult: 2F:D6:DA:5C:63:4F name=null rssi=-45 adv=1eff06000109200265f519c92865a3ecddaff6780ae6527b88d5ec09475f2500000000000000000000000000000000000000000000000000000000000000
09-21 15:53:52.759 29879 29879 D BleManager: onScanResult: EE:23:15:21:38:1F name=null rssi=-74 adv=07ff4c0012020000000000000000000000000000000000000000000000000000000000000000000000000000000000000000000000000000000000000000
09-21 15:53:52.788 29879 29879 D BleManager: onScanResult: 53:D9:AC:43:9E:E3 name=null rssi=-53 adv=02010217ff8f032c1134366e4b103041a201152629ff17570103020303aafd1d16aafd830cf331343833313433323835e79a84524573444d49204b383000
09-21 15:53:52.795 29879 29879 D BleManager: onScanResult: 36:85:1F:C3:33:28 name=null rssi=-55 adv=1eff06000109200220436137cb717b08cb893bdec31ed3a683ceac08899bc400000000000000000000000000000000000000000000000000000000000000
09-21 15:53:52.801 29879 29879 D BleManager: onScanResult: 3E:91:16:6C:2B:0B name=null rssi=-81 adv=1eff060001092002b939a9208393eb09be86b82ab9b3faca6cd5108e8715cd00000000000000000000000000000000000000000000000000000000000000
09-21 15:53:52.807 29879 29879 D BleManager: onScanResult: 02:48:9D:92:56:EF name=null rssi=-68 adv=1eff060001092022ac0e11e38aab917c828db04eba266792f197a46996126500000000000000000000000000000000000000000000000000000000000000
09-21 15:53:52.812 29879 29879 D BleManager: onScanResult: 55:C1:0E:5F:C6:C5 name=null rssi=-62 adv=02010217ff8f03181134325a57103041a201152629b564570103020303aafd0916aafd830c33e38082000000000000000000000000000000000000000000
09-21 15:53:52.818 29879 29879 D BleManager: onScanResult: 10:B4:1D:CD:23:8E name=SHID-00000001 rssi=-28 adv=0201061107041c8a5e0b6f2a9d8f4c3be701101d9f0e09534849442d30303030303030310000000000000000000000000000000000000000000000000000
09-21 15:53:52.835 29879 29879 D BleManager: onScanResult: 1A:4D:66:E2:98:79 name=null rssi=-53 adv=1eff060001092002f293dbeb6e20ee781f6c1500ec9c19dc7c13fad884bac300000000000000000000000000000000000000000000000000000000000000
09-21 15:53:52.841 29879 29879 D BleManager: onScanResult: 2F:D6:DA:5C:63:4F name=null rssi=-46 adv=1eff06000109200265f519c92865a3ecddaff6780ae6527b88d5ec09475f2500000000000000000000000000000000000000000000000000000000000000
09-21 15:53:52.855 29879 29879 D BleManager: onScanResult: 10:B4:1D:CD:23:8E name=SHID-00000001 rssi=-28 adv=0201061107041c8a5e0b6f2a9d8f4c3be701101d9f0e09534849442d30303030303030310000000000000000000000000000000000000000000000000000
09-21 15:53:52.877 29879 29879 D BleManager: onScanResult: 53:D9:AC:43:9E:E3 name=null rssi=-51 adv=02010217ff8f032c1134366e4b103041a201152629ff17570103020303aafd1d16aafd830cf331343833313433323835e79a84524573444d49204b383000
09-21 15:53:52.900 29879 29879 D BleManager: onScanResult: 02:48:9D:92:56:EF name=null rssi=-68 adv=1eff060001092022ac0e11e38aab917c828db04eba266792f197a46996126500000000000000000000000000000000000000000000000000000000000000
09-21 15:53:52.906 29879 29879 D BleManager: onScanResult: 1A:4D:66:E2:98:79 name=null rssi=-55 adv=1eff060001092002f293dbeb6e20ee781f6c1500ec9c19dc7c13fad884bac300000000000000000000000000000000000000000000000000000000000000
09-21 15:53:52.912 29879 29879 D BleManager: onScanResult: 10:B4:1D:CD:23:8E name=SHID-00000001 rssi=-28 adv=0201061107041c8a5e0b6f2a9d8f4c3be701101d9f0e09534849442d30303030303030310000000000000000000000000000000000000000000000000000
09-21 15:53:52.937 29879 29879 D BleManager: onScanResult: 2F:D6:DA:5C:63:4F name=null rssi=-43 adv=1eff06000109200265f519c92865a3ecddaff6780ae6527b88d5ec09475f2500000000000000000000000000000000000000000000000000000000000000
09-21 15:53:52.951 29879 29879 D BleManager: onScanResult: 55:C1:0E:5F:C6:C5 name=null rssi=-55 adv=02010217ff8f03181134325a57103041a201152629b564570103020303aafd0916aafd830c33e38082000000000000000000000000000000000000000000
09-21 15:53:52.990 29879 29879 D BleManager: onScanResult: 36:85:1F:C3:33:28 name=null rssi=-52 adv=1eff06000109200220436137cb717b08cb893bdec31ed3a683ceac08899bc400000000000000000000000000000000000000000000000000000000000000
09-21 15:53:52.996 29879 29879 D BleManager: onScanResult: 02:48:9D:92:56:EF name=null rssi=-74 adv=1eff060001092022ac0e11e38aab917c828db04eba266792f197a46996126500000000000000000000000000000000000000000000000000000000000000
09-21 15:53:53.011 29879 29879 D BleManager: onScanResult: 1A:4D:66:E2:98:79 name=null rssi=-57 adv=1eff060001092002f293dbeb6e20ee781f6c1500ec9c19dc7c13fad884bac300000000000000000000000000000000000000000000000000000000000000
09-21 15:53:53.036 29879 29879 D BleManager: onScanResult: 53:D9:AC:43:9E:E3 name=null rssi=-53 adv=02010217ff8f032c1134366e4b103041a201152629ff17570103020303aafd1d16aafd830cf331343833313433323835e79a84524573444d49204b383000
09-21 15:53:53.041 29879 29879 D BleManager: onScanResult: 2F:D6:DA:5C:63:4F name=null rssi=-42 adv=1eff06000109200265f519c92865a3ecddaff6780ae6527b88d5ec09475f2500000000000000000000000000000000000000000000000000000000000000
09-21 15:53:53.047 29879 29879 D BleManager: onScanResult: 55:C1:0E:5F:C6:C5 name=null rssi=-58 adv=02010217ff8f03181134325a57103041a201152629b564570103020303aafd0916aafd830c33e38082000000000000000000000000000000000000000000
09-21 15:53:53.067 29879 29879 D BleManager: onScanResult: 10:B4:1D:CD:23:8E name=SHID-00000001 rssi=-30 adv=0201061107041c8a5e0b6f2a9d8f4c3be701101d9f0e09534849442d30303030303030310000000000000000000000000000000000000000000000000000
09-21 15:53:53.079 29879 29879 D BleManager: onScanResult: 36:85:1F:C3:33:28 name=null rssi=-52 adv=1eff06000109200220436137cb717b08cb893bdec31ed3a683ceac08899bc400000000000000000000000000000000000000000000000000000000000000
09-21 15:53:53.085 29879 29879 D BleManager: onScanResult: 3E:91:16:6C:2B:0B name=null rssi=-81 adv=1eff060001092002b939a9208393eb09be86b82ab9b3faca6cd5108e8715cd00000000000000000000000000000000000000000000000000000000000000
09-21 15:53:53.134 29879 29879 D BleManager: onScanResult: 2F:D6:DA:5C:63:4F name=null rssi=-45 adv=1eff06000109200265f519c92865a3ecddaff6780ae6527b88d5ec09475f2500000000000000000000000000000000000000000000000000000000000000
09-21 15:53:53.164 29879 29879 D BleManager: onScanResult: 53:D9:AC:43:9E:E3 name=null rssi=-53 adv=02010217ff8f032c1134366e4b103041a201152629ff17570103020303aafd1d16aafd830cf331343833313433323835e79a84524573444d49204b383000
09-21 15:53:53.171 29879 29879 D BleManager: onScanResult: 10:B4:1D:CD:23:8E name=SHID-00000001 rssi=-28 adv=0201061107041c8a5e0b6f2a9d8f4c3be701101d9f0e09534849442d30303030303030310000000000000000000000000000000000000000000000000000
09-21 15:53:53.178 29879 29879 D BleManager: onScanResult: 36:85:1F:C3:33:28 name=null rssi=-55 adv=1eff06000109200220436137cb717b08cb893bdec31ed3a683ceac08899bc400000000000000000000000000000000000000000000000000000000000000
09-21 15:53:53.203 29879 29879 D BleManager: onScanResult: 3E:91:16:6C:2B:0B name=null rssi=-83 adv=1eff060001092002b939a9208393eb09be86b82ab9b3faca6cd5108e8715cd00000000000000000000000000000000000000000000000000000000000000
09-21 15:53:53.209 29879 29879 D BleManager: onScanResult: 02:48:9D:92:56:EF name=null rssi=-68 adv=1eff060001092022ac0e11e38aab917c828db04eba266792f197a46996126500000000000000000000000000000000000000000000000000000000000000
09-21 15:53:53.230 29879 29879 D BleManager: onScanResult: 6C:67:CD:EB:FC:26 name=null rssi=-63 adv=02011a0dff4c0016080047a4049025f15f000000000000000000000000000000000000000000000000000000000000000000000000000000000000000000
09-21 15:53:53.236 29879 29879 D BleManager: onScanResult: 1A:4D:66:E2:98:79 name=null rssi=-54 adv=1eff060001092002f293dbeb6e20ee781f6c1500ec9c19dc7c13fad884bac300000000000000000000000000000000000000000000000000000000000000
09-21 15:53:53.256 29879 29879 D BleManager: onScanResult: 2F:D6:DA:5C:63:4F name=null rssi=-45 adv=1eff06000109200265f519c92865a3ecddaff6780ae6527b88d5ec09475f2500000000000000000000000000000000000000000000000000000000000000
09-21 15:53:53.278 29879 29879 D BleManager: onScanResult: 10:B4:1D:CD:23:8E name=SHID-00000001 rssi=-29 adv=0201061107041c8a5e0b6f2a9d8f4c3be701101d9f0e09534849442d30303030303030310000000000000000000000000000000000000000000000000000
09-21 15:53:53.293 29879 29879 D BleManager: onScanResult: 53:D9:AC:43:9E:E3 name=null rssi=-54 adv=02010217ff8f032c1134366e4b103041a201152629ff17570103020303aafd1d16aafd830cf331343833313433323835e79a84524573444d49204b383000
09-21 15:53:53.299 29879 29879 D BleManager: onScanResult: 36:85:1F:C3:33:28 name=null rssi=-55 adv=1eff06000109200220436137cb717b08cb893bdec31ed3a683ceac08899bc400000000000000000000000000000000000000000000000000000000000000
09-21 15:53:53.317 29879 29879 D BleManager: onScanResult: 10:B4:1D:CD:23:8E name=SHID-00000001 rssi=-29 adv=0201061107041c8a5e0b6f2a9d8f4c3be701101d9f0e09534849442d30303030303030310000000000000000000000000000000000000000000000000000
09-21 15:53:53.328 29879 29879 D BleManager: onScanResult: 02:48:9D:92:56:EF name=null rssi=-68 adv=1eff060001092022ac0e11e38aab917c828db04eba266792f197a46996126500000000000000000000000000000000000000000000000000000000000000
09-21 15:53:53.335 29879 29879 D BleManager: onScanResult: 2F:D6:DA:5C:63:4F name=null rssi=-45 adv=1eff06000109200265f519c92865a3ecddaff6780ae6527b88d5ec09475f2500000000000000000000000000000000000000000000000000000000000000
09-21 15:53:53.351 29879 29879 D BleManager: onScanResult: 1A:4D:66:E2:98:79 name=null rssi=-54 adv=1eff060001092002f293dbeb6e20ee781f6c1500ec9c19dc7c13fad884bac300000000000000000000000000000000000000000000000000000000000000
09-21 15:53:53.382 29879 29879 D BleManager: onScanResult: 10:B4:1D:CD:23:8E name=SHID-00000001 rssi=-29 adv=0201061107041c8a5e0b6f2a9d8f4c3be701101d9f0e09534849442d30303030303030310000000000000000000000000000000000000000000000000000
09-21 15:53:53.388 29879 29879 D BleManager: onScanResult: 36:85:1F:C3:33:28 name=null rssi=-55 adv=1eff06000109200220436137cb717b08cb893bdec31ed3a683ceac08899bc400000000000000000000000000000000000000000000000000000000000000
09-21 15:53:53.417 29879 29879 D BleManager: onScanResult: 02:48:9D:92:56:EF name=null rssi=-68 adv=1eff060001092022ac0e11e38aab917c828db04eba266792f197a46996126500000000000000000000000000000000000000000000000000000000000000
09-21 15:53:53.427 29879 29879 D BleManager: onScanResult: 10:B4:1D:CD:23:8E name=SHID-00000001 rssi=-29 adv=0201061107041c8a5e0b6f2a9d8f4c3be701101d9f0e09534849442d30303030303030310000000000000000000000000000000000000000000000000000
09-21 15:53:53.437 29879 29879 D BleManager: onScanResult: 53:D9:AC:43:9E:E3 name=null rssi=-53 adv=02010217ff8f032c1134366e4b103041a201152629ff17570103020303aafd1d16aafd830cf331343833313433323835e79a84524573444d49204b383000
09-21 15:53:53.445 29879 29879 D BleManager: onScanResult: 2F:D6:DA:5C:63:4F name=null rssi=-45 adv=1eff06000109200265f519c92865a3ecddaff6780ae6527b88d5ec09475f2500000000000000000000000000000000000000000000000000000000000000
09-21 15:53:53.474 29879 29879 D BleManager: onScanResult: 1A:4D:66:E2:98:79 name=null rssi=-54 adv=1eff060001092002f293dbeb6e20ee781f6c1500ec9c19dc7c13fad884bac300000000000000000000000000000000000000000000000000000000000000
09-21 15:53:53.492 29879 29879 D BleManager: onScanResult: 55:C1:0E:5F:C6:C5 name=null rssi=-62 adv=02010217ff8f03181134325a57103041a201152629b564570103020303aafd0916aafd830c33e38082000000000000000000000000000000000000000000
09-21 15:53:53.512 29879 29879 D BleManager: onScanResult: 10:B4:1D:CD:23:8E name=SHID-00000001 rssi=-29 adv=0201061107041c8a5e0b6f2a9d8f4c3be701101d9f0e09534849442d30303030303030310000000000000000000000000000000000000000000000000000
09-21 15:53:53.519 29879 29879 D BleManager: onScanResult: 36:85:1F:C3:33:28 name=null rssi=-54 adv=1eff06000109200220436137cb717b08cb893bdec31ed3a683ceac08899bc400000000000000000000000000000000000000000000000000000000000000
09-21 15:53:53.534 29879 29879 D BleManager: onScanResult: 3E:91:16:6C:2B:0B name=null rssi=-71 adv=1eff060001092002b939a9208393eb09be86b82ab9b3faca6cd5108e8715cd00000000000000000000000000000000000000000000000000000000000000
09-21 15:53:53.542 29879 29879 D BleManager: onScanResult: 02:48:9D:92:56:EF name=null rssi=-68 adv=1eff060001092022ac0e11e38aab917c828db04eba266792f197a46996126500000000000000000000000000000000000000000000000000000000000000
09-21 15:53:53.550 29879 29879 D BleManager: onScanResult: 2F:D6:DA:5C:63:4F name=null rssi=-44 adv=1eff06000109200265f519c92865a3ecddaff6780ae6527b88d5ec09475f2500000000000000000000000000000000000000000000000000000000000000
09-21 15:53:53.556 29879 29879 D BleManager: onScanResult: 1A:4D:66:E2:98:79 name=null rssi=-56 adv=1eff060001092002f293dbeb6e20ee781f6c1500ec9c19dc7c13fad884bac300000000000000000000000000000000000000000000000000000000000000
09-21 15:53:53.574 29879 29879 D BleManager: onScanResult: 10:B4:1D:CD:23:8E name=SHID-00000001 rssi=-30 adv=0201061107041c8a5e0b6f2a9d8f4c3be701101d9f0e09534849442d30303030303030310000000000000000000000000000000000000000000000000000
09-21 15:53:53.581 29879 29879 D BleManager: onScanResult: 53:D9:AC:43:9E:E3 name=null rssi=-53 adv=02010217ff8f032c1134366e4b103041a201152629ff17570103020303aafd1d16aafd830cf331343833313433323835e79a84524573444d49204b383000
09-21 15:53:53.605 29879 29879 D BleManager: onScanResult: 55:C1:0E:5F:C6:C5 name=null rssi=-58 adv=02010217ff8f03181134325a57103041a201152629b564570103020303aafd0916aafd830c33e38082000000000000000000000000000000000000000000
09-21 15:53:53.633 29879 29879 D BleManager: onScanResult: 36:85:1F:C3:33:28 name=null rssi=-52 adv=1eff06000109200220436137cb717b08cb893bdec31ed3a683ceac08899bc400000000000000000000000000000000000000000000000000000000000000
09-21 15:53:53.639 29879 29879 D BleManager: onScanResult: 10:B4:1D:CD:23:8E name=SHID-00000001 rssi=-31 adv=0201061107041c8a5e0b6f2a9d8f4c3be701101d9f0e09534849442d30303030303030310000000000000000000000000000000000000000000000000000
09-21 15:53:53.644 29879 29879 D BleManager: onScanResult: 3E:91:16:6C:2B:0B name=null rssi=-81 adv=1eff060001092002b939a9208393eb09be86b82ab9b3faca6cd5108e8715cd00000000000000000000000000000000000000000000000000000000000000
09-21 15:53:53.651 29879 29879 D BleManager: onScanResult: 02:48:9D:92:56:EF name=null rssi=-76 adv=1eff060001092022ac0e11e38aab917c828db04eba266792f197a46996126500000000000000000000000000000000000000000000000000000000000000
09-21 15:53:53.657 29879 29879 D BleManager: onScanResult: 2F:D6:DA:5C:63:4F name=null rssi=-44 adv=1eff06000109200265f519c92865a3ecddaff6780ae6527b88d5ec09475f2500000000000000000000000000000000000000000000000000000000000000
09-21 15:53:53.674 29879 29879 D BleManager: onScanResult: 1A:4D:66:E2:98:79 name=null rssi=-56 adv=1eff060001092002f293dbeb6e20ee781f6c1500ec9c19dc7c13fad884bac300000000000000000000000000000000000000000000000000000000000000
09-21 15:53:53.680 29879 29879 D BleManager: onScanResult: 40:1B:5E:C9:5D:F9 name=null rssi=-88 adv=1eff0600010920027a329f7f80ae16c8b29498f682623cfd052b3a5a57c86000000000000000000000000000000000000000000000000000000000000000
09-21 15:53:53.706 29879 29879 D BleManager: onScanResult: 10:B4:1D:CD:23:8E name=SHID-00000001 rssi=-30 adv=0201061107041c8a5e0b6f2a9d8f4c3be701101d9f0e09534849442d30303030303030310000000000000000000000000000000000000000000000000000
09-21 15:53:53.713 29879 29879 D BleManager: onScanResult: 53:D9:AC:43:9E:E3 name=null rssi=-53 adv=02010217ff8f032c1134366e4b103041a201152629ff17570103020303aafd1d16aafd830cf331343833313433323835e79a84524573444d49204b383000
09-21 15:53:53.741 29879 29879 D BleManager: onScanResult: 02:48:9D:92:56:EF name=null rssi=-69 adv=1eff060001092022ac0e11e38aab917c828db04eba266792f197a46996126500000000000000000000000000000000000000000000000000000000000000
09-21 15:53:53.746 29879 29879 D BleManager: onScanResult: 10:B4:1D:CD:23:8E name=SHID-00000001 rssi=-29 adv=0201061107041c8a5e0b6f2a9d8f4c3be701101d9f0e09534849442d30303030303030310000000000000000000000000000000000000000000000000000
09-21 15:53:53.750 29879 29879 D BleManager: onScanResult: 2F:D6:DA:5C:63:4F name=null rssi=-46 adv=1eff06000109200265f519c92865a3ecddaff6780ae6527b88d5ec09475f2500000000000000000000000000000000000000000000000000000000000000
09-21 15:53:53.804 29879 29879 D BleManager: onScanResult: 1A:4D:66:E2:98:79 name=null rssi=-54 adv=1eff060001092002f293dbeb6e20ee781f6c1500ec9c19dc7c13fad884bac300000000000000000000000000000000000000000000000000000000000000
09-21 15:53:53.810 29879 29879 D BleManager: onScanResult: 10:B4:1D:CD:23:8E name=SHID-00000001 rssi=-29 adv=0201061107041c8a5e0b6f2a9d8f4c3be701101d9f0e09534849442d30303030303030310000000000000000000000000000000000000000000000000000
09-21 15:53:53.815 29879 29879 D BleManager: onScanResult: 36:85:1F:C3:33:28 name=null rssi=-55 adv=1eff06000109200220436137cb717b08cb893bdec31ed3a683ceac08899bc400000000000000000000000000000000000000000000000000000000000000
09-21 15:53:53.833 29879 29879 D BleManager: onScanResult: 53:D9:AC:43:9E:E3 name=null rssi=-53 adv=02010217ff8f032c1134366e4b103041a201152629ff17570103020303aafd1d16aafd830cf331343833313433323835e79a84524573444d49204b383000
09-21 15:53:53.861 29879 29879 D BleManager: onScanResult: 55:C1:0E:5F:C6:C5 name=null rssi=-62 adv=02010217ff8f03181134325a57103041a201152629b564570103020303aafd0916aafd830c33e38082000000000000000000000000000000000000000000
09-21 15:53:53.867 29879 29879 D BleManager: onScanResult: 02:48:9D:92:56:EF name=null rssi=-69 adv=1eff060001092022ac0e11e38aab917c828db04eba266792f197a46996126500000000000000000000000000000000000000000000000000000000000000
09-21 15:53:53.872 29879 29879 D BleManager: onScanResult: 2F:D6:DA:5C:63:4F name=null rssi=-46 adv=1eff06000109200265f519c92865a3ecddaff6780ae6527b88d5ec09475f2500000000000000000000000000000000000000000000000000000000000000
09-21 15:53:53.879 29879 29879 D BleManager: onScanResult: 1A:4D:66:E2:98:79 name=null rssi=-54 adv=1eff060001092002f293dbeb6e20ee781f6c1500ec9c19dc7c13fad884bac300000000000000000000000000000000000000000000000000000000000000
09-21 15:53:53.915 29879 29879 D BleManager: onScanResult: 10:B4:1D:CD:23:8E name=SHID-00000001 rssi=-29 adv=0201061107041c8a5e0b6f2a9d8f4c3be701101d9f0e09534849442d30303030303030310000000000000000000000000000000000000000000000000000
09-21 15:53:53.921 29879 29879 D BleManager: onScanResult: 36:85:1F:C3:33:28 name=null rssi=-55 adv=1eff06000109200220436137cb717b08cb893bdec31ed3a683ceac08899bc400000000000000000000000000000000000000000000000000000000000000
09-21 15:53:53.955 29879 29879 D BleManager: onScanResult: 2F:D6:DA:5C:63:4F name=null rssi=-46 adv=1eff06000109200265f519c92865a3ecddaff6780ae6527b88d5ec09475f2500000000000000000000000000000000000000000000000000000000000000
09-21 15:53:53.964 29879 29879 D BleManager: onScanResult: 02:48:9D:92:56:EF name=null rssi=-70 adv=1eff060001092022ac0e11e38aab917c828db04eba266792f197a46996126500000000000000000000000000000000000000000000000000000000000000
09-21 15:53:53.973 29879 29879 D BleManager: onScanResult: 1A:4D:66:E2:98:79 name=null rssi=-54 adv=1eff060001092002f293dbeb6e20ee781f6c1500ec9c19dc7c13fad884bac300000000000000000000000000000000000000000000000000000000000000
09-21 15:53:53.982 29879 29879 D BleManager: onScanResult: 53:D9:AC:43:9E:E3 name=null rssi=-54 adv=02010217ff8f032c1134366e4b103041a201152629ff17570103020303aafd1d16aafd830cf331343833313433323835e79a84524573444d49204b383000
09-21 15:53:54.008 29879 29879 D BleManager: onScanResult: 40:1B:5E:C9:5D:F9 name=null rssi=-87 adv=1eff0600010920027a329f7f80ae16c8b29498f682623cfd052b3a5a57c86000000000000000000000000000000000000000000000000000000000000000
09-21 15:53:54.033 29879 29879 I BleManager: Scan stopped
09-21 15:53:54.033 29879 29879 I BleManager: Auto-stop scan after 5000ms
